#Software: Microsoft Internet Information Services 10.0
#Version: 1.0
#Date: 2025-05-08 07:00:00
#Fields: date time s-ip cs-method cs-uri-stem cs-uri-query s-port cs-username c-ip cs(User-Agent) cs(Cookie) cs(Referer) cs-host sc-status sc-substatus sc-win32-status sc-bytes time-taken
2025-05-08 07:00:00 10.1.0.50 GET /product/foxusbextender allparts=1&s=11 80 - 10.1.16.1 Mozilla/5.0+(compatible;+DotBot/1.2;++https://opensiteexplorer.org/dotbot;+help@moz.com) - - www.extron.com 301 0 0 1793 70
2025-05-08 07:00:00 10.1.0.50 GET /api/v1/Article/Get articlehandle=menuproducts&lang=1&region=2&loggedin=true 443 djonczyk@extron.com 10.1.16.1 Mozilla/5.0+(Windows+NT+10.0;+Win64;+x64;+rv:138.0)+Gecko/20100101+Firefox/138.0 region=2;+lang=1;+_ga=GA1.1.1868287624.1606382231;+ExtronRecViewProd=xpau2008fx,xpau358,xpau758,navigator,nave121,swhd4kplusseries,dtp3crosspoint642,ssi100,ucs504,mgp641xi,navd121,smp352;+_clck=npq19p%7C2%7Cfvq%7C0%7C1227;+_ga_DP5ZZ9VH84=GS2.1.s1746687251$o1812$g1$t1746687574$j25$l0$h0;+_ga_DP5ZZ9VH84=deleted;+.AspNet.Cookies=OdskJpIugWKhxaDFjaP84S8mVpXyewFsBCz2-4ofQfMShs75Pf7vv9MLjIPwOapBO1YiNYofClLcyRQ7bgTxx5jx7PsQjscAVyLnNPZ1ocv9XlWK5910tMIsWTRTD80mvieyjgRRIdOPNaJ8v_cfLA5WHuqoZmxASG3BhwBHhW8MA5a8HJGEee6jSSvxkDX7-1miXivb8HCs2yC2fWb_bOwy6KThwIYh7JGxgDoG3NsY56q4WCv_mzpDZ-__hTCnhVWCPnEvpKSfNCKSGkBkej4ldOZgu8MA4jM7OMe2d9XT2EoYSNropUB4Pnr6B42nn9mKGlZb8hl0AqpLRb8m44C3vSmMyvwik8m9ipzMWJyZXz0nc8_SP4JcnvATaKOV8g-hbR9cUIBAhSYY4xx7QMB3i15O5hJPIVrclnKln5q2Xivx;+_gcl_au=1.1.2074877315.1739960668;+_gid=GA1.2.855487197.1746293270;+ASP.NET_SessionId=ae2hn1bzsckdqibcqcyzhnyy;+username=djonczyk@extron.com;+PriceClass=26;+PriceList=EURS3+;+__RequestVerificationToken=Cnr3IExcjWUGyHwFCSjWTFfr5x_V7y052lrlURcjyCtWCN6UpdrL5Tj7NTnOJx0MuIp48jwGyM9okUFXnB1oBsqA2wU1;+BIGipServerextron.com_443_pool=!8J93IPsf3hHpp48MjvaJwiHEDz8tIDMGVWGQMz2clSWLr1NGWcXLfKrY9cIbV4OTmR0E5kyQ6wGbvw==;+_clsk=1lhw6xr%7C1746687566634%7C16%7C1%7Ce.clarity.ms%2Fcollect;+_gat_UA-130285241-1=1 https://www.extron.com/product/deckmanager/index.aspx www.extron.com 200 0 0 9469 125
2025-05-08 07:00:00 10.1.0.50 GET /api/v1/Article/Get articlehandle=menutraining&lang=1&region=2&loggedin=true 443 djonczyk@extron.com 10.1.16.1 Mozilla/5.0+(Windows+NT+10.0;+Win64;+x64;+rv:138.0)+Gecko/20100101+Firefox/138.0 region=2;+lang=1;+_ga=GA1.1.1868287624.1606382231;+ExtronRecViewProd=xpau2008fx,xpau358,xpau758,navigator,nave121,swhd4kplusseries,dtp3crosspoint642,ssi100,ucs504,mgp641xi,navd121,smp352;+_clck=npq19p%7C2%7Cfvq%7C0%7C1227;+_ga_DP5ZZ9VH84=GS2.1.s1746687251$o1812$g1$t1746687574$j25$l0$h0;+_ga_DP5ZZ9VH84=deleted;+.AspNet.Cookies=OdskJpIugWKhxaDFjaP84S8mVpXyewFsBCz2-4ofQfMShs75Pf7vv9MLjIPwOapBO1YiNYofClLcyRQ7bgTxx5jx7PsQjscAVyLnNPZ1ocv9XlWK5910tMIsWTRTD80mvieyjgRRIdOPNaJ8v_cfLA5WHuqoZmxASG3BhwBHhW8MA5a8HJGEee6jSSvxkDX7-1miXivb8HCs2yC2fWb_bOwy6KThwIYh7JGxgDoG3NsY56q4WCv_mzpDZ-__hTCnhVWCPnEvpKSfNCKSGkBkej4ldOZgu8MA4jM7OMe2d9XT2EoYSNropUB4Pnr6B42nn9mKGlZb8hl0AqpLRb8m44C3vSmMyvwik8m9ipzMWJyZXz0nc8_SP4JcnvATaKOV8g-hbR9cUIBAhSYY4xx7QMB3i15O5hJPIVrclnKln5q2Xivx;+_gcl_au=1.1.2074877315.1739960668;+_gid=GA1.2.855487197.1746293270;+ASP.NET_SessionId=ae2hn1bzsckdqibcqcyzhnyy;+username=djonczyk@extron.com;+PriceClass=26;+PriceList=EURS3+;+__RequestVerificationToken=Cnr3IExcjWUGyHwFCSjWTFfr5x_V7y052lrlURcjyCtWCN6UpdrL5Tj7NTnOJx0MuIp48jwGyM9okUFXnB1oBsqA2wU1;+BIGipServerextron.com_443_pool=!8J93IPsf3hHpp48MjvaJwiHEDz8tIDMGVWGQMz2clSWLr1NGWcXLfKrY9cIbV4OTmR0E5kyQ6wGbvw==;+_clsk=1lhw6xr%7C1746687566634%7C16%7C1%7Ce.clarity.ms%2Fcollect;+_gat_UA-130285241-1=1 https://www.extron.com/product/deckmanager/index.aspx www.extron.com 200 0 0 7554 211
2025-05-08 07:00:00 10.1.0.50 GET /api/v1/Article/Get articlehandle=menuresources&lang=1&region=2&loggedin=true 443 djonczyk@extron.com 10.1.16.1 Mozilla/5.0+(Windows+NT+10.0;+Win64;+x64;+rv:138.0)+Gecko/20100101+Firefox/138.0 region=2;+lang=1;+_ga=GA1.1.1868287624.1606382231;+ExtronRecViewProd=xpau2008fx,xpau358,xpau758,navigator,nave121,swhd4kplusseries,dtp3crosspoint642,ssi100,ucs504,mgp641xi,navd121,smp352;+_clck=npq19p%7C2%7Cfvq%7C0%7C1227;+_ga_DP5ZZ9VH84=GS2.1.s1746687251$o1812$g1$t1746687574$j25$l0$h0;+_ga_DP5ZZ9VH84=deleted;+.AspNet.Cookies=OdskJpIugWKhxaDFjaP84S8mVpXyewFsBCz2-4ofQfMShs75Pf7vv9MLjIPwOapBO1YiNYofClLcyRQ7bgTxx5jx7PsQjscAVyLnNPZ1ocv9XlWK5910tMIsWTRTD80mvieyjgRRIdOPNaJ8v_cfLA5WHuqoZmxASG3BhwBHhW8MA5a8HJGEee6jSSvxkDX7-1miXivb8HCs2yC2fWb_bOwy6KThwIYh7JGxgDoG3NsY56q4WCv_mzpDZ-__hTCnhVWCPnEvpKSfNCKSGkBkej4ldOZgu8MA4jM7OMe2d9XT2EoYSNropUB4Pnr6B42nn9mKGlZb8hl0AqpLRb8m44C3vSmMyvwik8m9ipzMWJyZXz0nc8_SP4JcnvATaKOV8g-hbR9cUIBAhSYY4xx7QMB3i15O5hJPIVrclnKln5q2Xivx;+_gcl_au=1.1.2074877315.1739960668;+_gid=GA1.2.855487197.1746293270;+ASP.NET_SessionId=ae2hn1bzsckdqibcqcyzhnyy;+username=djonczyk@extron.com;+PriceClass=26;+PriceList=EURS3+;+__RequestVerificationToken=Cnr3IExcjWUGyHwFCSjWTFfr5x_V7y052lrlURcjyCtWCN6UpdrL5Tj7NTnOJx0MuIp48jwGyM9okUFXnB1oBsqA2wU1;+BIGipServerextron.com_443_pool=!8J93IPsf3hHpp48MjvaJwiHEDz8tIDMGVWGQMz2clSWLr1NGWcXLfKrY9cIbV4OTmR0E5kyQ6wGbvw==;+_clsk=1lhw6xr%7C1746687566634%7C16%7C1%7Ce.clarity.ms%2Fcollect;+_gat_UA-130285241-1=1 https://www.extron.com/product/deckmanager/index.aspx www.extron.com 200 0 0 11192 164
2025-05-08 07:00:00 10.1.0.50 GET /api/v1/Article/Get articlehandle=menudownload&lang=1&region=2&loggedin=true 443 djonczyk@extron.com 10.1.16.1 Mozilla/5.0+(Windows+NT+10.0;+Win64;+x64;+rv:138.0)+Gecko/20100101+Firefox/138.0 region=2;+lang=1;+_ga=GA1.1.1868287624.1606382231;+ExtronRecViewProd=xpau2008fx,xpau358,xpau758,navigator,nave121,swhd4kplusseries,dtp3crosspoint642,ssi100,ucs504,mgp641xi,navd121,smp352;+_clck=npq19p%7C2%7Cfvq%7C0%7C1227;+_ga_DP5ZZ9VH84=GS2.1.s1746687251$o1812$g1$t1746687574$j25$l0$h0;+_ga_DP5ZZ9VH84=deleted;+.AspNet.Cookies=OdskJpIugWKhxaDFjaP84S8mVpXyewFsBCz2-4ofQfMShs75Pf7vv9MLjIPwOapBO1YiNYofClLcyRQ7bgTxx5jx7PsQjscAVyLnNPZ1ocv9XlWK5910tMIsWTRTD80mvieyjgRRIdOPNaJ8v_cfLA5WHuqoZmxASG3BhwBHhW8MA5a8HJGEee6jSSvxkDX7-1miXivb8HCs2yC2fWb_bOwy6KThwIYh7JGxgDoG3NsY56q4WCv_mzpDZ-__hTCnhVWCPnEvpKSfNCKSGkBkej4ldOZgu8MA4jM7OMe2d9XT2EoYSNropUB4Pnr6B42nn9mKGlZb8hl0AqpLRb8m44C3vSmMyvwik8m9ipzMWJyZXz0nc8_SP4JcnvATaKOV8g-hbR9cUIBAhSYY4xx7QMB3i15O5hJPIVrclnKln5q2Xivx;+_gcl_au=1.1.2074877315.1739960668;+_gid=GA1.2.855487197.1746293270;+ASP.NET_SessionId=ae2hn1bzsckdqibcqcyzhnyy;+username=djonczyk@extron.com;+PriceClass=26;+PriceList=EURS3+;+__RequestVerificationToken=Cnr3IExcjWUGyHwFCSjWTFfr5x_V7y052lrlURcjyCtWCN6UpdrL5Tj7NTnOJx0MuIp48jwGyM9okUFXnB1oBsqA2wU1;+BIGipServerextron.com_443_pool=!8J93IPsf3hHpp48MjvaJwiHEDz8tIDMGVWGQMz2clSWLr1NGWcXLfKrY9cIbV4OTmR0E5kyQ6wGbvw==;+_clsk=1lhw6xr%7C1746687566634%7C16%7C1%7Ce.clarity.ms%2Fcollect;+_gat_UA-130285241-1=1 https://www.extron.com/product/deckmanager/index.aspx www.extron.com 200 0 0 6665 90
2025-05-08 07:00:00 10.1.0.50 GET /api/v1/Article/Get articlehandle=menucompany&lang=1&region=2&loggedin=true 443 djonczyk@extron.com 10.1.16.1 Mozilla/5.0+(Windows+NT+10.0;+Win64;+x64;+rv:138.0)+Gecko/20100101+Firefox/138.0 region=2;+lang=1;+_ga=GA1.1.1868287624.1606382231;+ExtronRecViewProd=xpau2008fx,xpau358,xpau758,navigator,nave121,swhd4kplusseries,dtp3crosspoint642,ssi100,ucs504,mgp641xi,navd121,smp352;+_clck=npq19p%7C2%7Cfvq%7C0%7C1227;+_ga_DP5ZZ9VH84=GS2.1.s1746687251$o1812$g1$t1746687574$j25$l0$h0;+_ga_DP5ZZ9VH84=deleted;+.AspNet.Cookies=OdskJpIugWKhxaDFjaP84S8mVpXyewFsBCz2-4ofQfMShs75Pf7vv9MLjIPwOapBO1YiNYofClLcyRQ7bgTxx5jx7PsQjscAVyLnNPZ1ocv9XlWK5910tMIsWTRTD80mvieyjgRRIdOPNaJ8v_cfLA5WHuqoZmxASG3BhwBHhW8MA5a8HJGEee6jSSvxkDX7-1miXivb8HCs2yC2fWb_bOwy6KThwIYh7JGxgDoG3NsY56q4WCv_mzpDZ-__hTCnhVWCPnEvpKSfNCKSGkBkej4ldOZgu8MA4jM7OMe2d9XT2EoYSNropUB4Pnr6B42nn9mKGlZb8hl0AqpLRb8m44C3vSmMyvwik8m9ipzMWJyZXz0nc8_SP4JcnvATaKOV8g-hbR9cUIBAhSYY4xx7QMB3i15O5hJPIVrclnKln5q2Xivx;+_gcl_au=1.1.2074877315.1739960668;+_gid=GA1.2.855487197.1746293270;+ASP.NET_SessionId=ae2hn1bzsckdqibcqcyzhnyy;+username=djonczyk@extron.com;+PriceClass=26;+PriceList=EURS3+;+__RequestVerificationToken=Cnr3IExcjWUGyHwFCSjWTFfr5x_V7y052lrlURcjyCtWCN6UpdrL5Tj7NTnOJx0MuIp48jwGyM9okUFXnB1oBsqA2wU1;+BIGipServerextron.com_443_pool=!8J93IPsf3hHpp48MjvaJwiHEDz8tIDMGVWGQMz2clSWLr1NGWcXLfKrY9cIbV4OTmR0E5kyQ6wGbvw==;+_clsk=1lhw6xr%7C1746687566634%7C16%7C1%7Ce.clarity.ms%2Fcollect;+_gat_UA-130285241-1=1 https://www.extron.com/product/deckmanager/index.aspx www.extron.com 200 0 0 9077 91
2025-05-08 07:00:00 10.1.0.50 GET /product/listbytype.aspx id=519&subtype=592&s=8 80 - 10.1.16.1 Mozilla/5.0+(compatible;+DotBot/1.2;++https://opensiteexplorer.org/dotbot;+help@moz.com) - - www.extron.com 301 0 0 1813 529
2025-05-08 07:00:00 10.1.0.50 GET /Content/vendor/fancybox-3.5.7/dist/jquery.fancybox.js - 443 - 10.1.16.1 Mozilla/5.0+(Windows+NT+6.1;+Win64;+x64)+AppleWebKit/537.36+(KHTML,+like+Gecko)+Chrome/109.0.0.0+Safari/537.36+Edg/109.0.1518.140 ASP.NET_SessionId=v4sr0zkzacze3mouncia1scm;+region=1;+lang=1;+__RequestVerificationToken=RH9ezm4kZ2-wwmjtjTuL-ZymLaimkPkviC8qf2ASEc-aWXAHS-MNG30m0PRb9di0VwUkJf40jZYILZ9eCiVBvKI0n2Q1;+BIGipServerextron.com_443_pool=!5S7tXiqUToJ84EkMjvaJwiHEDz8tIOwI4vIgmb+T3iRLDhxjUlXRW8D7J2Ep1r4KmhNFrjzB9hUcEg== https://www.extron.com/article/loudnesscontrol_ts www.extron.com 200 0 0 168502 24
2025-05-08 07:00:00 10.1.0.50 POST /services/Membership/index.asmx - 443 - 10.1.16.1 - - - www.extron.com 200 0 0 2042 59
2025-05-08 07:00:00 10.1.0.50 GET /tools/signage id=4ksignage 443 - 10.1.16.1 - - - www.extron.com 200 0 0 17926 10
2025-05-08 07:00:00 10.1.0.50 GET /Calculators/CeilingSpeakerCoverageMap values={%22speaker%22:%2260-1311-03%22,%22isobar%22:3,%22roomContent%22:4,%22roomContentText%22:%22Music%20(12%20kHz)%22,%22ampSafetyFactor%22:6,%22speakerHeight%22:3,%22listenerHeight%22:1.22,%22listenerPosition%22:%22Seated%22,%22roomLength%22:5,%22roomWidth%22:5,%22minLevel%22:80,%22maxLevel%22:85,%22gridSpacing%22:0,%22wiringType%22:2,%22coveragePattern%22:%22Square%22,%22measurementUnit%22:%22Meters%22,%22ambientNoise%22:55,%22desiredSN%22:25,%22application%22:%22Multipurpose%20Room%22,%22universalMultiplier%22:120,%22winLength%22:600,%22winWidth%22:600} 443 gguo@extron.com 10.1.16.1 Mozilla/5.0+(Windows+NT+10.0;+Win64;+x64)+AppleWebKit/537.36+(KHTML,+like+Gecko)+Chrome/136.0.0.0+Safari/537.36+Edg/136.0.0.0 region=5;+_ga_DP5ZZ9VH84=deleted;+_ga_DP5ZZ9VH84=deleted;+lang=1;+.AspNet.Cookies=WaGCr6P1Z64s8wwMnNwrWFkbkAHMQnfBhq6vIgW-XZJ8jfuOxYisNtslQp9CAam4wsLVjUNottgoqtFofgMHkG9QWoN2B8-zakyoDfs-Pbqd3gske_Vg8hhA-NjpXGN1CnzGie4aKg59qwfQpjFWY7-ctaig8PIvMqLqCZUDWTq6OX6Xfn6ZqH3rJWaUM84mOKi69TMDAaQ4hO1lR1CWsICfa8rL8Sm4cUT9Wn_hsKSXaTVYDHWLTz1CP2Ua4zxoYmyQ3ES99YVscMzuKzfzZVLl1OgxRn3z9oE89zeZTCuE3_81rOp6FkOM3q9dANzo5p2nZflwc63UofD1PxeLynHGjeWhZrrI7_q4BgzULo-IipwhrTV2Mr-G_Cui5QLhs_1MqOUIFXAlSAbYbGwFys8cD0I3nCvpNPnbg7yWPHthXWxp;+_gid=GA1.2.760489081.1746491061;+ASP.NET_SessionId=xzlitwbivpaqhzp0dyconexc;+username=gguo@extron.com;+PriceClass=60;+PriceList=CNYEU;+__RequestVerificationToken=1ZYNbeSoh_chYvnd0Hw_Q03J1e6iUch155a1a0EpH3S3B0mVQUGJ3vPbjwzifTyFI9fU6pu3rUs4nOXRquF1RiGjmgk1;+BIGipServerextron.com_443_pool=838861066.47873.0000;+_clck=1pov87r%7C2%7Cfvq%7C0%7C1532;+ExtronRecViewProd=nbp100,tlppro1025m,tlppro525m,ipcppro555qxi,ipcppro550xi,mpa152plus,sf3clp,cs3t,sf26ctlp,sm3,sf3ctlp,sf26ct;+_ga=GA1.2.1785052402.1710291704;+_ga_DP5ZZ9VH84=GS2.1.s1746683117$o1446$g1$t1746687306$j58$l0$h0;+_clsk=126d0dd%7C1746687384913%7C31%7C1%7Cn.clarity.ms%2Fcollect https://www.extron.com/calculators/ceiling-speakers/?tab=tools www.extron.com 200 0 0 23334 140
2025-05-08 07:00:00 10.1.0.50 GET /api/v1/admin/siteload - 80 - 10.1.16.1 Wget/1.19.4+(mingw32) - - www.extron.com 200 0 0 1857 3
2025-05-08 07:00:00 10.1.0.50 GET /home - 80 - 10.1.16.1 - - - www.extron.com 301 0 0 1721 2
2025-05-08 07:00:00 10.1.0.50 GET /Content/vendor/fontawesome/webfonts/fa-solid-900.woff2 - 443 - 10.1.16.1 Mozilla/5.0+(Windows+NT+6.1;+Win64;+x64)+AppleWebKit/537.36+(KHTML,+like+Gecko)+Chrome/109.0.0.0+Safari/537.36+Edg/109.0.1518.140 ASP.NET_SessionId=v4sr0zkzacze3mouncia1scm;+region=1;+lang=1;+__RequestVerificationToken=RH9ezm4kZ2-wwmjtjTuL-ZymLaimkPkviC8qf2ASEc-aWXAHS-MNG30m0PRb9di0VwUkJf40jZYILZ9eCiVBvKI0n2Q1;+BIGipServerextron.com_443_pool=838861066.47873.0000 https://www.extron.com/Content/vendor/fontawesome/css/all.min.css www.extron.com 200 0 0 330193 3
2025-05-08 07:00:00 10.1.0.50 GET /product/mlc62eu allparts=1&s=11 80 - 10.1.16.1 Mozilla/5.0+(compatible;+DotBot/1.2;++https://opensiteexplorer.org/dotbot;+help@moz.com) - - www.extron.com 301 0 0 1779 3
2025-05-08 07:00:00 10.1.0.50 GET /Content/vendor/jqueryui/themes/smoothness/jquery-1.12.0-ui.css - 443 gguo@extron.com 10.1.16.1 Mozilla/5.0+(Windows+NT+10.0;+Win64;+x64)+AppleWebKit/537.36+(KHTML,+like+Gecko)+Chrome/136.0.0.0+Safari/537.36+Edg/136.0.0.0 region=5;+_ga_DP5ZZ9VH84=deleted;+_ga_DP5ZZ9VH84=deleted;+lang=1;+.AspNet.Cookies=WaGCr6P1Z64s8wwMnNwrWFkbkAHMQnfBhq6vIgW-XZJ8jfuOxYisNtslQp9CAam4wsLVjUNottgoqtFofgMHkG9QWoN2B8-zakyoDfs-Pbqd3gske_Vg8hhA-NjpXGN1CnzGie4aKg59qwfQpjFWY7-ctaig8PIvMqLqCZUDWTq6OX6Xfn6ZqH3rJWaUM84mOKi69TMDAaQ4hO1lR1CWsICfa8rL8Sm4cUT9Wn_hsKSXaTVYDHWLTz1CP2Ua4zxoYmyQ3ES99YVscMzuKzfzZVLl1OgxRn3z9oE89zeZTCuE3_81rOp6FkOM3q9dANzo5p2nZflwc63UofD1PxeLynHGjeWhZrrI7_q4BgzULo-IipwhrTV2Mr-G_Cui5QLhs_1MqOUIFXAlSAbYbGwFys8cD0I3nCvpNPnbg7yWPHthXWxp;+_gid=GA1.2.760489081.1746491061;+ASP.NET_SessionId=xzlitwbivpaqhzp0dyconexc;+username=gguo@extron.com;+PriceClass=60;+PriceList=CNYEU;+__RequestVerificationToken=1ZYNbeSoh_chYvnd0Hw_Q03J1e6iUch155a1a0EpH3S3B0mVQUGJ3vPbjwzifTyFI9fU6pu3rUs4nOXRquF1RiGjmgk1;+BIGipServerextron.com_443_pool=!WpFiCD7GfSGLSAoMjvaJwiHEDz8tIDra1p6LKxx/tM9rfgOTMka1CAAOdqTZjFkHY7Zcc1Ivh2LCBg==;+_clck=1pov87r%7C2%7Cfvq%7C0%7C1532;+ExtronRecViewProd=nbp100,tlppro1025m,tlppro525m,ipcppro555qxi,ipcppro550xi,mpa152plus,sf3clp,cs3t,sf26ctlp,sm3,sf3ctlp,sf26ct;+_ga=GA1.2.1785052402.1710291704;+_ga_DP5ZZ9VH84=GS2.1.s1746683117$o1446$g1$t1746687306$j58$l0$h0;+_clsk=126d0dd%7C1746687384913%7C31%7C1%7Cn.clarity.ms%2Fcollect https://www.extron.com/Calculators/CeilingSpeakerCoverageMap?values={%22speaker%22:%2260-1311-03%22,%22isobar%22:3,%22roomContent%22:4,%22roomContentText%22:%22Music%20(12%20kHz)%22,%22ampSafetyFactor%22:6,%22speakerHeight%22:3,%22listenerHeight%22:1.22,%22listenerPosition%22:%22Seated%22,%22roomLength%22:5,%22roomWidth%22:5,%22minLevel%22:80,%22maxLevel%22:85,%22gridSpacing%22:0,%22wiringType%22:2,%22coveragePattern%22:%22Square%22,%22measurementUnit%22:%22Meters%22,%22ambientNoise%22:55,%22desiredSN%22:25,%22application%22:%22Multipurpose%20Room%22,%22universalMultiplier%22:120,%22winLength%22:600,%22winWidth%22:600} www.extron.com 304 0 0 1705 2
2025-05-08 07:00:00 10.1.0.50 GET /technology/literature.aspx id=F&id=D&id=E&id=N&filetype=6&filetype=4&lang=1&lang=1&tabid=1 443 - 10.1.16.1 Mozilla/5.0+AppleWebKit/537.36+(KHTML,+like+Gecko;+compatible;+bingbot/2.0;++http://www.bing.com/bingbot.htm)+Chrome/116.0.1938.76+Safari/537.36 - - www.extron.co.jp 200 0 0 120873 2414
2025-05-08 07:00:00 10.1.0.50 GET /Content/vendor/bs-offcanvas/dist/css/bootstrap.offcanvas.css - 443 gguo@extron.com 10.1.16.1 Mozilla/5.0+(Windows+NT+10.0;+Win64;+x64)+AppleWebKit/537.36+(KHTML,+like+Gecko)+Chrome/136.0.0.0+Safari/537.36+Edg/136.0.0.0 region=5;+_ga_DP5ZZ9VH84=deleted;+_ga_DP5ZZ9VH84=deleted;+lang=1;+.AspNet.Cookies=WaGCr6P1Z64s8wwMnNwrWFkbkAHMQnfBhq6vIgW-XZJ8jfuOxYisNtslQp9CAam4wsLVjUNottgoqtFofgMHkG9QWoN2B8-zakyoDfs-Pbqd3gske_Vg8hhA-NjpXGN1CnzGie4aKg59qwfQpjFWY7-ctaig8PIvMqLqCZUDWTq6OX6Xfn6ZqH3rJWaUM84mOKi69TMDAaQ4hO1lR1CWsICfa8rL8Sm4cUT9Wn_hsKSXaTVYDHWLTz1CP2Ua4zxoYmyQ3ES99YVscMzuKzfzZVLl1OgxRn3z9oE89zeZTCuE3_81rOp6FkOM3q9dANzo5p2nZflwc63UofD1PxeLynHGjeWhZrrI7_q4BgzULo-IipwhrTV2Mr-G_Cui5QLhs_1MqOUIFXAlSAbYbGwFys8cD0I3nCvpNPnbg7yWPHthXWxp;+_gid=GA1.2.760489081.1746491061;+ASP.NET_SessionId=xzlitwbivpaqhzp0dyconexc;+username=gguo@extron.com;+PriceClass=60;+PriceList=CNYEU;+__RequestVerificationToken=1ZYNbeSoh_chYvnd0Hw_Q03J1e6iUch155a1a0EpH3S3B0mVQUGJ3vPbjwzifTyFI9fU6pu3rUs4nOXRquF1RiGjmgk1;+BIGipServerextron.com_443_pool=!WpFiCD7GfSGLSAoMjvaJwiHEDz8tIDra1p6LKxx/tM9rfgOTMka1CAAOdqTZjFkHY7Zcc1Ivh2LCBg==;+_clck=1pov87r%7C2%7Cfvq%7C0%7C1532;+ExtronRecViewProd=nbp100,tlppro1025m,tlppro525m,ipcppro555qxi,ipcppro550xi,mpa152plus,sf3clp,cs3t,sf26ctlp,sm3,sf3ctlp,sf26ct;+_ga=GA1.2.1785052402.1710291704;+_ga_DP5ZZ9VH84=GS2.1.s1746683117$o1446$g1$t1746687306$j58$l0$h0;+_clsk=126d0dd%7C1746687384913%7C31%7C1%7Cn.clarity.ms%2Fcollect https://www.extron.com/Calculators/CeilingSpeakerCoverageMap?values={%22speaker%22:%2260-1311-03%22,%22isobar%22:3,%22roomContent%22:4,%22roomContentText%22:%22Music%20(12%20kHz)%22,%22ampSafetyFactor%22:6,%22speakerHeight%22:3,%22listenerHeight%22:1.22,%22listenerPosition%22:%22Seated%22,%22roomLength%22:5,%22roomWidth%22:5,%22minLevel%22:80,%22maxLevel%22:85,%22gridSpacing%22:0,%22wiringType%22:2,%22coveragePattern%22:%22Square%22,%22measurementUnit%22:%22Meters%22,%22ambientNoise%22:55,%22desiredSN%22:25,%22application%22:%22Multipurpose%20Room%22,%22universalMultiplier%22:120,%22winLength%22:600,%22winWidth%22:600} www.extron.com 304 0 0 1705 2
2025-05-08 07:00:00 10.1.0.50 GET /technology/literature.aspx id=All&id=T&filetype=6&lang=1&id=T&filetype=102&lang=1&tabid=4&id=D 443 - 10.1.16.1 Mozilla/5.0+AppleWebKit/537.36+(KHTML,+like+Gecko;+compatible;+bingbot/2.0;++http://www.bing.com/bingbot.htm)+Chrome/116.0.1938.76+Safari/537.36 - - www.extron.co.jp 200 0 0 121111 2356
2025-05-08 07:00:01 10.1.0.50 GET /product/printable.aspx id=1594 80 - 10.1.16.1 Mozilla/5.0+(compatible;+DotBot/1.2;++https://opensiteexplorer.org/dotbot;+help@moz.com) - - www.extron.com 301 0 0 1773 2
2025-05-08 07:00:01 10.1.0.50 GET /Content/vendor/fancybox-3.5.7/dist/jquery.fancybox.css - 443 gguo@extron.com 10.1.16.1 Mozilla/5.0+(Windows+NT+10.0;+Win64;+x64)+AppleWebKit/537.36+(KHTML,+like+Gecko)+Chrome/136.0.0.0+Safari/537.36+Edg/136.0.0.0 region=5;+_ga_DP5ZZ9VH84=deleted;+_ga_DP5ZZ9VH84=deleted;+lang=1;+.AspNet.Cookies=WaGCr6P1Z64s8wwMnNwrWFkbkAHMQnfBhq6vIgW-XZJ8jfuOxYisNtslQp9CAam4wsLVjUNottgoqtFofgMHkG9QWoN2B8-zakyoDfs-Pbqd3gske_Vg8hhA-NjpXGN1CnzGie4aKg59qwfQpjFWY7-ctaig8PIvMqLqCZUDWTq6OX6Xfn6ZqH3rJWaUM84mOKi69TMDAaQ4hO1lR1CWsICfa8rL8Sm4cUT9Wn_hsKSXaTVYDHWLTz1CP2Ua4zxoYmyQ3ES99YVscMzuKzfzZVLl1OgxRn3z9oE89zeZTCuE3_81rOp6FkOM3q9dANzo5p2nZflwc63UofD1PxeLynHGjeWhZrrI7_q4BgzULo-IipwhrTV2Mr-G_Cui5QLhs_1MqOUIFXAlSAbYbGwFys8cD0I3nCvpNPnbg7yWPHthXWxp;+_gid=GA1.2.760489081.1746491061;+ASP.NET_SessionId=xzlitwbivpaqhzp0dyconexc;+username=gguo@extron.com;+PriceClass=60;+PriceList=CNYEU;+__RequestVerificationToken=1ZYNbeSoh_chYvnd0Hw_Q03J1e6iUch155a1a0EpH3S3B0mVQUGJ3vPbjwzifTyFI9fU6pu3rUs4nOXRquF1RiGjmgk1;+BIGipServerextron.com_443_pool=838861066.47873.0000;+_clck=1pov87r%7C2%7Cfvq%7C0%7C1532;+ExtronRecViewProd=nbp100,tlppro1025m,tlppro525m,ipcppro555qxi,ipcppro550xi,mpa152plus,sf3clp,cs3t,sf26ctlp,sm3,sf3ctlp,sf26ct;+_ga=GA1.2.1785052402.1710291704;+_ga_DP5ZZ9VH84=GS2.1.s1746683117$o1446$g1$t1746687306$j58$l0$h0;+_clsk=126d0dd%7C1746687384913%7C31%7C1%7Cn.clarity.ms%2Fcollect https://www.extron.com/Calculators/CeilingSpeakerCoverageMap?values={%22speaker%22:%2260-1311-03%22,%22isobar%22:3,%22roomContent%22:4,%22roomContentText%22:%22Music%20(12%20kHz)%22,%22ampSafetyFactor%22:6,%22speakerHeight%22:3,%22listenerHeight%22:1.22,%22listenerPosition%22:%22Seated%22,%22roomLength%22:5,%22roomWidth%22:5,%22minLevel%22:80,%22maxLevel%22:85,%22gridSpacing%22:0,%22wiringType%22:2,%22coveragePattern%22:%22Square%22,%22measurementUnit%22:%22Meters%22,%22ambientNoise%22:55,%22desiredSN%22:25,%22application%22:%22Multipurpose%20Room%22,%22universalMultiplier%22:120,%22winLength%22:600,%22winWidth%22:600} www.extron.com 304 0 0 1705 7
2025-05-08 07:00:01 10.1.0.50 GET /Content/css/Shared/cookies.css - 443 gguo@extron.com 10.1.16.1 Mozilla/5.0+(Windows+NT+10.0;+Win64;+x64)+AppleWebKit/537.36+(KHTML,+like+Gecko)+Chrome/136.0.0.0+Safari/537.36+Edg/136.0.0.0 region=5;+_ga_DP5ZZ9VH84=deleted;+_ga_DP5ZZ9VH84=deleted;+lang=1;+.AspNet.Cookies=WaGCr6P1Z64s8wwMnNwrWFkbkAHMQnfBhq6vIgW-XZJ8jfuOxYisNtslQp9CAam4wsLVjUNottgoqtFofgMHkG9QWoN2B8-zakyoDfs-Pbqd3gske_Vg8hhA-NjpXGN1CnzGie4aKg59qwfQpjFWY7-ctaig8PIvMqLqCZUDWTq6OX6Xfn6ZqH3rJWaUM84mOKi69TMDAaQ4hO1lR1CWsICfa8rL8Sm4cUT9Wn_hsKSXaTVYDHWLTz1CP2Ua4zxoYmyQ3ES99YVscMzuKzfzZVLl1OgxRn3z9oE89zeZTCuE3_81rOp6FkOM3q9dANzo5p2nZflwc63UofD1PxeLynHGjeWhZrrI7_q4BgzULo-IipwhrTV2Mr-G_Cui5QLhs_1MqOUIFXAlSAbYbGwFys8cD0I3nCvpNPnbg7yWPHthXWxp;+_gid=GA1.2.760489081.1746491061;+ASP.NET_SessionId=xzlitwbivpaqhzp0dyconexc;+username=gguo@extron.com;+PriceClass=60;+PriceList=CNYEU;+__RequestVerificationToken=1ZYNbeSoh_chYvnd0Hw_Q03J1e6iUch155a1a0EpH3S3B0mVQUGJ3vPbjwzifTyFI9fU6pu3rUs4nOXRquF1RiGjmgk1;+BIGipServerextron.com_443_pool=838861066.47873.0000;+_clck=1pov87r%7C2%7Cfvq%7C0%7C1532;+ExtronRecViewProd=nbp100,tlppro1025m,tlppro525m,ipcppro555qxi,ipcppro550xi,mpa152plus,sf3clp,cs3t,sf26ctlp,sm3,sf3ctlp,sf26ct;+_ga=GA1.2.1785052402.1710291704;+_ga_DP5ZZ9VH84=GS2.1.s1746683117$o1446$g1$t1746687306$j58$l0$h0;+_clsk=126d0dd%7C1746687384913%7C31%7C1%7Cn.clarity.ms%2Fcollect https://www.extron.com/Calculators/CeilingSpeakerCoverageMap?values={%22speaker%22:%2260-1311-03%22,%22isobar%22:3,%22roomContent%22:4,%22roomContentText%22:%22Music%20(12%20kHz)%22,%22ampSafetyFactor%22:6,%22speakerHeight%22:3,%22listenerHeight%22:1.22,%22listenerPosition%22:%22Seated%22,%22roomLength%22:5,%22roomWidth%22:5,%22minLevel%22:80,%22maxLevel%22:85,%22gridSpacing%22:0,%22wiringType%22:2,%22coveragePattern%22:%22Square%22,%22measurementUnit%22:%22Meters%22,%22ambientNoise%22:55,%22desiredSN%22:25,%22application%22:%22Multipurpose%20Room%22,%22universalMultiplier%22:120,%22winLength%22:600,%22winWidth%22:600} www.extron.com 304 0 0 1705 2
2025-05-08 07:00:01 10.1.0.50 GET /Content/css/Shared/extron_bs5.css - 443 gguo@extron.com 10.1.16.1 Mozilla/5.0+(Windows+NT+10.0;+Win64;+x64)+AppleWebKit/537.36+(KHTML,+like+Gecko)+Chrome/136.0.0.0+Safari/537.36+Edg/136.0.0.0 region=5;+_ga_DP5ZZ9VH84=deleted;+_ga_DP5ZZ9VH84=deleted;+lang=1;+.AspNet.Cookies=WaGCr6P1Z64s8wwMnNwrWFkbkAHMQnfBhq6vIgW-XZJ8jfuOxYisNtslQp9CAam4wsLVjUNottgoqtFofgMHkG9QWoN2B8-zakyoDfs-Pbqd3gske_Vg8hhA-NjpXGN1CnzGie4aKg59qwfQpjFWY7-ctaig8PIvMqLqCZUDWTq6OX6Xfn6ZqH3rJWaUM84mOKi69TMDAaQ4hO1lR1CWsICfa8rL8Sm4cUT9Wn_hsKSXaTVYDHWLTz1CP2Ua4zxoYmyQ3ES99YVscMzuKzfzZVLl1OgxRn3z9oE89zeZTCuE3_81rOp6FkOM3q9dANzo5p2nZflwc63UofD1PxeLynHGjeWhZrrI7_q4BgzULo-IipwhrTV2Mr-G_Cui5QLhs_1MqOUIFXAlSAbYbGwFys8cD0I3nCvpNPnbg7yWPHthXWxp;+_gid=GA1.2.760489081.1746491061;+ASP.NET_SessionId=xzlitwbivpaqhzp0dyconexc;+username=gguo@extron.com;+PriceClass=60;+PriceList=CNYEU;+__RequestVerificationToken=1ZYNbeSoh_chYvnd0Hw_Q03J1e6iUch155a1a0EpH3S3B0mVQUGJ3vPbjwzifTyFI9fU6pu3rUs4nOXRquF1RiGjmgk1;+BIGipServerextron.com_443_pool=838861066.47873.0000;+_clck=1pov87r%7C2%7Cfvq%7C0%7C1532;+ExtronRecViewProd=nbp100,tlppro1025m,tlppro525m,ipcppro555qxi,ipcppro550xi,mpa152plus,sf3clp,cs3t,sf26ctlp,sm3,sf3ctlp,sf26ct;+_ga=GA1.2.1785052402.1710291704;+_ga_DP5ZZ9VH84=GS2.1.s1746683117$o1446$g1$t1746687306$j58$l0$h0;+_clsk=126d0dd%7C1746687384913%7C31%7C1%7Cn.clarity.ms%2Fcollect https://www.extron.com/Calculators/CeilingSpeakerCoverageMap?values={%22speaker%22:%2260-1311-03%22,%22isobar%22:3,%22roomContent%22:4,%22roomContentText%22:%22Music%20(12%20kHz)%22,%22ampSafetyFactor%22:6,%22speakerHeight%22:3,%22listenerHeight%22:1.22,%22listenerPosition%22:%22Seated%22,%22roomLength%22:5,%22roomWidth%22:5,%22minLevel%22:80,%22maxLevel%22:85,%22gridSpacing%22:0,%22wiringType%22:2,%22coveragePattern%22:%22Square%22,%22measurementUnit%22:%22Meters%22,%22ambientNoise%22:55,%22desiredSN%22:25,%22application%22:%22Multipurpose%20Room%22,%22universalMultiplier%22:120,%22winLength%22:600,%22winWidth%22:600} www.extron.com 304 0 0 1703 1
2025-05-08 07:00:01 10.1.0.50 GET /Content/vendor/fontawesome/css/all.min.css - 443 gguo@extron.com 10.1.16.1 Mozilla/5.0+(Windows+NT+10.0;+Win64;+x64)+AppleWebKit/537.36+(KHTML,+like+Gecko)+Chrome/136.0.0.0+Safari/537.36+Edg/136.0.0.0 region=5;+_ga_DP5ZZ9VH84=deleted;+_ga_DP5ZZ9VH84=deleted;+lang=1;+.AspNet.Cookies=WaGCr6P1Z64s8wwMnNwrWFkbkAHMQnfBhq6vIgW-XZJ8jfuOxYisNtslQp9CAam4wsLVjUNottgoqtFofgMHkG9QWoN2B8-zakyoDfs-Pbqd3gske_Vg8hhA-NjpXGN1CnzGie4aKg59qwfQpjFWY7-ctaig8PIvMqLqCZUDWTq6OX6Xfn6ZqH3rJWaUM84mOKi69TMDAaQ4hO1lR1CWsICfa8rL8Sm4cUT9Wn_hsKSXaTVYDHWLTz1CP2Ua4zxoYmyQ3ES99YVscMzuKzfzZVLl1OgxRn3z9oE89zeZTCuE3_81rOp6FkOM3q9dANzo5p2nZflwc63UofD1PxeLynHGjeWhZrrI7_q4BgzULo-IipwhrTV2Mr-G_Cui5QLhs_1MqOUIFXAlSAbYbGwFys8cD0I3nCvpNPnbg7yWPHthXWxp;+_gid=GA1.2.760489081.1746491061;+ASP.NET_SessionId=xzlitwbivpaqhzp0dyconexc;+username=gguo@extron.com;+PriceClass=60;+PriceList=CNYEU;+__RequestVerificationToken=1ZYNbeSoh_chYvnd0Hw_Q03J1e6iUch155a1a0EpH3S3B0mVQUGJ3vPbjwzifTyFI9fU6pu3rUs4nOXRquF1RiGjmgk1;+BIGipServerextron.com_443_pool=838861066.47873.0000;+_clck=1pov87r%7C2%7Cfvq%7C0%7C1532;+ExtronRecViewProd=nbp100,tlppro1025m,tlppro525m,ipcppro555qxi,ipcppro550xi,mpa152plus,sf3clp,cs3t,sf26ctlp,sm3,sf3ctlp,sf26ct;+_ga=GA1.2.1785052402.1710291704;+_ga_DP5ZZ9VH84=GS2.1.s1746683117$o1446$g1$t1746687306$j58$l0$h0;+_clsk=126d0dd%7C1746687384913%7C31%7C1%7Cn.clarity.ms%2Fcollect https://www.extron.com/Calculators/CeilingSpeakerCoverageMap?values={%22speaker%22:%2260-1311-03%22,%22isobar%22:3,%22roomContent%22:4,%22roomContentText%22:%22Music%20(12%20kHz)%22,%22ampSafetyFactor%22:6,%22speakerHeight%22:3,%22listenerHeight%22:1.22,%22listenerPosition%22:%22Seated%22,%22roomLength%22:5,%22roomWidth%22:5,%22minLevel%22:80,%22maxLevel%22:85,%22gridSpacing%22:0,%22wiringType%22:2,%22coveragePattern%22:%22Square%22,%22measurementUnit%22:%22Meters%22,%22ambientNoise%22:55,%22desiredSN%22:25,%22application%22:%22Multipurpose%20Room%22,%22universalMultiplier%22:120,%22winLength%22:600,%22winWidth%22:600} www.extron.com 304 0 0 1703 2
2025-05-08 07:00:01 10.1.0.50 GET /content/css/calculators/audio-calculator.css - 443 gguo@extron.com 10.1.16.1 Mozilla/5.0+(Windows+NT+10.0;+Win64;+x64)+AppleWebKit/537.36+(KHTML,+like+Gecko)+Chrome/136.0.0.0+Safari/537.36+Edg/136.0.0.0 region=5;+_ga_DP5ZZ9VH84=deleted;+_ga_DP5ZZ9VH84=deleted;+lang=1;+.AspNet.Cookies=WaGCr6P1Z64s8wwMnNwrWFkbkAHMQnfBhq6vIgW-XZJ8jfuOxYisNtslQp9CAam4wsLVjUNottgoqtFofgMHkG9QWoN2B8-zakyoDfs-Pbqd3gske_Vg8hhA-NjpXGN1CnzGie4aKg59qwfQpjFWY7-ctaig8PIvMqLqCZUDWTq6OX6Xfn6ZqH3rJWaUM84mOKi69TMDAaQ4hO1lR1CWsICfa8rL8Sm4cUT9Wn_hsKSXaTVYDHWLTz1CP2Ua4zxoYmyQ3ES99YVscMzuKzfzZVLl1OgxRn3z9oE89zeZTCuE3_81rOp6FkOM3q9dANzo5p2nZflwc63UofD1PxeLynHGjeWhZrrI7_q4BgzULo-IipwhrTV2Mr-G_Cui5QLhs_1MqOUIFXAlSAbYbGwFys8cD0I3nCvpNPnbg7yWPHthXWxp;+_gid=GA1.2.760489081.1746491061;+ASP.NET_SessionId=xzlitwbivpaqhzp0dyconexc;+username=gguo@extron.com;+PriceClass=60;+PriceList=CNYEU;+__RequestVerificationToken=1ZYNbeSoh_chYvnd0Hw_Q03J1e6iUch155a1a0EpH3S3B0mVQUGJ3vPbjwzifTyFI9fU6pu3rUs4nOXRquF1RiGjmgk1;+BIGipServerextron.com_443_pool=!WpFiCD7GfSGLSAoMjvaJwiHEDz8tIDra1p6LKxx/tM9rfgOTMka1CAAOdqTZjFkHY7Zcc1Ivh2LCBg==;+_clck=1pov87r%7C2%7Cfvq%7C0%7C1532;+ExtronRecViewProd=nbp100,tlppro1025m,tlppro525m,ipcppro555qxi,ipcppro550xi,mpa152plus,sf3clp,cs3t,sf26ctlp,sm3,sf3ctlp,sf26ct;+_ga=GA1.2.1785052402.1710291704;+_ga_DP5ZZ9VH84=GS2.1.s1746683117$o1446$g1$t1746687306$j58$l0$h0;+_clsk=126d0dd%7C1746687384913%7C31%7C1%7Cn.clarity.ms%2Fcollect https://www.extron.com/Calculators/CeilingSpeakerCoverageMap?values={%22speaker%22:%2260-1311-03%22,%22isobar%22:3,%22roomContent%22:4,%22roomContentText%22:%22Music%20(12%20kHz)%22,%22ampSafetyFactor%22:6,%22speakerHeight%22:3,%22listenerHeight%22:1.22,%22listenerPosition%22:%22Seated%22,%22roomLength%22:5,%22roomWidth%22:5,%22minLevel%22:80,%22maxLevel%22:85,%22gridSpacing%22:0,%22wiringType%22:2,%22coveragePattern%22:%22Square%22,%22measurementUnit%22:%22Meters%22,%22ambientNoise%22:55,%22desiredSN%22:25,%22application%22:%22Multipurpose%20Room%22,%22universalMultiplier%22:120,%22winLength%22:600,%22winWidth%22:600} www.extron.com 304 0 0 1703 3
2025-05-08 07:00:01 10.1.0.50 GET /product/audiotools.css nocache=08172017 443 gguo@extron.com 10.1.16.1 Mozilla/5.0+(Windows+NT+10.0;+Win64;+x64)+AppleWebKit/537.36+(KHTML,+like+Gecko)+Chrome/136.0.0.0+Safari/537.36+Edg/136.0.0.0 region=5;+_ga_DP5ZZ9VH84=deleted;+_ga_DP5ZZ9VH84=deleted;+lang=1;+.AspNet.Cookies=WaGCr6P1Z64s8wwMnNwrWFkbkAHMQnfBhq6vIgW-XZJ8jfuOxYisNtslQp9CAam4wsLVjUNottgoqtFofgMHkG9QWoN2B8-zakyoDfs-Pbqd3gske_Vg8hhA-NjpXGN1CnzGie4aKg59qwfQpjFWY7-ctaig8PIvMqLqCZUDWTq6OX6Xfn6ZqH3rJWaUM84mOKi69TMDAaQ4hO1lR1CWsICfa8rL8Sm4cUT9Wn_hsKSXaTVYDHWLTz1CP2Ua4zxoYmyQ3ES99YVscMzuKzfzZVLl1OgxRn3z9oE89zeZTCuE3_81rOp6FkOM3q9dANzo5p2nZflwc63UofD1PxeLynHGjeWhZrrI7_q4BgzULo-IipwhrTV2Mr-G_Cui5QLhs_1MqOUIFXAlSAbYbGwFys8cD0I3nCvpNPnbg7yWPHthXWxp;+_gid=GA1.2.760489081.1746491061;+ASP.NET_SessionId=xzlitwbivpaqhzp0dyconexc;+username=gguo@extron.com;+PriceClass=60;+PriceList=CNYEU;+__RequestVerificationToken=1ZYNbeSoh_chYvnd0Hw_Q03J1e6iUch155a1a0EpH3S3B0mVQUGJ3vPbjwzifTyFI9fU6pu3rUs4nOXRquF1RiGjmgk1;+BIGipServerextron.com_443_pool=838861066.47873.0000;+_clck=1pov87r%7C2%7Cfvq%7C0%7C1532;+ExtronRecViewProd=nbp100,tlppro1025m,tlppro525m,ipcppro555qxi,ipcppro550xi,mpa152plus,sf3clp,cs3t,sf26ctlp,sm3,sf3ctlp,sf26ct;+_ga=GA1.2.1785052402.1710291704;+_ga_DP5ZZ9VH84=GS2.1.s1746683117$o1446$g1$t1746687306$j58$l0$h0;+_clsk=126d0dd%7C1746687384913%7C31%7C1%7Cn.clarity.ms%2Fcollect https://www.extron.com/Calculators/CeilingSpeakerCoverageMap?values={%22speaker%22:%2260-1311-03%22,%22isobar%22:3,%22roomContent%22:4,%22roomContentText%22:%22Music%20(12%20kHz)%22,%22ampSafetyFactor%22:6,%22speakerHeight%22:3,%22listenerHeight%22:1.22,%22listenerPosition%22:%22Seated%22,%22roomLength%22:5,%22roomWidth%22:5,%22minLevel%22:80,%22maxLevel%22:85,%22gridSpacing%22:0,%22wiringType%22:2,%22coveragePattern%22:%22Square%22,%22measurementUnit%22:%22Meters%22,%22ambientNoise%22:55,%22desiredSN%22:25,%22application%22:%22Multipurpose%20Room%22,%22universalMultiplier%22:120,%22winLength%22:600,%22winWidth%22:600} www.extron.com 304 0 0 1702 2
2025-05-08 07:00:01 10.1.0.50 GET /home - 443 - 10.1.16.1 - - - www.extron.com 200 0 0 109666 771
2025-05-08 07:00:01 10.1.0.50 GET /product - 80 - 10.1.16.1 - - - www.extron.com 301 0 0 1749 1
2025-05-08 07:00:01 10.1.0.50 GET /login/accountform.aspx - 443 - 10.1.16.1 Mozilla/5.0+(Windows+NT+10.0;+Win64;+x64)+AppleWebKit/537.36+(KHTML,+like+Gecko)+Chrome/136.0.0.0+Safari/537.36+Edg/136.0.0.0 region=2;+lang=3;+_gid=GA1.2.1898913256.1746687529;+BIGipServerextron.com_443_pool=!0Xt5pA8ozJIDysQMjvaJwiHEDz8tICZV1dI2Br73PZ6JNq+JQwCxjQodHK3SWaHTnUOqx0Iqx5L7GQ==;+ASP.NET_SessionId=yh4tpbinuo43pomc3td0fqgg;+__RequestVerificationToken=PIPW0SqV1WMY2gVX-zVvzH7qpYjAIlsj4anmO3jHHCjLCqRA0XdMrsq3GeP6Yb4Yp67LpTaoEDZownrJrqdodknUr8A1;+_ga=GA1.1.1249231975.1746687529;+_ga_DP5ZZ9VH84=GS2.1.s1746687528$o1$g1$t1746687584$j4$l0$h0 https://www.extron.com/article/choose-account www.extron.com 200 0 0 76607 33
2025-05-08 07:00:01 10.1.0.50 GET /product/index.aspx - 443 - 10.1.16.1 - ASP.NET_SessionId=a2g44z13vvtu1vomwcsal2oa;+region=1;+lang=1;+__RequestVerificationToken=wGrbbRSeuOHIVGaRUCvncNyge4QKMx9l_KifrD5ECZQ5-WPyeETRzZX0Y2EYCYoAVjiqWFpb3ZzYUYSQEcfYmYwWjko1;+BIGipServerextron.com_443_pool=!VqkhuakZaZU07asMjvaJwiHEDz8tIHbmQoQyIljfFVxGYrt62qzqz824/FwwTLWvxnAgQ89K31wkdQ== - www.extron.com 200 0 0 1289556 183
2025-05-08 07:00:01 10.1.0.50 GET /content/css/calculators/audio-calculator-popup.css - 443 gguo@extron.com 10.1.16.1 Mozilla/5.0+(Windows+NT+10.0;+Win64;+x64)+AppleWebKit/537.36+(KHTML,+like+Gecko)+Chrome/136.0.0.0+Safari/537.36+Edg/136.0.0.0 region=5;+_ga_DP5ZZ9VH84=deleted;+_ga_DP5ZZ9VH84=deleted;+lang=1;+.AspNet.Cookies=WaGCr6P1Z64s8wwMnNwrWFkbkAHMQnfBhq6vIgW-XZJ8jfuOxYisNtslQp9CAam4wsLVjUNottgoqtFofgMHkG9QWoN2B8-zakyoDfs-Pbqd3gske_Vg8hhA-NjpXGN1CnzGie4aKg59qwfQpjFWY7-ctaig8PIvMqLqCZUDWTq6OX6Xfn6ZqH3rJWaUM84mOKi69TMDAaQ4hO1lR1CWsICfa8rL8Sm4cUT9Wn_hsKSXaTVYDHWLTz1CP2Ua4zxoYmyQ3ES99YVscMzuKzfzZVLl1OgxRn3z9oE89zeZTCuE3_81rOp6FkOM3q9dANzo5p2nZflwc63UofD1PxeLynHGjeWhZrrI7_q4BgzULo-IipwhrTV2Mr-G_Cui5QLhs_1MqOUIFXAlSAbYbGwFys8cD0I3nCvpNPnbg7yWPHthXWxp;+_gid=GA1.2.760489081.1746491061;+ASP.NET_SessionId=xzlitwbivpaqhzp0dyconexc;+username=gguo@extron.com;+PriceClass=60;+PriceList=CNYEU;+__RequestVerificationToken=1ZYNbeSoh_chYvnd0Hw_Q03J1e6iUch155a1a0EpH3S3B0mVQUGJ3vPbjwzifTyFI9fU6pu3rUs4nOXRquF1RiGjmgk1;+BIGipServerextron.com_443_pool=!WpFiCD7GfSGLSAoMjvaJwiHEDz8tIDra1p6LKxx/tM9rfgOTMka1CAAOdqTZjFkHY7Zcc1Ivh2LCBg==;+_clck=1pov87r%7C2%7Cfvq%7C0%7C1532;+ExtronRecViewProd=nbp100,tlppro1025m,tlppro525m,ipcppro555qxi,ipcppro550xi,mpa152plus,sf3clp,cs3t,sf26ctlp,sm3,sf3ctlp,sf26ct;+_ga=GA1.2.1785052402.1710291704;+_ga_DP5ZZ9VH84=GS2.1.s1746683117$o1446$g1$t1746687306$j58$l0$h0;+_clsk=126d0dd%7C1746687384913%7C31%7C1%7Cn.clarity.ms%2Fcollect https://www.extron.com/Calculators/CeilingSpeakerCoverageMap?values={%22speaker%22:%2260-1311-03%22,%22isobar%22:3,%22roomContent%22:4,%22roomContentText%22:%22Music%20(12%20kHz)%22,%22ampSafetyFactor%22:6,%22speakerHeight%22:3,%22listenerHeight%22:1.22,%22listenerPosition%22:%22Seated%22,%22roomLength%22:5,%22roomWidth%22:5,%22minLevel%22:80,%22maxLevel%22:85,%22gridSpacing%22:0,%22wiringType%22:2,%22coveragePattern%22:%22Square%22,%22measurementUnit%22:%22Meters%22,%22ambientNoise%22:55,%22desiredSN%22:25,%22application%22:%22Multipurpose%20Room%22,%22universalMultiplier%22:120,%22winLength%22:600,%22winWidth%22:600} www.extron.com 304 0 0 1703 4
2025-05-08 07:00:01 10.1.0.50 GET /company - 80 - 10.1.16.1 - - - www.extron.com 301 0 0 1739 2
2025-05-08 07:00:01 10.1.0.50 GET /company/index - 443 - 10.1.16.1 - ASP.NET_SessionId=a2g44z13vvtu1vomwcsal2oa;+region=1;+lang=1;+__RequestVerificationToken=wGrbbRSeuOHIVGaRUCvncNyge4QKMx9l_KifrD5ECZQ5-WPyeETRzZX0Y2EYCYoAVjiqWFpb3ZzYUYSQEcfYmYwWjko1;+BIGipServerextron.com_443_pool=!VqkhuakZaZU07asMjvaJwiHEDz8tIHbmQoQyIljfFVxGYrt62qzqz824/FwwTLWvxnAgQ89K31wkdQ== - www.extron.com 200 0 0 63369 14
2025-05-08 07:00:01 10.1.0.50 GET /training - 80 - 10.1.16.1 - - - www.extron.com 301 0 0 1741 1
2025-05-08 07:00:01 10.1.0.50 GET /Content/vendor/jqueryui/jquery-1.12.0-ui.min.js - 443 gguo@extron.com 10.1.16.1 Mozilla/5.0+(Windows+NT+10.0;+Win64;+x64)+AppleWebKit/537.36+(KHTML,+like+Gecko)+Chrome/136.0.0.0+Safari/537.36+Edg/136.0.0.0 region=5;+_ga_DP5ZZ9VH84=deleted;+_ga_DP5ZZ9VH84=deleted;+lang=1;+.AspNet.Cookies=WaGCr6P1Z64s8wwMnNwrWFkbkAHMQnfBhq6vIgW-XZJ8jfuOxYisNtslQp9CAam4wsLVjUNottgoqtFofgMHkG9QWoN2B8-zakyoDfs-Pbqd3gske_Vg8hhA-NjpXGN1CnzGie4aKg59qwfQpjFWY7-ctaig8PIvMqLqCZUDWTq6OX6Xfn6ZqH3rJWaUM84mOKi69TMDAaQ4hO1lR1CWsICfa8rL8Sm4cUT9Wn_hsKSXaTVYDHWLTz1CP2Ua4zxoYmyQ3ES99YVscMzuKzfzZVLl1OgxRn3z9oE89zeZTCuE3_81rOp6FkOM3q9dANzo5p2nZflwc63UofD1PxeLynHGjeWhZrrI7_q4BgzULo-IipwhrTV2Mr-G_Cui5QLhs_1MqOUIFXAlSAbYbGwFys8cD0I3nCvpNPnbg7yWPHthXWxp;+_gid=GA1.2.760489081.1746491061;+ASP.NET_SessionId=xzlitwbivpaqhzp0dyconexc;+username=gguo@extron.com;+PriceClass=60;+PriceList=CNYEU;+__RequestVerificationToken=1ZYNbeSoh_chYvnd0Hw_Q03J1e6iUch155a1a0EpH3S3B0mVQUGJ3vPbjwzifTyFI9fU6pu3rUs4nOXRquF1RiGjmgk1;+BIGipServerextron.com_443_pool=!WpFiCD7GfSGLSAoMjvaJwiHEDz8tIDra1p6LKxx/tM9rfgOTMka1CAAOdqTZjFkHY7Zcc1Ivh2LCBg==;+_clck=1pov87r%7C2%7Cfvq%7C0%7C1532;+ExtronRecViewProd=nbp100,tlppro1025m,tlppro525m,ipcppro555qxi,ipcppro550xi,mpa152plus,sf3clp,cs3t,sf26ctlp,sm3,sf3ctlp,sf26ct;+_ga=GA1.2.1785052402.1710291704;+_ga_DP5ZZ9VH84=GS2.1.s1746683117$o1446$g1$t1746687306$j58$l0$h0;+_clsk=126d0dd%7C1746687384913%7C31%7C1%7Cn.clarity.ms%2Fcollect https://www.extron.com/Calculators/CeilingSpeakerCoverageMap?values={%22speaker%22:%2260-1311-03%22,%22isobar%22:3,%22roomContent%22:4,%22roomContentText%22:%22Music%20(12%20kHz)%22,%22ampSafetyFactor%22:6,%22speakerHeight%22:3,%22listenerHeight%22:1.22,%22listenerPosition%22:%22Seated%22,%22roomLength%22:5,%22roomWidth%22:5,%22minLevel%22:80,%22maxLevel%22:85,%22gridSpacing%22:0,%22wiringType%22:2,%22coveragePattern%22:%22Square%22,%22measurementUnit%22:%22Meters%22,%22ambientNoise%22:55,%22desiredSN%22:25,%22application%22:%22Multipurpose%20Room%22,%22universalMultiplier%22:120,%22winLength%22:600,%22winWidth%22:600} www.extron.com 304 0 0 1705 1
2025-05-08 07:00:01 10.1.0.50 GET /Content/vendor/hoverintent/jquery.hoverIntent.js - 443 gguo@extron.com 10.1.16.1 Mozilla/5.0+(Windows+NT+10.0;+Win64;+x64)+AppleWebKit/537.36+(KHTML,+like+Gecko)+Chrome/136.0.0.0+Safari/537.36+Edg/136.0.0.0 region=5;+_ga_DP5ZZ9VH84=deleted;+_ga_DP5ZZ9VH84=deleted;+lang=1;+.AspNet.Cookies=WaGCr6P1Z64s8wwMnNwrWFkbkAHMQnfBhq6vIgW-XZJ8jfuOxYisNtslQp9CAam4wsLVjUNottgoqtFofgMHkG9QWoN2B8-zakyoDfs-Pbqd3gske_Vg8hhA-NjpXGN1CnzGie4aKg59qwfQpjFWY7-ctaig8PIvMqLqCZUDWTq6OX6Xfn6ZqH3rJWaUM84mOKi69TMDAaQ4hO1lR1CWsICfa8rL8Sm4cUT9Wn_hsKSXaTVYDHWLTz1CP2Ua4zxoYmyQ3ES99YVscMzuKzfzZVLl1OgxRn3z9oE89zeZTCuE3_81rOp6FkOM3q9dANzo5p2nZflwc63UofD1PxeLynHGjeWhZrrI7_q4BgzULo-IipwhrTV2Mr-G_Cui5QLhs_1MqOUIFXAlSAbYbGwFys8cD0I3nCvpNPnbg7yWPHthXWxp;+_gid=GA1.2.760489081.1746491061;+ASP.NET_SessionId=xzlitwbivpaqhzp0dyconexc;+username=gguo@extron.com;+PriceClass=60;+PriceList=CNYEU;+__RequestVerificationToken=1ZYNbeSoh_chYvnd0Hw_Q03J1e6iUch155a1a0EpH3S3B0mVQUGJ3vPbjwzifTyFI9fU6pu3rUs4nOXRquF1RiGjmgk1;+BIGipServerextron.com_443_pool=!WpFiCD7GfSGLSAoMjvaJwiHEDz8tIDra1p6LKxx/tM9rfgOTMka1CAAOdqTZjFkHY7Zcc1Ivh2LCBg==;+_clck=1pov87r%7C2%7Cfvq%7C0%7C1532;+ExtronRecViewProd=nbp100,tlppro1025m,tlppro525m,ipcppro555qxi,ipcppro550xi,mpa152plus,sf3clp,cs3t,sf26ctlp,sm3,sf3ctlp,sf26ct;+_ga=GA1.2.1785052402.1710291704;+_ga_DP5ZZ9VH84=GS2.1.s1746683117$o1446$g1$t1746687306$j58$l0$h0;+_clsk=126d0dd%7C1746687384913%7C31%7C1%7Cn.clarity.ms%2Fcollect https://www.extron.com/Calculators/CeilingSpeakerCoverageMap?values={%22speaker%22:%2260-1311-03%22,%22isobar%22:3,%22roomContent%22:4,%22roomContentText%22:%22Music%20(12%20kHz)%22,%22ampSafetyFactor%22:6,%22speakerHeight%22:3,%22listenerHeight%22:1.22,%22listenerPosition%22:%22Seated%22,%22roomLength%22:5,%22roomWidth%22:5,%22minLevel%22:80,%22maxLevel%22:85,%22gridSpacing%22:0,%22wiringType%22:2,%22coveragePattern%22:%22Square%22,%22measurementUnit%22:%22Meters%22,%22ambientNoise%22:55,%22desiredSN%22:25,%22application%22:%22Multipurpose%20Room%22,%22universalMultiplier%22:120,%22winLength%22:600,%22winWidth%22:600} www.extron.com 304 0 0 1705 1
2025-05-08 07:00:01 10.1.0.50 GET /Content/vendor/fancybox-3.5.7/dist/jquery.fancybox.js - 443 gguo@extron.com 10.1.16.1 Mozilla/5.0+(Windows+NT+10.0;+Win64;+x64)+AppleWebKit/537.36+(KHTML,+like+Gecko)+Chrome/136.0.0.0+Safari/537.36+Edg/136.0.0.0 region=5;+_ga_DP5ZZ9VH84=deleted;+_ga_DP5ZZ9VH84=deleted;+lang=1;+.AspNet.Cookies=WaGCr6P1Z64s8wwMnNwrWFkbkAHMQnfBhq6vIgW-XZJ8jfuOxYisNtslQp9CAam4wsLVjUNottgoqtFofgMHkG9QWoN2B8-zakyoDfs-Pbqd3gske_Vg8hhA-NjpXGN1CnzGie4aKg59qwfQpjFWY7-ctaig8PIvMqLqCZUDWTq6OX6Xfn6ZqH3rJWaUM84mOKi69TMDAaQ4hO1lR1CWsICfa8rL8Sm4cUT9Wn_hsKSXaTVYDHWLTz1CP2Ua4zxoYmyQ3ES99YVscMzuKzfzZVLl1OgxRn3z9oE89zeZTCuE3_81rOp6FkOM3q9dANzo5p2nZflwc63UofD1PxeLynHGjeWhZrrI7_q4BgzULo-IipwhrTV2Mr-G_Cui5QLhs_1MqOUIFXAlSAbYbGwFys8cD0I3nCvpNPnbg7yWPHthXWxp;+_gid=GA1.2.760489081.1746491061;+ASP.NET_SessionId=xzlitwbivpaqhzp0dyconexc;+username=gguo@extron.com;+PriceClass=60;+PriceList=CNYEU;+__RequestVerificationToken=1ZYNbeSoh_chYvnd0Hw_Q03J1e6iUch155a1a0EpH3S3B0mVQUGJ3vPbjwzifTyFI9fU6pu3rUs4nOXRquF1RiGjmgk1;+BIGipServerextron.com_443_pool=!WpFiCD7GfSGLSAoMjvaJwiHEDz8tIDra1p6LKxx/tM9rfgOTMka1CAAOdqTZjFkHY7Zcc1Ivh2LCBg==;+_clck=1pov87r%7C2%7Cfvq%7C0%7C1532;+ExtronRecViewProd=nbp100,tlppro1025m,tlppro525m,ipcppro555qxi,ipcppro550xi,mpa152plus,sf3clp,cs3t,sf26ctlp,sm3,sf3ctlp,sf26ct;+_ga=GA1.2.1785052402.1710291704;+_ga_DP5ZZ9VH84=GS2.1.s1746683117$o1446$g1$t1746687306$j58$l0$h0;+_clsk=126d0dd%7C1746687384913%7C31%7C1%7Cn.clarity.ms%2Fcollect https://www.extron.com/Calculators/CeilingSpeakerCoverageMap?values={%22speaker%22:%2260-1311-03%22,%22isobar%22:3,%22roomContent%22:4,%22roomContentText%22:%22Music%20(12%20kHz)%22,%22ampSafetyFactor%22:6,%22speakerHeight%22:3,%22listenerHeight%22:1.22,%22listenerPosition%22:%22Seated%22,%22roomLength%22:5,%22roomWidth%22:5,%22minLevel%22:80,%22maxLevel%22:85,%22gridSpacing%22:0,%22wiringType%22:2,%22coveragePattern%22:%22Square%22,%22measurementUnit%22:%22Meters%22,%22ambientNoise%22:55,%22desiredSN%22:25,%22application%22:%22Multipurpose%20Room%22,%22universalMultiplier%22:120,%22winLength%22:600,%22winWidth%22:600} www.extron.com 304 0 0 1705 1
2025-05-08 07:00:01 10.1.0.50 GET /Content/vendor/jquery/jquery-3.3.1.min.js - 443 gguo@extron.com 10.1.16.1 Mozilla/5.0+(Windows+NT+10.0;+Win64;+x64)+AppleWebKit/537.36+(KHTML,+like+Gecko)+Chrome/136.0.0.0+Safari/537.36+Edg/136.0.0.0 region=5;+_ga_DP5ZZ9VH84=deleted;+_ga_DP5ZZ9VH84=deleted;+lang=1;+.AspNet.Cookies=WaGCr6P1Z64s8wwMnNwrWFkbkAHMQnfBhq6vIgW-XZJ8jfuOxYisNtslQp9CAam4wsLVjUNottgoqtFofgMHkG9QWoN2B8-zakyoDfs-Pbqd3gske_Vg8hhA-NjpXGN1CnzGie4aKg59qwfQpjFWY7-ctaig8PIvMqLqCZUDWTq6OX6Xfn6ZqH3rJWaUM84mOKi69TMDAaQ4hO1lR1CWsICfa8rL8Sm4cUT9Wn_hsKSXaTVYDHWLTz1CP2Ua4zxoYmyQ3ES99YVscMzuKzfzZVLl1OgxRn3z9oE89zeZTCuE3_81rOp6FkOM3q9dANzo5p2nZflwc63UofD1PxeLynHGjeWhZrrI7_q4BgzULo-IipwhrTV2Mr-G_Cui5QLhs_1MqOUIFXAlSAbYbGwFys8cD0I3nCvpNPnbg7yWPHthXWxp;+_gid=GA1.2.760489081.1746491061;+ASP.NET_SessionId=xzlitwbivpaqhzp0dyconexc;+username=gguo@extron.com;+PriceClass=60;+PriceList=CNYEU;+__RequestVerificationToken=1ZYNbeSoh_chYvnd0Hw_Q03J1e6iUch155a1a0EpH3S3B0mVQUGJ3vPbjwzifTyFI9fU6pu3rUs4nOXRquF1RiGjmgk1;+BIGipServerextron.com_443_pool=!WpFiCD7GfSGLSAoMjvaJwiHEDz8tIDra1p6LKxx/tM9rfgOTMka1CAAOdqTZjFkHY7Zcc1Ivh2LCBg==;+_clck=1pov87r%7C2%7Cfvq%7C0%7C1532;+ExtronRecViewProd=nbp100,tlppro1025m,tlppro525m,ipcppro555qxi,ipcppro550xi,mpa152plus,sf3clp,cs3t,sf26ctlp,sm3,sf3ctlp,sf26ct;+_ga=GA1.2.1785052402.1710291704;+_ga_DP5ZZ9VH84=GS2.1.s1746683117$o1446$g1$t1746687306$j58$l0$h0;+_clsk=126d0dd%7C1746687384913%7C31%7C1%7Cn.clarity.ms%2Fcollect https://www.extron.com/Calculators/CeilingSpeakerCoverageMap?values={%22speaker%22:%2260-1311-03%22,%22isobar%22:3,%22roomContent%22:4,%22roomContentText%22:%22Music%20(12%20kHz)%22,%22ampSafetyFactor%22:6,%22speakerHeight%22:3,%22listenerHeight%22:1.22,%22listenerPosition%22:%22Seated%22,%22roomLength%22:5,%22roomWidth%22:5,%22minLevel%22:80,%22maxLevel%22:85,%22gridSpacing%22:0,%22wiringType%22:2,%22coveragePattern%22:%22Square%22,%22measurementUnit%22:%22Meters%22,%22ambientNoise%22:55,%22desiredSN%22:25,%22application%22:%22Multipurpose%20Room%22,%22universalMultiplier%22:120,%22winLength%22:600,%22winWidth%22:600} www.extron.com 304 0 0 1705 1
2025-05-08 07:00:01 10.1.0.50 GET /Content/vendor/jquery-mobile-events/jquery.mobile-events.js - 443 gguo@extron.com 10.1.16.1 Mozilla/5.0+(Windows+NT+10.0;+Win64;+x64)+AppleWebKit/537.36+(KHTML,+like+Gecko)+Chrome/136.0.0.0+Safari/537.36+Edg/136.0.0.0 region=5;+_ga_DP5ZZ9VH84=deleted;+_ga_DP5ZZ9VH84=deleted;+lang=1;+.AspNet.Cookies=WaGCr6P1Z64s8wwMnNwrWFkbkAHMQnfBhq6vIgW-XZJ8jfuOxYisNtslQp9CAam4wsLVjUNottgoqtFofgMHkG9QWoN2B8-zakyoDfs-Pbqd3gske_Vg8hhA-NjpXGN1CnzGie4aKg59qwfQpjFWY7-ctaig8PIvMqLqCZUDWTq6OX6Xfn6ZqH3rJWaUM84mOKi69TMDAaQ4hO1lR1CWsICfa8rL8Sm4cUT9Wn_hsKSXaTVYDHWLTz1CP2Ua4zxoYmyQ3ES99YVscMzuKzfzZVLl1OgxRn3z9oE89zeZTCuE3_81rOp6FkOM3q9dANzo5p2nZflwc63UofD1PxeLynHGjeWhZrrI7_q4BgzULo-IipwhrTV2Mr-G_Cui5QLhs_1MqOUIFXAlSAbYbGwFys8cD0I3nCvpNPnbg7yWPHthXWxp;+_gid=GA1.2.760489081.1746491061;+ASP.NET_SessionId=xzlitwbivpaqhzp0dyconexc;+username=gguo@extron.com;+PriceClass=60;+PriceList=CNYEU;+__RequestVerificationToken=1ZYNbeSoh_chYvnd0Hw_Q03J1e6iUch155a1a0EpH3S3B0mVQUGJ3vPbjwzifTyFI9fU6pu3rUs4nOXRquF1RiGjmgk1;+BIGipServerextron.com_443_pool=!WpFiCD7GfSGLSAoMjvaJwiHEDz8tIDra1p6LKxx/tM9rfgOTMka1CAAOdqTZjFkHY7Zcc1Ivh2LCBg==;+_clck=1pov87r%7C2%7Cfvq%7C0%7C1532;+ExtronRecViewProd=nbp100,tlppro1025m,tlppro525m,ipcppro555qxi,ipcppro550xi,mpa152plus,sf3clp,cs3t,sf26ctlp,sm3,sf3ctlp,sf26ct;+_ga=GA1.2.1785052402.1710291704;+_ga_DP5ZZ9VH84=GS2.1.s1746683117$o1446$g1$t1746687306$j58$l0$h0;+_clsk=126d0dd%7C1746687384913%7C31%7C1%7Cn.clarity.ms%2Fcollect https://www.extron.com/Calculators/CeilingSpeakerCoverageMap?values={%22speaker%22:%2260-1311-03%22,%22isobar%22:3,%22roomContent%22:4,%22roomContentText%22:%22Music%20(12%20kHz)%22,%22ampSafetyFactor%22:6,%22speakerHeight%22:3,%22listenerHeight%22:1.22,%22listenerPosition%22:%22Seated%22,%22roomLength%22:5,%22roomWidth%22:5,%22minLevel%22:80,%22maxLevel%22:85,%22gridSpacing%22:0,%22wiringType%22:2,%22coveragePattern%22:%22Square%22,%22measurementUnit%22:%22Meters%22,%22ambientNoise%22:55,%22desiredSN%22:25,%22application%22:%22Multipurpose%20Room%22,%22universalMultiplier%22:120,%22winLength%22:600,%22winWidth%22:600} www.extron.com 304 0 0 1705 1
2025-05-08 07:00:01 10.1.0.50 GET /Content/vendor/fontawesome/css/all.min.css - 443 - 10.1.16.1 Mozilla/5.0+(Windows+NT+10.0;+Win64;+x64)+AppleWebKit/537.36+(KHTML,+like+Gecko)+Chrome/136.0.0.0+Safari/537.36+Edg/136.0.0.0 region=2;+lang=3;+_gid=GA1.2.1898913256.1746687529;+BIGipServerextron.com_443_pool=!0Xt5pA8ozJIDysQMjvaJwiHEDz8tICZV1dI2Br73PZ6JNq+JQwCxjQodHK3SWaHTnUOqx0Iqx5L7GQ==;+ASP.NET_SessionId=yh4tpbinuo43pomc3td0fqgg;+__RequestVerificationToken=PIPW0SqV1WMY2gVX-zVvzH7qpYjAIlsj4anmO3jHHCjLCqRA0XdMrsq3GeP6Yb4Yp67LpTaoEDZownrJrqdodknUr8A1;+_ga=GA1.1.1249231975.1746687529;+_ga_DP5ZZ9VH84=GS2.1.s1746687528$o1$g1$t1746687591$j60$l0$h0 https://www.extron.com/login/accountform.aspx www.extron.com 304 0 0 1703 1
2025-05-08 07:00:01 10.1.0.50 GET /Content/css/Shared/cookies.css - 443 - 10.1.16.1 Mozilla/5.0+(Windows+NT+10.0;+Win64;+x64)+AppleWebKit/537.36+(KHTML,+like+Gecko)+Chrome/136.0.0.0+Safari/537.36+Edg/136.0.0.0 region=2;+lang=3;+_gid=GA1.2.1898913256.1746687529;+BIGipServerextron.com_443_pool=!0Xt5pA8ozJIDysQMjvaJwiHEDz8tICZV1dI2Br73PZ6JNq+JQwCxjQodHK3SWaHTnUOqx0Iqx5L7GQ==;+ASP.NET_SessionId=yh4tpbinuo43pomc3td0fqgg;+__RequestVerificationToken=PIPW0SqV1WMY2gVX-zVvzH7qpYjAIlsj4anmO3jHHCjLCqRA0XdMrsq3GeP6Yb4Yp67LpTaoEDZownrJrqdodknUr8A1;+_ga=GA1.1.1249231975.1746687529;+_ga_DP5ZZ9VH84=GS2.1.s1746687528$o1$g1$t1746687591$j60$l0$h0 https://www.extron.com/login/accountform.aspx www.extron.com 304 0 0 1705 1
2025-05-08 07:00:01 10.1.0.50 GET /Content/vendor/bs-offcanvas/dist/css/bootstrap.offcanvas.css - 443 - 10.1.16.1 Mozilla/5.0+(Windows+NT+10.0;+Win64;+x64)+AppleWebKit/537.36+(KHTML,+like+Gecko)+Chrome/136.0.0.0+Safari/537.36+Edg/136.0.0.0 region=2;+lang=3;+_gid=GA1.2.1898913256.1746687529;+BIGipServerextron.com_443_pool=!0Xt5pA8ozJIDysQMjvaJwiHEDz8tICZV1dI2Br73PZ6JNq+JQwCxjQodHK3SWaHTnUOqx0Iqx5L7GQ==;+ASP.NET_SessionId=yh4tpbinuo43pomc3td0fqgg;+__RequestVerificationToken=PIPW0SqV1WMY2gVX-zVvzH7qpYjAIlsj4anmO3jHHCjLCqRA0XdMrsq3GeP6Yb4Yp67LpTaoEDZownrJrqdodknUr8A1;+_ga=GA1.1.1249231975.1746687529;+_ga_DP5ZZ9VH84=GS2.1.s1746687528$o1$g1$t1746687591$j60$l0$h0 https://www.extron.com/login/accountform.aspx www.extron.com 304 0 0 1705 1
2025-05-08 07:00:01 10.1.0.50 GET /inc/jquery/jquery-3.3.1.min.js - 443 - 10.1.16.1 Mozilla/5.0+(Windows+NT+10.0;+Win64;+x64)+AppleWebKit/537.36+(KHTML,+like+Gecko)+Chrome/136.0.0.0+Safari/537.36+Edg/136.0.0.0 region=2;+lang=3;+_gid=GA1.2.1898913256.1746687529;+BIGipServerextron.com_443_pool=!0Xt5pA8ozJIDysQMjvaJwiHEDz8tICZV1dI2Br73PZ6JNq+JQwCxjQodHK3SWaHTnUOqx0Iqx5L7GQ==;+ASP.NET_SessionId=yh4tpbinuo43pomc3td0fqgg;+__RequestVerificationToken=PIPW0SqV1WMY2gVX-zVvzH7qpYjAIlsj4anmO3jHHCjLCqRA0XdMrsq3GeP6Yb4Yp67LpTaoEDZownrJrqdodknUr8A1;+_ga=GA1.1.1249231975.1746687529;+_ga_DP5ZZ9VH84=GS2.1.s1746687528$o1$g1$t1746687591$j60$l0$h0 https://www.extron.com/login/accountform.aspx www.extron.com 200 0 0 88873 1
2025-05-08 07:00:01 10.1.0.50 GET /inc/jquery/jqueryUI/jquery-ui-1.12.1.min.js - 443 - 10.1.16.1 Mozilla/5.0+(Windows+NT+10.0;+Win64;+x64)+AppleWebKit/537.36+(KHTML,+like+Gecko)+Chrome/136.0.0.0+Safari/537.36+Edg/136.0.0.0 region=2;+lang=3;+_gid=GA1.2.1898913256.1746687529;+BIGipServerextron.com_443_pool=!0Xt5pA8ozJIDysQMjvaJwiHEDz8tICZV1dI2Br73PZ6JNq+JQwCxjQodHK3SWaHTnUOqx0Iqx5L7GQ==;+ASP.NET_SessionId=yh4tpbinuo43pomc3td0fqgg;+__RequestVerificationToken=PIPW0SqV1WMY2gVX-zVvzH7qpYjAIlsj4anmO3jHHCjLCqRA0XdMrsq3GeP6Yb4Yp67LpTaoEDZownrJrqdodknUr8A1;+_ga=GA1.1.1249231975.1746687529;+_ga_DP5ZZ9VH84=GS2.1.s1746687528$o1$g1$t1746687591$j60$l0$h0 https://www.extron.com/login/accountform.aspx www.extron.com 200 0 0 255916 1
2025-05-08 07:00:01 10.1.0.50 GET /inc/extron.css nocache=01022020 443 - 10.1.16.1 Mozilla/5.0+(Windows+NT+10.0;+Win64;+x64)+AppleWebKit/537.36+(KHTML,+like+Gecko)+Chrome/136.0.0.0+Safari/537.36+Edg/136.0.0.0 region=2;+lang=3;+_gid=GA1.2.1898913256.1746687529;+BIGipServerextron.com_443_pool=!0Xt5pA8ozJIDysQMjvaJwiHEDz8tICZV1dI2Br73PZ6JNq+JQwCxjQodHK3SWaHTnUOqx0Iqx5L7GQ==;+ASP.NET_SessionId=yh4tpbinuo43pomc3td0fqgg;+__RequestVerificationToken=PIPW0SqV1WMY2gVX-zVvzH7qpYjAIlsj4anmO3jHHCjLCqRA0XdMrsq3GeP6Yb4Yp67LpTaoEDZownrJrqdodknUr8A1;+_ga=GA1.1.1249231975.1746687529;+_ga_DP5ZZ9VH84=GS2.1.s1746687528$o1$g1$t1746687591$j60$l0$h0 https://www.extron.com/login/accountform.aspx www.extron.com 304 0 0 1703 1
2025-05-08 07:00:01 10.1.0.50 GET /product/printable.aspx id=tlm520 80 - 10.1.16.1 Mozilla/5.0+(compatible;+DotBot/1.2;++https://opensiteexplorer.org/dotbot;+help@moz.com) - - www.extron.com 301 0 0 1777 2
2025-05-08 07:00:01 10.1.0.50 GET /Content/vendor/js-cookie/js.cookie-2.2.0.js - 443 gguo@extron.com 10.1.16.1 Mozilla/5.0+(Windows+NT+10.0;+Win64;+x64)+AppleWebKit/537.36+(KHTML,+like+Gecko)+Chrome/136.0.0.0+Safari/537.36+Edg/136.0.0.0 region=5;+_ga_DP5ZZ9VH84=deleted;+_ga_DP5ZZ9VH84=deleted;+lang=1;+.AspNet.Cookies=WaGCr6P1Z64s8wwMnNwrWFkbkAHMQnfBhq6vIgW-XZJ8jfuOxYisNtslQp9CAam4wsLVjUNottgoqtFofgMHkG9QWoN2B8-zakyoDfs-Pbqd3gske_Vg8hhA-NjpXGN1CnzGie4aKg59qwfQpjFWY7-ctaig8PIvMqLqCZUDWTq6OX6Xfn6ZqH3rJWaUM84mOKi69TMDAaQ4hO1lR1CWsICfa8rL8Sm4cUT9Wn_hsKSXaTVYDHWLTz1CP2Ua4zxoYmyQ3ES99YVscMzuKzfzZVLl1OgxRn3z9oE89zeZTCuE3_81rOp6FkOM3q9dANzo5p2nZflwc63UofD1PxeLynHGjeWhZrrI7_q4BgzULo-IipwhrTV2Mr-G_Cui5QLhs_1MqOUIFXAlSAbYbGwFys8cD0I3nCvpNPnbg7yWPHthXWxp;+_gid=GA1.2.760489081.1746491061;+ASP.NET_SessionId=xzlitwbivpaqhzp0dyconexc;+username=gguo@extron.com;+PriceClass=60;+PriceList=CNYEU;+__RequestVerificationToken=1ZYNbeSoh_chYvnd0Hw_Q03J1e6iUch155a1a0EpH3S3B0mVQUGJ3vPbjwzifTyFI9fU6pu3rUs4nOXRquF1RiGjmgk1;+BIGipServerextron.com_443_pool=!WpFiCD7GfSGLSAoMjvaJwiHEDz8tIDra1p6LKxx/tM9rfgOTMka1CAAOdqTZjFkHY7Zcc1Ivh2LCBg==;+_clck=1pov87r%7C2%7Cfvq%7C0%7C1532;+ExtronRecViewProd=nbp100,tlppro1025m,tlppro525m,ipcppro555qxi,ipcppro550xi,mpa152plus,sf3clp,cs3t,sf26ctlp,sm3,sf3ctlp,sf26ct;+_ga=GA1.2.1785052402.1710291704;+_ga_DP5ZZ9VH84=GS2.1.s1746683117$o1446$g1$t1746687306$j58$l0$h0;+_clsk=126d0dd%7C1746687384913%7C31%7C1%7Cn.clarity.ms%2Fcollect https://www.extron.com/Calculators/CeilingSpeakerCoverageMap?values={%22speaker%22:%2260-1311-03%22,%22isobar%22:3,%22roomContent%22:4,%22roomContentText%22:%22Music%20(12%20kHz)%22,%22ampSafetyFactor%22:6,%22speakerHeight%22:3,%22listenerHeight%22:1.22,%22listenerPosition%22:%22Seated%22,%22roomLength%22:5,%22roomWidth%22:5,%22minLevel%22:80,%22maxLevel%22:85,%22gridSpacing%22:0,%22wiringType%22:2,%22coveragePattern%22:%22Square%22,%22measurementUnit%22:%22Meters%22,%22ambientNoise%22:55,%22desiredSN%22:25,%22application%22:%22Multipurpose%20Room%22,%22universalMultiplier%22:120,%22winLength%22:600,%22winWidth%22:600} www.extron.com 304 0 0 1705 3
2025-05-08 07:00:01 10.1.0.50 GET /Scripts/Shared/videoplayer.js - 443 gguo@extron.com 10.1.16.1 Mozilla/5.0+(Windows+NT+10.0;+Win64;+x64)+AppleWebKit/537.36+(KHTML,+like+Gecko)+Chrome/136.0.0.0+Safari/537.36+Edg/136.0.0.0 region=5;+_ga_DP5ZZ9VH84=deleted;+_ga_DP5ZZ9VH84=deleted;+lang=1;+.AspNet.Cookies=WaGCr6P1Z64s8wwMnNwrWFkbkAHMQnfBhq6vIgW-XZJ8jfuOxYisNtslQp9CAam4wsLVjUNottgoqtFofgMHkG9QWoN2B8-zakyoDfs-Pbqd3gske_Vg8hhA-NjpXGN1CnzGie4aKg59qwfQpjFWY7-ctaig8PIvMqLqCZUDWTq6OX6Xfn6ZqH3rJWaUM84mOKi69TMDAaQ4hO1lR1CWsICfa8rL8Sm4cUT9Wn_hsKSXaTVYDHWLTz1CP2Ua4zxoYmyQ3ES99YVscMzuKzfzZVLl1OgxRn3z9oE89zeZTCuE3_81rOp6FkOM3q9dANzo5p2nZflwc63UofD1PxeLynHGjeWhZrrI7_q4BgzULo-IipwhrTV2Mr-G_Cui5QLhs_1MqOUIFXAlSAbYbGwFys8cD0I3nCvpNPnbg7yWPHthXWxp;+_gid=GA1.2.760489081.1746491061;+ASP.NET_SessionId=xzlitwbivpaqhzp0dyconexc;+username=gguo@extron.com;+PriceClass=60;+PriceList=CNYEU;+__RequestVerificationToken=1ZYNbeSoh_chYvnd0Hw_Q03J1e6iUch155a1a0EpH3S3B0mVQUGJ3vPbjwzifTyFI9fU6pu3rUs4nOXRquF1RiGjmgk1;+BIGipServerextron.com_443_pool=!WpFiCD7GfSGLSAoMjvaJwiHEDz8tIDra1p6LKxx/tM9rfgOTMka1CAAOdqTZjFkHY7Zcc1Ivh2LCBg==;+_clck=1pov87r%7C2%7Cfvq%7C0%7C1532;+ExtronRecViewProd=nbp100,tlppro1025m,tlppro525m,ipcppro555qxi,ipcppro550xi,mpa152plus,sf3clp,cs3t,sf26ctlp,sm3,sf3ctlp,sf26ct;+_ga=GA1.2.1785052402.1710291704;+_ga_DP5ZZ9VH84=GS2.1.s1746683117$o1446$g1$t1746687306$j58$l0$h0;+_clsk=126d0dd%7C1746687384913%7C31%7C1%7Cn.clarity.ms%2Fcollect https://www.extron.com/Calculators/CeilingSpeakerCoverageMap?values={%22speaker%22:%2260-1311-03%22,%22isobar%22:3,%22roomContent%22:4,%22roomContentText%22:%22Music%20(12%20kHz)%22,%22ampSafetyFactor%22:6,%22speakerHeight%22:3,%22listenerHeight%22:1.22,%22listenerPosition%22:%22Seated%22,%22roomLength%22:5,%22roomWidth%22:5,%22minLevel%22:80,%22maxLevel%22:85,%22gridSpacing%22:0,%22wiringType%22:2,%22coveragePattern%22:%22Square%22,%22measurementUnit%22:%22Meters%22,%22ambientNoise%22:55,%22desiredSN%22:25,%22application%22:%22Multipurpose%20Room%22,%22universalMultiplier%22:120,%22winLength%22:600,%22winWidth%22:600} www.extron.com 304 0 0 1705 2
2025-05-08 07:00:01 10.1.0.50 GET /Scripts/Shared/autohide.js - 443 gguo@extron.com 10.1.16.1 Mozilla/5.0+(Windows+NT+10.0;+Win64;+x64)+AppleWebKit/537.36+(KHTML,+like+Gecko)+Chrome/136.0.0.0+Safari/537.36+Edg/136.0.0.0 region=5;+_ga_DP5ZZ9VH84=deleted;+_ga_DP5ZZ9VH84=deleted;+lang=1;+.AspNet.Cookies=WaGCr6P1Z64s8wwMnNwrWFkbkAHMQnfBhq6vIgW-XZJ8jfuOxYisNtslQp9CAam4wsLVjUNottgoqtFofgMHkG9QWoN2B8-zakyoDfs-Pbqd3gske_Vg8hhA-NjpXGN1CnzGie4aKg59qwfQpjFWY7-ctaig8PIvMqLqCZUDWTq6OX6Xfn6ZqH3rJWaUM84mOKi69TMDAaQ4hO1lR1CWsICfa8rL8Sm4cUT9Wn_hsKSXaTVYDHWLTz1CP2Ua4zxoYmyQ3ES99YVscMzuKzfzZVLl1OgxRn3z9oE89zeZTCuE3_81rOp6FkOM3q9dANzo5p2nZflwc63UofD1PxeLynHGjeWhZrrI7_q4BgzULo-IipwhrTV2Mr-G_Cui5QLhs_1MqOUIFXAlSAbYbGwFys8cD0I3nCvpNPnbg7yWPHthXWxp;+_gid=GA1.2.760489081.1746491061;+ASP.NET_SessionId=xzlitwbivpaqhzp0dyconexc;+username=gguo@extron.com;+PriceClass=60;+PriceList=CNYEU;+__RequestVerificationToken=1ZYNbeSoh_chYvnd0Hw_Q03J1e6iUch155a1a0EpH3S3B0mVQUGJ3vPbjwzifTyFI9fU6pu3rUs4nOXRquF1RiGjmgk1;+BIGipServerextron.com_443_pool=!WpFiCD7GfSGLSAoMjvaJwiHEDz8tIDra1p6LKxx/tM9rfgOTMka1CAAOdqTZjFkHY7Zcc1Ivh2LCBg==;+_clck=1pov87r%7C2%7Cfvq%7C0%7C1532;+ExtronRecViewProd=nbp100,tlppro1025m,tlppro525m,ipcppro555qxi,ipcppro550xi,mpa152plus,sf3clp,cs3t,sf26ctlp,sm3,sf3ctlp,sf26ct;+_ga=GA1.2.1785052402.1710291704;+_ga_DP5ZZ9VH84=GS2.1.s1746683117$o1446$g1$t1746687306$j58$l0$h0;+_clsk=126d0dd%7C1746687384913%7C31%7C1%7Cn.clarity.ms%2Fcollect https://www.extron.com/Calculators/CeilingSpeakerCoverageMap?values={%22speaker%22:%2260-1311-03%22,%22isobar%22:3,%22roomContent%22:4,%22roomContentText%22:%22Music%20(12%20kHz)%22,%22ampSafetyFactor%22:6,%22speakerHeight%22:3,%22listenerHeight%22:1.22,%22listenerPosition%22:%22Seated%22,%22roomLength%22:5,%22roomWidth%22:5,%22minLevel%22:80,%22maxLevel%22:85,%22gridSpacing%22:0,%22wiringType%22:2,%22coveragePattern%22:%22Square%22,%22measurementUnit%22:%22Meters%22,%22ambientNoise%22:55,%22desiredSN%22:25,%22application%22:%22Multipurpose%20Room%22,%22universalMultiplier%22:120,%22winLength%22:600,%22winWidth%22:600} www.extron.com 304 0 0 1705 1
2025-05-08 07:00:01 10.1.0.50 GET /Content/vendor/slick/slick.js - 443 gguo@extron.com 10.1.16.1 Mozilla/5.0+(Windows+NT+10.0;+Win64;+x64)+AppleWebKit/537.36+(KHTML,+like+Gecko)+Chrome/136.0.0.0+Safari/537.36+Edg/136.0.0.0 region=5;+_ga_DP5ZZ9VH84=deleted;+_ga_DP5ZZ9VH84=deleted;+lang=1;+.AspNet.Cookies=WaGCr6P1Z64s8wwMnNwrWFkbkAHMQnfBhq6vIgW-XZJ8jfuOxYisNtslQp9CAam4wsLVjUNottgoqtFofgMHkG9QWoN2B8-zakyoDfs-Pbqd3gske_Vg8hhA-NjpXGN1CnzGie4aKg59qwfQpjFWY7-ctaig8PIvMqLqCZUDWTq6OX6Xfn6ZqH3rJWaUM84mOKi69TMDAaQ4hO1lR1CWsICfa8rL8Sm4cUT9Wn_hsKSXaTVYDHWLTz1CP2Ua4zxoYmyQ3ES99YVscMzuKzfzZVLl1OgxRn3z9oE89zeZTCuE3_81rOp6FkOM3q9dANzo5p2nZflwc63UofD1PxeLynHGjeWhZrrI7_q4BgzULo-IipwhrTV2Mr-G_Cui5QLhs_1MqOUIFXAlSAbYbGwFys8cD0I3nCvpNPnbg7yWPHthXWxp;+_gid=GA1.2.760489081.1746491061;+ASP.NET_SessionId=xzlitwbivpaqhzp0dyconexc;+username=gguo@extron.com;+PriceClass=60;+PriceList=CNYEU;+__RequestVerificationToken=1ZYNbeSoh_chYvnd0Hw_Q03J1e6iUch155a1a0EpH3S3B0mVQUGJ3vPbjwzifTyFI9fU6pu3rUs4nOXRquF1RiGjmgk1;+BIGipServerextron.com_443_pool=!WpFiCD7GfSGLSAoMjvaJwiHEDz8tIDra1p6LKxx/tM9rfgOTMka1CAAOdqTZjFkHY7Zcc1Ivh2LCBg==;+_clck=1pov87r%7C2%7Cfvq%7C0%7C1532;+ExtronRecViewProd=nbp100,tlppro1025m,tlppro525m,ipcppro555qxi,ipcppro550xi,mpa152plus,sf3clp,cs3t,sf26ctlp,sm3,sf3ctlp,sf26ct;+_ga=GA1.2.1785052402.1710291704;+_ga_DP5ZZ9VH84=GS2.1.s1746683117$o1446$g1$t1746687306$j58$l0$h0;+_clsk=126d0dd%7C1746687384913%7C31%7C1%7Cn.clarity.ms%2Fcollect https://www.extron.com/Calculators/CeilingSpeakerCoverageMap?values={%22speaker%22:%2260-1311-03%22,%22isobar%22:3,%22roomContent%22:4,%22roomContentText%22:%22Music%20(12%20kHz)%22,%22ampSafetyFactor%22:6,%22speakerHeight%22:3,%22listenerHeight%22:1.22,%22listenerPosition%22:%22Seated%22,%22roomLength%22:5,%22roomWidth%22:5,%22minLevel%22:80,%22maxLevel%22:85,%22gridSpacing%22:0,%22wiringType%22:2,%22coveragePattern%22:%22Square%22,%22measurementUnit%22:%22Meters%22,%22ambientNoise%22:55,%22desiredSN%22:25,%22application%22:%22Multipurpose%20Room%22,%22universalMultiplier%22:120,%22winLength%22:600,%22winWidth%22:600} www.extron.com 304 0 0 1705 1
2025-05-08 07:00:01 10.1.0.50 GET /Scripts/Shared/main.js 20240613 443 gguo@extron.com 10.1.16.1 Mozilla/5.0+(Windows+NT+10.0;+Win64;+x64)+AppleWebKit/537.36+(KHTML,+like+Gecko)+Chrome/136.0.0.0+Safari/537.36+Edg/136.0.0.0 region=5;+_ga_DP5ZZ9VH84=deleted;+_ga_DP5ZZ9VH84=deleted;+lang=1;+.AspNet.Cookies=WaGCr6P1Z64s8wwMnNwrWFkbkAHMQnfBhq6vIgW-XZJ8jfuOxYisNtslQp9CAam4wsLVjUNottgoqtFofgMHkG9QWoN2B8-zakyoDfs-Pbqd3gske_Vg8hhA-NjpXGN1CnzGie4aKg59qwfQpjFWY7-ctaig8PIvMqLqCZUDWTq6OX6Xfn6ZqH3rJWaUM84mOKi69TMDAaQ4hO1lR1CWsICfa8rL8Sm4cUT9Wn_hsKSXaTVYDHWLTz1CP2Ua4zxoYmyQ3ES99YVscMzuKzfzZVLl1OgxRn3z9oE89zeZTCuE3_81rOp6FkOM3q9dANzo5p2nZflwc63UofD1PxeLynHGjeWhZrrI7_q4BgzULo-IipwhrTV2Mr-G_Cui5QLhs_1MqOUIFXAlSAbYbGwFys8cD0I3nCvpNPnbg7yWPHthXWxp;+_gid=GA1.2.760489081.1746491061;+ASP.NET_SessionId=xzlitwbivpaqhzp0dyconexc;+username=gguo@extron.com;+PriceClass=60;+PriceList=CNYEU;+__RequestVerificationToken=1ZYNbeSoh_chYvnd0Hw_Q03J1e6iUch155a1a0EpH3S3B0mVQUGJ3vPbjwzifTyFI9fU6pu3rUs4nOXRquF1RiGjmgk1;+BIGipServerextron.com_443_pool=!WpFiCD7GfSGLSAoMjvaJwiHEDz8tIDra1p6LKxx/tM9rfgOTMka1CAAOdqTZjFkHY7Zcc1Ivh2LCBg==;+_clck=1pov87r%7C2%7Cfvq%7C0%7C1532;+ExtronRecViewProd=nbp100,tlppro1025m,tlppro525m,ipcppro555qxi,ipcppro550xi,mpa152plus,sf3clp,cs3t,sf26ctlp,sm3,sf3ctlp,sf26ct;+_ga=GA1.2.1785052402.1710291704;+_ga_DP5ZZ9VH84=GS2.1.s1746683117$o1446$g1$t1746687306$j58$l0$h0;+_clsk=126d0dd%7C1746687384913%7C31%7C1%7Cn.clarity.ms%2Fcollect https://www.extron.com/Calculators/CeilingSpeakerCoverageMap?values={%22speaker%22:%2260-1311-03%22,%22isobar%22:3,%22roomContent%22:4,%22roomContentText%22:%22Music%20(12%20kHz)%22,%22ampSafetyFactor%22:6,%22speakerHeight%22:3,%22listenerHeight%22:1.22,%22listenerPosition%22:%22Seated%22,%22roomLength%22:5,%22roomWidth%22:5,%22minLevel%22:80,%22maxLevel%22:85,%22gridSpacing%22:0,%22wiringType%22:2,%22coveragePattern%22:%22Square%22,%22measurementUnit%22:%22Meters%22,%22ambientNoise%22:55,%22desiredSN%22:25,%22application%22:%22Multipurpose%20Room%22,%22universalMultiplier%22:120,%22winLength%22:600,%22winWidth%22:600} www.extron.com 304 0 0 1705 1
2025-05-08 07:00:01 10.1.0.50 GET /Content/css/Shared/fonts/roboto-v18-cyrillic_latin-ext_latin_cyrillic-ext-700.woff2 - 443 gguo@extron.com 10.1.16.1 Mozilla/5.0+(Windows+NT+10.0;+Win64;+x64)+AppleWebKit/537.36+(KHTML,+like+Gecko)+Chrome/136.0.0.0+Safari/537.36+Edg/136.0.0.0 region=5;+_ga_DP5ZZ9VH84=deleted;+_ga_DP5ZZ9VH84=deleted;+lang=1;+.AspNet.Cookies=WaGCr6P1Z64s8wwMnNwrWFkbkAHMQnfBhq6vIgW-XZJ8jfuOxYisNtslQp9CAam4wsLVjUNottgoqtFofgMHkG9QWoN2B8-zakyoDfs-Pbqd3gske_Vg8hhA-NjpXGN1CnzGie4aKg59qwfQpjFWY7-ctaig8PIvMqLqCZUDWTq6OX6Xfn6ZqH3rJWaUM84mOKi69TMDAaQ4hO1lR1CWsICfa8rL8Sm4cUT9Wn_hsKSXaTVYDHWLTz1CP2Ua4zxoYmyQ3ES99YVscMzuKzfzZVLl1OgxRn3z9oE89zeZTCuE3_81rOp6FkOM3q9dANzo5p2nZflwc63UofD1PxeLynHGjeWhZrrI7_q4BgzULo-IipwhrTV2Mr-G_Cui5QLhs_1MqOUIFXAlSAbYbGwFys8cD0I3nCvpNPnbg7yWPHthXWxp;+_gid=GA1.2.760489081.1746491061;+ASP.NET_SessionId=xzlitwbivpaqhzp0dyconexc;+username=gguo@extron.com;+PriceClass=60;+PriceList=CNYEU;+__RequestVerificationToken=1ZYNbeSoh_chYvnd0Hw_Q03J1e6iUch155a1a0EpH3S3B0mVQUGJ3vPbjwzifTyFI9fU6pu3rUs4nOXRquF1RiGjmgk1;+BIGipServerextron.com_443_pool=!WpFiCD7GfSGLSAoMjvaJwiHEDz8tIDra1p6LKxx/tM9rfgOTMka1CAAOdqTZjFkHY7Zcc1Ivh2LCBg==;+_clck=1pov87r%7C2%7Cfvq%7C0%7C1532;+ExtronRecViewProd=nbp100,tlppro1025m,tlppro525m,ipcppro555qxi,ipcppro550xi,mpa152plus,sf3clp,cs3t,sf26ctlp,sm3,sf3ctlp,sf26ct;+_ga=GA1.2.1785052402.1710291704;+_ga_DP5ZZ9VH84=GS2.1.s1746683117$o1446$g1$t1746687306$j58$l0$h0;+_clsk=126d0dd%7C1746687384913%7C31%7C1%7Cn.clarity.ms%2Fcollect https://www.extron.com/Content/css/Shared/extron_bs5.css www.extron.com 304 0 0 1705 1
2025-05-08 07:00:01 10.1.0.50 GET /Content/css/Shared/extron.css - 443 - 10.1.16.1 Mozilla/5.0+(Windows+NT+10.0;+Win64;+x64)+AppleWebKit/537.36+(KHTML,+like+Gecko)+Chrome/136.0.0.0+Safari/537.36+Edg/136.0.0.0 region=2;+lang=3;+_gid=GA1.2.1898913256.1746687529;+BIGipServerextron.com_443_pool=!0Xt5pA8ozJIDysQMjvaJwiHEDz8tICZV1dI2Br73PZ6JNq+JQwCxjQodHK3SWaHTnUOqx0Iqx5L7GQ==;+ASP.NET_SessionId=yh4tpbinuo43pomc3td0fqgg;+__RequestVerificationToken=PIPW0SqV1WMY2gVX-zVvzH7qpYjAIlsj4anmO3jHHCjLCqRA0XdMrsq3GeP6Yb4Yp67LpTaoEDZownrJrqdodknUr8A1;+_ga=GA1.1.1249231975.1746687529;+_ga_DP5ZZ9VH84=GS2.1.s1746687528$o1$g1$t1746687591$j60$l0$h0 https://www.extron.com/login/accountform.aspx www.extron.com 304 0 0 1703 1
2025-05-08 07:00:01 10.1.0.50 GET /Content/vendor/fancybox-3.5.7/dist/jquery.fancybox.css - 443 - 10.1.16.1 Mozilla/5.0+(Windows+NT+10.0;+Win64;+x64)+AppleWebKit/537.36+(KHTML,+like+Gecko)+Chrome/136.0.0.0+Safari/537.36+Edg/136.0.0.0 region=2;+lang=3;+_gid=GA1.2.1898913256.1746687529;+BIGipServerextron.com_443_pool=!0Xt5pA8ozJIDysQMjvaJwiHEDz8tICZV1dI2Br73PZ6JNq+JQwCxjQodHK3SWaHTnUOqx0Iqx5L7GQ==;+ASP.NET_SessionId=yh4tpbinuo43pomc3td0fqgg;+__RequestVerificationToken=PIPW0SqV1WMY2gVX-zVvzH7qpYjAIlsj4anmO3jHHCjLCqRA0XdMrsq3GeP6Yb4Yp67LpTaoEDZownrJrqdodknUr8A1;+_ga=GA1.1.1249231975.1746687529;+_ga_DP5ZZ9VH84=GS2.1.s1746687528$o1$g1$t1746687591$j60$l0$h0 https://www.extron.com/login/accountform.aspx www.extron.com 304 0 0 1705 1
2025-05-08 07:00:01 10.1.0.50 GET /inc/page-override.css - 443 - 10.1.16.1 Mozilla/5.0+(Windows+NT+10.0;+Win64;+x64)+AppleWebKit/537.36+(KHTML,+like+Gecko)+Chrome/136.0.0.0+Safari/537.36+Edg/136.0.0.0 region=2;+lang=3;+_gid=GA1.2.1898913256.1746687529;+BIGipServerextron.com_443_pool=!0Xt5pA8ozJIDysQMjvaJwiHEDz8tICZV1dI2Br73PZ6JNq+JQwCxjQodHK3SWaHTnUOqx0Iqx5L7GQ==;+ASP.NET_SessionId=yh4tpbinuo43pomc3td0fqgg;+__RequestVerificationToken=PIPW0SqV1WMY2gVX-zVvzH7qpYjAIlsj4anmO3jHHCjLCqRA0XdMrsq3GeP6Yb4Yp67LpTaoEDZownrJrqdodknUr8A1;+_ga=GA1.1.1249231975.1746687529;+_ga_DP5ZZ9VH84=GS2.1.s1746687528$o1$g1$t1746687591$j60$l0$h0 https://www.extron.com/login/accountform.aspx www.extron.com 304 0 0 1702 1
2025-05-08 07:00:01 10.1.0.50 GET /inc/jquery/extron.flowplayer.css nocache=09052019 443 - 10.1.16.1 Mozilla/5.0+(Windows+NT+10.0;+Win64;+x64)+AppleWebKit/537.36+(KHTML,+like+Gecko)+Chrome/136.0.0.0+Safari/537.36+Edg/136.0.0.0 region=2;+lang=3;+_gid=GA1.2.1898913256.1746687529;+BIGipServerextron.com_443_pool=!0Xt5pA8ozJIDysQMjvaJwiHEDz8tICZV1dI2Br73PZ6JNq+JQwCxjQodHK3SWaHTnUOqx0Iqx5L7GQ==;+ASP.NET_SessionId=yh4tpbinuo43pomc3td0fqgg;+__RequestVerificationToken=PIPW0SqV1WMY2gVX-zVvzH7qpYjAIlsj4anmO3jHHCjLCqRA0XdMrsq3GeP6Yb4Yp67LpTaoEDZownrJrqdodknUr8A1;+_ga=GA1.1.1249231975.1746687529;+_ga_DP5ZZ9VH84=GS2.1.s1746687528$o1$g1$t1746687591$j60$l0$h0 https://www.extron.com/login/accountform.aspx www.extron.com 304 0 0 1702 1
2025-05-08 07:00:01 10.1.0.50 GET /inc/jquery/jquery.autocomplete.css - 443 - 10.1.16.1 Mozilla/5.0+(Windows+NT+10.0;+Win64;+x64)+AppleWebKit/537.36+(KHTML,+like+Gecko)+Chrome/136.0.0.0+Safari/537.36+Edg/136.0.0.0 region=2;+lang=3;+_gid=GA1.2.1898913256.1746687529;+BIGipServerextron.com_443_pool=!0Xt5pA8ozJIDysQMjvaJwiHEDz8tICZV1dI2Br73PZ6JNq+JQwCxjQodHK3SWaHTnUOqx0Iqx5L7GQ==;+ASP.NET_SessionId=yh4tpbinuo43pomc3td0fqgg;+__RequestVerificationToken=PIPW0SqV1WMY2gVX-zVvzH7qpYjAIlsj4anmO3jHHCjLCqRA0XdMrsq3GeP6Yb4Yp67LpTaoEDZownrJrqdodknUr8A1;+_ga=GA1.1.1249231975.1746687529;+_ga_DP5ZZ9VH84=GS2.1.s1746687528$o1$g1$t1746687591$j60$l0$h0 https://www.extron.com/login/accountform.aspx www.extron.com 304 0 0 1702 1
2025-05-08 07:00:01 10.1.0.50 GET /training/index - 443 - 10.1.16.1 - ASP.NET_SessionId=a2g44z13vvtu1vomwcsal2oa;+region=1;+lang=1;+__RequestVerificationToken=wGrbbRSeuOHIVGaRUCvncNyge4QKMx9l_KifrD5ECZQ5-WPyeETRzZX0Y2EYCYoAVjiqWFpb3ZzYUYSQEcfYmYwWjko1;+BIGipServerextron.com_443_pool=!VqkhuakZaZU07asMjvaJwiHEDz8tIHbmQoQyIljfFVxGYrt62qzqz824/FwwTLWvxnAgQ89K31wkdQ== - www.extron.com 200 0 0 113200 383
2025-05-08 07:00:01 10.1.0.50 GET /tools - 80 - 10.1.16.1 - - - www.extron.com 301 0 0 1735 1
2025-05-08 07:00:01 10.1.0.50 GET /tools/index - 443 - 10.1.16.1 - ASP.NET_SessionId=a2g44z13vvtu1vomwcsal2oa;+region=1;+lang=1;+__RequestVerificationToken=wGrbbRSeuOHIVGaRUCvncNyge4QKMx9l_KifrD5ECZQ5-WPyeETRzZX0Y2EYCYoAVjiqWFpb3ZzYUYSQEcfYmYwWjko1;+BIGipServerextron.com_443_pool=!VqkhuakZaZU07asMjvaJwiHEDz8tIHbmQoQyIljfFVxGYrt62qzqz824/FwwTLWvxnAgQ89K31wkdQ== - www.extron.com 200 0 0 78056 18
2025-05-08 07:00:01 10.1.0.50 GET /download - 80 - 10.1.16.1 - - - www.extron.com 301 0 0 1741 1
2025-05-08 07:00:01 10.1.0.50 GET / - 80 - 10.1.15.85 - - - - 200 0 64 0 485
2025-05-08 07:00:01 10.1.0.50 GET /product/product.aspx id=1931 80 - 10.1.16.1 Mozilla/5.0+(compatible;+DotBot/1.2;++https://opensiteexplorer.org/dotbot;+help@moz.com) - - www.extron.com 301 0 0 1769 1
2025-05-08 07:00:01 10.1.0.50 GET /download/index - 443 - 10.1.16.1 - ASP.NET_SessionId=a2g44z13vvtu1vomwcsal2oa;+region=1;+lang=1;+__RequestVerificationToken=wGrbbRSeuOHIVGaRUCvncNyge4QKMx9l_KifrD5ECZQ5-WPyeETRzZX0Y2EYCYoAVjiqWFpb3ZzYUYSQEcfYmYwWjko1;+BIGipServerextron.com_443_pool=!VqkhuakZaZU07asMjvaJwiHEDz8tIHbmQoQyIljfFVxGYrt62qzqz824/FwwTLWvxnAgQ89K31wkdQ== - www.extron.com 200 0 0 58248 18
2025-05-08 07:00:01 10.1.0.50 GET /careers - 80 - 10.1.16.1 - - - www.extron.com 301 0 0 1727 1
2025-05-08 07:00:01 10.1.0.50 GET /Content/vendor/bootstrap/bootstrap.bundle.min.js - 443 gguo@extron.com 10.1.16.1 Mozilla/5.0+(Windows+NT+10.0;+Win64;+x64)+AppleWebKit/537.36+(KHTML,+like+Gecko)+Chrome/136.0.0.0+Safari/537.36+Edg/136.0.0.0 region=5;+_ga_DP5ZZ9VH84=deleted;+_ga_DP5ZZ9VH84=deleted;+lang=1;+.AspNet.Cookies=WaGCr6P1Z64s8wwMnNwrWFkbkAHMQnfBhq6vIgW-XZJ8jfuOxYisNtslQp9CAam4wsLVjUNottgoqtFofgMHkG9QWoN2B8-zakyoDfs-Pbqd3gske_Vg8hhA-NjpXGN1CnzGie4aKg59qwfQpjFWY7-ctaig8PIvMqLqCZUDWTq6OX6Xfn6ZqH3rJWaUM84mOKi69TMDAaQ4hO1lR1CWsICfa8rL8Sm4cUT9Wn_hsKSXaTVYDHWLTz1CP2Ua4zxoYmyQ3ES99YVscMzuKzfzZVLl1OgxRn3z9oE89zeZTCuE3_81rOp6FkOM3q9dANzo5p2nZflwc63UofD1PxeLynHGjeWhZrrI7_q4BgzULo-IipwhrTV2Mr-G_Cui5QLhs_1MqOUIFXAlSAbYbGwFys8cD0I3nCvpNPnbg7yWPHthXWxp;+_gid=GA1.2.760489081.1746491061;+ASP.NET_SessionId=xzlitwbivpaqhzp0dyconexc;+username=gguo@extron.com;+PriceClass=60;+PriceList=CNYEU;+__RequestVerificationToken=1ZYNbeSoh_chYvnd0Hw_Q03J1e6iUch155a1a0EpH3S3B0mVQUGJ3vPbjwzifTyFI9fU6pu3rUs4nOXRquF1RiGjmgk1;+BIGipServerextron.com_443_pool=!WpFiCD7GfSGLSAoMjvaJwiHEDz8tIDra1p6LKxx/tM9rfgOTMka1CAAOdqTZjFkHY7Zcc1Ivh2LCBg==;+_clck=1pov87r%7C2%7Cfvq%7C0%7C1532;+ExtronRecViewProd=nbp100,tlppro1025m,tlppro525m,ipcppro555qxi,ipcppro550xi,mpa152plus,sf3clp,cs3t,sf26ctlp,sm3,sf3ctlp,sf26ct;+_ga=GA1.2.1785052402.1710291704;+_ga_DP5ZZ9VH84=GS2.1.s1746683117$o1446$g1$t1746687306$j58$l0$h0;+_clsk=126d0dd%7C1746687384913%7C31%7C1%7Cn.clarity.ms%2Fcollect https://www.extron.com/Calculators/CeilingSpeakerCoverageMap?values={%22speaker%22:%2260-1311-03%22,%22isobar%22:3,%22roomContent%22:4,%22roomContentText%22:%22Music%20(12%20kHz)%22,%22ampSafetyFactor%22:6,%22speakerHeight%22:3,%22listenerHeight%22:1.22,%22listenerPosition%22:%22Seated%22,%22roomLength%22:5,%22roomWidth%22:5,%22minLevel%22:80,%22maxLevel%22:85,%22gridSpacing%22:0,%22wiringType%22:2,%22coveragePattern%22:%22Square%22,%22measurementUnit%22:%22Meters%22,%22ambientNoise%22:55,%22desiredSN%22:25,%22application%22:%22Multipurpose%20Room%22,%22universalMultiplier%22:120,%22winLength%22:600,%22winWidth%22:600} www.extron.com 304 0 0 1705 1
2025-05-08 07:00:01 10.1.0.50 GET /Content/vendor/jquery-debounce/jquery.ba-throttle-debounce.min.js - 443 - 10.1.16.1 Mozilla/5.0+(Windows+NT+10.0;+Win64;+x64)+AppleWebKit/537.36+(KHTML,+like+Gecko)+Chrome/136.0.0.0+Safari/537.36+Edg/136.0.0.0 region=2;+lang=3;+_gid=GA1.2.1898913256.1746687529;+BIGipServerextron.com_443_pool=!0Xt5pA8ozJIDysQMjvaJwiHEDz8tICZV1dI2Br73PZ6JNq+JQwCxjQodHK3SWaHTnUOqx0Iqx5L7GQ==;+ASP.NET_SessionId=yh4tpbinuo43pomc3td0fqgg;+__RequestVerificationToken=PIPW0SqV1WMY2gVX-zVvzH7qpYjAIlsj4anmO3jHHCjLCqRA0XdMrsq3GeP6Yb4Yp67LpTaoEDZownrJrqdodknUr8A1;+_ga=GA1.1.1249231975.1746687529;+_ga_DP5ZZ9VH84=GS2.1.s1746687528$o1$g1$t1746687591$j60$l0$h0 https://www.extron.com/login/accountform.aspx www.extron.com 200 0 0 2537 1
2025-05-08 07:00:01 10.1.0.50 GET /careers - 443 - 10.1.16.1 - ASP.NET_SessionId=a2g44z13vvtu1vomwcsal2oa;+region=1;+lang=1;+__RequestVerificationToken=wGrbbRSeuOHIVGaRUCvncNyge4QKMx9l_KifrD5ECZQ5-WPyeETRzZX0Y2EYCYoAVjiqWFpb3ZzYUYSQEcfYmYwWjko1;+BIGipServerextron.com_443_pool=!VqkhuakZaZU07asMjvaJwiHEDz8tIHbmQoQyIljfFVxGYrt62qzqz824/FwwTLWvxnAgQ89K31wkdQ== - www.extron.com 200 0 0 70968 21
2025-05-08 07:00:01 10.1.0.50 GET /careers/search/ dept=engineering 80 - 10.1.16.1 - - - www.extron.com 301 0 0 1777 1
2025-05-08 07:00:01 10.1.0.50 GET /Content/vendor/jquery-unobtrusive-ajax/jquery.unobtrusive-ajax.js - 443 gguo@extron.com 10.1.16.1 Mozilla/5.0+(Windows+NT+10.0;+Win64;+x64)+AppleWebKit/537.36+(KHTML,+like+Gecko)+Chrome/136.0.0.0+Safari/537.36+Edg/136.0.0.0 region=5;+_ga_DP5ZZ9VH84=deleted;+_ga_DP5ZZ9VH84=deleted;+lang=1;+.AspNet.Cookies=WaGCr6P1Z64s8wwMnNwrWFkbkAHMQnfBhq6vIgW-XZJ8jfuOxYisNtslQp9CAam4wsLVjUNottgoqtFofgMHkG9QWoN2B8-zakyoDfs-Pbqd3gske_Vg8hhA-NjpXGN1CnzGie4aKg59qwfQpjFWY7-ctaig8PIvMqLqCZUDWTq6OX6Xfn6ZqH3rJWaUM84mOKi69TMDAaQ4hO1lR1CWsICfa8rL8Sm4cUT9Wn_hsKSXaTVYDHWLTz1CP2Ua4zxoYmyQ3ES99YVscMzuKzfzZVLl1OgxRn3z9oE89zeZTCuE3_81rOp6FkOM3q9dANzo5p2nZflwc63UofD1PxeLynHGjeWhZrrI7_q4BgzULo-IipwhrTV2Mr-G_Cui5QLhs_1MqOUIFXAlSAbYbGwFys8cD0I3nCvpNPnbg7yWPHthXWxp;+_gid=GA1.2.760489081.1746491061;+ASP.NET_SessionId=xzlitwbivpaqhzp0dyconexc;+username=gguo@extron.com;+PriceClass=60;+PriceList=CNYEU;+__RequestVerificationToken=1ZYNbeSoh_chYvnd0Hw_Q03J1e6iUch155a1a0EpH3S3B0mVQUGJ3vPbjwzifTyFI9fU6pu3rUs4nOXRquF1RiGjmgk1;+BIGipServerextron.com_443_pool=!WpFiCD7GfSGLSAoMjvaJwiHEDz8tIDra1p6LKxx/tM9rfgOTMka1CAAOdqTZjFkHY7Zcc1Ivh2LCBg==;+_clck=1pov87r%7C2%7Cfvq%7C0%7C1532;+ExtronRecViewProd=nbp100,tlppro1025m,tlppro525m,ipcppro555qxi,ipcppro550xi,mpa152plus,sf3clp,cs3t,sf26ctlp,sm3,sf3ctlp,sf26ct;+_ga=GA1.2.1785052402.1710291704;+_ga_DP5ZZ9VH84=GS2.1.s1746683117$o1446$g1$t1746687306$j58$l0$h0;+_clsk=126d0dd%7C1746687384913%7C31%7C1%7Cn.clarity.ms%2Fcollect https://www.extron.com/Calculators/CeilingSpeakerCoverageMap?values={%22speaker%22:%2260-1311-03%22,%22isobar%22:3,%22roomContent%22:4,%22roomContentText%22:%22Music%20(12%20kHz)%22,%22ampSafetyFactor%22:6,%22speakerHeight%22:3,%22listenerHeight%22:1.22,%22listenerPosition%22:%22Seated%22,%22roomLength%22:5,%22roomWidth%22:5,%22minLevel%22:80,%22maxLevel%22:85,%22gridSpacing%22:0,%22wiringType%22:2,%22coveragePattern%22:%22Square%22,%22measurementUnit%22:%22Meters%22,%22ambientNoise%22:55,%22desiredSN%22:25,%22application%22:%22Multipurpose%20Room%22,%22universalMultiplier%22:120,%22winLength%22:600,%22winWidth%22:600} www.extron.com 304 0 0 1705 2
2025-05-08 07:00:01 10.1.0.50 GET /Content/vendor/bs-offcanvas/dist/js/bootstrap.offcanvas.js - 443 gguo@extron.com 10.1.16.1 Mozilla/5.0+(Windows+NT+10.0;+Win64;+x64)+AppleWebKit/537.36+(KHTML,+like+Gecko)+Chrome/136.0.0.0+Safari/537.36+Edg/136.0.0.0 region=5;+_ga_DP5ZZ9VH84=deleted;+_ga_DP5ZZ9VH84=deleted;+lang=1;+.AspNet.Cookies=WaGCr6P1Z64s8wwMnNwrWFkbkAHMQnfBhq6vIgW-XZJ8jfuOxYisNtslQp9CAam4wsLVjUNottgoqtFofgMHkG9QWoN2B8-zakyoDfs-Pbqd3gske_Vg8hhA-NjpXGN1CnzGie4aKg59qwfQpjFWY7-ctaig8PIvMqLqCZUDWTq6OX6Xfn6ZqH3rJWaUM84mOKi69TMDAaQ4hO1lR1CWsICfa8rL8Sm4cUT9Wn_hsKSXaTVYDHWLTz1CP2Ua4zxoYmyQ3ES99YVscMzuKzfzZVLl1OgxRn3z9oE89zeZTCuE3_81rOp6FkOM3q9dANzo5p2nZflwc63UofD1PxeLynHGjeWhZrrI7_q4BgzULo-IipwhrTV2Mr-G_Cui5QLhs_1MqOUIFXAlSAbYbGwFys8cD0I3nCvpNPnbg7yWPHthXWxp;+_gid=GA1.2.760489081.1746491061;+ASP.NET_SessionId=xzlitwbivpaqhzp0dyconexc;+username=gguo@extron.com;+PriceClass=60;+PriceList=CNYEU;+__RequestVerificationToken=1ZYNbeSoh_chYvnd0Hw_Q03J1e6iUch155a1a0EpH3S3B0mVQUGJ3vPbjwzifTyFI9fU6pu3rUs4nOXRquF1RiGjmgk1;+BIGipServerextron.com_443_pool=!WpFiCD7GfSGLSAoMjvaJwiHEDz8tIDra1p6LKxx/tM9rfgOTMka1CAAOdqTZjFkHY7Zcc1Ivh2LCBg==;+_clck=1pov87r%7C2%7Cfvq%7C0%7C1532;+ExtronRecViewProd=nbp100,tlppro1025m,tlppro525m,ipcppro555qxi,ipcppro550xi,mpa152plus,sf3clp,cs3t,sf26ctlp,sm3,sf3ctlp,sf26ct;+_ga=GA1.2.1785052402.1710291704;+_ga_DP5ZZ9VH84=GS2.1.s1746683117$o1446$g1$t1746687306$j58$l0$h0;+_clsk=126d0dd%7C1746687384913%7C31%7C1%7Cn.clarity.ms%2Fcollect https://www.extron.com/Calculators/CeilingSpeakerCoverageMap?values={%22speaker%22:%2260-1311-03%22,%22isobar%22:3,%22roomContent%22:4,%22roomContentText%22:%22Music%20(12%20kHz)%22,%22ampSafetyFactor%22:6,%22speakerHeight%22:3,%22listenerHeight%22:1.22,%22listenerPosition%22:%22Seated%22,%22roomLength%22:5,%22roomWidth%22:5,%22minLevel%22:80,%22maxLevel%22:85,%22gridSpacing%22:0,%22wiringType%22:2,%22coveragePattern%22:%22Square%22,%22measurementUnit%22:%22Meters%22,%22ambientNoise%22:55,%22desiredSN%22:25,%22application%22:%22Multipurpose%20Room%22,%22universalMultiplier%22:120,%22winLength%22:600,%22winWidth%22:600} www.extron.com 304 0 0 1705 1
2025-05-08 07:00:01 10.1.0.50 GET /Content/vendor/bootstrap/bootstrap.bundle_5.js - 443 gguo@extron.com 10.1.16.1 Mozilla/5.0+(Windows+NT+10.0;+Win64;+x64)+AppleWebKit/537.36+(KHTML,+like+Gecko)+Chrome/136.0.0.0+Safari/537.36+Edg/136.0.0.0 region=5;+_ga_DP5ZZ9VH84=deleted;+_ga_DP5ZZ9VH84=deleted;+lang=1;+.AspNet.Cookies=WaGCr6P1Z64s8wwMnNwrWFkbkAHMQnfBhq6vIgW-XZJ8jfuOxYisNtslQp9CAam4wsLVjUNottgoqtFofgMHkG9QWoN2B8-zakyoDfs-Pbqd3gske_Vg8hhA-NjpXGN1CnzGie4aKg59qwfQpjFWY7-ctaig8PIvMqLqCZUDWTq6OX6Xfn6ZqH3rJWaUM84mOKi69TMDAaQ4hO1lR1CWsICfa8rL8Sm4cUT9Wn_hsKSXaTVYDHWLTz1CP2Ua4zxoYmyQ3ES99YVscMzuKzfzZVLl1OgxRn3z9oE89zeZTCuE3_81rOp6FkOM3q9dANzo5p2nZflwc63UofD1PxeLynHGjeWhZrrI7_q4BgzULo-IipwhrTV2Mr-G_Cui5QLhs_1MqOUIFXAlSAbYbGwFys8cD0I3nCvpNPnbg7yWPHthXWxp;+_gid=GA1.2.760489081.1746491061;+ASP.NET_SessionId=xzlitwbivpaqhzp0dyconexc;+username=gguo@extron.com;+PriceClass=60;+PriceList=CNYEU;+__RequestVerificationToken=1ZYNbeSoh_chYvnd0Hw_Q03J1e6iUch155a1a0EpH3S3B0mVQUGJ3vPbjwzifTyFI9fU6pu3rUs4nOXRquF1RiGjmgk1;+BIGipServerextron.com_443_pool=!WpFiCD7GfSGLSAoMjvaJwiHEDz8tIDra1p6LKxx/tM9rfgOTMka1CAAOdqTZjFkHY7Zcc1Ivh2LCBg==;+_clck=1pov87r%7C2%7Cfvq%7C0%7C1532;+ExtronRecViewProd=nbp100,tlppro1025m,tlppro525m,ipcppro555qxi,ipcppro550xi,mpa152plus,sf3clp,cs3t,sf26ctlp,sm3,sf3ctlp,sf26ct;+_ga=GA1.2.1785052402.1710291704;+_ga_DP5ZZ9VH84=GS2.1.s1746683117$o1446$g1$t1746687306$j58$l0$h0;+_clsk=126d0dd%7C1746687384913%7C31%7C1%7Cn.clarity.ms%2Fcollect https://www.extron.com/Calculators/CeilingSpeakerCoverageMap?values={%22speaker%22:%2260-1311-03%22,%22isobar%22:3,%22roomContent%22:4,%22roomContentText%22:%22Music%20(12%20kHz)%22,%22ampSafetyFactor%22:6,%22speakerHeight%22:3,%22listenerHeight%22:1.22,%22listenerPosition%22:%22Seated%22,%22roomLength%22:5,%22roomWidth%22:5,%22minLevel%22:80,%22maxLevel%22:85,%22gridSpacing%22:0,%22wiringType%22:2,%22coveragePattern%22:%22Square%22,%22measurementUnit%22:%22Meters%22,%22ambientNoise%22:55,%22desiredSN%22:25,%22application%22:%22Multipurpose%20Room%22,%22universalMultiplier%22:120,%22winLength%22:600,%22winWidth%22:600} www.extron.com 304 0 0 1705 1
2025-05-08 07:00:01 10.1.0.50 GET /Scripts/Calculators/ceilingspeakers.js nocache=20250403 443 gguo@extron.com 10.1.16.1 Mozilla/5.0+(Windows+NT+10.0;+Win64;+x64)+AppleWebKit/537.36+(KHTML,+like+Gecko)+Chrome/136.0.0.0+Safari/537.36+Edg/136.0.0.0 region=5;+_ga_DP5ZZ9VH84=deleted;+_ga_DP5ZZ9VH84=deleted;+lang=1;+.AspNet.Cookies=WaGCr6P1Z64s8wwMnNwrWFkbkAHMQnfBhq6vIgW-XZJ8jfuOxYisNtslQp9CAam4wsLVjUNottgoqtFofgMHkG9QWoN2B8-zakyoDfs-Pbqd3gske_Vg8hhA-NjpXGN1CnzGie4aKg59qwfQpjFWY7-ctaig8PIvMqLqCZUDWTq6OX6Xfn6ZqH3rJWaUM84mOKi69TMDAaQ4hO1lR1CWsICfa8rL8Sm4cUT9Wn_hsKSXaTVYDHWLTz1CP2Ua4zxoYmyQ3ES99YVscMzuKzfzZVLl1OgxRn3z9oE89zeZTCuE3_81rOp6FkOM3q9dANzo5p2nZflwc63UofD1PxeLynHGjeWhZrrI7_q4BgzULo-IipwhrTV2Mr-G_Cui5QLhs_1MqOUIFXAlSAbYbGwFys8cD0I3nCvpNPnbg7yWPHthXWxp;+_gid=GA1.2.760489081.1746491061;+ASP.NET_SessionId=xzlitwbivpaqhzp0dyconexc;+username=gguo@extron.com;+PriceClass=60;+PriceList=CNYEU;+__RequestVerificationToken=1ZYNbeSoh_chYvnd0Hw_Q03J1e6iUch155a1a0EpH3S3B0mVQUGJ3vPbjwzifTyFI9fU6pu3rUs4nOXRquF1RiGjmgk1;+BIGipServerextron.com_443_pool=!WpFiCD7GfSGLSAoMjvaJwiHEDz8tIDra1p6LKxx/tM9rfgOTMka1CAAOdqTZjFkHY7Zcc1Ivh2LCBg==;+_clck=1pov87r%7C2%7Cfvq%7C0%7C1532;+ExtronRecViewProd=nbp100,tlppro1025m,tlppro525m,ipcppro555qxi,ipcppro550xi,mpa152plus,sf3clp,cs3t,sf26ctlp,sm3,sf3ctlp,sf26ct;+_ga=GA1.2.1785052402.1710291704;+_ga_DP5ZZ9VH84=GS2.1.s1746683117$o1446$g1$t1746687306$j58$l0$h0;+_clsk=126d0dd%7C1746687384913%7C31%7C1%7Cn.clarity.ms%2Fcollect https://www.extron.com/Calculators/CeilingSpeakerCoverageMap?values={%22speaker%22:%2260-1311-03%22,%22isobar%22:3,%22roomContent%22:4,%22roomContentText%22:%22Music%20(12%20kHz)%22,%22ampSafetyFactor%22:6,%22speakerHeight%22:3,%22listenerHeight%22:1.22,%22listenerPosition%22:%22Seated%22,%22roomLength%22:5,%22roomWidth%22:5,%22minLevel%22:80,%22maxLevel%22:85,%22gridSpacing%22:0,%22wiringType%22:2,%22coveragePattern%22:%22Square%22,%22measurementUnit%22:%22Meters%22,%22ambientNoise%22:55,%22desiredSN%22:25,%22application%22:%22Multipurpose%20Room%22,%22universalMultiplier%22:120,%22winLength%22:600,%22winWidth%22:600} www.extron.com 304 0 0 1703 2
2025-05-08 07:00:01 10.1.0.50 GET /careers/search/ dept=engineering 443 - 10.1.16.1 - ASP.NET_SessionId=a2g44z13vvtu1vomwcsal2oa;+region=1;+lang=1;+__RequestVerificationToken=wGrbbRSeuOHIVGaRUCvncNyge4QKMx9l_KifrD5ECZQ5-WPyeETRzZX0Y2EYCYoAVjiqWFpb3ZzYUYSQEcfYmYwWjko1;+BIGipServerextron.com_443_pool=!VqkhuakZaZU07asMjvaJwiHEDz8tIHbmQoQyIljfFVxGYrt62qzqz824/FwwTLWvxnAgQ89K31wkdQ== - www.extron.com 200 0 0 97553 29
2025-05-08 07:00:01 10.1.0.50 GET /product/listbytype.aspx subtype=267 80 - 10.1.16.1 - - - www.extron.com 301 0 0 1783 1
2025-05-08 07:00:01 10.1.0.50 GET /inc/functions.js nocache=10242017 443 - 10.1.16.1 Mozilla/5.0+(Windows+NT+10.0;+Win64;+x64)+AppleWebKit/537.36+(KHTML,+like+Gecko)+Chrome/136.0.0.0+Safari/537.36+Edg/136.0.0.0 region=2;+lang=3;+_gid=GA1.2.1898913256.1746687529;+BIGipServerextron.com_443_pool=!0Xt5pA8ozJIDysQMjvaJwiHEDz8tICZV1dI2Br73PZ6JNq+JQwCxjQodHK3SWaHTnUOqx0Iqx5L7GQ==;+ASP.NET_SessionId=yh4tpbinuo43pomc3td0fqgg;+__RequestVerificationToken=PIPW0SqV1WMY2gVX-zVvzH7qpYjAIlsj4anmO3jHHCjLCqRA0XdMrsq3GeP6Yb4Yp67LpTaoEDZownrJrqdodknUr8A1;+_ga=GA1.1.1249231975.1746687529;+_ga_DP5ZZ9VH84=GS2.1.s1746687528$o1$g1$t1746687591$j60$l0$h0 https://www.extron.com/login/accountform.aspx www.extron.com 200 0 0 5868 1
2025-05-08 07:00:01 10.1.0.50 GET /Scripts/Shared/videoplayer.js nocache=02172022 443 - 10.1.16.1 Mozilla/5.0+(Windows+NT+10.0;+Win64;+x64)+AppleWebKit/537.36+(KHTML,+like+Gecko)+Chrome/136.0.0.0+Safari/537.36+Edg/136.0.0.0 region=2;+lang=3;+_gid=GA1.2.1898913256.1746687529;+BIGipServerextron.com_443_pool=!0Xt5pA8ozJIDysQMjvaJwiHEDz8tICZV1dI2Br73PZ6JNq+JQwCxjQodHK3SWaHTnUOqx0Iqx5L7GQ==;+ASP.NET_SessionId=yh4tpbinuo43pomc3td0fqgg;+__RequestVerificationToken=PIPW0SqV1WMY2gVX-zVvzH7qpYjAIlsj4anmO3jHHCjLCqRA0XdMrsq3GeP6Yb4Yp67LpTaoEDZownrJrqdodknUr8A1;+_ga=GA1.1.1249231975.1746687529;+_ga_DP5ZZ9VH84=GS2.1.s1746687528$o1$g1$t1746687591$j60$l0$h0 https://www.extron.com/login/accountform.aspx www.extron.com 200 0 0 36749 1
2025-05-08 07:00:01 10.1.0.50 GET /Scripts/Shared/main.js - 443 - 10.1.16.1 Mozilla/5.0+(Windows+NT+10.0;+Win64;+x64)+AppleWebKit/537.36+(KHTML,+like+Gecko)+Chrome/136.0.0.0+Safari/537.36+Edg/136.0.0.0 region=2;+lang=3;+_gid=GA1.2.1898913256.1746687529;+BIGipServerextron.com_443_pool=!0Xt5pA8ozJIDysQMjvaJwiHEDz8tICZV1dI2Br73PZ6JNq+JQwCxjQodHK3SWaHTnUOqx0Iqx5L7GQ==;+ASP.NET_SessionId=yh4tpbinuo43pomc3td0fqgg;+__RequestVerificationToken=PIPW0SqV1WMY2gVX-zVvzH7qpYjAIlsj4anmO3jHHCjLCqRA0XdMrsq3GeP6Yb4Yp67LpTaoEDZownrJrqdodknUr8A1;+_ga=GA1.1.1249231975.1746687529;+_ga_DP5ZZ9VH84=GS2.1.s1746687528$o1$g1$t1746687591$j60$l0$h0 https://www.extron.com/login/accountform.aspx www.extron.com 200 0 0 63254 1
2025-05-08 07:00:01 10.1.0.50 GET /Content/vendor/bs-offcanvas/dist/js/bootstrap.offcanvas.min.js - 443 - 10.1.16.1 Mozilla/5.0+(Windows+NT+10.0;+Win64;+x64)+AppleWebKit/537.36+(KHTML,+like+Gecko)+Chrome/136.0.0.0+Safari/537.36+Edg/136.0.0.0 region=2;+lang=3;+_gid=GA1.2.1898913256.1746687529;+BIGipServerextron.com_443_pool=!0Xt5pA8ozJIDysQMjvaJwiHEDz8tICZV1dI2Br73PZ6JNq+JQwCxjQodHK3SWaHTnUOqx0Iqx5L7GQ==;+ASP.NET_SessionId=yh4tpbinuo43pomc3td0fqgg;+__RequestVerificationToken=PIPW0SqV1WMY2gVX-zVvzH7qpYjAIlsj4anmO3jHHCjLCqRA0XdMrsq3GeP6Yb4Yp67LpTaoEDZownrJrqdodknUr8A1;+_ga=GA1.1.1249231975.1746687529;+_ga_DP5ZZ9VH84=GS2.1.s1746687528$o1$g1$t1746687591$j60$l0$h0 https://www.extron.com/login/accountform.aspx www.extron.com 200 0 0 11094 0
2025-05-08 07:00:01 10.1.0.50 GET / - 80 - 10.1.16.1 Mozilla/5.0+(X11;+Linux+x86_64)+AppleWebKit/537.36+(KHTML,+like+Gecko)+Chrome/135.0.0.0+Safari/537.36 - - www.extronclassroom.com 301 0 0 1803 0
2025-05-08 07:00:01 10.1.0.50 GET /article/foddgga - 443 - 10.1.16.1 Mozilla/5.0+(Windows+NT+10.0;+Win64;+x64)+AppleWebKit/537.36+(KHTML,+like+Gecko)+Chrome/136.0.0.0+Safari/537.36 - https://www.google.com/ www.extron.com 200 0 0 100855 20
2025-05-08 07:00:01 10.1.0.50 GET / - 80 - 10.1.15.86 - - - - 200 0 0 107250 576
2025-05-08 07:00:02 10.1.0.50 GET /WebResource.axd d=xo8Mnj2RPM80udGKREcdUEjDcOKBJnvFybE7Hoty-XRu5JPBSMxEERi7y6B9U1TQqOZd2kgn0eQFy6hhqVq5KKa_f_81&t=638627972640000000 443 - 10.1.16.1 Mozilla/5.0+(Windows+NT+10.0;+Win64;+x64)+AppleWebKit/537.36+(KHTML,+like+Gecko)+Chrome/136.0.0.0+Safari/537.36+Edg/136.0.0.0 region=2;+lang=3;+_gid=GA1.2.1898913256.1746687529;+BIGipServerextron.com_443_pool=!0Xt5pA8ozJIDysQMjvaJwiHEDz8tICZV1dI2Br73PZ6JNq+JQwCxjQodHK3SWaHTnUOqx0Iqx5L7GQ==;+ASP.NET_SessionId=yh4tpbinuo43pomc3td0fqgg;+__RequestVerificationToken=PIPW0SqV1WMY2gVX-zVvzH7qpYjAIlsj4anmO3jHHCjLCqRA0XdMrsq3GeP6Yb4Yp67LpTaoEDZownrJrqdodknUr8A1;+_ga=GA1.1.1249231975.1746687529;+_ga_DP5ZZ9VH84=GS2.1.s1746687528$o1$g1$t1746687591$j60$l0$h0 https://www.extron.com/login/accountform.aspx www.extron.com 200 0 0 24893 1
2025-05-08 07:00:02 10.1.0.50 GET /inc/script/excanvas.min.js - 443 gguo@extron.com 10.1.16.1 Mozilla/5.0+(Windows+NT+10.0;+Win64;+x64)+AppleWebKit/537.36+(KHTML,+like+Gecko)+Chrome/136.0.0.0+Safari/537.36+Edg/136.0.0.0 region=5;+_ga_DP5ZZ9VH84=deleted;+_ga_DP5ZZ9VH84=deleted;+lang=1;+.AspNet.Cookies=WaGCr6P1Z64s8wwMnNwrWFkbkAHMQnfBhq6vIgW-XZJ8jfuOxYisNtslQp9CAam4wsLVjUNottgoqtFofgMHkG9QWoN2B8-zakyoDfs-Pbqd3gske_Vg8hhA-NjpXGN1CnzGie4aKg59qwfQpjFWY7-ctaig8PIvMqLqCZUDWTq6OX6Xfn6ZqH3rJWaUM84mOKi69TMDAaQ4hO1lR1CWsICfa8rL8Sm4cUT9Wn_hsKSXaTVYDHWLTz1CP2Ua4zxoYmyQ3ES99YVscMzuKzfzZVLl1OgxRn3z9oE89zeZTCuE3_81rOp6FkOM3q9dANzo5p2nZflwc63UofD1PxeLynHGjeWhZrrI7_q4BgzULo-IipwhrTV2Mr-G_Cui5QLhs_1MqOUIFXAlSAbYbGwFys8cD0I3nCvpNPnbg7yWPHthXWxp;+_gid=GA1.2.760489081.1746491061;+ASP.NET_SessionId=xzlitwbivpaqhzp0dyconexc;+username=gguo@extron.com;+PriceClass=60;+PriceList=CNYEU;+__RequestVerificationToken=1ZYNbeSoh_chYvnd0Hw_Q03J1e6iUch155a1a0EpH3S3B0mVQUGJ3vPbjwzifTyFI9fU6pu3rUs4nOXRquF1RiGjmgk1;+BIGipServerextron.com_443_pool=!WpFiCD7GfSGLSAoMjvaJwiHEDz8tIDra1p6LKxx/tM9rfgOTMka1CAAOdqTZjFkHY7Zcc1Ivh2LCBg==;+_clck=1pov87r%7C2%7Cfvq%7C0%7C1532;+ExtronRecViewProd=nbp100,tlppro1025m,tlppro525m,ipcppro555qxi,ipcppro550xi,mpa152plus,sf3clp,cs3t,sf26ctlp,sm3,sf3ctlp,sf26ct;+_ga=GA1.2.1785052402.1710291704;+_ga_DP5ZZ9VH84=GS2.1.s1746683117$o1446$g1$t1746687306$j58$l0$h0;+_clsk=126d0dd%7C1746687384913%7C31%7C1%7Cn.clarity.ms%2Fcollect https://www.extron.com/Calculators/CeilingSpeakerCoverageMap?values={%22speaker%22:%2260-1311-03%22,%22isobar%22:3,%22roomContent%22:4,%22roomContentText%22:%22Music%20(12%20kHz)%22,%22ampSafetyFactor%22:6,%22speakerHeight%22:3,%22listenerHeight%22:1.22,%22listenerPosition%22:%22Seated%22,%22roomLength%22:5,%22roomWidth%22:5,%22minLevel%22:80,%22maxLevel%22:85,%22gridSpacing%22:0,%22wiringType%22:2,%22coveragePattern%22:%22Square%22,%22measurementUnit%22:%22Meters%22,%22ambientNoise%22:55,%22desiredSN%22:25,%22application%22:%22Multipurpose%20Room%22,%22universalMultiplier%22:120,%22winLength%22:600,%22winWidth%22:600} www.extron.com 304 0 0 1702 3
2025-05-08 07:00:02 10.1.0.50 GET /Content/vendor/jquery-debounce/jquery.ba-throttle-debounce.js - 443 gguo@extron.com 10.1.16.1 Mozilla/5.0+(Windows+NT+10.0;+Win64;+x64)+AppleWebKit/537.36+(KHTML,+like+Gecko)+Chrome/136.0.0.0+Safari/537.36+Edg/136.0.0.0 region=5;+_ga_DP5ZZ9VH84=deleted;+_ga_DP5ZZ9VH84=deleted;+lang=1;+.AspNet.Cookies=WaGCr6P1Z64s8wwMnNwrWFkbkAHMQnfBhq6vIgW-XZJ8jfuOxYisNtslQp9CAam4wsLVjUNottgoqtFofgMHkG9QWoN2B8-zakyoDfs-Pbqd3gske_Vg8hhA-NjpXGN1CnzGie4aKg59qwfQpjFWY7-ctaig8PIvMqLqCZUDWTq6OX6Xfn6ZqH3rJWaUM84mOKi69TMDAaQ4hO1lR1CWsICfa8rL8Sm4cUT9Wn_hsKSXaTVYDHWLTz1CP2Ua4zxoYmyQ3ES99YVscMzuKzfzZVLl1OgxRn3z9oE89zeZTCuE3_81rOp6FkOM3q9dANzo5p2nZflwc63UofD1PxeLynHGjeWhZrrI7_q4BgzULo-IipwhrTV2Mr-G_Cui5QLhs_1MqOUIFXAlSAbYbGwFys8cD0I3nCvpNPnbg7yWPHthXWxp;+_gid=GA1.2.760489081.1746491061;+ASP.NET_SessionId=xzlitwbivpaqhzp0dyconexc;+username=gguo@extron.com;+PriceClass=60;+PriceList=CNYEU;+__RequestVerificationToken=1ZYNbeSoh_chYvnd0Hw_Q03J1e6iUch155a1a0EpH3S3B0mVQUGJ3vPbjwzifTyFI9fU6pu3rUs4nOXRquF1RiGjmgk1;+BIGipServerextron.com_443_pool=!WpFiCD7GfSGLSAoMjvaJwiHEDz8tIDra1p6LKxx/tM9rfgOTMka1CAAOdqTZjFkHY7Zcc1Ivh2LCBg==;+_clck=1pov87r%7C2%7Cfvq%7C0%7C1532;+ExtronRecViewProd=nbp100,tlppro1025m,tlppro525m,ipcppro555qxi,ipcppro550xi,mpa152plus,sf3clp,cs3t,sf26ctlp,sm3,sf3ctlp,sf26ct;+_ga=GA1.2.1785052402.1710291704;+_ga_DP5ZZ9VH84=GS2.1.s1746683117$o1446$g1$t1746687306$j58$l0$h0;+_clsk=126d0dd%7C1746687384913%7C31%7C1%7Cn.clarity.ms%2Fcollect https://www.extron.com/Calculators/CeilingSpeakerCoverageMap?values={%22speaker%22:%2260-1311-03%22,%22isobar%22:3,%22roomContent%22:4,%22roomContentText%22:%22Music%20(12%20kHz)%22,%22ampSafetyFactor%22:6,%22speakerHeight%22:3,%22listenerHeight%22:1.22,%22listenerPosition%22:%22Seated%22,%22roomLength%22:5,%22roomWidth%22:5,%22minLevel%22:80,%22maxLevel%22:85,%22gridSpacing%22:0,%22wiringType%22:2,%22coveragePattern%22:%22Square%22,%22measurementUnit%22:%22Meters%22,%22ambientNoise%22:55,%22desiredSN%22:25,%22application%22:%22Multipurpose%20Room%22,%22universalMultiplier%22:120,%22winLength%22:600,%22winWidth%22:600} www.extron.com 304 0 0 1705 1
2025-05-08 07:00:02 10.1.0.50 GET /Content/vendor/prependaround/prependaround.js - 443 gguo@extron.com 10.1.16.1 Mozilla/5.0+(Windows+NT+10.0;+Win64;+x64)+AppleWebKit/537.36+(KHTML,+like+Gecko)+Chrome/136.0.0.0+Safari/537.36+Edg/136.0.0.0 region=5;+_ga_DP5ZZ9VH84=deleted;+_ga_DP5ZZ9VH84=deleted;+lang=1;+.AspNet.Cookies=WaGCr6P1Z64s8wwMnNwrWFkbkAHMQnfBhq6vIgW-XZJ8jfuOxYisNtslQp9CAam4wsLVjUNottgoqtFofgMHkG9QWoN2B8-zakyoDfs-Pbqd3gske_Vg8hhA-NjpXGN1CnzGie4aKg59qwfQpjFWY7-ctaig8PIvMqLqCZUDWTq6OX6Xfn6ZqH3rJWaUM84mOKi69TMDAaQ4hO1lR1CWsICfa8rL8Sm4cUT9Wn_hsKSXaTVYDHWLTz1CP2Ua4zxoYmyQ3ES99YVscMzuKzfzZVLl1OgxRn3z9oE89zeZTCuE3_81rOp6FkOM3q9dANzo5p2nZflwc63UofD1PxeLynHGjeWhZrrI7_q4BgzULo-IipwhrTV2Mr-G_Cui5QLhs_1MqOUIFXAlSAbYbGwFys8cD0I3nCvpNPnbg7yWPHthXWxp;+_gid=GA1.2.760489081.1746491061;+ASP.NET_SessionId=xzlitwbivpaqhzp0dyconexc;+username=gguo@extron.com;+PriceClass=60;+PriceList=CNYEU;+__RequestVerificationToken=1ZYNbeSoh_chYvnd0Hw_Q03J1e6iUch155a1a0EpH3S3B0mVQUGJ3vPbjwzifTyFI9fU6pu3rUs4nOXRquF1RiGjmgk1;+BIGipServerextron.com_443_pool=!WpFiCD7GfSGLSAoMjvaJwiHEDz8tIDra1p6LKxx/tM9rfgOTMka1CAAOdqTZjFkHY7Zcc1Ivh2LCBg==;+_clck=1pov87r%7C2%7Cfvq%7C0%7C1532;+ExtronRecViewProd=nbp100,tlppro1025m,tlppro525m,ipcppro555qxi,ipcppro550xi,mpa152plus,sf3clp,cs3t,sf26ctlp,sm3,sf3ctlp,sf26ct;+_ga=GA1.2.1785052402.1710291704;+_ga_DP5ZZ9VH84=GS2.1.s1746683117$o1446$g1$t1746687306$j58$l0$h0;+_clsk=126d0dd%7C1746687384913%7C31%7C1%7Cn.clarity.ms%2Fcollect https://www.extron.com/Calculators/CeilingSpeakerCoverageMap?values={%22speaker%22:%2260-1311-03%22,%22isobar%22:3,%22roomContent%22:4,%22roomContentText%22:%22Music%20(12%20kHz)%22,%22ampSafetyFactor%22:6,%22speakerHeight%22:3,%22listenerHeight%22:1.22,%22listenerPosition%22:%22Seated%22,%22roomLength%22:5,%22roomWidth%22:5,%22minLevel%22:80,%22maxLevel%22:85,%22gridSpacing%22:0,%22wiringType%22:2,%22coveragePattern%22:%22Square%22,%22measurementUnit%22:%22Meters%22,%22ambientNoise%22:55,%22desiredSN%22:25,%22application%22:%22Multipurpose%20Room%22,%22universalMultiplier%22:120,%22winLength%22:600,%22winWidth%22:600} www.extron.com 304 0 0 1705 2
2025-05-08 07:00:02 10.1.0.50 POST /Product/GetProductTabs/ - 443 emrah.akguenduez@tuwien.ac.at 10.1.16.1 Mozilla/5.0+(Windows+NT+10.0;+Win64;+x64;+rv:138.0)+Gecko/20100101+Firefox/138.0 _ga_DP5ZZ9VH84=GS2.1.s1746687572$o344$g1$t1746687579$j53$l0$h0;+_ga=GA1.2.1390563477.1687259041;+_clck=1eidvm%7C2%7Cfvq%7C0%7C1266;+ExtronRecViewProd=tlipro201,dmp128flexplus,hc402,tlppro1225tg,guidesigner,dtpthd24k230,tlppro1225mg,ucs303,dtp3crosspoint642,smp352,usbcfm,dtptusw233;+.AspNet.Cookies=vIaWus_i-HG8pk0eww4aT2GItsHrdRuqtuXGnjDAjdh9p-qrAj4K9rQpyksFFi-bITVprIF7OqJlSsrlcnFwJQEnk58-S-VEB3InhrupyYY2tClD_sKCYZJrIDCQjY9--A15P8vMd7lYG1HmiQNTiriNiiCRUM39PJGtoQhZzy6ZsZlXjdMPspWlRm7ieGtRoqmt-UO_4wh4l_AjWR5r8xvRPAXOAj7btcNowvtRz7_B3kHkaIyXrsUYTTg9L5PC1CEUAM6zuidP3ykAvaTYXsnHOsIRlxcRPN18O5lF1WJqZNVMKQc0V7pqd8ykuX8QcdOyhYFqSVV0ZO_V-zzqrYtrTtEUP1nJLBKYRcJSplSr-JdHxsuDQxb-d3P8liZTIKTF40H1Pve2CXXsSi4iADypUPic2AcWTQ6InHcUebN3uP6B5uCDwG6d7z0TXnGq08c2Yg;+region=2;+lang=3;+ASP.NET_SessionId=c352edheb5sbsc02osyxnzq1;+username=emrah.akguenduez@tuwien.ac.at;+PriceClass=02;+PriceList=EUREDU;+__RequestVerificationToken=Y9WFjsRZpNLwz63-ua0Xd-dEQZpynLAk7QrdrSPvxEqnw7g9s5EfCRTB6CJ66b6caKmslU44jy3IVxgXPWHcKpy0DeE1;+BIGipServerextron.com_443_pool=!ibO8ZDqAnLHFfl8MjvaJwiHEDz8tIMVMqUcYMoTxnIKgHXxPKUxRdgybwVJDPnOUppP02cato4lGlQ==;+_gid=GA1.2.1741649275.1746687574;+_gat_UA-130285241-1=1;+_clsk=1fl8hdc%7C1746687575559%7C1%7C1%7Ci.clarity.ms%2Fcollect https://www.extron.de/product/dtptusw233 www.extron.de 200 0 0 1844 3957
2025-05-08 07:00:02 10.1.0.50 GET /product/product.aspx id=598 80 - 10.1.16.1 Mozilla/5.0+(compatible;+DotBot/1.2;++https://opensiteexplorer.org/dotbot;+help@moz.com) - - www.extron.com 301 0 0 1767 2
2025-05-08 07:00:02 10.1.0.50 GET /WebResource.axd d=rlCPFANegOdpGlmw9jqArQXZeiF8KvcatHF_nNEX-DEi5yzljJ76VnmaJ7myQTR4RM-Y3s0ZOmezYlPeR-FSsSevmeI1&t=638627972640000000 443 - 10.1.16.1 Mozilla/5.0+(Windows+NT+10.0;+Win64;+x64)+AppleWebKit/537.36+(KHTML,+like+Gecko)+Chrome/136.0.0.0+Safari/537.36+Edg/136.0.0.0 region=2;+lang=3;+_gid=GA1.2.1898913256.1746687529;+BIGipServerextron.com_443_pool=!0Xt5pA8ozJIDysQMjvaJwiHEDz8tICZV1dI2Br73PZ6JNq+JQwCxjQodHK3SWaHTnUOqx0Iqx5L7GQ==;+ASP.NET_SessionId=yh4tpbinuo43pomc3td0fqgg;+__RequestVerificationToken=PIPW0SqV1WMY2gVX-zVvzH7qpYjAIlsj4anmO3jHHCjLCqRA0XdMrsq3GeP6Yb4Yp67LpTaoEDZownrJrqdodknUr8A1;+_ga=GA1.1.1249231975.1746687529;+_ga_DP5ZZ9VH84=GS2.1.s1746687528$o1$g1$t1746687591$j60$l0$h0 https://www.extron.com/login/accountform.aspx www.extron.com 200 0 0 4805 1
2025-05-08 07:00:02 10.1.0.50 GET /Content/vendor/bootstrap/bootstrap.bundle.min.js - 443 - 10.1.16.1 Mozilla/5.0+(Windows+NT+10.0;+Win64;+x64)+AppleWebKit/537.36+(KHTML,+like+Gecko)+Chrome/136.0.0.0+Safari/537.36+Edg/136.0.0.0 region=2;+lang=3;+_gid=GA1.2.1898913256.1746687529;+BIGipServerextron.com_443_pool=!0Xt5pA8ozJIDysQMjvaJwiHEDz8tICZV1dI2Br73PZ6JNq+JQwCxjQodHK3SWaHTnUOqx0Iqx5L7GQ==;+ASP.NET_SessionId=yh4tpbinuo43pomc3td0fqgg;+__RequestVerificationToken=PIPW0SqV1WMY2gVX-zVvzH7qpYjAIlsj4anmO3jHHCjLCqRA0XdMrsq3GeP6Yb4Yp67LpTaoEDZownrJrqdodknUr8A1;+_ga=GA1.1.1249231975.1746687529;+_ga_DP5ZZ9VH84=GS2.1.s1746687528$o1$g1$t1746687591$j60$l0$h0 https://www.extron.com/login/accountform.aspx www.extron.com 304 0 0 1705 1
2025-05-08 07:00:02 10.1.0.50 GET /ScriptResource.axd d=FF54VGhPYErN08fwaLpwv6s69QJ-T2oH3jXlQ4359ekCaZsBPHttZVf4jN2rZgWMkUNzOqgRaLFoTLxNu6l23xs6StQe5B7eNrAnpxjca-ST7DhUGYspzrLVH_2aYynHR_c_-b1uPi_ohtI0uydFRWM1o-g1&t=5f8643ea 443 - 10.1.16.1 Mozilla/5.0+(Windows+NT+10.0;+Win64;+x64)+AppleWebKit/537.36+(KHTML,+like+Gecko)+Chrome/136.0.0.0+Safari/537.36+Edg/136.0.0.0 region=2;+lang=3;+_gid=GA1.2.1898913256.1746687529;+BIGipServerextron.com_443_pool=!0Xt5pA8ozJIDysQMjvaJwiHEDz8tICZV1dI2Br73PZ6JNq+JQwCxjQodHK3SWaHTnUOqx0Iqx5L7GQ==;+ASP.NET_SessionId=yh4tpbinuo43pomc3td0fqgg;+__RequestVerificationToken=PIPW0SqV1WMY2gVX-zVvzH7qpYjAIlsj4anmO3jHHCjLCqRA0XdMrsq3GeP6Yb4Yp67LpTaoEDZownrJrqdodknUr8A1;+_ga=GA1.1.1249231975.1746687529;+_ga_DP5ZZ9VH84=GS2.1.s1746687528$o1$g1$t1746687591$j60$l0$h0 https://www.extron.com/login/accountform.aspx www.extron.com 200 0 0 17084 7
2025-05-08 07:00:02 10.1.0.50 GET /ScriptResource.axd d=lzk_pHAbDN_pQ7rH1lfXxXvMyrCqGX7atY-FDP9hQISXEWa05BP8xLA2Rdk3STABHROK5QjmRtDdKTBjNerLaGBE-B_DMlmU9K-mtY7ARg1BCx6A7jhNbPogUNPTRFNBnBTGIw2&t=5f8643ea 443 - 10.1.16.1 Mozilla/5.0+(Windows+NT+10.0;+Win64;+x64)+AppleWebKit/537.36+(KHTML,+like+Gecko)+Chrome/136.0.0.0+Safari/537.36+Edg/136.0.0.0 region=2;+lang=3;+_gid=GA1.2.1898913256.1746687529;+BIGipServerextron.com_443_pool=!0Xt5pA8ozJIDysQMjvaJwiHEDz8tICZV1dI2Br73PZ6JNq+JQwCxjQodHK3SWaHTnUOqx0Iqx5L7GQ==;+ASP.NET_SessionId=yh4tpbinuo43pomc3td0fqgg;+__RequestVerificationToken=PIPW0SqV1WMY2gVX-zVvzH7qpYjAIlsj4anmO3jHHCjLCqRA0XdMrsq3GeP6Yb4Yp67LpTaoEDZownrJrqdodknUr8A1;+_ga=GA1.1.1249231975.1746687529;+_ga_DP5ZZ9VH84=GS2.1.s1746687528$o1$g1$t1746687591$j60$l0$h0 https://www.extron.com/login/accountform.aspx www.extron.com 200 0 0 63584 21
2025-05-08 07:00:02 10.1.0.50 GET /tools/signage id=4ksignage 443 - 10.1.16.1 - - - www.extron.com 200 0 0 17926 5
2025-05-08 07:00:02 10.1.0.50 GET / - 443 - 10.1.15.85 - - - - 200 0 64 0 507
2025-05-08 07:00:02 10.1.0.50 GET /Content/vendor/fancybox-3.5.7/dist/jquery.fancybox.js - 443 - 10.1.16.1 Mozilla/5.0+(Windows+NT+10.0;+Win64;+x64)+AppleWebKit/537.36+(KHTML,+like+Gecko)+Chrome/136.0.0.0+Safari/537.36+Edg/136.0.0.0 region=2;+lang=3;+_gid=GA1.2.1898913256.1746687529;+BIGipServerextron.com_443_pool=!0Xt5pA8ozJIDysQMjvaJwiHEDz8tICZV1dI2Br73PZ6JNq+JQwCxjQodHK3SWaHTnUOqx0Iqx5L7GQ==;+ASP.NET_SessionId=yh4tpbinuo43pomc3td0fqgg;+__RequestVerificationToken=PIPW0SqV1WMY2gVX-zVvzH7qpYjAIlsj4anmO3jHHCjLCqRA0XdMrsq3GeP6Yb4Yp67LpTaoEDZownrJrqdodknUr8A1;+_ga=GA1.1.1249231975.1746687529;+_ga_DP5ZZ9VH84=GS2.1.s1746687528$o1$g1$t1746687591$j60$l0$h0 https://www.extron.com/login/accountform.aspx www.extron.com 304 0 0 1705 1
2025-05-08 07:00:02 10.1.0.50 GET /product/listbytype.aspx subtype=267 443 - 10.1.16.1 - ASP.NET_SessionId=a2g44z13vvtu1vomwcsal2oa;+region=1;+lang=1;+__RequestVerificationToken=wGrbbRSeuOHIVGaRUCvncNyge4QKMx9l_KifrD5ECZQ5-WPyeETRzZX0Y2EYCYoAVjiqWFpb3ZzYUYSQEcfYmYwWjko1;+BIGipServerextron.com_443_pool=!VqkhuakZaZU07asMjvaJwiHEDz8tIHbmQoQyIljfFVxGYrt62qzqz824/FwwTLWvxnAgQ89K31wkdQ== - www.extron.com 301 0 0 1940 432
2025-05-08 07:00:02 10.1.0.50 GET /Scripts/Shared/autohide.js - 443 - 10.1.16.1 Mozilla/5.0+(Windows+NT+10.0;+Win64;+x64)+AppleWebKit/537.36+(KHTML,+like+Gecko)+Chrome/136.0.0.0+Safari/537.36+Edg/136.0.0.0 region=2;+lang=3;+_gid=GA1.2.1898913256.1746687529;+BIGipServerextron.com_443_pool=!0Xt5pA8ozJIDysQMjvaJwiHEDz8tICZV1dI2Br73PZ6JNq+JQwCxjQodHK3SWaHTnUOqx0Iqx5L7GQ==;+ASP.NET_SessionId=yh4tpbinuo43pomc3td0fqgg;+__RequestVerificationToken=PIPW0SqV1WMY2gVX-zVvzH7qpYjAIlsj4anmO3jHHCjLCqRA0XdMrsq3GeP6Yb4Yp67LpTaoEDZownrJrqdodknUr8A1;+_ga=GA1.1.1249231975.1746687529;+_ga_DP5ZZ9VH84=GS2.1.s1746687528$o1$g1$t1746687591$j60$l0$h0 https://www.extron.com/login/accountform.aspx www.extron.com 304 0 0 1705 1
2025-05-08 07:00:02 10.1.0.50 GET /Content/vendor/prependaround/prependaround.js - 443 - 10.1.16.1 Mozilla/5.0+(Windows+NT+10.0;+Win64;+x64)+AppleWebKit/537.36+(KHTML,+like+Gecko)+Chrome/136.0.0.0+Safari/537.36+Edg/136.0.0.0 region=2;+lang=3;+_gid=GA1.2.1898913256.1746687529;+BIGipServerextron.com_443_pool=!0Xt5pA8ozJIDysQMjvaJwiHEDz8tICZV1dI2Br73PZ6JNq+JQwCxjQodHK3SWaHTnUOqx0Iqx5L7GQ==;+ASP.NET_SessionId=yh4tpbinuo43pomc3td0fqgg;+__RequestVerificationToken=PIPW0SqV1WMY2gVX-zVvzH7qpYjAIlsj4anmO3jHHCjLCqRA0XdMrsq3GeP6Yb4Yp67LpTaoEDZownrJrqdodknUr8A1;+_ga=GA1.1.1249231975.1746687529;+_ga_DP5ZZ9VH84=GS2.1.s1746687528$o1$g1$t1746687591$j60$l0$h0 https://www.extron.com/login/accountform.aspx www.extron.com 304 0 0 1705 1
2025-05-08 07:00:02 10.1.0.50 GET /Content/vendor/hoverintent/jquery.hoverIntent.js - 443 - 10.1.16.1 Mozilla/5.0+(Windows+NT+10.0;+Win64;+x64)+AppleWebKit/537.36+(KHTML,+like+Gecko)+Chrome/136.0.0.0+Safari/537.36+Edg/136.0.0.0 region=2;+lang=3;+_gid=GA1.2.1898913256.1746687529;+BIGipServerextron.com_443_pool=!0Xt5pA8ozJIDysQMjvaJwiHEDz8tICZV1dI2Br73PZ6JNq+JQwCxjQodHK3SWaHTnUOqx0Iqx5L7GQ==;+ASP.NET_SessionId=yh4tpbinuo43pomc3td0fqgg;+__RequestVerificationToken=PIPW0SqV1WMY2gVX-zVvzH7qpYjAIlsj4anmO3jHHCjLCqRA0XdMrsq3GeP6Yb4Yp67LpTaoEDZownrJrqdodknUr8A1;+_ga=GA1.1.1249231975.1746687529;+_ga_DP5ZZ9VH84=GS2.1.s1746687528$o1$g1$t1746687591$j60$l0$h0 https://www.extron.com/login/accountform.aspx www.extron.com 304 0 0 1705 1
2025-05-08 07:00:02 10.1.0.50 GET /Content/vendor/js-cookie/js.cookie-2.2.0.js - 443 - 10.1.16.1 Mozilla/5.0+(Windows+NT+10.0;+Win64;+x64)+AppleWebKit/537.36+(KHTML,+like+Gecko)+Chrome/136.0.0.0+Safari/537.36+Edg/136.0.0.0 region=2;+lang=3;+_gid=GA1.2.1898913256.1746687529;+BIGipServerextron.com_443_pool=!0Xt5pA8ozJIDysQMjvaJwiHEDz8tICZV1dI2Br73PZ6JNq+JQwCxjQodHK3SWaHTnUOqx0Iqx5L7GQ==;+ASP.NET_SessionId=yh4tpbinuo43pomc3td0fqgg;+__RequestVerificationToken=PIPW0SqV1WMY2gVX-zVvzH7qpYjAIlsj4anmO3jHHCjLCqRA0XdMrsq3GeP6Yb4Yp67LpTaoEDZownrJrqdodknUr8A1;+_ga=GA1.1.1249231975.1746687529;+_ga_DP5ZZ9VH84=GS2.1.s1746687528$o1$g1$t1746687591$j60$l0$h0 https://www.extron.com/login/accountform.aspx www.extron.com 304 0 0 1705 1
2025-05-08 07:00:02 10.1.0.50 GET /product/product.aspx id=6973 80 - 10.1.16.1 Mozilla/5.0+(compatible;+DotBot/1.2;++https://opensiteexplorer.org/dotbot;+help@moz.com) - - www.extron.com 301 0 0 1769 1
2025-05-08 07:00:02 10.1.0.50 GET / - 443 - 10.1.15.86 - - - - 200 0 64 0 484
2025-05-08 07:00:02 10.1.0.50 GET / - 443 - 10.1.16.1 Mozilla/5.0+(X11;+Linux+x86_64)+AppleWebKit/537.36+(KHTML,+like+Gecko)+Chrome/135.0.0.0+Safari/537.36 - - www.extronclassroom.com 301 0 0 1870 1
2025-05-08 07:00:02 10.1.0.50 GET /Scripts/Shared/login.js - 443 - 10.1.16.1 Mozilla/5.0+(Windows+NT+10.0;+Win64;+x64)+AppleWebKit/537.36+(KHTML,+like+Gecko)+Chrome/136.0.0.0+Safari/537.36+Edg/136.0.0.0 region=2;+lang=3;+_gid=GA1.2.1898913256.1746687529;+BIGipServerextron.com_443_pool=!0Xt5pA8ozJIDysQMjvaJwiHEDz8tICZV1dI2Br73PZ6JNq+JQwCxjQodHK3SWaHTnUOqx0Iqx5L7GQ==;+ASP.NET_SessionId=yh4tpbinuo43pomc3td0fqgg;+__RequestVerificationToken=PIPW0SqV1WMY2gVX-zVvzH7qpYjAIlsj4anmO3jHHCjLCqRA0XdMrsq3GeP6Yb4Yp67LpTaoEDZownrJrqdodknUr8A1;+_ga=GA1.1.1249231975.1746687529;+_ga_DP5ZZ9VH84=GS2.1.s1746687528$o1$g1$t1746687591$j60$l0$h0 https://www.extron.com/login/accountform.aspx www.extron.com 304 0 0 1705 1
2025-05-08 07:00:02 10.1.0.50 GET /img/signature/2405_DTP3-CrossPoint-Series_450x180_en.png - 443 - 10.1.16.1 Mozilla/4.0+(compatible;+ms-office;+MSOffice+16) - - www.extron.com 302 0 0 1886 2
2025-05-08 07:00:02 10.1.0.50 GET /img/logo/extron-emailsig-logo-lg.png - 443 - 10.1.16.1 Mozilla/4.0+(compatible;+ms-office;+MSOffice+16) - - www.extron.com 302 0 0 1846 1
2025-05-08 07:00:02 10.1.0.50 GET /Content/vendor/azuremediaplayer/azuremediaplayer.min.js - 443 - 10.1.16.1 Mozilla/5.0+(Windows+NT+10.0;+Win64;+x64)+AppleWebKit/537.36+(KHTML,+like+Gecko)+Chrome/136.0.0.0+Safari/537.36+Edg/136.0.0.0 region=2;+lang=3;+_gid=GA1.2.1898913256.1746687529;+BIGipServerextron.com_443_pool=!0Xt5pA8ozJIDysQMjvaJwiHEDz8tICZV1dI2Br73PZ6JNq+JQwCxjQodHK3SWaHTnUOqx0Iqx5L7GQ==;+ASP.NET_SessionId=yh4tpbinuo43pomc3td0fqgg;+__RequestVerificationToken=PIPW0SqV1WMY2gVX-zVvzH7qpYjAIlsj4anmO3jHHCjLCqRA0XdMrsq3GeP6Yb4Yp67LpTaoEDZownrJrqdodknUr8A1;+_ga=GA1.1.1249231975.1746687529;+_ga_DP5ZZ9VH84=GS2.1.s1746687528$o1$g1$t1746687591$j60$l0$h0 https://www.extron.com/login/accountform.aspx www.extron.com 200 0 0 1139435 756
2025-05-08 07:00:02 10.1.0.50 GET /product/product.aspx id=7384 80 - 10.1.16.1 Mozilla/5.0+(compatible;+DotBot/1.2;++https://opensiteexplorer.org/dotbot;+help@moz.com) - - www.extron.com 301 0 0 1769 1
2025-05-08 07:00:02 10.1.0.50 GET / - 443 - 10.1.16.1 Mozilla/5.0+(Windows+NT+10.0;+Win64;+x64)+AppleWebKit/537.36+(KHTML,+like+Gecko)+Chrome/136.0.0.0+Safari/537.36+Edg/136.0.0.0 _clck=yv86ir%7C2%7Cfmq%7C0%7C1560;+region=2;+lang=3;+ExtronRecViewProd=ipcppro250xi,dtp2t212,xtpdtp24series,dtpcp4k82;+_ga=GA1.1.1613182277.1712662822;+_ga_DP5ZZ9VH84=GS1.1.1744637157.7.0.1744637157.60.0.0 - www.extron.de 200 0 0 109656 668
2025-05-08 07:00:02 10.1.0.50 GET /Twisted-Pair-Accessories/prodsubtype-267 - 443 - 10.1.16.1 - ASP.NET_SessionId=a2g44z13vvtu1vomwcsal2oa;+region=1;+lang=1;+__RequestVerificationToken=wGrbbRSeuOHIVGaRUCvncNyge4QKMx9l_KifrD5ECZQ5-WPyeETRzZX0Y2EYCYoAVjiqWFpb3ZzYUYSQEcfYmYwWjko1;+BIGipServerextron.com_443_pool=!VqkhuakZaZU07asMjvaJwiHEDz8tIHbmQoQyIljfFVxGYrt62qzqz824/FwwTLWvxnAgQ89K31wkdQ== - www.extron.com 200 0 0 1252609 610
2025-05-08 07:00:02 10.1.0.50 GET /dealer/excelprice.aspx - 80 - 10.1.16.1 - - - www.extron.com 301 0 0 1757 1
2025-05-08 07:00:02 10.1.0.50 GET /dealer/excelprice.aspx - 443 - 10.1.16.1 - ASP.NET_SessionId=a2g44z13vvtu1vomwcsal2oa;+region=1;+lang=1;+__RequestVerificationToken=wGrbbRSeuOHIVGaRUCvncNyge4QKMx9l_KifrD5ECZQ5-WPyeETRzZX0Y2EYCYoAVjiqWFpb3ZzYUYSQEcfYmYwWjko1;+BIGipServerextron.com_443_pool=!VqkhuakZaZU07asMjvaJwiHEDz8tIHbmQoQyIljfFVxGYrt62qzqz824/FwwTLWvxnAgQ89K31wkdQ== - www.extron.com 301 0 0 1908 2
2025-05-08 07:00:02 10.1.0.50 GET /myaccount/excelpricelist - 443 - 10.1.16.1 - ASP.NET_SessionId=a2g44z13vvtu1vomwcsal2oa;+region=1;+lang=1;+__RequestVerificationToken=wGrbbRSeuOHIVGaRUCvncNyge4QKMx9l_KifrD5ECZQ5-WPyeETRzZX0Y2EYCYoAVjiqWFpb3ZzYUYSQEcfYmYwWjko1;+BIGipServerextron.com_443_pool=!VqkhuakZaZU07asMjvaJwiHEDz8tIHbmQoQyIljfFVxGYrt62qzqz824/FwwTLWvxnAgQ89K31wkdQ== - www.extron.com 302 0 0 1948 2
2025-05-08 07:00:02 10.1.0.50 GET /home/login returnurl=%2fmyaccount%2fexcelpricelist 443 - 10.1.16.1 - ASP.NET_SessionId=a2g44z13vvtu1vomwcsal2oa;+region=1;+lang=1;+__RequestVerificationToken=wGrbbRSeuOHIVGaRUCvncNyge4QKMx9l_KifrD5ECZQ5-WPyeETRzZX0Y2EYCYoAVjiqWFpb3ZzYUYSQEcfYmYwWjko1;+BIGipServerextron.com_443_pool=!VqkhuakZaZU07asMjvaJwiHEDz8tIHbmQoQyIljfFVxGYrt62qzqz824/FwwTLWvxnAgQ89K31wkdQ== - www.extron.com 200 0 0 11805 5
2025-05-08 07:00:02 10.1.0.50 GET /video/playvideo.aspx popin=1&amp;id=104954 80 - 10.1.16.1 - - - www.extron.com 301 0 0 1801 1
2025-05-08 07:00:02 10.1.0.50 GET /video/playvideo.aspx popin=1&amp;id=104954 443 - 10.1.16.1 - ASP.NET_SessionId=a2g44z13vvtu1vomwcsal2oa;+region=1;+lang=1;+__RequestVerificationToken=wGrbbRSeuOHIVGaRUCvncNyge4QKMx9l_KifrD5ECZQ5-WPyeETRzZX0Y2EYCYoAVjiqWFpb3ZzYUYSQEcfYmYwWjko1;+BIGipServerextron.com_443_pool=!VqkhuakZaZU07asMjvaJwiHEDz8tIHbmQoQyIljfFVxGYrt62qzqz824/FwwTLWvxnAgQ89K31wkdQ== - www.extron.com 301 0 0 1928 2
2025-05-08 07:00:02 10.1.0.50 GET /Video/Play popin=1&amp;id=104954 443 - 10.1.16.1 - ASP.NET_SessionId=a2g44z13vvtu1vomwcsal2oa;+region=1;+lang=1;+__RequestVerificationToken=wGrbbRSeuOHIVGaRUCvncNyge4QKMx9l_KifrD5ECZQ5-WPyeETRzZX0Y2EYCYoAVjiqWFpb3ZzYUYSQEcfYmYwWjko1;+BIGipServerextron.com_443_pool=!VqkhuakZaZU07asMjvaJwiHEDz8tIHbmQoQyIljfFVxGYrt62qzqz824/FwwTLWvxnAgQ89K31wkdQ== - www.extron.com 200 0 0 16215 4
2025-05-08 07:00:02 10.1.0.50 GET /video/play id=104954 80 - 10.1.16.1 - - - www.extron.com 301 0 0 1753 1
2025-05-08 07:00:02 10.1.0.50 GET /Product/TabDownloads/dtptusw233 tab=supp&nocache=1746687581552 443 emrah.akguenduez@tuwien.ac.at 10.1.16.1 Mozilla/5.0+(Windows+NT+10.0;+Win64;+x64;+rv:138.0)+Gecko/20100101+Firefox/138.0 _ga_DP5ZZ9VH84=GS2.1.s1746687572$o344$g1$t1746687581$j51$l0$h0;+_ga=GA1.2.1390563477.1687259041;+_clck=1eidvm%7C2%7Cfvq%7C0%7C1266;+ExtronRecViewProd=tlipro201,dmp128flexplus,hc402,tlppro1225tg,guidesigner,dtpthd24k230,tlppro1225mg,ucs303,dtp3crosspoint642,smp352,usbcfm,dtptusw233;+.AspNet.Cookies=vIaWus_i-HG8pk0eww4aT2GItsHrdRuqtuXGnjDAjdh9p-qrAj4K9rQpyksFFi-bITVprIF7OqJlSsrlcnFwJQEnk58-S-VEB3InhrupyYY2tClD_sKCYZJrIDCQjY9--A15P8vMd7lYG1HmiQNTiriNiiCRUM39PJGtoQhZzy6ZsZlXjdMPspWlRm7ieGtRoqmt-UO_4wh4l_AjWR5r8xvRPAXOAj7btcNowvtRz7_B3kHkaIyXrsUYTTg9L5PC1CEUAM6zuidP3ykAvaTYXsnHOsIRlxcRPN18O5lF1WJqZNVMKQc0V7pqd8ykuX8QcdOyhYFqSVV0ZO_V-zzqrYtrTtEUP1nJLBKYRcJSplSr-JdHxsuDQxb-d3P8liZTIKTF40H1Pve2CXXsSi4iADypUPic2AcWTQ6InHcUebN3uP6B5uCDwG6d7z0TXnGq08c2Yg;+region=2;+lang=3;+ASP.NET_SessionId=c352edheb5sbsc02osyxnzq1;+username=emrah.akguenduez@tuwien.ac.at;+PriceClass=02;+PriceList=EUREDU;+__RequestVerificationToken=Y9WFjsRZpNLwz63-ua0Xd-dEQZpynLAk7QrdrSPvxEqnw7g9s5EfCRTB6CJ66b6caKmslU44jy3IVxgXPWHcKpy0DeE1;+BIGipServerextron.com_443_pool=!ibO8ZDqAnLHFfl8MjvaJwiHEDz8tIMVMqUcYMoTxnIKgHXxPKUxRdgybwVJDPnOUppP02cato4lGlQ==;+_gid=GA1.2.1741649275.1746687574;+_gat_UA-130285241-1=1;+_clsk=1fl8hdc%7C1746687580212%7C2%7C1%7Ci.clarity.ms%2Fcollect https://www.extron.de/product/dtptusw233 www.extron.de 200 0 0 31066 2641
2025-05-08 07:00:02 10.1.0.50 GET /video/play id=104954 443 - 10.1.16.1 - ASP.NET_SessionId=a2g44z13vvtu1vomwcsal2oa;+region=1;+lang=1;+__RequestVerificationToken=wGrbbRSeuOHIVGaRUCvncNyge4QKMx9l_KifrD5ECZQ5-WPyeETRzZX0Y2EYCYoAVjiqWFpb3ZzYUYSQEcfYmYwWjko1;+BIGipServerextron.com_443_pool=!VqkhuakZaZU07asMjvaJwiHEDz8tIHbmQoQyIljfFVxGYrt62qzqz824/FwwTLWvxnAgQ89K31wkdQ== - www.extron.com 200 0 0 16215 9
2025-05-08 07:00:02 10.1.0.50 GET /product/videotools.aspx - 80 - 10.1.16.1 - - - www.extron.com 301 0 0 1759 1
2025-05-08 07:00:03 10.1.0.50 GET /product/product.aspx id=dph1014kplus&subtype=362&s=9 80 - 10.1.16.1 Mozilla/5.0+(compatible;+DotBot/1.2;++https://opensiteexplorer.org/dotbot;+help@moz.com) - - www.extron.com 301 0 0 1825 1
2025-05-08 07:00:03 10.1.0.50 POST /product/ProdModels/dtptusw233 - 443 emrah.akguenduez@tuwien.ac.at 10.1.16.1 Mozilla/5.0+(Windows+NT+10.0;+Win64;+x64;+rv:138.0)+Gecko/20100101+Firefox/138.0 _ga_DP5ZZ9VH84=GS2.1.s1746687572$o344$g1$t1746687579$j53$l0$h0;+_ga=GA1.2.1390563477.1687259041;+_clck=1eidvm%7C2%7Cfvq%7C0%7C1266;+ExtronRecViewProd=tlipro201,dmp128flexplus,hc402,tlppro1225tg,guidesigner,dtpthd24k230,tlppro1225mg,ucs303,dtp3crosspoint642,smp352,usbcfm,dtptusw233;+.AspNet.Cookies=vIaWus_i-HG8pk0eww4aT2GItsHrdRuqtuXGnjDAjdh9p-qrAj4K9rQpyksFFi-bITVprIF7OqJlSsrlcnFwJQEnk58-S-VEB3InhrupyYY2tClD_sKCYZJrIDCQjY9--A15P8vMd7lYG1HmiQNTiriNiiCRUM39PJGtoQhZzy6ZsZlXjdMPspWlRm7ieGtRoqmt-UO_4wh4l_AjWR5r8xvRPAXOAj7btcNowvtRz7_B3kHkaIyXrsUYTTg9L5PC1CEUAM6zuidP3ykAvaTYXsnHOsIRlxcRPN18O5lF1WJqZNVMKQc0V7pqd8ykuX8QcdOyhYFqSVV0ZO_V-zzqrYtrTtEUP1nJLBKYRcJSplSr-JdHxsuDQxb-d3P8liZTIKTF40H1Pve2CXXsSi4iADypUPic2AcWTQ6InHcUebN3uP6B5uCDwG6d7z0TXnGq08c2Yg;+region=2;+lang=3;+ASP.NET_SessionId=c352edheb5sbsc02osyxnzq1;+username=emrah.akguenduez@tuwien.ac.at;+PriceClass=02;+PriceList=EUREDU;+__RequestVerificationToken=Y9WFjsRZpNLwz63-ua0Xd-dEQZpynLAk7QrdrSPvxEqnw7g9s5EfCRTB6CJ66b6caKmslU44jy3IVxgXPWHcKpy0DeE1;+BIGipServerextron.com_443_pool=!ibO8ZDqAnLHFfl8MjvaJwiHEDz8tIMVMqUcYMoTxnIKgHXxPKUxRdgybwVJDPnOUppP02cato4lGlQ==;+_gid=GA1.2.1741649275.1746687574;+_gat_UA-130285241-1=1;+_clsk=1fl8hdc%7C1746687575559%7C1%7C1%7Ci.clarity.ms%2Fcollect https://www.extron.de/product/dtptusw233 www.extron.de 200 0 0 9056 5036
2025-05-08 07:00:03 10.1.0.50 GET /product/videotools.aspx - 443 - 10.1.16.1 - ASP.NET_SessionId=a2g44z13vvtu1vomwcsal2oa;+region=1;+lang=1;+__RequestVerificationToken=wGrbbRSeuOHIVGaRUCvncNyge4QKMx9l_KifrD5ECZQ5-WPyeETRzZX0Y2EYCYoAVjiqWFpb3ZzYUYSQEcfYmYwWjko1;+BIGipServerextron.com_443_pool=!VqkhuakZaZU07asMjvaJwiHEDz8tIHbmQoQyIljfFVxGYrt62qzqz824/FwwTLWvxnAgQ89K31wkdQ== - www.extron.com 200 0 0 1283589 190
2025-05-08 07:00:03 10.1.0.50 GET /product/fibercalculator.aspx - 80 - 10.1.16.1 - - - www.extron.com 301 0 0 1769 1
2025-05-08 07:00:03 10.1.0.50 GET /Product/TabOverview/dtptusw233 tab=over&nocache=1746687583902 443 emrah.akguenduez@tuwien.ac.at 10.1.16.1 Mozilla/5.0+(Windows+NT+10.0;+Win64;+x64;+rv:138.0)+Gecko/20100101+Firefox/138.0 _ga_DP5ZZ9VH84=GS2.1.s1746687572$o344$g1$t1746687581$j51$l0$h0;+_ga=GA1.2.1390563477.1687259041;+_clck=1eidvm%7C2%7Cfvq%7C0%7C1266;+ExtronRecViewProd=tlipro201,dmp128flexplus,hc402,tlppro1225tg,guidesigner,dtpthd24k230,tlppro1225mg,ucs303,dtp3crosspoint642,smp352,usbcfm,dtptusw233;+.AspNet.Cookies=vIaWus_i-HG8pk0eww4aT2GItsHrdRuqtuXGnjDAjdh9p-qrAj4K9rQpyksFFi-bITVprIF7OqJlSsrlcnFwJQEnk58-S-VEB3InhrupyYY2tClD_sKCYZJrIDCQjY9--A15P8vMd7lYG1HmiQNTiriNiiCRUM39PJGtoQhZzy6ZsZlXjdMPspWlRm7ieGtRoqmt-UO_4wh4l_AjWR5r8xvRPAXOAj7btcNowvtRz7_B3kHkaIyXrsUYTTg9L5PC1CEUAM6zuidP3ykAvaTYXsnHOsIRlxcRPN18O5lF1WJqZNVMKQc0V7pqd8ykuX8QcdOyhYFqSVV0ZO_V-zzqrYtrTtEUP1nJLBKYRcJSplSr-JdHxsuDQxb-d3P8liZTIKTF40H1Pve2CXXsSi4iADypUPic2AcWTQ6InHcUebN3uP6B5uCDwG6d7z0TXnGq08c2Yg;+region=2;+lang=3;+ASP.NET_SessionId=c352edheb5sbsc02osyxnzq1;+username=emrah.akguenduez@tuwien.ac.at;+PriceClass=02;+PriceList=EUREDU;+__RequestVerificationToken=Y9WFjsRZpNLwz63-ua0Xd-dEQZpynLAk7QrdrSPvxEqnw7g9s5EfCRTB6CJ66b6caKmslU44jy3IVxgXPWHcKpy0DeE1;+BIGipServerextron.com_443_pool=!ibO8ZDqAnLHFfl8MjvaJwiHEDz8tIMVMqUcYMoTxnIKgHXxPKUxRdgybwVJDPnOUppP02cato4lGlQ==;+_gid=GA1.2.1741649275.1746687574;+_gat_UA-130285241-1=1;+_clsk=1fl8hdc%7C1746687580212%7C2%7C1%7Ci.clarity.ms%2Fcollect https://www.extron.de/product/dtptusw233 www.extron.de 200 0 0 32385 530
2025-05-08 07:00:03 10.1.0.50 GET /product/product.aspx id=dtpthwp231d&allparts=1 80 - 10.1.16.1 Mozilla/5.0+(compatible;+DotBot/1.2;++https://opensiteexplorer.org/dotbot;+help@moz.com) - - www.extron.com 301 0 0 1809 1
2025-05-08 07:00:03 10.1.0.50 GET /product/dtptuwp4k332d subtype=618 443 - 10.1.16.1 Mozilla/5.0+(Windows+NT+10.0;+Win64;+x64)+AppleWebKit/537.36+(KHTML,+like+Gecko;+compatible;+Yeti/1.1;++https://naver.me/spd)+Chrome/127.0.0.0+Safari/537.36 - - www.extron.com 200 0 0 151604 207
2025-05-08 07:00:03 10.1.0.50 GET /Content/css/Shared/fonts/roboto-v18-cyrillic_latin-ext_latin_cyrillic-ext-regular.woff2 - 443 - 10.1.16.1 Mozilla/5.0+(Windows+NT+10.0;+Win64;+x64)+AppleWebKit/537.36+(KHTML,+like+Gecko)+Chrome/136.0.0.0+Safari/537.36+Edg/136.0.0.0 region=2;+lang=3;+_gid=GA1.2.1898913256.1746687529;+BIGipServerextron.com_443_pool=!0Xt5pA8ozJIDysQMjvaJwiHEDz8tICZV1dI2Br73PZ6JNq+JQwCxjQodHK3SWaHTnUOqx0Iqx5L7GQ==;+ASP.NET_SessionId=yh4tpbinuo43pomc3td0fqgg;+__RequestVerificationToken=PIPW0SqV1WMY2gVX-zVvzH7qpYjAIlsj4anmO3jHHCjLCqRA0XdMrsq3GeP6Yb4Yp67LpTaoEDZownrJrqdodknUr8A1;+_ga=GA1.1.1249231975.1746687529;+_ga_DP5ZZ9VH84=GS2.1.s1746687528$o1$g1$t1746687591$j60$l0$h0 https://www.extron.com/Content/css/Shared/extron.css www.extron.com 304 0 0 1705 2
2025-05-08 07:00:03 10.1.0.50 GET /product/fibercalculator.aspx - 443 - 10.1.16.1 - ASP.NET_SessionId=a2g44z13vvtu1vomwcsal2oa;+region=1;+lang=1;+__RequestVerificationToken=wGrbbRSeuOHIVGaRUCvncNyge4QKMx9l_KifrD5ECZQ5-WPyeETRzZX0Y2EYCYoAVjiqWFpb3ZzYUYSQEcfYmYwWjko1;+BIGipServerextron.com_443_pool=!VqkhuakZaZU07asMjvaJwiHEDz8tIHbmQoQyIljfFVxGYrt62qzqz824/FwwTLWvxnAgQ89K31wkdQ== - www.extron.com 200 0 0 1270515 203
2025-05-08 07:00:03 10.1.0.50 GET /Content/css/Shared/fonts/roboto-v18-cyrillic_latin-ext_latin_cyrillic-ext-700.woff2 - 443 - 10.1.16.1 Mozilla/5.0+(Windows+NT+10.0;+Win64;+x64)+AppleWebKit/537.36+(KHTML,+like+Gecko)+Chrome/136.0.0.0+Safari/537.36+Edg/136.0.0.0 region=2;+lang=3;+_gid=GA1.2.1898913256.1746687529;+BIGipServerextron.com_443_pool=!0Xt5pA8ozJIDysQMjvaJwiHEDz8tICZV1dI2Br73PZ6JNq+JQwCxjQodHK3SWaHTnUOqx0Iqx5L7GQ==;+ASP.NET_SessionId=yh4tpbinuo43pomc3td0fqgg;+__RequestVerificationToken=PIPW0SqV1WMY2gVX-zVvzH7qpYjAIlsj4anmO3jHHCjLCqRA0XdMrsq3GeP6Yb4Yp67LpTaoEDZownrJrqdodknUr8A1;+_ga=GA1.1.1249231975.1746687529;+_ga_DP5ZZ9VH84=GS2.1.s1746687528$o1$g1$t1746687591$j60$l0$h0 https://www.extron.com/Content/css/Shared/extron.css www.extron.com 304 0 0 1705 1
2025-05-08 07:00:03 10.1.0.50 GET /product/storagecalculator.aspx - 80 - 10.1.16.1 - - - www.extron.com 301 0 0 1773 2
2025-05-08 07:00:03 10.1.0.50 GET /Content/css/Shared/fonts/roboto-v18-cyrillic_latin-ext_latin_cyrillic-ext-500.woff2 - 443 - 10.1.16.1 Mozilla/5.0+(Windows+NT+10.0;+Win64;+x64)+AppleWebKit/537.36+(KHTML,+like+Gecko)+Chrome/136.0.0.0+Safari/537.36+Edg/136.0.0.0 region=2;+lang=3;+_gid=GA1.2.1898913256.1746687529;+BIGipServerextron.com_443_pool=!0Xt5pA8ozJIDysQMjvaJwiHEDz8tICZV1dI2Br73PZ6JNq+JQwCxjQodHK3SWaHTnUOqx0Iqx5L7GQ==;+ASP.NET_SessionId=yh4tpbinuo43pomc3td0fqgg;+__RequestVerificationToken=PIPW0SqV1WMY2gVX-zVvzH7qpYjAIlsj4anmO3jHHCjLCqRA0XdMrsq3GeP6Yb4Yp67LpTaoEDZownrJrqdodknUr8A1;+_ga=GA1.1.1249231975.1746687529;+_ga_DP5ZZ9VH84=GS2.1.s1746687528$o1$g1$t1746687591$j60$l0$h0 https://www.extron.com/Content/css/Shared/extron.css www.extron.com 304 0 0 1705 1
2025-05-08 07:00:03 10.1.0.50 GET /api/v1/Article/Get articlehandle=menutraining&lang=3&region=2&loggedin=false 443 - 10.1.16.1 Mozilla/5.0+(Windows+NT+10.0;+Win64;+x64)+AppleWebKit/537.36+(KHTML,+like+Gecko)+Chrome/136.0.0.0+Safari/537.36+Edg/136.0.0.0 region=2;+lang=3;+_gid=GA1.2.1898913256.1746687529;+BIGipServerextron.com_443_pool=!0Xt5pA8ozJIDysQMjvaJwiHEDz8tICZV1dI2Br73PZ6JNq+JQwCxjQodHK3SWaHTnUOqx0Iqx5L7GQ==;+ASP.NET_SessionId=yh4tpbinuo43pomc3td0fqgg;+__RequestVerificationToken=PIPW0SqV1WMY2gVX-zVvzH7qpYjAIlsj4anmO3jHHCjLCqRA0XdMrsq3GeP6Yb4Yp67LpTaoEDZownrJrqdodknUr8A1;+_ga=GA1.1.1249231975.1746687529;+_ga_DP5ZZ9VH84=GS2.1.s1746687528$o1$g1$t1746687591$j60$l0$h0 https://www.extron.com/login/accountform.aspx www.extron.com 200 0 0 7717 3
2025-05-08 07:00:03 10.1.0.50 GET /product/storagecalculator.aspx - 443 - 10.1.16.1 - ASP.NET_SessionId=a2g44z13vvtu1vomwcsal2oa;+region=1;+lang=1;+__RequestVerificationToken=wGrbbRSeuOHIVGaRUCvncNyge4QKMx9l_KifrD5ECZQ5-WPyeETRzZX0Y2EYCYoAVjiqWFpb3ZzYUYSQEcfYmYwWjko1;+BIGipServerextron.com_443_pool=!VqkhuakZaZU07asMjvaJwiHEDz8tIHbmQoQyIljfFVxGYrt62qzqz824/FwwTLWvxnAgQ89K31wkdQ== - www.extron.com 200 0 0 52198 18
2025-05-08 07:00:03 10.1.0.50 GET /Content/css/Shared/fonts/roboto-v18-cyrillic_latin-ext_latin_cyrillic-ext-900.woff2 - 443 - 10.1.16.1 Mozilla/5.0+(Windows+NT+10.0;+Win64;+x64)+AppleWebKit/537.36+(KHTML,+like+Gecko)+Chrome/136.0.0.0+Safari/537.36+Edg/136.0.0.0 region=2;+lang=3;+_gid=GA1.2.1898913256.1746687529;+BIGipServerextron.com_443_pool=!0Xt5pA8ozJIDysQMjvaJwiHEDz8tICZV1dI2Br73PZ6JNq+JQwCxjQodHK3SWaHTnUOqx0Iqx5L7GQ==;+ASP.NET_SessionId=yh4tpbinuo43pomc3td0fqgg;+__RequestVerificationToken=PIPW0SqV1WMY2gVX-zVvzH7qpYjAIlsj4anmO3jHHCjLCqRA0XdMrsq3GeP6Yb4Yp67LpTaoEDZownrJrqdodknUr8A1;+_ga=GA1.1.1249231975.1746687529;+_ga_DP5ZZ9VH84=GS2.1.s1746687528$o1$g1$t1746687591$j60$l0$h0 https://www.extron.com/Content/css/Shared/extron.css www.extron.com 304 0 0 1705 1
2025-05-08 07:00:03 10.1.0.50 GET /technology/literature.aspx id=S&filetype=81&lang=1&page=2&tabid=3 443 - 10.1.16.1 Mozilla/5.0+(Macintosh;+Intel+Mac+OS+X+10_15_7)+AppleWebKit/537.36+(KHTML,+like+Gecko)+Chrome/109.0.0.0+Safari/537.36 - - www.extron.cn 200 0 0 194445 2624
2025-05-08 07:00:03 10.1.0.50 GET /api/v1/Article/Get articlehandle=menuproducts&lang=3&region=2&loggedin=false 443 - 10.1.16.1 Mozilla/5.0+(Windows+NT+10.0;+Win64;+x64)+AppleWebKit/537.36+(KHTML,+like+Gecko)+Chrome/136.0.0.0+Safari/537.36+Edg/136.0.0.0 region=2;+lang=3;+_gid=GA1.2.1898913256.1746687529;+BIGipServerextron.com_443_pool=!0Xt5pA8ozJIDysQMjvaJwiHEDz8tICZV1dI2Br73PZ6JNq+JQwCxjQodHK3SWaHTnUOqx0Iqx5L7GQ==;+ASP.NET_SessionId=yh4tpbinuo43pomc3td0fqgg;+__RequestVerificationToken=PIPW0SqV1WMY2gVX-zVvzH7qpYjAIlsj4anmO3jHHCjLCqRA0XdMrsq3GeP6Yb4Yp67LpTaoEDZownrJrqdodknUr8A1;+_ga=GA1.1.1249231975.1746687529;+_ga_DP5ZZ9VH84=GS2.1.s1746687528$o1$g1$t1746687591$j60$l0$h0 https://www.extron.com/login/accountform.aspx www.extron.com 200 0 0 11339 5
2025-05-08 07:00:03 10.1.0.50 GET /product/builders/shared/prodmodel.ashx - 80 - 10.1.16.1 - - - www.extron.com 200 0 0 1806 1
2025-05-08 07:00:03 10.1.0.50 GET /product/builders/shared/prodmodelgroup.ashx - 80 - 10.1.16.1 - - - www.extron.com 200 0 0 1637 1
2025-05-08 07:00:03 10.1.0.50 GET /product/builders/storagecalcadv/ - 80 - 10.1.16.1 - - - www.extron.com 301 0 0 1777 1
2025-05-08 07:00:03 10.1.0.50 GET /product/builders/storagecalcadv/ - 443 - 10.1.16.1 - ASP.NET_SessionId=a2g44z13vvtu1vomwcsal2oa;+region=1;+lang=1;+__RequestVerificationToken=wGrbbRSeuOHIVGaRUCvncNyge4QKMx9l_KifrD5ECZQ5-WPyeETRzZX0Y2EYCYoAVjiqWFpb3ZzYUYSQEcfYmYwWjko1;+BIGipServerextron.com_443_pool=!VqkhuakZaZU07asMjvaJwiHEDz8tIHbmQoQyIljfFVxGYrt62qzqz824/FwwTLWvxnAgQ89K31wkdQ== - www.extron.com 302 0 0 1972 2
2025-05-08 07:00:03 10.1.0.50 GET /home/login ReturnUrl=%2fproduct%2fbuilders%2fstoragecalcadv%2f 443 - 10.1.16.1 - ASP.NET_SessionId=a2g44z13vvtu1vomwcsal2oa;+region=1;+lang=1;+__RequestVerificationToken=wGrbbRSeuOHIVGaRUCvncNyge4QKMx9l_KifrD5ECZQ5-WPyeETRzZX0Y2EYCYoAVjiqWFpb3ZzYUYSQEcfYmYwWjko1;+BIGipServerextron.com_443_pool=!VqkhuakZaZU07asMjvaJwiHEDz8tIHbmQoQyIljfFVxGYrt62qzqz824/FwwTLWvxnAgQ89K31wkdQ== - www.extron.com 200 0 0 11805 4
2025-05-08 07:00:03 10.1.0.50 GET /product/builders/studiostation/ - 80 - 10.1.16.1 - - - www.extron.com 301 0 0 1775 1
2025-05-08 07:00:03 10.1.0.50 GET /product/builders/studiostation/ - 443 - 10.1.16.1 - ASP.NET_SessionId=a2g44z13vvtu1vomwcsal2oa;+region=1;+lang=1;+__RequestVerificationToken=wGrbbRSeuOHIVGaRUCvncNyge4QKMx9l_KifrD5ECZQ5-WPyeETRzZX0Y2EYCYoAVjiqWFpb3ZzYUYSQEcfYmYwWjko1;+BIGipServerextron.com_443_pool=!VqkhuakZaZU07asMjvaJwiHEDz8tIHbmQoQyIljfFVxGYrt62qzqz824/FwwTLWvxnAgQ89K31wkdQ== - www.extron.com 302 0 0 1976 7
2025-05-08 07:00:03 10.1.0.50 GET /company/article.aspx id=studiostationbuilder&tab=tools&s=tob 443 - 10.1.16.1 - ASP.NET_SessionId=a2g44z13vvtu1vomwcsal2oa;+region=1;+lang=1;+__RequestVerificationToken=wGrbbRSeuOHIVGaRUCvncNyge4QKMx9l_KifrD5ECZQ5-WPyeETRzZX0Y2EYCYoAVjiqWFpb3ZzYUYSQEcfYmYwWjko1;+BIGipServerextron.com_443_pool=!VqkhuakZaZU07asMjvaJwiHEDz8tIHbmQoQyIljfFVxGYrt62qzqz824/FwwTLWvxnAgQ89K31wkdQ== - www.extron.com 301 0 0 1952 1
2025-05-08 07:00:03 10.1.0.50 GET /article/studiostationbuilder tab=tools&s=tob 443 - 10.1.16.1 - ASP.NET_SessionId=a2g44z13vvtu1vomwcsal2oa;+region=1;+lang=1;+__RequestVerificationToken=wGrbbRSeuOHIVGaRUCvncNyge4QKMx9l_KifrD5ECZQ5-WPyeETRzZX0Y2EYCYoAVjiqWFpb3ZzYUYSQEcfYmYwWjko1;+BIGipServerextron.com_443_pool=!VqkhuakZaZU07asMjvaJwiHEDz8tIHbmQoQyIljfFVxGYrt62qzqz824/FwwTLWvxnAgQ89K31wkdQ== - www.extron.com 200 0 0 64551 17
2025-05-08 07:00:03 10.1.0.50 GET /product/builders/studiostation/views/system.aspx - 80 - 10.1.16.1 - - - www.extron.com 301 0 0 1809 1
2025-05-08 07:00:03 10.1.0.50 GET /product/builders/studiostation/views/system.aspx - 443 - 10.1.16.1 - ASP.NET_SessionId=a2g44z13vvtu1vomwcsal2oa;+region=1;+lang=1;+__RequestVerificationToken=wGrbbRSeuOHIVGaRUCvncNyge4QKMx9l_KifrD5ECZQ5-WPyeETRzZX0Y2EYCYoAVjiqWFpb3ZzYUYSQEcfYmYwWjko1;+BIGipServerextron.com_443_pool=!VqkhuakZaZU07asMjvaJwiHEDz8tIHbmQoQyIljfFVxGYrt62qzqz824/FwwTLWvxnAgQ89K31wkdQ== - www.extron.com 200 0 0 14486 2
2025-05-08 07:00:03 10.1.0.50 GET /product/builders/studiostation/views/remotecontrolpanel.aspx - 80 - 10.1.16.1 - - - www.extron.com 301 0 0 1833 1
2025-05-08 07:00:03 10.1.0.50 GET /product/builders/studiostation/views/remotecontrolpanel.aspx - 443 - 10.1.16.1 - ASP.NET_SessionId=a2g44z13vvtu1vomwcsal2oa;+region=1;+lang=1;+__RequestVerificationToken=wGrbbRSeuOHIVGaRUCvncNyge4QKMx9l_KifrD5ECZQ5-WPyeETRzZX0Y2EYCYoAVjiqWFpb3ZzYUYSQEcfYmYwWjko1;+BIGipServerextron.com_443_pool=!VqkhuakZaZU07asMjvaJwiHEDz8tIHbmQoQyIljfFVxGYrt62qzqz824/FwwTLWvxnAgQ89K31wkdQ== - www.extron.com 200 0 0 26507 3
2025-05-08 07:00:03 10.1.0.50 GET /product/builders/studiostation/views/powercontroller.aspx - 80 - 10.1.16.1 - - - www.extron.com 301 0 0 1827 1
2025-05-08 07:00:03 10.1.0.50 GET /product/builders/studiostation/views/powercontroller.aspx - 443 - 10.1.16.1 - ASP.NET_SessionId=a2g44z13vvtu1vomwcsal2oa;+region=1;+lang=1;+__RequestVerificationToken=wGrbbRSeuOHIVGaRUCvncNyge4QKMx9l_KifrD5ECZQ5-WPyeETRzZX0Y2EYCYoAVjiqWFpb3ZzYUYSQEcfYmYwWjko1;+BIGipServerextron.com_443_pool=!VqkhuakZaZU07asMjvaJwiHEDz8tIHbmQoQyIljfFVxGYrt62qzqz824/FwwTLWvxnAgQ89K31wkdQ== - www.extron.com 200 0 0 15687 2
2025-05-08 07:00:03 10.1.0.50 GET /product/builders/studiostation/views/accessories.aspx - 80 - 10.1.16.1 - - - www.extron.com 301 0 0 1819 1
2025-05-08 07:00:03 10.1.0.50 GET /product/builders/studiostation/views/accessories.aspx - 443 - 10.1.16.1 - ASP.NET_SessionId=a2g44z13vvtu1vomwcsal2oa;+region=1;+lang=1;+__RequestVerificationToken=wGrbbRSeuOHIVGaRUCvncNyge4QKMx9l_KifrD5ECZQ5-WPyeETRzZX0Y2EYCYoAVjiqWFpb3ZzYUYSQEcfYmYwWjko1;+BIGipServerextron.com_443_pool=!VqkhuakZaZU07asMjvaJwiHEDz8tIHbmQoQyIljfFVxGYrt62qzqz824/FwwTLWvxnAgQ89K31wkdQ== - www.extron.com 200 0 0 45046 6
2025-05-08 07:00:03 10.1.0.50 GET /product/builders/studiostation/views/review.aspx - 80 - 10.1.16.1 - - - www.extron.com 301 0 0 1809 1
2025-05-08 07:00:03 10.1.0.50 GET /product/builders/studiostation/views/review.aspx - 443 - 10.1.16.1 - ASP.NET_SessionId=a2g44z13vvtu1vomwcsal2oa;+region=1;+lang=1;+__RequestVerificationToken=wGrbbRSeuOHIVGaRUCvncNyge4QKMx9l_KifrD5ECZQ5-WPyeETRzZX0Y2EYCYoAVjiqWFpb3ZzYUYSQEcfYmYwWjko1;+BIGipServerextron.com_443_pool=!VqkhuakZaZU07asMjvaJwiHEDz8tIHbmQoQyIljfFVxGYrt62qzqz824/FwwTLWvxnAgQ89K31wkdQ== - www.extron.com 200 0 0 22311 4
2025-05-08 07:00:03 10.1.0.50 GET /product/builders/studiostation/getsysteminfo.ashx - 80 - 10.1.16.1 - - - www.extron.com 302 0 0 1971 1
2025-05-08 07:00:03 10.1.0.50 GET /home/login ReturnUrl=%2fproduct%2fbuilders%2fstudiostation%2fgetsysteminfo.ashx%3freload%3dtrue 80 - 10.1.16.1 - - - www.extron.com 301 0 0 1903 1
2025-05-08 07:00:03 10.1.0.50 GET /home/login ReturnUrl=%2fproduct%2fbuilders%2fstudiostation%2fgetsysteminfo.ashx%3freload%3dtrue 443 - 10.1.16.1 - ASP.NET_SessionId=a2g44z13vvtu1vomwcsal2oa;+region=1;+lang=1;+__RequestVerificationToken=wGrbbRSeuOHIVGaRUCvncNyge4QKMx9l_KifrD5ECZQ5-WPyeETRzZX0Y2EYCYoAVjiqWFpb3ZzYUYSQEcfYmYwWjko1;+BIGipServerextron.com_443_pool=!VqkhuakZaZU07asMjvaJwiHEDz8tIHbmQoQyIljfFVxGYrt62qzqz824/FwwTLWvxnAgQ89K31wkdQ== - www.extron.com 200 0 0 11805 4
2025-05-08 07:00:03 10.1.0.50 GET /product/builders/studiostation/views/success.aspx - 80 - 10.1.16.1 - - - www.extron.com 301 0 0 1811 1
2025-05-08 07:00:03 10.1.0.50 GET /product/builders/studiostation/views/success.aspx - 443 - 10.1.16.1 - ASP.NET_SessionId=a2g44z13vvtu1vomwcsal2oa;+region=1;+lang=1;+__RequestVerificationToken=wGrbbRSeuOHIVGaRUCvncNyge4QKMx9l_KifrD5ECZQ5-WPyeETRzZX0Y2EYCYoAVjiqWFpb3ZzYUYSQEcfYmYwWjko1;+BIGipServerextron.com_443_pool=!VqkhuakZaZU07asMjvaJwiHEDz8tIHbmQoQyIljfFVxGYrt62qzqz824/FwwTLWvxnAgQ89K31wkdQ== - www.extron.com 200 0 0 34686 4
2025-05-08 07:00:03 10.1.0.50 GET /product/builders/teamwork/ - 80 - 10.1.16.1 - - - www.extron.com 301 0 0 1765 1
2025-05-08 07:00:03 10.1.0.50 GET /product/builders/teamwork/ - 443 - 10.1.16.1 - ASP.NET_SessionId=a2g44z13vvtu1vomwcsal2oa;+region=1;+lang=1;+__RequestVerificationToken=wGrbbRSeuOHIVGaRUCvncNyge4QKMx9l_KifrD5ECZQ5-WPyeETRzZX0Y2EYCYoAVjiqWFpb3ZzYUYSQEcfYmYwWjko1;+BIGipServerextron.com_443_pool=!VqkhuakZaZU07asMjvaJwiHEDz8tIHbmQoQyIljfFVxGYrt62qzqz824/FwwTLWvxnAgQ89K31wkdQ== - www.extron.com 302 0 0 1960 2
2025-05-08 07:00:03 10.1.0.50 GET /home/login ReturnUrl=%2fproduct%2fbuilders%2fteamwork%2f 443 - 10.1.16.1 - ASP.NET_SessionId=a2g44z13vvtu1vomwcsal2oa;+region=1;+lang=1;+__RequestVerificationToken=wGrbbRSeuOHIVGaRUCvncNyge4QKMx9l_KifrD5ECZQ5-WPyeETRzZX0Y2EYCYoAVjiqWFpb3ZzYUYSQEcfYmYwWjko1;+BIGipServerextron.com_443_pool=!VqkhuakZaZU07asMjvaJwiHEDz8tIHbmQoQyIljfFVxGYrt62qzqz824/FwwTLWvxnAgQ89K31wkdQ== - www.extron.com 200 0 0 11805 5
2025-05-08 07:00:03 10.1.0.50 GET /product/builders/teamwork/views/switchers.aspx - 80 - 10.1.16.1 - - - www.extron.com 301 0 0 1805 1
2025-05-08 07:00:03 10.1.0.50 POST /api/v1/video/logview - 443 enes.turkusevic@police.etat.lu 10.1.16.1 Mozilla/5.0+(Windows+NT+10.0;+Win64;+x64)+AppleWebKit/537.36+(KHTML,+like+Gecko)+Chrome/136.0.0.0+Safari/537.36+Edg/136.0.0.0 region=2;+lang=2;+_gid=GA1.2.590317935.1746647251;+ASP.NET_SessionId=ic3qqwzimfeaij1bqzpwqj2s;+BIGipServerextron.com_443_pool=!QeCQKRIDYdXtXk4MjvaJwiHEDz8tILhjcVMiuq0OSRJOR5FS7MyY74xwGZugRggSoxjIkTjfxbEFug==;+__RequestVerificationToken=zCsmmVBXnzRxmu5gK9_ZSSzJri1uw8iZ9Jkk8JYA7mYMq_86EwLx2eb3pc14ih0W7oIGJn1PUoOvP51p6JZh0obQQZs1;+username=enes.turkusevic@police.etat.lu;+PriceClass=09-05;+PriceList=EUREU;+.AspNet.Cookies=pSSgTHmo4ra8COZdleZdZf2LbFQV0eV_PErqbBU29Q9gruhDli9XUMvo59GpQf3DrHmLnnA8xwEWZoBgs0dA3xzkGlDO2Xy1tDgz1lekBKHp80FnQgIla3XvFsP3ryoMA3kZgVsJMvIMQBsHVdffMa8fOIzMVPVlqVYKXguu-3Q4A1RjsNvd_9uG3hK2rKbeLnMhY5r9aMlaWjDnURTt5-Vh4gzUxVoCYb0PDHnpId7nyHvlVcIIuaSipT3o0r5maL8U_d4kwbwz8z8j3rNU5v-v_4pF2OfXBgcyJBi_nU2qJzVj_iwXlHqhsh8BVk7txeOy7j93S7jzWsJ_dilE0csvFOrUEZvSLqN1Mcsu1C96y7GogZtIQ880nOKyxWWpVcius6LSZkC_Di0F2G3f9RtFPX9CAWfnUi4fbKjW8trycRx36NiyB08KBao5uVwBWJHFrQ;+_clck=18758so%7C2%7Cfvq%7C0%7C1953;+_clsk=bf12sf%7C1746687068250%7C7%7C1%7Ca.clarity.ms%2Fcollect;+_ga=GA1.2.971656336.1746647251;+_gat_UA-130285241-1=1;+_ga_DP5ZZ9VH84=GS2.1.s1746684922$o3$g1$t1746687558$j60$l0$h0 https://www.extron.com/Video/Play?id=146252&morevideos=0 www.extron.com 204 0 0 1693 6
2025-05-08 07:00:03 10.1.0.50 GET /api/v1/Article/Get articlehandle=menuresources&lang=3&region=2&loggedin=false 443 - 10.1.16.1 Mozilla/5.0+(Windows+NT+10.0;+Win64;+x64)+AppleWebKit/537.36+(KHTML,+like+Gecko)+Chrome/136.0.0.0+Safari/537.36+Edg/136.0.0.0 region=2;+lang=3;+_gid=GA1.2.1898913256.1746687529;+BIGipServerextron.com_443_pool=!0Xt5pA8ozJIDysQMjvaJwiHEDz8tICZV1dI2Br73PZ6JNq+JQwCxjQodHK3SWaHTnUOqx0Iqx5L7GQ==;+ASP.NET_SessionId=yh4tpbinuo43pomc3td0fqgg;+__RequestVerificationToken=PIPW0SqV1WMY2gVX-zVvzH7qpYjAIlsj4anmO3jHHCjLCqRA0XdMrsq3GeP6Yb4Yp67LpTaoEDZownrJrqdodknUr8A1;+_ga=GA1.1.1249231975.1746687529;+_ga_DP5ZZ9VH84=GS2.1.s1746687528$o1$g1$t1746687591$j60$l0$h0 https://www.extron.com/login/accountform.aspx www.extron.com 200 0 0 13022 2
2025-05-08 07:00:03 10.1.0.50 GET /api/v1/Article/Get articlehandle=menucompany&lang=3&region=2&loggedin=false 443 - 10.1.16.1 Mozilla/5.0+(Windows+NT+10.0;+Win64;+x64)+AppleWebKit/537.36+(KHTML,+like+Gecko)+Chrome/136.0.0.0+Safari/537.36+Edg/136.0.0.0 region=2;+lang=3;+_gid=GA1.2.1898913256.1746687529;+BIGipServerextron.com_443_pool=!0Xt5pA8ozJIDysQMjvaJwiHEDz8tICZV1dI2Br73PZ6JNq+JQwCxjQodHK3SWaHTnUOqx0Iqx5L7GQ==;+ASP.NET_SessionId=yh4tpbinuo43pomc3td0fqgg;+__RequestVerificationToken=PIPW0SqV1WMY2gVX-zVvzH7qpYjAIlsj4anmO3jHHCjLCqRA0XdMrsq3GeP6Yb4Yp67LpTaoEDZownrJrqdodknUr8A1;+_ga=GA1.1.1249231975.1746687529;+_ga_DP5ZZ9VH84=GS2.1.s1746687528$o1$g1$t1746687591$j60$l0$h0 https://www.extron.com/login/accountform.aspx www.extron.com 200 0 0 8632 3
2025-05-08 07:00:03 10.1.0.50 POST /product/Firmware/dtptusw233 prodid=12497 443 emrah.akguenduez@tuwien.ac.at 10.1.16.1 Mozilla/5.0+(Windows+NT+10.0;+Win64;+x64;+rv:138.0)+Gecko/20100101+Firefox/138.0 _ga_DP5ZZ9VH84=GS2.1.s1746687572$o344$g1$t1746687579$j53$l0$h0;+_ga=GA1.2.1390563477.1687259041;+_clck=1eidvm%7C2%7Cfvq%7C0%7C1266;+ExtronRecViewProd=tlipro201,dmp128flexplus,hc402,tlppro1225tg,guidesigner,dtpthd24k230,tlppro1225mg,ucs303,dtp3crosspoint642,smp352,usbcfm,dtptusw233;+.AspNet.Cookies=vIaWus_i-HG8pk0eww4aT2GItsHrdRuqtuXGnjDAjdh9p-qrAj4K9rQpyksFFi-bITVprIF7OqJlSsrlcnFwJQEnk58-S-VEB3InhrupyYY2tClD_sKCYZJrIDCQjY9--A15P8vMd7lYG1HmiQNTiriNiiCRUM39PJGtoQhZzy6ZsZlXjdMPspWlRm7ieGtRoqmt-UO_4wh4l_AjWR5r8xvRPAXOAj7btcNowvtRz7_B3kHkaIyXrsUYTTg9L5PC1CEUAM6zuidP3ykAvaTYXsnHOsIRlxcRPN18O5lF1WJqZNVMKQc0V7pqd8ykuX8QcdOyhYFqSVV0ZO_V-zzqrYtrTtEUP1nJLBKYRcJSplSr-JdHxsuDQxb-d3P8liZTIKTF40H1Pve2CXXsSi4iADypUPic2AcWTQ6InHcUebN3uP6B5uCDwG6d7z0TXnGq08c2Yg;+region=2;+lang=3;+ASP.NET_SessionId=c352edheb5sbsc02osyxnzq1;+username=emrah.akguenduez@tuwien.ac.at;+PriceClass=02;+PriceList=EUREDU;+__RequestVerificationToken=Y9WFjsRZpNLwz63-ua0Xd-dEQZpynLAk7QrdrSPvxEqnw7g9s5EfCRTB6CJ66b6caKmslU44jy3IVxgXPWHcKpy0DeE1;+BIGipServerextron.com_443_pool=!ibO8ZDqAnLHFfl8MjvaJwiHEDz8tIMVMqUcYMoTxnIKgHXxPKUxRdgybwVJDPnOUppP02cato4lGlQ==;+_gid=GA1.2.1741649275.1746687574;+_gat_UA-130285241-1=1;+_clsk=1fl8hdc%7C1746687575559%7C1%7C1%7Ci.clarity.ms%2Fcollect https://www.extron.de/product/dtptusw233 www.extron.de 200 0 0 1718 5500
2025-05-08 07:00:03 10.1.0.50 GET /api/v1/Article/Get articlehandle=gdpr&lang=3&region=2&loggedin=false 443 - 10.1.16.1 Mozilla/5.0+(Windows+NT+10.0;+Win64;+x64)+AppleWebKit/537.36+(KHTML,+like+Gecko)+Chrome/136.0.0.0+Safari/537.36+Edg/136.0.0.0 region=2;+lang=3;+_gid=GA1.2.1898913256.1746687529;+BIGipServerextron.com_443_pool=!0Xt5pA8ozJIDysQMjvaJwiHEDz8tICZV1dI2Br73PZ6JNq+JQwCxjQodHK3SWaHTnUOqx0Iqx5L7GQ==;+ASP.NET_SessionId=yh4tpbinuo43pomc3td0fqgg;+__RequestVerificationToken=PIPW0SqV1WMY2gVX-zVvzH7qpYjAIlsj4anmO3jHHCjLCqRA0XdMrsq3GeP6Yb4Yp67LpTaoEDZownrJrqdodknUr8A1;+_ga=GA1.1.1249231975.1746687529;+_ga_DP5ZZ9VH84=GS2.1.s1746687528$o1$g1$t1746687591$j60$l0$h0 https://www.extron.com/login/accountform.aspx www.extron.com 200 0 0 2641 2
2025-05-08 07:00:03 10.1.0.50 GET /api/v1/Article/Get articlehandle=menudownload&lang=3&region=2&loggedin=false 443 - 10.1.16.1 Mozilla/5.0+(Windows+NT+10.0;+Win64;+x64)+AppleWebKit/537.36+(KHTML,+like+Gecko)+Chrome/136.0.0.0+Safari/537.36+Edg/136.0.0.0 region=2;+lang=3;+_gid=GA1.2.1898913256.1746687529;+BIGipServerextron.com_443_pool=!0Xt5pA8ozJIDysQMjvaJwiHEDz8tICZV1dI2Br73PZ6JNq+JQwCxjQodHK3SWaHTnUOqx0Iqx5L7GQ==;+ASP.NET_SessionId=yh4tpbinuo43pomc3td0fqgg;+__RequestVerificationToken=PIPW0SqV1WMY2gVX-zVvzH7qpYjAIlsj4anmO3jHHCjLCqRA0XdMrsq3GeP6Yb4Yp67LpTaoEDZownrJrqdodknUr8A1;+_ga=GA1.1.1249231975.1746687529;+_ga_DP5ZZ9VH84=GS2.1.s1746687528$o1$g1$t1746687591$j60$l0$h0 https://www.extron.com/login/accountform.aspx www.extron.com 200 0 0 5853 2
2025-05-08 07:00:03 10.1.0.50 GET /MyAccount/RmaProductRepairInfo number=A0V6VPJ&coNo=02&acctNo=EU1482 443 eva@emco.es 10.1.16.1 Mozilla/5.0+(Windows+NT+10.0;+Win64;+x64)+AppleWebKit/537.36+(KHTML,+like+Gecko)+Chrome/131.0.0.0+Safari/537.36 region=2;+lang=5;+ExtronRecViewProd=da2rgbhv,mtpr15hdas,mda3a;+.AspNet.Cookies=tyscEatdRTqUMmzWxs80vqDZPzNTmfw2Hlods4vTvhQw9NYoT8cN58Y2iKlVwmRQW7sAraYD2-gyXDFTweoV2qyo3zCoVLtwSIqtrFqZ3G3j5FiQHWn-7lfsVafzq0SzmrrxsrhFmDByOBf_RwXuEn3gEfDjJISR72pdEUSQBkYBJcvdAHVpvNlUhRg-PhQRUD9PW1EwJDCfNvarrpeuHLaV83GDysg45YgtI7ybNXU8QivGWV9Jvd3QC-0tOh1TjJES7Rz8hM-gsqVCwGqvg0UahzpfA2QUlocRT6K919zCfAeFhC0cfo-5A7q_tG5WAHuiwoKn0JhlXXsvdt576JTgv-0e9vcnBbRLBqdJM7ZRcVtPcIih9_a59-KU0bfz5AVKhmC5RYIDRaq3PAgy2NgJdviHaN5axtxZZrJJlIhCWoem;+ASP.NET_SessionId=gsk4xaw3sw1t3eg5xxo2huoz;+username=eva@emco.es;+PriceClass=26;+PriceList=EURSS;+__RequestVerificationToken=Rru-B7VpzHWp7GgZo9FVcT6aVvi_JZxJqByTznBya4XKGXXiv0WF4sleJdyqDMSq33m82Buk46cllG0eC9Cx-dzTb9A1;+BIGipServerextron.com_443_pool=838861066.47873.0000;+_gid=GA1.2.387975838.1746687210;+_clck=qiyg0v%7C2%7Cfvq%7C0%7C1846;+_ga=GA1.2.565105149.1737369110;+_ga_DP5ZZ9VH84=GS2.1.s1746687210$o5$g1$t1746687230$j40$l0$h0;+_clsk=1jutg8p%7C1746687550528%7C4%7C1%7Cj.clarity.ms%2Fcollect https://www.extron.es/myaccount/rma www.extron.es 200 0 0 2032 157
2025-05-08 07:00:03 10.1.0.50 POST /services/Membership/index.asmx - 443 - 10.1.16.1 - - - www.extron.com 200 0 0 2448 88
2025-05-08 07:00:05 10.1.0.50 POST /services/Membership/index.asmx - 443 - 10.1.16.1 - - - www.extron.com 200 0 0 2449 92
2025-05-08 07:00:05 10.1.0.50 GET /tools/signage id=4ksignage 443 - 10.1.16.1 - - - www.extron.com 200 0 0 17926 6
2025-05-08 07:00:05 10.1.0.50 GET /api/v2/search/suggest/ keyword=knx 443 cg@wurzer-solutions.at 10.1.16.1 Mozilla/5.0+(Windows+NT+10.0;+Win64;+x64)+AppleWebKit/537.36+(KHTML,+like+Gecko)+Chrome/135.0.0.0+Safari/537.36 region=2;+lang=3;+.AspNet.Cookies=Z_oQ5Q0g2-4Atqy8DNN8WUn9mb9xyiH8evQYfZ29oqrO4uLP3MN1bWD4pHqxK9vNZNKTSjPCsTaHDO_o1_Nw_2RiEFk_ywPNcfGYlalMhNkybrJ0cnv2jNsnaCrkXc5UdrKMyPa7NVgQhfQ4NbeAwrnrmQOHECM9-j2tn_PEliZug7-66vw0-Esn1ZpC_wSEqnhuM1PjahfbUJIypH73QPawz6G25V8zSByIpeS8bjQcj3FnoU5osJoB-lPpkgQNJrIfk3bWz6ECo39AVDgJgyGPQ5mOvunTiHdaT61nCsGbfuOn0E-nA5WVneYkG3R73YTEJTPu6-T0kBIGsCDwf-ws5FqiErHCH-SC-dBkdJUdKCdmseIC1-PhgFe5LJ4cF8lfLIAxLO0IskHOtyWv7MJh-yLiK1y0xY1R5An4-_MiZcHHNK2KXMM3QUGrGZQIUYA-GA;+ExtronRecViewProd=dahd4kplusseries,dahd4kseries,dtpcp4k82,mlcplus200,mpa152plus,nbp200,tlppro725t,hc404,xtptusw1034k,xpau1002,knx100g;+ASP.NET_SessionId=t4nbjrv345oaijt52dwirppp;+username=cg@wurzer-solutions.at;+PriceClass=26D;+PriceList=EURS3+;+__RequestVerificationToken=zJCN0Up3s3qZ3EQyyxdHjPfzNuiIGz-XoPpqYX5hUiBg8YcC-SkNN6MELGGjTTPI1OVW4RPcSpsD0OxdsljG6Dac0Vw1;+BIGipServerextron.com_443_pool=838861066.47873.0000;+_gid=GA1.2.175445997.1746687566;+_gat_UA-130285241-1=1;+_clck=gq3nh8%7C2%7Cfvq%7C0%7C1891;+_ga_DP5ZZ9VH84=GS2.1.s1746687565$o6$g1$t1746687573$j52$l0$h0;+_ga=GA1.1.1212246975.1741272391;+_clsk=pr3azn%7C1746687573386%7C2%7C1%7Cl.clarity.ms%2Fcollect https://www.extron.de/product/knx100g www.extron.de 200 0 0 2347 17
2025-05-08 07:00:05 10.1.0.50 GET /product/img-sm/knx100g-sm.jpg - 443 - 10.1.16.1 Mozilla/5.0+(Windows+NT+10.0;+Win64;+x64)+AppleWebKit/537.36+(KHTML,+like+Gecko)+Chrome/135.0.0.0+Safari/537.36 region=2;+lang=3;+.AspNet.Cookies=Z_oQ5Q0g2-4Atqy8DNN8WUn9mb9xyiH8evQYfZ29oqrO4uLP3MN1bWD4pHqxK9vNZNKTSjPCsTaHDO_o1_Nw_2RiEFk_ywPNcfGYlalMhNkybrJ0cnv2jNsnaCrkXc5UdrKMyPa7NVgQhfQ4NbeAwrnrmQOHECM9-j2tn_PEliZug7-66vw0-Esn1ZpC_wSEqnhuM1PjahfbUJIypH73QPawz6G25V8zSByIpeS8bjQcj3FnoU5osJoB-lPpkgQNJrIfk3bWz6ECo39AVDgJgyGPQ5mOvunTiHdaT61nCsGbfuOn0E-nA5WVneYkG3R73YTEJTPu6-T0kBIGsCDwf-ws5FqiErHCH-SC-dBkdJUdKCdmseIC1-PhgFe5LJ4cF8lfLIAxLO0IskHOtyWv7MJh-yLiK1y0xY1R5An4-_MiZcHHNK2KXMM3QUGrGZQIUYA-GA;+ExtronRecViewProd=dahd4kplusseries,dahd4kseries,dtpcp4k82,mlcplus200,mpa152plus,nbp200,tlppro725t,hc404,xtptusw1034k,xpau1002,knx100g;+ASP.NET_SessionId=t4nbjrv345oaijt52dwirppp;+username=cg@wurzer-solutions.at;+PriceClass=26D;+PriceList=EURS3+;+__RequestVerificationToken=zJCN0Up3s3qZ3EQyyxdHjPfzNuiIGz-XoPpqYX5hUiBg8YcC-SkNN6MELGGjTTPI1OVW4RPcSpsD0OxdsljG6Dac0Vw1;+BIGipServerextron.com_443_pool=!5CwWsx+MLFa7SiUMjvaJwiHEDz8tIEmbys9wW8b1t/P12bzzfQ6AbFlLhakneN5emETzRfELGCevrg==;+_gid=GA1.2.175445997.1746687566;+_gat_UA-130285241-1=1;+_clck=gq3nh8%7C2%7Cfvq%7C0%7C1891;+_ga_DP5ZZ9VH84=GS2.1.s1746687565$o6$g1$t1746687573$j52$l0$h0;+_ga=GA1.1.1212246975.1741272391;+_clsk=pr3azn%7C1746687573386%7C2%7C1%7Cl.clarity.ms%2Fcollect https://www.extron.de/product/knx100g www.extron.de 302 0 0 1832 2
2025-05-08 07:00:05 10.1.0.50 GET /technology/literature.aspx game=call-of-duty-warzone&game=call-of-duty-warzone&game=call-of-duty-warzone&game=call-of-duty-warzone&tabid=3&tabid=3&id=P&id=X&tabid=4&id=All&tabid=3&id=C 443 - 10.1.16.1 Mozilla/5.0+AppleWebKit/537.36+(KHTML,+like+Gecko;+compatible;+bingbot/2.0;++http://www.bing.com/bingbot.htm)+Chrome/116.0.1938.76+Safari/537.36 - - www.extron.com 200 0 0 122512 975
2025-05-08 07:00:05 10.1.0.50 GET /Content/vendor/hoverintent/jquery.hoverIntent.js - 443 - 10.1.16.1 Mozilla/5.0+(Windows+NT+6.1;+Win64;+x64)+AppleWebKit/537.36+(KHTML,+like+Gecko)+Chrome/109.0.0.0+Safari/537.36+Edg/109.0.1518.140 ASP.NET_SessionId=v4sr0zkzacze3mouncia1scm;+region=1;+lang=1;+__RequestVerificationToken=RH9ezm4kZ2-wwmjtjTuL-ZymLaimkPkviC8qf2ASEc-aWXAHS-MNG30m0PRb9di0VwUkJf40jZYILZ9eCiVBvKI0n2Q1;+BIGipServerextron.com_443_pool=!5S7tXiqUToJ84EkMjvaJwiHEDz8tIOwI4vIgmb+T3iRLDhxjUlXRW8D7J2Ep1r4KmhNFrjzB9hUcEg== https://www.extron.com/article/loudnesscontrol_ts www.extron.com 200 0 0 8878 1
2025-05-08 07:00:05 10.1.0.50 GET /site.webmanifest v=20180420 443 - 10.1.16.1 Mozilla/5.0+(Windows+NT+10.0;+Win64;+x64)+AppleWebKit/537.36+(KHTML,+like+Gecko)+Chrome/136.0.0.0+Safari/537.36+Edg/136.0.0.0 - https://www.extron.com/Calculators/CeilingSpeakerCoverageMap?values={%22speaker%22:%2260-1311-03%22,%22isobar%22:3,%22roomContent%22:4,%22roomContentText%22:%22Music%20(12%20kHz)%22,%22ampSafetyFactor%22:6,%22speakerHeight%22:3,%22listenerHeight%22:1.22,%22listenerPosition%22:%22Seated%22,%22roomLength%22:5,%22roomWidth%22:5,%22minLevel%22:80,%22maxLevel%22:85,%22gridSpacing%22:0,%22wiringType%22:2,%22coveragePattern%22:%22Square%22,%22measurementUnit%22:%22Meters%22,%22ambientNoise%22:55,%22desiredSN%22:25,%22application%22:%22Multipurpose%20Room%22,%22universalMultiplier%22:120,%22winLength%22:600,%22winWidth%22:600} www.extron.com 304 0 0 1705 1
2025-05-08 07:00:05 10.1.0.50 GET /Product/TabOverview/dtptuwp4k332d tab=over&nocache=1746687585812 443 - 10.1.16.1 Mozilla/5.0+(Windows+NT+10.0;+Win64;+x64)+AppleWebKit/537.36+(KHTML,+like+Gecko;+compatible;+Yeti/1.1;++https://naver.me/spd)+Chrome/133.0.0.0+Safari/537.36 ASP.NET_SessionId=l5puobzmmpx51dgyexsq1tjf;+BIGipServerextron.com_443_pool=838861066.47873.0000;+ExtronRecViewProd=dtptuwp4k332d;+__RequestVerificationToken=Si0nDOCqFew9dZlupcAiPPlZad8Nr_acEqLyd92MXZW-2AYy9t0hL7kG_yUk07JiLishzm7HSMQ1PZivpW77hp6DzVA1;+lang=9;+region=3 https://www.extron.com/product/dtptuwp4k332d?subtype=618 www.extron.com 200 0 0 19062 7
2025-05-08 07:00:05 10.1.0.50 GET /site.webmanifest v=20180420 443 - 10.1.16.1 Mozilla/5.0+(Windows+NT+10.0;+Win64;+x64)+AppleWebKit/537.36+(KHTML,+like+Gecko)+Chrome/136.0.0.0+Safari/537.36+Edg/136.0.0.0 - https://www.extron.com/login/accountform.aspx www.extron.com 304 0 0 1705 1
2025-05-08 07:00:06 10.1.0.50 GET /technology/literature.aspx id=N&id=A&id=V&id=M&filetype=4&filetype=6&lang=1&lang=1&tabid=5 443 - 10.1.16.1 Mozilla/5.0+AppleWebKit/537.36+(KHTML,+like+Gecko;+compatible;+bingbot/2.0;++http://www.bing.com/bingbot.htm)+Chrome/116.0.1938.76+Safari/537.36 - - www.extron.co.jp 200 0 0 120873 1725
2025-05-08 07:00:06 10.1.0.50 GET /img/product-minus.svg - 443 - 10.1.16.1 Mozilla/5.0+(Windows+NT+10.0;+Win64;+x64;+rv:138.0)+Gecko/20100101+Firefox/138.0 ASP.NET_SessionId=j4455r3vqamqtcyucvqganrh;+region=1;+lang=1;+__RequestVerificationToken=OmekRpBuLjwllt2VjBYBDhFPFEHf-1SXjG_sBZzqRhH2C6746utbyzaGw91_JyZZP3pj4AKF59ftOGCZ6F54X4rhusk1;+BIGipServerextron.com_443_pool=!ADCTTCKedAc2+IkMjvaJwiHEDz8tIEcTCror+/E542zR2uD/A43PMQBvuCTR5YkCmQ0UdZlbaxq+2w==;+ExtronRecViewProd=nbp200 https://www.extron.com/Network-Button-Panels/prodtype-89?subtype=csnbp www.extron.com 302 0 0 1816 1
2025-05-08 07:00:06 10.1.0.50 GET /technology/literature.aspx tabid=1&tabid=3&tabid=3&tabid=1&tabid=1&tabid=3&tabid=1&tabid=1&filetype=4&lang=7&tabid=1&id=v&filetype=81&lang=1&tabid=3&id=g&filetype=81&lang=1&tabid=3&id=0&filetype=81&lang=1&tabid=3&id=n&tabid=1&tabid=3&tabid=1&tabid=1&filetype=4&lang=7&tabid=1&id=v&filetype=81&lang=1&tabid=3&id=g&filetype=81&lang=1&tabid=3&id=0&tabid=1&tabid=1&filetype=81&lang=1&tabid=3&id=g&tabid=1&tabid=1&filetype=4&lang=7&tabid=1&id=v&filetype=81&lang=1&tabid=3&id=g&filetype=81&lang=1&tabid=3&id=0&filetype=81&lang=1&tabid=3&id=n&filetype=6&lang=7&tabid=5&id=X&filetype=4&lang=7&tabid=1&id=A&filetype=4&lang=7&tabid=1&id=0&filetype=4&lang=7&tabid=1&id=F 443 - 10.1.16.1 Mozilla/5.0+AppleWebKit/537.36+(KHTML,+like+Gecko;+compatible;+bingbot/2.0;++http://www.bing.com/bingbot.htm)+Chrome/116.0.1938.76+Safari/537.36 - - www.extron.com.au 200 0 0 172971 921
2025-05-08 07:00:06 10.1.0.50 GET /Content/vendor/fancybox-3.5.7/dist/jquery.fancybox.css - 443 - 10.1.16.1 Mozilla/5.0+(Windows+NT+10.0;+Win64;+x64)+AppleWebKit/537.36+(KHTML,+like+Gecko)+Chrome/136.0.0.0+Safari/537.36+Edg/136.0.0.0 _clck=yv86ir%7C2%7Cfmq%7C0%7C1560;+region=2;+lang=3;+ExtronRecViewProd=ipcppro250xi,dtp2t212,xtpdtp24series,dtpcp4k82;+_ga=GA1.1.1613182277.1712662822;+_ga_DP5ZZ9VH84=GS1.1.1744637157.7.0.1744637157.60.0.0;+ASP.NET_SessionId=nkgbywgpkcyekixp22ujgint;+__RequestVerificationToken=3xrHXuqkcAcXSyPA00j7AXJC4P507yIcAdJdzI2aC5ZndFLJG7YQj90M7C2361kvD0V2IQlqPSm9w8wIYrbYSCCri4E1;+BIGipServerextron.com_443_pool=838861066.47873.0000 https://www.extron.de/ www.extron.de 200 0 0 20123 12
2025-05-08 07:00:06 10.1.0.50 GET /technology/literature.aspx tabid=1&id=D&tabid=1&id=0&tabid=5&id=P&tabid=6&id=C&tabid=6&id=A&tabid=5&id=P&tabid=1&id=P&tabid=5&id=N 443 - 10.1.16.1 Mozilla/5.0+AppleWebKit/537.36+(KHTML,+like+Gecko;+compatible;+bingbot/2.0;++http://www.bing.com/bingbot.htm)+Chrome/116.0.1938.76+Safari/537.36 - - www.extron.com 200 0 0 119990 835
2025-05-08 07:00:06 10.1.0.50 GET /technology/literature.aspx id=d&tabid=3&tabid=5&id=m&tabid=3&id=all&tabid=5&id=m&id=d&tabid=3&tabid=5&id=m&tabid=3&id=all&tabid=5&id=m&id=d&tabid=3&tabid=5&id=m&tabid=3&id=all&tabid=5&id=m&tabid=5&id=x&tabid=5&id=m&tabid=3&id=all&tabid=5&id=m&id=d&tabid=3&tabid=5&id=m&tabid=3&id=all&tabid=5&id=m&id=d&tabid=3&tabid=5&id=m&tabid=3&id=all&tabid=5&id=m&id=d&tabid=3&tabid=5&id=m&tabid=3&id=all&tabid=5&id=m&tabid=5&id=x&tabid=4&id=Other&tabid=3&id=F&tabid=4&id=A 443 - 10.1.16.1 Mozilla/5.0+AppleWebKit/537.36+(KHTML,+like+Gecko;+compatible;+bingbot/2.0;++http://www.bing.com/bingbot.htm)+Chrome/116.0.1938.76+Safari/537.36 - - www.extron.com 200 0 0 157166 799
2025-05-08 07:00:06 10.1.0.50 GET /Content/vendor/jquery-debounce/jquery.ba-throttle-debounce.js - 443 - 10.1.16.1 Mozilla/5.0+(Windows+NT+6.1;+Win64;+x64)+AppleWebKit/537.36+(KHTML,+like+Gecko)+Chrome/109.0.0.0+Safari/537.36+Edg/109.0.1518.140 ASP.NET_SessionId=v4sr0zkzacze3mouncia1scm;+region=1;+lang=1;+__RequestVerificationToken=RH9ezm4kZ2-wwmjtjTuL-ZymLaimkPkviC8qf2ASEc-aWXAHS-MNG30m0PRb9di0VwUkJf40jZYILZ9eCiVBvKI0n2Q1;+BIGipServerextron.com_443_pool=!5S7tXiqUToJ84EkMjvaJwiHEDz8tIOwI4vIgmb+T3iRLDhxjUlXRW8D7J2Ep1r4KmhNFrjzB9hUcEg== https://www.extron.com/article/loudnesscontrol_ts www.extron.com 200 0 0 12308 1
2025-05-08 07:00:06 10.1.0.50 GET / - 443 alexander.hermansson@informationsteknik.se 10.1.16.1 Mozilla/5.0+(Windows+NT+10.0;+Win64;+x64)+AppleWebKit/537.36+(KHTML,+like+Gecko)+Chrome/136.0.0.0+Safari/537.36 region=2;+lang=1;+.AspNet.Cookies=wtJ-C8r3vdnkPR1Aw1qzuyO0NV6Z74nKn2CeelxjHwsmhhAB6D9cqcH_Dhy34aW7wWBQoXjW7N63kxonahltPZ-jcrmaKoOM134-OT7-fza7mXHqKwjxrOWhBVFvVrb0vVl4xW6hGIzUNdWzEd5Eo_lm2HGowC_rXWb_YJ7IDbePcyyb1vS7AkgGAnGDFA-m8I-BHOJZs0F4eAWyU9bOhoxtjSJYB4u5OPHwnuvSEupyliuJB2WHI2rAKzuMcN7TdLmZrf8ug3HGbPkV4w8hpUukej2c8NMN7yefycgqbRBy_6W013dOD84roJuTo4fkJuQv5I1EDTHFL0R9haWr12Ejr4nQlCcXAxjU6wmSHDTJbQWWf3kYPN-1YWCP7H-9yOZ7R7KotSCCHmqI4GznIasdkE2K99YuhIfQLXdfEvRVh12x9Ef2ZunJA1a7X7d857dMvA;+_clck=2ar2tt%7C2%7Cfvg%7C0%7C1938;+_ga=GA1.1.1242613871.1745311648;+_ga_DP5ZZ9VH84=GS1.1.1745837972.14.1.1745838243.59.0.0 - www.extron.com 200 0 0 106836 727
2025-05-08 07:00:07 10.1.0.50 GET /tools/signage id=4ksignage 443 - 10.1.16.1 - - - www.extron.com 200 0 0 17926 5
2025-05-08 07:00:07 10.1.0.50 GET / - 443 alexander.hermansson@informationsteknik.se 10.1.16.1 Mozilla/5.0+(Windows+NT+10.0;+Win64;+x64)+AppleWebKit/537.36+(KHTML,+like+Gecko)+Chrome/136.0.0.0+Safari/537.36 region=2;+lang=1;+.AspNet.Cookies=wtJ-C8r3vdnkPR1Aw1qzuyO0NV6Z74nKn2CeelxjHwsmhhAB6D9cqcH_Dhy34aW7wWBQoXjW7N63kxonahltPZ-jcrmaKoOM134-OT7-fza7mXHqKwjxrOWhBVFvVrb0vVl4xW6hGIzUNdWzEd5Eo_lm2HGowC_rXWb_YJ7IDbePcyyb1vS7AkgGAnGDFA-m8I-BHOJZs0F4eAWyU9bOhoxtjSJYB4u5OPHwnuvSEupyliuJB2WHI2rAKzuMcN7TdLmZrf8ug3HGbPkV4w8hpUukej2c8NMN7yefycgqbRBy_6W013dOD84roJuTo4fkJuQv5I1EDTHFL0R9haWr12Ejr4nQlCcXAxjU6wmSHDTJbQWWf3kYPN-1YWCP7H-9yOZ7R7KotSCCHmqI4GznIasdkE2K99YuhIfQLXdfEvRVh12x9Ef2ZunJA1a7X7d857dMvA;+_clck=2ar2tt%7C2%7Cfvg%7C0%7C1938;+_ga=GA1.1.1242613871.1745311648;+_ga_DP5ZZ9VH84=GS1.1.1745837972.14.1.1745838243.59.0.0 - www.extron.com 200 0 0 106836 610
2025-05-08 07:00:07 10.1.0.50 GET /product/product.aspx id=flex55100seriespm&m=en1608as 80 - 10.1.16.1 Mozilla/5.0+(compatible;+DotBot/1.2;++https://opensiteexplorer.org/dotbot;+help@moz.com) - - www.extron.com 301 0 0 1821 1
2025-05-08 07:00:07 10.1.0.50 GET / - 80 - 10.1.15.85 - - - - 200 0 64 0 332
2025-05-08 07:00:07 10.1.0.50 GET /Content/vendor/jqueryui/themes/smoothness/jquery-1.12.0-ui.css - 443 alexander.hermansson@informationsteknik.se 10.1.16.1 Mozilla/5.0+(Windows+NT+10.0;+Win64;+x64)+AppleWebKit/537.36+(KHTML,+like+Gecko)+Chrome/136.0.0.0+Safari/537.36 region=2;+lang=1;+.AspNet.Cookies=wtJ-C8r3vdnkPR1Aw1qzuyO0NV6Z74nKn2CeelxjHwsmhhAB6D9cqcH_Dhy34aW7wWBQoXjW7N63kxonahltPZ-jcrmaKoOM134-OT7-fza7mXHqKwjxrOWhBVFvVrb0vVl4xW6hGIzUNdWzEd5Eo_lm2HGowC_rXWb_YJ7IDbePcyyb1vS7AkgGAnGDFA-m8I-BHOJZs0F4eAWyU9bOhoxtjSJYB4u5OPHwnuvSEupyliuJB2WHI2rAKzuMcN7TdLmZrf8ug3HGbPkV4w8hpUukej2c8NMN7yefycgqbRBy_6W013dOD84roJuTo4fkJuQv5I1EDTHFL0R9haWr12Ejr4nQlCcXAxjU6wmSHDTJbQWWf3kYPN-1YWCP7H-9yOZ7R7KotSCCHmqI4GznIasdkE2K99YuhIfQLXdfEvRVh12x9Ef2ZunJA1a7X7d857dMvA;+_clck=2ar2tt%7C2%7Cfvg%7C0%7C1938;+_ga=GA1.1.1242613871.1745311648;+_ga_DP5ZZ9VH84=GS1.1.1745837972.14.1.1745838243.59.0.0;+ASP.NET_SessionId=kjuj034pqztdozgqslo2kn3a;+username=alexander.hermansson@informationsteknik.se;+PriceClass=26;+PriceList=EURS3+;+__RequestVerificationToken=jWmp1PELHc1Hb5W-j-xwFnm--3BkN2yvqBQbE54V1HHGm0m8LH4TjMMe3xN8YjYTOkAoegD8zLPo5XDn8kz605kRA4g1;+BIGipServerextron.com_443_pool=838861066.47873.0000 https://www.extron.com/ www.extron.com 200 0 0 39722 2
2025-05-08 07:00:07 10.1.0.50 GET / - 80 - 10.1.15.86 - - - - 200 0 64 0 296
2025-05-08 07:00:07 10.1.0.50 GET /Content/vendor/bs-offcanvas/dist/css/bootstrap.offcanvas.css - 443 alexander.hermansson@informationsteknik.se 10.1.16.1 Mozilla/5.0+(Windows+NT+10.0;+Win64;+x64)+AppleWebKit/537.36+(KHTML,+like+Gecko)+Chrome/136.0.0.0+Safari/537.36 region=2;+lang=1;+.AspNet.Cookies=wtJ-C8r3vdnkPR1Aw1qzuyO0NV6Z74nKn2CeelxjHwsmhhAB6D9cqcH_Dhy34aW7wWBQoXjW7N63kxonahltPZ-jcrmaKoOM134-OT7-fza7mXHqKwjxrOWhBVFvVrb0vVl4xW6hGIzUNdWzEd5Eo_lm2HGowC_rXWb_YJ7IDbePcyyb1vS7AkgGAnGDFA-m8I-BHOJZs0F4eAWyU9bOhoxtjSJYB4u5OPHwnuvSEupyliuJB2WHI2rAKzuMcN7TdLmZrf8ug3HGbPkV4w8hpUukej2c8NMN7yefycgqbRBy_6W013dOD84roJuTo4fkJuQv5I1EDTHFL0R9haWr12Ejr4nQlCcXAxjU6wmSHDTJbQWWf3kYPN-1YWCP7H-9yOZ7R7KotSCCHmqI4GznIasdkE2K99YuhIfQLXdfEvRVh12x9Ef2ZunJA1a7X7d857dMvA;+_clck=2ar2tt%7C2%7Cfvg%7C0%7C1938;+_ga=GA1.1.1242613871.1745311648;+_ga_DP5ZZ9VH84=GS1.1.1745837972.14.1.1745838243.59.0.0;+ASP.NET_SessionId=kjuj034pqztdozgqslo2kn3a;+username=alexander.hermansson@informationsteknik.se;+PriceClass=26;+PriceList=EURS3+;+__RequestVerificationToken=jWmp1PELHc1Hb5W-j-xwFnm--3BkN2yvqBQbE54V1HHGm0m8LH4TjMMe3xN8YjYTOkAoegD8zLPo5XDn8kz605kRA4g1;+BIGipServerextron.com_443_pool=!I6oNOffSsY3+eF8MjvaJwiHEDz8tIOEnyqqQNmiOpvQubiTGHhBKSxOs/NdI0x5hO4sW/wzZdj9YtQ== https://www.extron.com/ www.extron.com 200 0 0 5343 1
2025-05-08 07:00:07 10.1.0.50 GET /Training/MyTraining/Lessons/ stcr=1964116&cour=COUR201809101054470632070 443 likith.c@velocis.co.in 10.1.16.1 Mozilla/5.0+(Windows+NT+10.0;+Win64;+x64)+AppleWebKit/537.36+(KHTML,+like+Gecko)+Chrome/136.0.0.0+Safari/537.36 lang=1;+region=3;+.AspNet.Cookies=_dD5gUEanpZTN975XsYBheFfYLVk352Xj3wX9snng8-ngSONT1l4MGL5OvRWJ1cVqw23NmCNHDv8aDTs0ZBVZnFfLzCd8uvnAETESNOyVPENpwPe0YuhZQEuNNIWGGRZpyDPIc9G1R_CHH_uuw6Y8lEXeZGZyRJod0sD8r7QLBizDmIhFMKFFgf9iMJup75oPRr-5aWcKcek5MOOegYlKRvEhXzIxMSe9wBPTXmp97T5ALLT2i_noNt-lTxOJx1evcz5SXCmgks5LRHIyTXCvkUlAW9fSbX6arQY7RH8PrTLxhE17_R1D2IyUN7-xKAxItgUQyBXFGmP1yC8LMLDHmZDTeDDyLczmuDijqsp-S6f8WDAsnpSJRtKZs_LvVj21wU5QpWFWETJSbllIsGVgSsUAVQNVYAoYAJTu3kGRmIN-64V8AM3M4OLsI4VXZQCWN6qfQ;+_gid=GA1.2.339565457.1746590700;+ASP.NET_SessionId=1fflf00vu01zqimxer12gll4;+username=likith.c@velocis.co.in;+PriceClass=33P;+PriceList=EU;+__RequestVerificationToken=0W3_-Wnla4dlDKhFJJvsmpnOo9oUcI6ul0jSMvJTUz1VKyBcjzS_rOV03rLtZW5-8OEJDaNjFkbGYS0YmJnh8D3wWNo1;+BIGipServerextron.com_443_pool=!UUKG5R+gS7Rk7LcMjvaJwiHEDz8tIEadGvvvhJnJPVMWhlSH3uOG16z6ul4ET1PK4Ur0LFnJzkZrPg==;+_clck=1mog0se%7C2%7Cfvq%7C0%7C1953;+_ga=GA1.2.2046277005.1746590700;+_clsk=1eytj6o%7C1746687488869%7C4%7C1%7Cn.clarity.ms%2Fcollect;+_ga_DP5ZZ9VH84=GS2.1.s1746687370$o12$g1$t1746687499$j38$l0$h0 https://www.extron.com/Training/MyTraining www.extron.com 200 0 0 58554 49
2025-05-08 07:00:07 10.1.0.50 GET /search search=knx 443 cg@wurzer-solutions.at 10.1.16.1 Mozilla/5.0+(Windows+NT+10.0;+Win64;+x64)+AppleWebKit/537.36+(KHTML,+like+Gecko)+Chrome/135.0.0.0+Safari/537.36 region=2;+lang=3;+.AspNet.Cookies=Z_oQ5Q0g2-4Atqy8DNN8WUn9mb9xyiH8evQYfZ29oqrO4uLP3MN1bWD4pHqxK9vNZNKTSjPCsTaHDO_o1_Nw_2RiEFk_ywPNcfGYlalMhNkybrJ0cnv2jNsnaCrkXc5UdrKMyPa7NVgQhfQ4NbeAwrnrmQOHECM9-j2tn_PEliZug7-66vw0-Esn1ZpC_wSEqnhuM1PjahfbUJIypH73QPawz6G25V8zSByIpeS8bjQcj3FnoU5osJoB-lPpkgQNJrIfk3bWz6ECo39AVDgJgyGPQ5mOvunTiHdaT61nCsGbfuOn0E-nA5WVneYkG3R73YTEJTPu6-T0kBIGsCDwf-ws5FqiErHCH-SC-dBkdJUdKCdmseIC1-PhgFe5LJ4cF8lfLIAxLO0IskHOtyWv7MJh-yLiK1y0xY1R5An4-_MiZcHHNK2KXMM3QUGrGZQIUYA-GA;+ExtronRecViewProd=dahd4kplusseries,dahd4kseries,dtpcp4k82,mlcplus200,mpa152plus,nbp200,tlppro725t,hc404,xtptusw1034k,xpau1002,knx100g;+ASP.NET_SessionId=t4nbjrv345oaijt52dwirppp;+username=cg@wurzer-solutions.at;+PriceClass=26D;+PriceList=EURS3+;+__RequestVerificationToken=zJCN0Up3s3qZ3EQyyxdHjPfzNuiIGz-XoPpqYX5hUiBg8YcC-SkNN6MELGGjTTPI1OVW4RPcSpsD0OxdsljG6Dac0Vw1;+BIGipServerextron.com_443_pool=838861066.47873.0000;+_gid=GA1.2.175445997.1746687566;+_gat_UA-130285241-1=1;+_clck=gq3nh8%7C2%7Cfvq%7C0%7C1891;+_ga_DP5ZZ9VH84=GS2.1.s1746687565$o6$g1$t1746687573$j52$l0$h0;+_ga=GA1.1.1212246975.1741272391;+_clsk=pr3azn%7C1746687573386%7C2%7C1%7Cl.clarity.ms%2Fcollect https://www.extron.de/product/knx100g www.extron.de 200 0 0 57057 22
2025-05-08 07:00:07 10.1.0.50 GET /technology/literature.aspx id=N&id=X&id=T&id=B&filetype=81&filetype=4&lang=1&lang=1&tabid=1 443 - 10.1.16.1 Mozilla/5.0+AppleWebKit/537.36+(KHTML,+like+Gecko;+compatible;+bingbot/2.0;++http://www.bing.com/bingbot.htm)+Chrome/116.0.1938.76+Safari/537.36 - - www.extron.co.jp 200 0 0 120875 1613
2025-05-08 07:00:07 10.1.0.50 GET /Content/vendor/fancybox-3.5.7/dist/jquery.fancybox.css - 443 alexander.hermansson@informationsteknik.se 10.1.16.1 Mozilla/5.0+(Windows+NT+10.0;+Win64;+x64)+AppleWebKit/537.36+(KHTML,+like+Gecko)+Chrome/136.0.0.0+Safari/537.36 region=2;+lang=1;+.AspNet.Cookies=wtJ-C8r3vdnkPR1Aw1qzuyO0NV6Z74nKn2CeelxjHwsmhhAB6D9cqcH_Dhy34aW7wWBQoXjW7N63kxonahltPZ-jcrmaKoOM134-OT7-fza7mXHqKwjxrOWhBVFvVrb0vVl4xW6hGIzUNdWzEd5Eo_lm2HGowC_rXWb_YJ7IDbePcyyb1vS7AkgGAnGDFA-m8I-BHOJZs0F4eAWyU9bOhoxtjSJYB4u5OPHwnuvSEupyliuJB2WHI2rAKzuMcN7TdLmZrf8ug3HGbPkV4w8hpUukej2c8NMN7yefycgqbRBy_6W013dOD84roJuTo4fkJuQv5I1EDTHFL0R9haWr12Ejr4nQlCcXAxjU6wmSHDTJbQWWf3kYPN-1YWCP7H-9yOZ7R7KotSCCHmqI4GznIasdkE2K99YuhIfQLXdfEvRVh12x9Ef2ZunJA1a7X7d857dMvA;+_clck=2ar2tt%7C2%7Cfvg%7C0%7C1938;+_ga=GA1.1.1242613871.1745311648;+_ga_DP5ZZ9VH84=GS1.1.1745837972.14.1.1745838243.59.0.0;+ASP.NET_SessionId=kjuj034pqztdozgqslo2kn3a;+username=alexander.hermansson@informationsteknik.se;+PriceClass=26;+PriceList=EURS3+;+__RequestVerificationToken=jWmp1PELHc1Hb5W-j-xwFnm--3BkN2yvqBQbE54V1HHGm0m8LH4TjMMe3xN8YjYTOkAoegD8zLPo5XDn8kz605kRA4g1;+BIGipServerextron.com_443_pool=!I6oNOffSsY3+eF8MjvaJwiHEDz8tIOEnyqqQNmiOpvQubiTGHhBKSxOs/NdI0x5hO4sW/wzZdj9YtQ== https://www.extron.com/ www.extron.com 200 0 0 20123 2
2025-05-08 07:00:07 10.1.0.50 GET /Content/vendor/jquery-mobile-events/jquery.mobile-events.js - 443 - 10.1.16.1 Mozilla/5.0+(Windows+NT+6.1;+Win64;+x64)+AppleWebKit/537.36+(KHTML,+like+Gecko)+Chrome/109.0.0.0+Safari/537.36+Edg/109.0.1518.140 ASP.NET_SessionId=v4sr0zkzacze3mouncia1scm;+region=1;+lang=1;+__RequestVerificationToken=RH9ezm4kZ2-wwmjtjTuL-ZymLaimkPkviC8qf2ASEc-aWXAHS-MNG30m0PRb9di0VwUkJf40jZYILZ9eCiVBvKI0n2Q1;+BIGipServerextron.com_443_pool=!5S7tXiqUToJ84EkMjvaJwiHEDz8tIOwI4vIgmb+T3iRLDhxjUlXRW8D7J2Ep1r4KmhNFrjzB9hUcEg== https://www.extron.com/article/loudnesscontrol_ts www.extron.com 200 0 0 43185 1
2025-05-08 07:00:07 10.1.0.50 GET /Content/vendor/fontawesome/css/all.min.css - 443 alexander.hermansson@informationsteknik.se 10.1.16.1 Mozilla/5.0+(Windows+NT+10.0;+Win64;+x64)+AppleWebKit/537.36+(KHTML,+like+Gecko)+Chrome/136.0.0.0+Safari/537.36 region=2;+lang=1;+.AspNet.Cookies=wtJ-C8r3vdnkPR1Aw1qzuyO0NV6Z74nKn2CeelxjHwsmhhAB6D9cqcH_Dhy34aW7wWBQoXjW7N63kxonahltPZ-jcrmaKoOM134-OT7-fza7mXHqKwjxrOWhBVFvVrb0vVl4xW6hGIzUNdWzEd5Eo_lm2HGowC_rXWb_YJ7IDbePcyyb1vS7AkgGAnGDFA-m8I-BHOJZs0F4eAWyU9bOhoxtjSJYB4u5OPHwnuvSEupyliuJB2WHI2rAKzuMcN7TdLmZrf8ug3HGbPkV4w8hpUukej2c8NMN7yefycgqbRBy_6W013dOD84roJuTo4fkJuQv5I1EDTHFL0R9haWr12Ejr4nQlCcXAxjU6wmSHDTJbQWWf3kYPN-1YWCP7H-9yOZ7R7KotSCCHmqI4GznIasdkE2K99YuhIfQLXdfEvRVh12x9Ef2ZunJA1a7X7d857dMvA;+_clck=2ar2tt%7C2%7Cfvg%7C0%7C1938;+_ga=GA1.1.1242613871.1745311648;+_ga_DP5ZZ9VH84=GS1.1.1745837972.14.1.1745838243.59.0.0;+ASP.NET_SessionId=kjuj034pqztdozgqslo2kn3a;+username=alexander.hermansson@informationsteknik.se;+PriceClass=26;+PriceList=EURS3+;+__RequestVerificationToken=jWmp1PELHc1Hb5W-j-xwFnm--3BkN2yvqBQbE54V1HHGm0m8LH4TjMMe3xN8YjYTOkAoegD8zLPo5XDn8kz605kRA4g1;+BIGipServerextron.com_443_pool=838861066.47873.0000 https://www.extron.com/ www.extron.com 200 0 0 514692 4
2025-05-08 07:00:07 10.1.0.50 GET /Content/css/Shared/cookies.css - 443 alexander.hermansson@informationsteknik.se 10.1.16.1 Mozilla/5.0+(Windows+NT+10.0;+Win64;+x64)+AppleWebKit/537.36+(KHTML,+like+Gecko)+Chrome/136.0.0.0+Safari/537.36 region=2;+lang=1;+.AspNet.Cookies=wtJ-C8r3vdnkPR1Aw1qzuyO0NV6Z74nKn2CeelxjHwsmhhAB6D9cqcH_Dhy34aW7wWBQoXjW7N63kxonahltPZ-jcrmaKoOM134-OT7-fza7mXHqKwjxrOWhBVFvVrb0vVl4xW6hGIzUNdWzEd5Eo_lm2HGowC_rXWb_YJ7IDbePcyyb1vS7AkgGAnGDFA-m8I-BHOJZs0F4eAWyU9bOhoxtjSJYB4u5OPHwnuvSEupyliuJB2WHI2rAKzuMcN7TdLmZrf8ug3HGbPkV4w8hpUukej2c8NMN7yefycgqbRBy_6W013dOD84roJuTo4fkJuQv5I1EDTHFL0R9haWr12Ejr4nQlCcXAxjU6wmSHDTJbQWWf3kYPN-1YWCP7H-9yOZ7R7KotSCCHmqI4GznIasdkE2K99YuhIfQLXdfEvRVh12x9Ef2ZunJA1a7X7d857dMvA;+_clck=2ar2tt%7C2%7Cfvg%7C0%7C1938;+_ga=GA1.1.1242613871.1745311648;+_ga_DP5ZZ9VH84=GS1.1.1745837972.14.1.1745838243.59.0.0;+ASP.NET_SessionId=kjuj034pqztdozgqslo2kn3a;+username=alexander.hermansson@informationsteknik.se;+PriceClass=26;+PriceList=EURS3+;+__RequestVerificationToken=jWmp1PELHc1Hb5W-j-xwFnm--3BkN2yvqBQbE54V1HHGm0m8LH4TjMMe3xN8YjYTOkAoegD8zLPo5XDn8kz605kRA4g1;+BIGipServerextron.com_443_pool=!I6oNOffSsY3+eF8MjvaJwiHEDz8tIOEnyqqQNmiOpvQubiTGHhBKSxOs/NdI0x5hO4sW/wzZdj9YtQ== https://www.extron.com/ www.extron.com 200 0 0 4051 1
2025-05-08 07:00:07 10.1.0.50 GET /Content/css/Shared/extron.css - 443 alexander.hermansson@informationsteknik.se 10.1.16.1 Mozilla/5.0+(Windows+NT+10.0;+Win64;+x64)+AppleWebKit/537.36+(KHTML,+like+Gecko)+Chrome/136.0.0.0+Safari/537.36 region=2;+lang=1;+.AspNet.Cookies=wtJ-C8r3vdnkPR1Aw1qzuyO0NV6Z74nKn2CeelxjHwsmhhAB6D9cqcH_Dhy34aW7wWBQoXjW7N63kxonahltPZ-jcrmaKoOM134-OT7-fza7mXHqKwjxrOWhBVFvVrb0vVl4xW6hGIzUNdWzEd5Eo_lm2HGowC_rXWb_YJ7IDbePcyyb1vS7AkgGAnGDFA-m8I-BHOJZs0F4eAWyU9bOhoxtjSJYB4u5OPHwnuvSEupyliuJB2WHI2rAKzuMcN7TdLmZrf8ug3HGbPkV4w8hpUukej2c8NMN7yefycgqbRBy_6W013dOD84roJuTo4fkJuQv5I1EDTHFL0R9haWr12Ejr4nQlCcXAxjU6wmSHDTJbQWWf3kYPN-1YWCP7H-9yOZ7R7KotSCCHmqI4GznIasdkE2K99YuhIfQLXdfEvRVh12x9Ef2ZunJA1a7X7d857dMvA;+_clck=2ar2tt%7C2%7Cfvg%7C0%7C1938;+_ga=GA1.1.1242613871.1745311648;+_ga_DP5ZZ9VH84=GS1.1.1745837972.14.1.1745838243.59.0.0;+ASP.NET_SessionId=kjuj034pqztdozgqslo2kn3a;+username=alexander.hermansson@informationsteknik.se;+PriceClass=26;+PriceList=EURS3+;+__RequestVerificationToken=jWmp1PELHc1Hb5W-j-xwFnm--3BkN2yvqBQbE54V1HHGm0m8LH4TjMMe3xN8YjYTOkAoegD8zLPo5XDn8kz605kRA4g1;+BIGipServerextron.com_443_pool=838861066.47873.0000 https://www.extron.com/ www.extron.com 200 0 0 818063 4
2025-05-08 07:00:07 10.1.0.50 GET /slideshow/inc/HeroSlideStyles.css - 443 alexander.hermansson@informationsteknik.se 10.1.16.1 Mozilla/5.0+(Windows+NT+10.0;+Win64;+x64)+AppleWebKit/537.36+(KHTML,+like+Gecko)+Chrome/136.0.0.0+Safari/537.36 region=2;+lang=1;+.AspNet.Cookies=wtJ-C8r3vdnkPR1Aw1qzuyO0NV6Z74nKn2CeelxjHwsmhhAB6D9cqcH_Dhy34aW7wWBQoXjW7N63kxonahltPZ-jcrmaKoOM134-OT7-fza7mXHqKwjxrOWhBVFvVrb0vVl4xW6hGIzUNdWzEd5Eo_lm2HGowC_rXWb_YJ7IDbePcyyb1vS7AkgGAnGDFA-m8I-BHOJZs0F4eAWyU9bOhoxtjSJYB4u5OPHwnuvSEupyliuJB2WHI2rAKzuMcN7TdLmZrf8ug3HGbPkV4w8hpUukej2c8NMN7yefycgqbRBy_6W013dOD84roJuTo4fkJuQv5I1EDTHFL0R9haWr12Ejr4nQlCcXAxjU6wmSHDTJbQWWf3kYPN-1YWCP7H-9yOZ7R7KotSCCHmqI4GznIasdkE2K99YuhIfQLXdfEvRVh12x9Ef2ZunJA1a7X7d857dMvA;+_clck=2ar2tt%7C2%7Cfvg%7C0%7C1938;+_ga=GA1.1.1242613871.1745311648;+_ga_DP5ZZ9VH84=GS1.1.1745837972.14.1.1745838243.59.0.0;+ASP.NET_SessionId=kjuj034pqztdozgqslo2kn3a;+username=alexander.hermansson@informationsteknik.se;+PriceClass=26;+PriceList=EURS3+;+__RequestVerificationToken=jWmp1PELHc1Hb5W-j-xwFnm--3BkN2yvqBQbE54V1HHGm0m8LH4TjMMe3xN8YjYTOkAoegD8zLPo5XDn8kz605kRA4g1;+BIGipServerextron.com_443_pool=838861066.47873.0000 https://www.extron.com/ www.extron.com 304 0 0 1704 1
2025-05-08 07:00:08 10.1.0.50 GET / - 443 - 10.1.15.85 - - - - 200 0 64 0 354
2025-05-08 07:00:08 10.1.0.50 GET /Content/vendor/jqueryui/themes/smoothness/jquery-1.12.0-ui.css - 443 cg@wurzer-solutions.at 10.1.16.1 Mozilla/5.0+(Windows+NT+10.0;+Win64;+x64)+AppleWebKit/537.36+(KHTML,+like+Gecko)+Chrome/135.0.0.0+Safari/537.36 region=2;+lang=3;+.AspNet.Cookies=Z_oQ5Q0g2-4Atqy8DNN8WUn9mb9xyiH8evQYfZ29oqrO4uLP3MN1bWD4pHqxK9vNZNKTSjPCsTaHDO_o1_Nw_2RiEFk_ywPNcfGYlalMhNkybrJ0cnv2jNsnaCrkXc5UdrKMyPa7NVgQhfQ4NbeAwrnrmQOHECM9-j2tn_PEliZug7-66vw0-Esn1ZpC_wSEqnhuM1PjahfbUJIypH73QPawz6G25V8zSByIpeS8bjQcj3FnoU5osJoB-lPpkgQNJrIfk3bWz6ECo39AVDgJgyGPQ5mOvunTiHdaT61nCsGbfuOn0E-nA5WVneYkG3R73YTEJTPu6-T0kBIGsCDwf-ws5FqiErHCH-SC-dBkdJUdKCdmseIC1-PhgFe5LJ4cF8lfLIAxLO0IskHOtyWv7MJh-yLiK1y0xY1R5An4-_MiZcHHNK2KXMM3QUGrGZQIUYA-GA;+ExtronRecViewProd=dahd4kplusseries,dahd4kseries,dtpcp4k82,mlcplus200,mpa152plus,nbp200,tlppro725t,hc404,xtptusw1034k,xpau1002,knx100g;+ASP.NET_SessionId=t4nbjrv345oaijt52dwirppp;+username=cg@wurzer-solutions.at;+PriceClass=26D;+PriceList=EURS3+;+__RequestVerificationToken=zJCN0Up3s3qZ3EQyyxdHjPfzNuiIGz-XoPpqYX5hUiBg8YcC-SkNN6MELGGjTTPI1OVW4RPcSpsD0OxdsljG6Dac0Vw1;+BIGipServerextron.com_443_pool=!5CwWsx+MLFa7SiUMjvaJwiHEDz8tIEmbys9wW8b1t/P12bzzfQ6AbFlLhakneN5emETzRfELGCevrg==;+_gid=GA1.2.175445997.1746687566;+_gat_UA-130285241-1=1;+_clck=gq3nh8%7C2%7Cfvq%7C0%7C1891;+_ga=GA1.1.1212246975.1741272391;+_clsk=pr3azn%7C1746687573386%7C2%7C1%7Cl.clarity.ms%2Fcollect;+_ga_DP5ZZ9VH84=GS2.1.s1746687565$o6$g1$t1746687588$j37$l0$h0 https://www.extron.de/search?search=knx www.extron.de 304 0 0 1705 2
2025-05-08 07:00:08 10.1.0.50 GET /Content/vendor/bs-offcanvas/dist/css/bootstrap.offcanvas.css - 443 cg@wurzer-solutions.at 10.1.16.1 Mozilla/5.0+(Windows+NT+10.0;+Win64;+x64)+AppleWebKit/537.36+(KHTML,+like+Gecko)+Chrome/135.0.0.0+Safari/537.36 region=2;+lang=3;+.AspNet.Cookies=Z_oQ5Q0g2-4Atqy8DNN8WUn9mb9xyiH8evQYfZ29oqrO4uLP3MN1bWD4pHqxK9vNZNKTSjPCsTaHDO_o1_Nw_2RiEFk_ywPNcfGYlalMhNkybrJ0cnv2jNsnaCrkXc5UdrKMyPa7NVgQhfQ4NbeAwrnrmQOHECM9-j2tn_PEliZug7-66vw0-Esn1ZpC_wSEqnhuM1PjahfbUJIypH73QPawz6G25V8zSByIpeS8bjQcj3FnoU5osJoB-lPpkgQNJrIfk3bWz6ECo39AVDgJgyGPQ5mOvunTiHdaT61nCsGbfuOn0E-nA5WVneYkG3R73YTEJTPu6-T0kBIGsCDwf-ws5FqiErHCH-SC-dBkdJUdKCdmseIC1-PhgFe5LJ4cF8lfLIAxLO0IskHOtyWv7MJh-yLiK1y0xY1R5An4-_MiZcHHNK2KXMM3QUGrGZQIUYA-GA;+ExtronRecViewProd=dahd4kplusseries,dahd4kseries,dtpcp4k82,mlcplus200,mpa152plus,nbp200,tlppro725t,hc404,xtptusw1034k,xpau1002,knx100g;+ASP.NET_SessionId=t4nbjrv345oaijt52dwirppp;+username=cg@wurzer-solutions.at;+PriceClass=26D;+PriceList=EURS3+;+__RequestVerificationToken=zJCN0Up3s3qZ3EQyyxdHjPfzNuiIGz-XoPpqYX5hUiBg8YcC-SkNN6MELGGjTTPI1OVW4RPcSpsD0OxdsljG6Dac0Vw1;+BIGipServerextron.com_443_pool=838861066.47873.0000;+_gid=GA1.2.175445997.1746687566;+_gat_UA-130285241-1=1;+_clck=gq3nh8%7C2%7Cfvq%7C0%7C1891;+_ga=GA1.1.1212246975.1741272391;+_clsk=pr3azn%7C1746687573386%7C2%7C1%7Cl.clarity.ms%2Fcollect;+_ga_DP5ZZ9VH84=GS2.1.s1746687565$o6$g1$t1746687588$j37$l0$h0 https://www.extron.de/search?search=knx www.extron.de 304 0 0 1705 2
2025-05-08 07:00:08 10.1.0.50 POST /services/Membership/index.asmx - 443 - 10.1.16.1 - - - www.extron.com 200 0 0 2461 62
2025-05-08 07:00:08 10.1.0.50 GET / - 443 - 10.1.15.86 - - - - 200 0 64 0 434
2025-05-08 07:00:08 10.1.0.50 GET /Content/vendor/fancybox-3.5.7/dist/jquery.fancybox.css - 443 cg@wurzer-solutions.at 10.1.16.1 Mozilla/5.0+(Windows+NT+10.0;+Win64;+x64)+AppleWebKit/537.36+(KHTML,+like+Gecko)+Chrome/135.0.0.0+Safari/537.36 region=2;+lang=3;+.AspNet.Cookies=Z_oQ5Q0g2-4Atqy8DNN8WUn9mb9xyiH8evQYfZ29oqrO4uLP3MN1bWD4pHqxK9vNZNKTSjPCsTaHDO_o1_Nw_2RiEFk_ywPNcfGYlalMhNkybrJ0cnv2jNsnaCrkXc5UdrKMyPa7NVgQhfQ4NbeAwrnrmQOHECM9-j2tn_PEliZug7-66vw0-Esn1ZpC_wSEqnhuM1PjahfbUJIypH73QPawz6G25V8zSByIpeS8bjQcj3FnoU5osJoB-lPpkgQNJrIfk3bWz6ECo39AVDgJgyGPQ5mOvunTiHdaT61nCsGbfuOn0E-nA5WVneYkG3R73YTEJTPu6-T0kBIGsCDwf-ws5FqiErHCH-SC-dBkdJUdKCdmseIC1-PhgFe5LJ4cF8lfLIAxLO0IskHOtyWv7MJh-yLiK1y0xY1R5An4-_MiZcHHNK2KXMM3QUGrGZQIUYA-GA;+ExtronRecViewProd=dahd4kplusseries,dahd4kseries,dtpcp4k82,mlcplus200,mpa152plus,nbp200,tlppro725t,hc404,xtptusw1034k,xpau1002,knx100g;+ASP.NET_SessionId=t4nbjrv345oaijt52dwirppp;+username=cg@wurzer-solutions.at;+PriceClass=26D;+PriceList=EURS3+;+__RequestVerificationToken=zJCN0Up3s3qZ3EQyyxdHjPfzNuiIGz-XoPpqYX5hUiBg8YcC-SkNN6MELGGjTTPI1OVW4RPcSpsD0OxdsljG6Dac0Vw1;+BIGipServerextron.com_443_pool=!5CwWsx+MLFa7SiUMjvaJwiHEDz8tIEmbys9wW8b1t/P12bzzfQ6AbFlLhakneN5emETzRfELGCevrg==;+_gid=GA1.2.175445997.1746687566;+_gat_UA-130285241-1=1;+_clck=gq3nh8%7C2%7Cfvq%7C0%7C1891;+_ga=GA1.1.1212246975.1741272391;+_clsk=pr3azn%7C1746687573386%7C2%7C1%7Cl.clarity.ms%2Fcollect;+_ga_DP5ZZ9VH84=GS2.1.s1746687565$o6$g1$t1746687588$j37$l0$h0 https://www.extron.de/search?search=knx www.extron.de 304 0 0 1705 2
2025-05-08 07:00:08 10.1.0.50 GET /Content/vendor/fontawesome/css/all.min.css - 443 cg@wurzer-solutions.at 10.1.16.1 Mozilla/5.0+(Windows+NT+10.0;+Win64;+x64)+AppleWebKit/537.36+(KHTML,+like+Gecko)+Chrome/135.0.0.0+Safari/537.36 region=2;+lang=3;+.AspNet.Cookies=Z_oQ5Q0g2-4Atqy8DNN8WUn9mb9xyiH8evQYfZ29oqrO4uLP3MN1bWD4pHqxK9vNZNKTSjPCsTaHDO_o1_Nw_2RiEFk_ywPNcfGYlalMhNkybrJ0cnv2jNsnaCrkXc5UdrKMyPa7NVgQhfQ4NbeAwrnrmQOHECM9-j2tn_PEliZug7-66vw0-Esn1ZpC_wSEqnhuM1PjahfbUJIypH73QPawz6G25V8zSByIpeS8bjQcj3FnoU5osJoB-lPpkgQNJrIfk3bWz6ECo39AVDgJgyGPQ5mOvunTiHdaT61nCsGbfuOn0E-nA5WVneYkG3R73YTEJTPu6-T0kBIGsCDwf-ws5FqiErHCH-SC-dBkdJUdKCdmseIC1-PhgFe5LJ4cF8lfLIAxLO0IskHOtyWv7MJh-yLiK1y0xY1R5An4-_MiZcHHNK2KXMM3QUGrGZQIUYA-GA;+ExtronRecViewProd=dahd4kplusseries,dahd4kseries,dtpcp4k82,mlcplus200,mpa152plus,nbp200,tlppro725t,hc404,xtptusw1034k,xpau1002,knx100g;+ASP.NET_SessionId=t4nbjrv345oaijt52dwirppp;+username=cg@wurzer-solutions.at;+PriceClass=26D;+PriceList=EURS3+;+__RequestVerificationToken=zJCN0Up3s3qZ3EQyyxdHjPfzNuiIGz-XoPpqYX5hUiBg8YcC-SkNN6MELGGjTTPI1OVW4RPcSpsD0OxdsljG6Dac0Vw1;+BIGipServerextron.com_443_pool=!5CwWsx+MLFa7SiUMjvaJwiHEDz8tIEmbys9wW8b1t/P12bzzfQ6AbFlLhakneN5emETzRfELGCevrg==;+_gid=GA1.2.175445997.1746687566;+_gat_UA-130285241-1=1;+_clck=gq3nh8%7C2%7Cfvq%7C0%7C1891;+_ga=GA1.1.1212246975.1741272391;+_clsk=pr3azn%7C1746687573386%7C2%7C1%7Cl.clarity.ms%2Fcollect;+_ga_DP5ZZ9VH84=GS2.1.s1746687565$o6$g1$t1746687588$j37$l0$h0 https://www.extron.de/search?search=knx www.extron.de 304 0 0 1703 2
2025-05-08 07:00:08 10.1.0.50 GET /Content/vendor/bs-offcanvas/dist/css/bootstrap.offcanvas.css - 443 likith.c@velocis.co.in 10.1.16.1 Mozilla/5.0+(Windows+NT+10.0;+Win64;+x64)+AppleWebKit/537.36+(KHTML,+like+Gecko)+Chrome/136.0.0.0+Safari/537.36 lang=1;+region=3;+.AspNet.Cookies=_dD5gUEanpZTN975XsYBheFfYLVk352Xj3wX9snng8-ngSONT1l4MGL5OvRWJ1cVqw23NmCNHDv8aDTs0ZBVZnFfLzCd8uvnAETESNOyVPENpwPe0YuhZQEuNNIWGGRZpyDPIc9G1R_CHH_uuw6Y8lEXeZGZyRJod0sD8r7QLBizDmIhFMKFFgf9iMJup75oPRr-5aWcKcek5MOOegYlKRvEhXzIxMSe9wBPTXmp97T5ALLT2i_noNt-lTxOJx1evcz5SXCmgks5LRHIyTXCvkUlAW9fSbX6arQY7RH8PrTLxhE17_R1D2IyUN7-xKAxItgUQyBXFGmP1yC8LMLDHmZDTeDDyLczmuDijqsp-S6f8WDAsnpSJRtKZs_LvVj21wU5QpWFWETJSbllIsGVgSsUAVQNVYAoYAJTu3kGRmIN-64V8AM3M4OLsI4VXZQCWN6qfQ;+_gid=GA1.2.339565457.1746590700;+ASP.NET_SessionId=1fflf00vu01zqimxer12gll4;+username=likith.c@velocis.co.in;+PriceClass=33P;+PriceList=EU;+__RequestVerificationToken=0W3_-Wnla4dlDKhFJJvsmpnOo9oUcI6ul0jSMvJTUz1VKyBcjzS_rOV03rLtZW5-8OEJDaNjFkbGYS0YmJnh8D3wWNo1;+BIGipServerextron.com_443_pool=!UUKG5R+gS7Rk7LcMjvaJwiHEDz8tIEadGvvvhJnJPVMWhlSH3uOG16z6ul4ET1PK4Ur0LFnJzkZrPg==;+_clck=1mog0se%7C2%7Cfvq%7C0%7C1953;+_ga=GA1.2.2046277005.1746590700;+_clsk=1eytj6o%7C1746687488869%7C4%7C1%7Cn.clarity.ms%2Fcollect;+_ga_DP5ZZ9VH84=GS2.1.s1746687370$o12$g1$t1746687588$j60$l0$h0 https://www.extron.com/Training/MyTraining/Lessons/?stcr=1964116&cour=COUR201809101054470632070 www.extron.com 304 0 0 1705 1
2025-05-08 07:00:08 10.1.0.50 GET /Content/vendor/fontawesome/css/all.min.css - 443 likith.c@velocis.co.in 10.1.16.1 Mozilla/5.0+(Windows+NT+10.0;+Win64;+x64)+AppleWebKit/537.36+(KHTML,+like+Gecko)+Chrome/136.0.0.0+Safari/537.36 lang=1;+region=3;+.AspNet.Cookies=_dD5gUEanpZTN975XsYBheFfYLVk352Xj3wX9snng8-ngSONT1l4MGL5OvRWJ1cVqw23NmCNHDv8aDTs0ZBVZnFfLzCd8uvnAETESNOyVPENpwPe0YuhZQEuNNIWGGRZpyDPIc9G1R_CHH_uuw6Y8lEXeZGZyRJod0sD8r7QLBizDmIhFMKFFgf9iMJup75oPRr-5aWcKcek5MOOegYlKRvEhXzIxMSe9wBPTXmp97T5ALLT2i_noNt-lTxOJx1evcz5SXCmgks5LRHIyTXCvkUlAW9fSbX6arQY7RH8PrTLxhE17_R1D2IyUN7-xKAxItgUQyBXFGmP1yC8LMLDHmZDTeDDyLczmuDijqsp-S6f8WDAsnpSJRtKZs_LvVj21wU5QpWFWETJSbllIsGVgSsUAVQNVYAoYAJTu3kGRmIN-64V8AM3M4OLsI4VXZQCWN6qfQ;+_gid=GA1.2.339565457.1746590700;+ASP.NET_SessionId=1fflf00vu01zqimxer12gll4;+username=likith.c@velocis.co.in;+PriceClass=33P;+PriceList=EU;+__RequestVerificationToken=0W3_-Wnla4dlDKhFJJvsmpnOo9oUcI6ul0jSMvJTUz1VKyBcjzS_rOV03rLtZW5-8OEJDaNjFkbGYS0YmJnh8D3wWNo1;+BIGipServerextron.com_443_pool=!UUKG5R+gS7Rk7LcMjvaJwiHEDz8tIEadGvvvhJnJPVMWhlSH3uOG16z6ul4ET1PK4Ur0LFnJzkZrPg==;+_clck=1mog0se%7C2%7Cfvq%7C0%7C1953;+_ga=GA1.2.2046277005.1746590700;+_clsk=1eytj6o%7C1746687488869%7C4%7C1%7Cn.clarity.ms%2Fcollect;+_ga_DP5ZZ9VH84=GS2.1.s1746687370$o12$g1$t1746687588$j60$l0$h0 https://www.extron.com/Training/MyTraining/Lessons/?stcr=1964116&cour=COUR201809101054470632070 www.extron.com 304 0 0 1703 2
2025-05-08 07:00:08 10.1.0.50 GET /Content/vendor/jqueryui/themes/smoothness/jquery-1.12.0-ui.css - 443 likith.c@velocis.co.in 10.1.16.1 Mozilla/5.0+(Windows+NT+10.0;+Win64;+x64)+AppleWebKit/537.36+(KHTML,+like+Gecko)+Chrome/136.0.0.0+Safari/537.36 lang=1;+region=3;+.AspNet.Cookies=_dD5gUEanpZTN975XsYBheFfYLVk352Xj3wX9snng8-ngSONT1l4MGL5OvRWJ1cVqw23NmCNHDv8aDTs0ZBVZnFfLzCd8uvnAETESNOyVPENpwPe0YuhZQEuNNIWGGRZpyDPIc9G1R_CHH_uuw6Y8lEXeZGZyRJod0sD8r7QLBizDmIhFMKFFgf9iMJup75oPRr-5aWcKcek5MOOegYlKRvEhXzIxMSe9wBPTXmp97T5ALLT2i_noNt-lTxOJx1evcz5SXCmgks5LRHIyTXCvkUlAW9fSbX6arQY7RH8PrTLxhE17_R1D2IyUN7-xKAxItgUQyBXFGmP1yC8LMLDHmZDTeDDyLczmuDijqsp-S6f8WDAsnpSJRtKZs_LvVj21wU5QpWFWETJSbllIsGVgSsUAVQNVYAoYAJTu3kGRmIN-64V8AM3M4OLsI4VXZQCWN6qfQ;+_gid=GA1.2.339565457.1746590700;+ASP.NET_SessionId=1fflf00vu01zqimxer12gll4;+username=likith.c@velocis.co.in;+PriceClass=33P;+PriceList=EU;+__RequestVerificationToken=0W3_-Wnla4dlDKhFJJvsmpnOo9oUcI6ul0jSMvJTUz1VKyBcjzS_rOV03rLtZW5-8OEJDaNjFkbGYS0YmJnh8D3wWNo1;+BIGipServerextron.com_443_pool=!UUKG5R+gS7Rk7LcMjvaJwiHEDz8tIEadGvvvhJnJPVMWhlSH3uOG16z6ul4ET1PK4Ur0LFnJzkZrPg==;+_clck=1mog0se%7C2%7Cfvq%7C0%7C1953;+_ga=GA1.2.2046277005.1746590700;+_clsk=1eytj6o%7C1746687488869%7C4%7C1%7Cn.clarity.ms%2Fcollect;+_ga_DP5ZZ9VH84=GS2.1.s1746687370$o12$g1$t1746687588$j60$l0$h0 https://www.extron.com/Training/MyTraining/Lessons/?stcr=1964116&cour=COUR201809101054470632070 www.extron.com 304 0 0 1705 1
2025-05-08 07:00:08 10.1.0.50 GET /Content/css/Shared/extron_bs5.css - 443 likith.c@velocis.co.in 10.1.16.1 Mozilla/5.0+(Windows+NT+10.0;+Win64;+x64)+AppleWebKit/537.36+(KHTML,+like+Gecko)+Chrome/136.0.0.0+Safari/537.36 lang=1;+region=3;+.AspNet.Cookies=_dD5gUEanpZTN975XsYBheFfYLVk352Xj3wX9snng8-ngSONT1l4MGL5OvRWJ1cVqw23NmCNHDv8aDTs0ZBVZnFfLzCd8uvnAETESNOyVPENpwPe0YuhZQEuNNIWGGRZpyDPIc9G1R_CHH_uuw6Y8lEXeZGZyRJod0sD8r7QLBizDmIhFMKFFgf9iMJup75oPRr-5aWcKcek5MOOegYlKRvEhXzIxMSe9wBPTXmp97T5ALLT2i_noNt-lTxOJx1evcz5SXCmgks5LRHIyTXCvkUlAW9fSbX6arQY7RH8PrTLxhE17_R1D2IyUN7-xKAxItgUQyBXFGmP1yC8LMLDHmZDTeDDyLczmuDijqsp-S6f8WDAsnpSJRtKZs_LvVj21wU5QpWFWETJSbllIsGVgSsUAVQNVYAoYAJTu3kGRmIN-64V8AM3M4OLsI4VXZQCWN6qfQ;+_gid=GA1.2.339565457.1746590700;+ASP.NET_SessionId=1fflf00vu01zqimxer12gll4;+username=likith.c@velocis.co.in;+PriceClass=33P;+PriceList=EU;+__RequestVerificationToken=0W3_-Wnla4dlDKhFJJvsmpnOo9oUcI6ul0jSMvJTUz1VKyBcjzS_rOV03rLtZW5-8OEJDaNjFkbGYS0YmJnh8D3wWNo1;+BIGipServerextron.com_443_pool=!UUKG5R+gS7Rk7LcMjvaJwiHEDz8tIEadGvvvhJnJPVMWhlSH3uOG16z6ul4ET1PK4Ur0LFnJzkZrPg==;+_clck=1mog0se%7C2%7Cfvq%7C0%7C1953;+_ga=GA1.2.2046277005.1746590700;+_clsk=1eytj6o%7C1746687488869%7C4%7C1%7Cn.clarity.ms%2Fcollect;+_ga_DP5ZZ9VH84=GS2.1.s1746687370$o12$g1$t1746687588$j60$l0$h0 https://www.extron.com/Training/MyTraining/Lessons/?stcr=1964116&cour=COUR201809101054470632070 www.extron.com 304 0 0 1703 1
2025-05-08 07:00:08 10.1.0.50 GET /Content/vendor/fancybox-3.5.7/dist/jquery.fancybox.css - 443 likith.c@velocis.co.in 10.1.16.1 Mozilla/5.0+(Windows+NT+10.0;+Win64;+x64)+AppleWebKit/537.36+(KHTML,+like+Gecko)+Chrome/136.0.0.0+Safari/537.36 lang=1;+region=3;+.AspNet.Cookies=_dD5gUEanpZTN975XsYBheFfYLVk352Xj3wX9snng8-ngSONT1l4MGL5OvRWJ1cVqw23NmCNHDv8aDTs0ZBVZnFfLzCd8uvnAETESNOyVPENpwPe0YuhZQEuNNIWGGRZpyDPIc9G1R_CHH_uuw6Y8lEXeZGZyRJod0sD8r7QLBizDmIhFMKFFgf9iMJup75oPRr-5aWcKcek5MOOegYlKRvEhXzIxMSe9wBPTXmp97T5ALLT2i_noNt-lTxOJx1evcz5SXCmgks5LRHIyTXCvkUlAW9fSbX6arQY7RH8PrTLxhE17_R1D2IyUN7-xKAxItgUQyBXFGmP1yC8LMLDHmZDTeDDyLczmuDijqsp-S6f8WDAsnpSJRtKZs_LvVj21wU5QpWFWETJSbllIsGVgSsUAVQNVYAoYAJTu3kGRmIN-64V8AM3M4OLsI4VXZQCWN6qfQ;+_gid=GA1.2.339565457.1746590700;+ASP.NET_SessionId=1fflf00vu01zqimxer12gll4;+username=likith.c@velocis.co.in;+PriceClass=33P;+PriceList=EU;+__RequestVerificationToken=0W3_-Wnla4dlDKhFJJvsmpnOo9oUcI6ul0jSMvJTUz1VKyBcjzS_rOV03rLtZW5-8OEJDaNjFkbGYS0YmJnh8D3wWNo1;+BIGipServerextron.com_443_pool=!UUKG5R+gS7Rk7LcMjvaJwiHEDz8tIEadGvvvhJnJPVMWhlSH3uOG16z6ul4ET1PK4Ur0LFnJzkZrPg==;+_clck=1mog0se%7C2%7Cfvq%7C0%7C1953;+_ga=GA1.2.2046277005.1746590700;+_clsk=1eytj6o%7C1746687488869%7C4%7C1%7Cn.clarity.ms%2Fcollect;+_ga_DP5ZZ9VH84=GS2.1.s1746687370$o12$g1$t1746687588$j60$l0$h0 https://www.extron.com/Training/MyTraining/Lessons/?stcr=1964116&cour=COUR201809101054470632070 www.extron.com 304 0 0 1705 1
2025-05-08 07:00:08 10.1.0.50 GET /Content/css/Shared/cookies.css - 443 likith.c@velocis.co.in 10.1.16.1 Mozilla/5.0+(Windows+NT+10.0;+Win64;+x64)+AppleWebKit/537.36+(KHTML,+like+Gecko)+Chrome/136.0.0.0+Safari/537.36 lang=1;+region=3;+.AspNet.Cookies=_dD5gUEanpZTN975XsYBheFfYLVk352Xj3wX9snng8-ngSONT1l4MGL5OvRWJ1cVqw23NmCNHDv8aDTs0ZBVZnFfLzCd8uvnAETESNOyVPENpwPe0YuhZQEuNNIWGGRZpyDPIc9G1R_CHH_uuw6Y8lEXeZGZyRJod0sD8r7QLBizDmIhFMKFFgf9iMJup75oPRr-5aWcKcek5MOOegYlKRvEhXzIxMSe9wBPTXmp97T5ALLT2i_noNt-lTxOJx1evcz5SXCmgks5LRHIyTXCvkUlAW9fSbX6arQY7RH8PrTLxhE17_R1D2IyUN7-xKAxItgUQyBXFGmP1yC8LMLDHmZDTeDDyLczmuDijqsp-S6f8WDAsnpSJRtKZs_LvVj21wU5QpWFWETJSbllIsGVgSsUAVQNVYAoYAJTu3kGRmIN-64V8AM3M4OLsI4VXZQCWN6qfQ;+_gid=GA1.2.339565457.1746590700;+ASP.NET_SessionId=1fflf00vu01zqimxer12gll4;+username=likith.c@velocis.co.in;+PriceClass=33P;+PriceList=EU;+__RequestVerificationToken=0W3_-Wnla4dlDKhFJJvsmpnOo9oUcI6ul0jSMvJTUz1VKyBcjzS_rOV03rLtZW5-8OEJDaNjFkbGYS0YmJnh8D3wWNo1;+BIGipServerextron.com_443_pool=!UUKG5R+gS7Rk7LcMjvaJwiHEDz8tIEadGvvvhJnJPVMWhlSH3uOG16z6ul4ET1PK4Ur0LFnJzkZrPg==;+_clck=1mog0se%7C2%7Cfvq%7C0%7C1953;+_ga=GA1.2.2046277005.1746590700;+_clsk=1eytj6o%7C1746687488869%7C4%7C1%7Cn.clarity.ms%2Fcollect;+_ga_DP5ZZ9VH84=GS2.1.s1746687370$o12$g1$t1746687588$j60$l0$h0 https://www.extron.com/Training/MyTraining/Lessons/?stcr=1964116&cour=COUR201809101054470632070 www.extron.com 304 0 0 1705 1
2025-05-08 07:00:08 10.1.0.50 GET /Content/css/Shared/extron.css - 443 cg@wurzer-solutions.at 10.1.16.1 Mozilla/5.0+(Windows+NT+10.0;+Win64;+x64)+AppleWebKit/537.36+(KHTML,+like+Gecko)+Chrome/135.0.0.0+Safari/537.36 region=2;+lang=3;+.AspNet.Cookies=Z_oQ5Q0g2-4Atqy8DNN8WUn9mb9xyiH8evQYfZ29oqrO4uLP3MN1bWD4pHqxK9vNZNKTSjPCsTaHDO_o1_Nw_2RiEFk_ywPNcfGYlalMhNkybrJ0cnv2jNsnaCrkXc5UdrKMyPa7NVgQhfQ4NbeAwrnrmQOHECM9-j2tn_PEliZug7-66vw0-Esn1ZpC_wSEqnhuM1PjahfbUJIypH73QPawz6G25V8zSByIpeS8bjQcj3FnoU5osJoB-lPpkgQNJrIfk3bWz6ECo39AVDgJgyGPQ5mOvunTiHdaT61nCsGbfuOn0E-nA5WVneYkG3R73YTEJTPu6-T0kBIGsCDwf-ws5FqiErHCH-SC-dBkdJUdKCdmseIC1-PhgFe5LJ4cF8lfLIAxLO0IskHOtyWv7MJh-yLiK1y0xY1R5An4-_MiZcHHNK2KXMM3QUGrGZQIUYA-GA;+ExtronRecViewProd=dahd4kplusseries,dahd4kseries,dtpcp4k82,mlcplus200,mpa152plus,nbp200,tlppro725t,hc404,xtptusw1034k,xpau1002,knx100g;+ASP.NET_SessionId=t4nbjrv345oaijt52dwirppp;+username=cg@wurzer-solutions.at;+PriceClass=26D;+PriceList=EURS3+;+__RequestVerificationToken=zJCN0Up3s3qZ3EQyyxdHjPfzNuiIGz-XoPpqYX5hUiBg8YcC-SkNN6MELGGjTTPI1OVW4RPcSpsD0OxdsljG6Dac0Vw1;+BIGipServerextron.com_443_pool=!5CwWsx+MLFa7SiUMjvaJwiHEDz8tIEmbys9wW8b1t/P12bzzfQ6AbFlLhakneN5emETzRfELGCevrg==;+_gid=GA1.2.175445997.1746687566;+_gat_UA-130285241-1=1;+_clck=gq3nh8%7C2%7Cfvq%7C0%7C1891;+_ga=GA1.1.1212246975.1741272391;+_clsk=pr3azn%7C1746687573386%7C2%7C1%7Cl.clarity.ms%2Fcollect;+_ga_DP5ZZ9VH84=GS2.1.s1746687565$o6$g1$t1746687588$j37$l0$h0 https://www.extron.de/search?search=knx www.extron.de 304 0 0 1703 3
2025-05-08 07:00:08 10.1.0.50 GET /Content/vendor/jquery/jquery-3.3.1.min.js - 443 cg@wurzer-solutions.at 10.1.16.1 Mozilla/5.0+(Windows+NT+10.0;+Win64;+x64)+AppleWebKit/537.36+(KHTML,+like+Gecko)+Chrome/135.0.0.0+Safari/537.36 region=2;+lang=3;+.AspNet.Cookies=Z_oQ5Q0g2-4Atqy8DNN8WUn9mb9xyiH8evQYfZ29oqrO4uLP3MN1bWD4pHqxK9vNZNKTSjPCsTaHDO_o1_Nw_2RiEFk_ywPNcfGYlalMhNkybrJ0cnv2jNsnaCrkXc5UdrKMyPa7NVgQhfQ4NbeAwrnrmQOHECM9-j2tn_PEliZug7-66vw0-Esn1ZpC_wSEqnhuM1PjahfbUJIypH73QPawz6G25V8zSByIpeS8bjQcj3FnoU5osJoB-lPpkgQNJrIfk3bWz6ECo39AVDgJgyGPQ5mOvunTiHdaT61nCsGbfuOn0E-nA5WVneYkG3R73YTEJTPu6-T0kBIGsCDwf-ws5FqiErHCH-SC-dBkdJUdKCdmseIC1-PhgFe5LJ4cF8lfLIAxLO0IskHOtyWv7MJh-yLiK1y0xY1R5An4-_MiZcHHNK2KXMM3QUGrGZQIUYA-GA;+ExtronRecViewProd=dahd4kplusseries,dahd4kseries,dtpcp4k82,mlcplus200,mpa152plus,nbp200,tlppro725t,hc404,xtptusw1034k,xpau1002,knx100g;+ASP.NET_SessionId=t4nbjrv345oaijt52dwirppp;+username=cg@wurzer-solutions.at;+PriceClass=26D;+PriceList=EURS3+;+__RequestVerificationToken=zJCN0Up3s3qZ3EQyyxdHjPfzNuiIGz-XoPpqYX5hUiBg8YcC-SkNN6MELGGjTTPI1OVW4RPcSpsD0OxdsljG6Dac0Vw1;+BIGipServerextron.com_443_pool=838861066.47873.0000;+_gid=GA1.2.175445997.1746687566;+_gat_UA-130285241-1=1;+_clck=gq3nh8%7C2%7Cfvq%7C0%7C1891;+_ga=GA1.1.1212246975.1741272391;+_clsk=pr3azn%7C1746687573386%7C2%7C1%7Cl.clarity.ms%2Fcollect;+_ga_DP5ZZ9VH84=GS2.1.s1746687565$o6$g1$t1746687588$j37$l0$h0 https://www.extron.de/search?search=knx www.extron.de 304 0 0 1705 2
2025-05-08 07:00:08 10.1.0.50 GET /Content/css/Shared/cookies.css - 443 cg@wurzer-solutions.at 10.1.16.1 Mozilla/5.0+(Windows+NT+10.0;+Win64;+x64)+AppleWebKit/537.36+(KHTML,+like+Gecko)+Chrome/135.0.0.0+Safari/537.36 region=2;+lang=3;+.AspNet.Cookies=Z_oQ5Q0g2-4Atqy8DNN8WUn9mb9xyiH8evQYfZ29oqrO4uLP3MN1bWD4pHqxK9vNZNKTSjPCsTaHDO_o1_Nw_2RiEFk_ywPNcfGYlalMhNkybrJ0cnv2jNsnaCrkXc5UdrKMyPa7NVgQhfQ4NbeAwrnrmQOHECM9-j2tn_PEliZug7-66vw0-Esn1ZpC_wSEqnhuM1PjahfbUJIypH73QPawz6G25V8zSByIpeS8bjQcj3FnoU5osJoB-lPpkgQNJrIfk3bWz6ECo39AVDgJgyGPQ5mOvunTiHdaT61nCsGbfuOn0E-nA5WVneYkG3R73YTEJTPu6-T0kBIGsCDwf-ws5FqiErHCH-SC-dBkdJUdKCdmseIC1-PhgFe5LJ4cF8lfLIAxLO0IskHOtyWv7MJh-yLiK1y0xY1R5An4-_MiZcHHNK2KXMM3QUGrGZQIUYA-GA;+ExtronRecViewProd=dahd4kplusseries,dahd4kseries,dtpcp4k82,mlcplus200,mpa152plus,nbp200,tlppro725t,hc404,xtptusw1034k,xpau1002,knx100g;+ASP.NET_SessionId=t4nbjrv345oaijt52dwirppp;+username=cg@wurzer-solutions.at;+PriceClass=26D;+PriceList=EURS3+;+__RequestVerificationToken=zJCN0Up3s3qZ3EQyyxdHjPfzNuiIGz-XoPpqYX5hUiBg8YcC-SkNN6MELGGjTTPI1OVW4RPcSpsD0OxdsljG6Dac0Vw1;+BIGipServerextron.com_443_pool=838861066.47873.0000;+_gid=GA1.2.175445997.1746687566;+_gat_UA-130285241-1=1;+_clck=gq3nh8%7C2%7Cfvq%7C0%7C1891;+_ga=GA1.1.1212246975.1741272391;+_clsk=pr3azn%7C1746687573386%7C2%7C1%7Cl.clarity.ms%2Fcollect;+_ga_DP5ZZ9VH84=GS2.1.s1746687565$o6$g1$t1746687588$j37$l0$h0 https://www.extron.de/search?search=knx www.extron.de 304 0 0 1705 2
2025-05-08 07:00:08 10.1.0.50 GET /Content/vendor/jqueryui/jquery-1.12.0-ui.min.js - 443 cg@wurzer-solutions.at 10.1.16.1 Mozilla/5.0+(Windows+NT+10.0;+Win64;+x64)+AppleWebKit/537.36+(KHTML,+like+Gecko)+Chrome/135.0.0.0+Safari/537.36 region=2;+lang=3;+.AspNet.Cookies=Z_oQ5Q0g2-4Atqy8DNN8WUn9mb9xyiH8evQYfZ29oqrO4uLP3MN1bWD4pHqxK9vNZNKTSjPCsTaHDO_o1_Nw_2RiEFk_ywPNcfGYlalMhNkybrJ0cnv2jNsnaCrkXc5UdrKMyPa7NVgQhfQ4NbeAwrnrmQOHECM9-j2tn_PEliZug7-66vw0-Esn1ZpC_wSEqnhuM1PjahfbUJIypH73QPawz6G25V8zSByIpeS8bjQcj3FnoU5osJoB-lPpkgQNJrIfk3bWz6ECo39AVDgJgyGPQ5mOvunTiHdaT61nCsGbfuOn0E-nA5WVneYkG3R73YTEJTPu6-T0kBIGsCDwf-ws5FqiErHCH-SC-dBkdJUdKCdmseIC1-PhgFe5LJ4cF8lfLIAxLO0IskHOtyWv7MJh-yLiK1y0xY1R5An4-_MiZcHHNK2KXMM3QUGrGZQIUYA-GA;+ExtronRecViewProd=dahd4kplusseries,dahd4kseries,dtpcp4k82,mlcplus200,mpa152plus,nbp200,tlppro725t,hc404,xtptusw1034k,xpau1002,knx100g;+ASP.NET_SessionId=t4nbjrv345oaijt52dwirppp;+username=cg@wurzer-solutions.at;+PriceClass=26D;+PriceList=EURS3+;+__RequestVerificationToken=zJCN0Up3s3qZ3EQyyxdHjPfzNuiIGz-XoPpqYX5hUiBg8YcC-SkNN6MELGGjTTPI1OVW4RPcSpsD0OxdsljG6Dac0Vw1;+BIGipServerextron.com_443_pool=838861066.47873.0000;+_gid=GA1.2.175445997.1746687566;+_gat_UA-130285241-1=1;+_clck=gq3nh8%7C2%7Cfvq%7C0%7C1891;+_ga=GA1.1.1212246975.1741272391;+_clsk=pr3azn%7C1746687573386%7C2%7C1%7Cl.clarity.ms%2Fcollect;+_ga_DP5ZZ9VH84=GS2.1.s1746687565$o6$g1$t1746687588$j37$l0$h0 https://www.extron.de/search?search=knx www.extron.de 304 0 0 1705 1
2025-05-08 07:00:08 10.1.0.50 GET /Content/css/Training/MyTraining/training.css - 443 likith.c@velocis.co.in 10.1.16.1 Mozilla/5.0+(Windows+NT+10.0;+Win64;+x64)+AppleWebKit/537.36+(KHTML,+like+Gecko)+Chrome/136.0.0.0+Safari/537.36 lang=1;+region=3;+.AspNet.Cookies=_dD5gUEanpZTN975XsYBheFfYLVk352Xj3wX9snng8-ngSONT1l4MGL5OvRWJ1cVqw23NmCNHDv8aDTs0ZBVZnFfLzCd8uvnAETESNOyVPENpwPe0YuhZQEuNNIWGGRZpyDPIc9G1R_CHH_uuw6Y8lEXeZGZyRJod0sD8r7QLBizDmIhFMKFFgf9iMJup75oPRr-5aWcKcek5MOOegYlKRvEhXzIxMSe9wBPTXmp97T5ALLT2i_noNt-lTxOJx1evcz5SXCmgks5LRHIyTXCvkUlAW9fSbX6arQY7RH8PrTLxhE17_R1D2IyUN7-xKAxItgUQyBXFGmP1yC8LMLDHmZDTeDDyLczmuDijqsp-S6f8WDAsnpSJRtKZs_LvVj21wU5QpWFWETJSbllIsGVgSsUAVQNVYAoYAJTu3kGRmIN-64V8AM3M4OLsI4VXZQCWN6qfQ;+_gid=GA1.2.339565457.1746590700;+ASP.NET_SessionId=1fflf00vu01zqimxer12gll4;+username=likith.c@velocis.co.in;+PriceClass=33P;+PriceList=EU;+__RequestVerificationToken=0W3_-Wnla4dlDKhFJJvsmpnOo9oUcI6ul0jSMvJTUz1VKyBcjzS_rOV03rLtZW5-8OEJDaNjFkbGYS0YmJnh8D3wWNo1;+BIGipServerextron.com_443_pool=!UUKG5R+gS7Rk7LcMjvaJwiHEDz8tIEadGvvvhJnJPVMWhlSH3uOG16z6ul4ET1PK4Ur0LFnJzkZrPg==;+_clck=1mog0se%7C2%7Cfvq%7C0%7C1953;+_ga=GA1.2.2046277005.1746590700;+_clsk=1eytj6o%7C1746687488869%7C4%7C1%7Cn.clarity.ms%2Fcollect;+_ga_DP5ZZ9VH84=GS2.1.s1746687370$o12$g1$t1746687588$j60$l0$h0 https://www.extron.com/Training/MyTraining/Lessons/?stcr=1964116&cour=COUR201809101054470632070 www.extron.com 304 0 0 1703 4
2025-05-08 07:00:08 10.1.0.50 GET /Content/css/Training/MyTraining/schedule.css - 443 likith.c@velocis.co.in 10.1.16.1 Mozilla/5.0+(Windows+NT+10.0;+Win64;+x64)+AppleWebKit/537.36+(KHTML,+like+Gecko)+Chrome/136.0.0.0+Safari/537.36 lang=1;+region=3;+.AspNet.Cookies=_dD5gUEanpZTN975XsYBheFfYLVk352Xj3wX9snng8-ngSONT1l4MGL5OvRWJ1cVqw23NmCNHDv8aDTs0ZBVZnFfLzCd8uvnAETESNOyVPENpwPe0YuhZQEuNNIWGGRZpyDPIc9G1R_CHH_uuw6Y8lEXeZGZyRJod0sD8r7QLBizDmIhFMKFFgf9iMJup75oPRr-5aWcKcek5MOOegYlKRvEhXzIxMSe9wBPTXmp97T5ALLT2i_noNt-lTxOJx1evcz5SXCmgks5LRHIyTXCvkUlAW9fSbX6arQY7RH8PrTLxhE17_R1D2IyUN7-xKAxItgUQyBXFGmP1yC8LMLDHmZDTeDDyLczmuDijqsp-S6f8WDAsnpSJRtKZs_LvVj21wU5QpWFWETJSbllIsGVgSsUAVQNVYAoYAJTu3kGRmIN-64V8AM3M4OLsI4VXZQCWN6qfQ;+_gid=GA1.2.339565457.1746590700;+ASP.NET_SessionId=1fflf00vu01zqimxer12gll4;+username=likith.c@velocis.co.in;+PriceClass=33P;+PriceList=EU;+__RequestVerificationToken=0W3_-Wnla4dlDKhFJJvsmpnOo9oUcI6ul0jSMvJTUz1VKyBcjzS_rOV03rLtZW5-8OEJDaNjFkbGYS0YmJnh8D3wWNo1;+BIGipServerextron.com_443_pool=!UUKG5R+gS7Rk7LcMjvaJwiHEDz8tIEadGvvvhJnJPVMWhlSH3uOG16z6ul4ET1PK4Ur0LFnJzkZrPg==;+_clck=1mog0se%7C2%7Cfvq%7C0%7C1953;+_ga=GA1.2.2046277005.1746590700;+_clsk=1eytj6o%7C1746687488869%7C4%7C1%7Cn.clarity.ms%2Fcollect;+_ga_DP5ZZ9VH84=GS2.1.s1746687370$o12$g1$t1746687588$j60$l0$h0 https://www.extron.com/Training/MyTraining/Lessons/?stcr=1964116&cour=COUR201809101054470632070 www.extron.com 304 0 0 1703 2
2025-05-08 07:00:08 10.1.0.50 GET /Content/vendor/jquery/jquery-3.3.1.min.js - 443 likith.c@velocis.co.in 10.1.16.1 Mozilla/5.0+(Windows+NT+10.0;+Win64;+x64)+AppleWebKit/537.36+(KHTML,+like+Gecko)+Chrome/136.0.0.0+Safari/537.36 lang=1;+region=3;+.AspNet.Cookies=_dD5gUEanpZTN975XsYBheFfYLVk352Xj3wX9snng8-ngSONT1l4MGL5OvRWJ1cVqw23NmCNHDv8aDTs0ZBVZnFfLzCd8uvnAETESNOyVPENpwPe0YuhZQEuNNIWGGRZpyDPIc9G1R_CHH_uuw6Y8lEXeZGZyRJod0sD8r7QLBizDmIhFMKFFgf9iMJup75oPRr-5aWcKcek5MOOegYlKRvEhXzIxMSe9wBPTXmp97T5ALLT2i_noNt-lTxOJx1evcz5SXCmgks5LRHIyTXCvkUlAW9fSbX6arQY7RH8PrTLxhE17_R1D2IyUN7-xKAxItgUQyBXFGmP1yC8LMLDHmZDTeDDyLczmuDijqsp-S6f8WDAsnpSJRtKZs_LvVj21wU5QpWFWETJSbllIsGVgSsUAVQNVYAoYAJTu3kGRmIN-64V8AM3M4OLsI4VXZQCWN6qfQ;+_gid=GA1.2.339565457.1746590700;+ASP.NET_SessionId=1fflf00vu01zqimxer12gll4;+username=likith.c@velocis.co.in;+PriceClass=33P;+PriceList=EU;+__RequestVerificationToken=0W3_-Wnla4dlDKhFJJvsmpnOo9oUcI6ul0jSMvJTUz1VKyBcjzS_rOV03rLtZW5-8OEJDaNjFkbGYS0YmJnh8D3wWNo1;+BIGipServerextron.com_443_pool=!UUKG5R+gS7Rk7LcMjvaJwiHEDz8tIEadGvvvhJnJPVMWhlSH3uOG16z6ul4ET1PK4Ur0LFnJzkZrPg==;+_clck=1mog0se%7C2%7Cfvq%7C0%7C1953;+_ga=GA1.2.2046277005.1746590700;+_clsk=1eytj6o%7C1746687488869%7C4%7C1%7Cn.clarity.ms%2Fcollect;+_ga_DP5ZZ9VH84=GS2.1.s1746687370$o12$g1$t1746687588$j60$l0$h0 https://www.extron.com/Training/MyTraining/Lessons/?stcr=1964116&cour=COUR201809101054470632070 www.extron.com 304 0 0 1705 2
2025-05-08 07:00:08 10.1.0.50 GET /Content/vendor/jqueryui/jquery-1.12.0-ui.min.js - 443 likith.c@velocis.co.in 10.1.16.1 Mozilla/5.0+(Windows+NT+10.0;+Win64;+x64)+AppleWebKit/537.36+(KHTML,+like+Gecko)+Chrome/136.0.0.0+Safari/537.36 lang=1;+region=3;+.AspNet.Cookies=_dD5gUEanpZTN975XsYBheFfYLVk352Xj3wX9snng8-ngSONT1l4MGL5OvRWJ1cVqw23NmCNHDv8aDTs0ZBVZnFfLzCd8uvnAETESNOyVPENpwPe0YuhZQEuNNIWGGRZpyDPIc9G1R_CHH_uuw6Y8lEXeZGZyRJod0sD8r7QLBizDmIhFMKFFgf9iMJup75oPRr-5aWcKcek5MOOegYlKRvEhXzIxMSe9wBPTXmp97T5ALLT2i_noNt-lTxOJx1evcz5SXCmgks5LRHIyTXCvkUlAW9fSbX6arQY7RH8PrTLxhE17_R1D2IyUN7-xKAxItgUQyBXFGmP1yC8LMLDHmZDTeDDyLczmuDijqsp-S6f8WDAsnpSJRtKZs_LvVj21wU5QpWFWETJSbllIsGVgSsUAVQNVYAoYAJTu3kGRmIN-64V8AM3M4OLsI4VXZQCWN6qfQ;+_gid=GA1.2.339565457.1746590700;+ASP.NET_SessionId=1fflf00vu01zqimxer12gll4;+username=likith.c@velocis.co.in;+PriceClass=33P;+PriceList=EU;+__RequestVerificationToken=0W3_-Wnla4dlDKhFJJvsmpnOo9oUcI6ul0jSMvJTUz1VKyBcjzS_rOV03rLtZW5-8OEJDaNjFkbGYS0YmJnh8D3wWNo1;+BIGipServerextron.com_443_pool=!UUKG5R+gS7Rk7LcMjvaJwiHEDz8tIEadGvvvhJnJPVMWhlSH3uOG16z6ul4ET1PK4Ur0LFnJzkZrPg==;+_clck=1mog0se%7C2%7Cfvq%7C0%7C1953;+_ga=GA1.2.2046277005.1746590700;+_clsk=1eytj6o%7C1746687488869%7C4%7C1%7Cn.clarity.ms%2Fcollect;+_ga_DP5ZZ9VH84=GS2.1.s1746687370$o12$g1$t1746687588$j60$l0$h0 https://www.extron.com/Training/MyTraining/Lessons/?stcr=1964116&cour=COUR201809101054470632070 www.extron.com 304 0 0 1705 2
2025-05-08 07:00:08 10.1.0.50 GET /Content/vendor/jquery/jquery-3.3.1.min.js - 443 alexander.hermansson@informationsteknik.se 10.1.16.1 Mozilla/5.0+(Windows+NT+10.0;+Win64;+x64)+AppleWebKit/537.36+(KHTML,+like+Gecko)+Chrome/136.0.0.0+Safari/537.36 region=2;+lang=1;+.AspNet.Cookies=wtJ-C8r3vdnkPR1Aw1qzuyO0NV6Z74nKn2CeelxjHwsmhhAB6D9cqcH_Dhy34aW7wWBQoXjW7N63kxonahltPZ-jcrmaKoOM134-OT7-fza7mXHqKwjxrOWhBVFvVrb0vVl4xW6hGIzUNdWzEd5Eo_lm2HGowC_rXWb_YJ7IDbePcyyb1vS7AkgGAnGDFA-m8I-BHOJZs0F4eAWyU9bOhoxtjSJYB4u5OPHwnuvSEupyliuJB2WHI2rAKzuMcN7TdLmZrf8ug3HGbPkV4w8hpUukej2c8NMN7yefycgqbRBy_6W013dOD84roJuTo4fkJuQv5I1EDTHFL0R9haWr12Ejr4nQlCcXAxjU6wmSHDTJbQWWf3kYPN-1YWCP7H-9yOZ7R7KotSCCHmqI4GznIasdkE2K99YuhIfQLXdfEvRVh12x9Ef2ZunJA1a7X7d857dMvA;+_clck=2ar2tt%7C2%7Cfvg%7C0%7C1938;+_ga=GA1.1.1242613871.1745311648;+_ga_DP5ZZ9VH84=GS1.1.1745837972.14.1.1745838243.59.0.0;+ASP.NET_SessionId=kjuj034pqztdozgqslo2kn3a;+username=alexander.hermansson@informationsteknik.se;+PriceClass=26;+PriceList=EURS3+;+__RequestVerificationToken=jWmp1PELHc1Hb5W-j-xwFnm--3BkN2yvqBQbE54V1HHGm0m8LH4TjMMe3xN8YjYTOkAoegD8zLPo5XDn8kz605kRA4g1;+BIGipServerextron.com_443_pool=!I6oNOffSsY3+eF8MjvaJwiHEDz8tIOEnyqqQNmiOpvQubiTGHhBKSxOs/NdI0x5hO4sW/wzZdj9YtQ== https://www.extron.com/ www.extron.com 200 0 0 88876 3
2025-05-08 07:00:08 10.1.0.50 GET /Content/vendor/jqueryui/jquery-1.12.0-ui.min.js - 443 alexander.hermansson@informationsteknik.se 10.1.16.1 Mozilla/5.0+(Windows+NT+10.0;+Win64;+x64)+AppleWebKit/537.36+(KHTML,+like+Gecko)+Chrome/136.0.0.0+Safari/537.36 region=2;+lang=1;+.AspNet.Cookies=wtJ-C8r3vdnkPR1Aw1qzuyO0NV6Z74nKn2CeelxjHwsmhhAB6D9cqcH_Dhy34aW7wWBQoXjW7N63kxonahltPZ-jcrmaKoOM134-OT7-fza7mXHqKwjxrOWhBVFvVrb0vVl4xW6hGIzUNdWzEd5Eo_lm2HGowC_rXWb_YJ7IDbePcyyb1vS7AkgGAnGDFA-m8I-BHOJZs0F4eAWyU9bOhoxtjSJYB4u5OPHwnuvSEupyliuJB2WHI2rAKzuMcN7TdLmZrf8ug3HGbPkV4w8hpUukej2c8NMN7yefycgqbRBy_6W013dOD84roJuTo4fkJuQv5I1EDTHFL0R9haWr12Ejr4nQlCcXAxjU6wmSHDTJbQWWf3kYPN-1YWCP7H-9yOZ7R7KotSCCHmqI4GznIasdkE2K99YuhIfQLXdfEvRVh12x9Ef2ZunJA1a7X7d857dMvA;+_clck=2ar2tt%7C2%7Cfvg%7C0%7C1938;+_ga=GA1.1.1242613871.1745311648;+_ga_DP5ZZ9VH84=GS1.1.1745837972.14.1.1745838243.59.0.0;+ASP.NET_SessionId=kjuj034pqztdozgqslo2kn3a;+username=alexander.hermansson@informationsteknik.se;+PriceClass=26;+PriceList=EURS3+;+__RequestVerificationToken=jWmp1PELHc1Hb5W-j-xwFnm--3BkN2yvqBQbE54V1HHGm0m8LH4TjMMe3xN8YjYTOkAoegD8zLPo5XDn8kz605kRA4g1;+BIGipServerextron.com_443_pool=!I6oNOffSsY3+eF8MjvaJwiHEDz8tIOEnyqqQNmiOpvQubiTGHhBKSxOs/NdI0x5hO4sW/wzZdj9YtQ== https://www.extron.com/ www.extron.com 200 0 0 255635 2
2025-05-08 07:00:08 10.1.0.50 GET /Content/vendor/jquery-unobtrusive-ajax/jquery.unobtrusive-ajax.js - 443 cg@wurzer-solutions.at 10.1.16.1 Mozilla/5.0+(Windows+NT+10.0;+Win64;+x64)+AppleWebKit/537.36+(KHTML,+like+Gecko)+Chrome/135.0.0.0+Safari/537.36 region=2;+lang=3;+.AspNet.Cookies=Z_oQ5Q0g2-4Atqy8DNN8WUn9mb9xyiH8evQYfZ29oqrO4uLP3MN1bWD4pHqxK9vNZNKTSjPCsTaHDO_o1_Nw_2RiEFk_ywPNcfGYlalMhNkybrJ0cnv2jNsnaCrkXc5UdrKMyPa7NVgQhfQ4NbeAwrnrmQOHECM9-j2tn_PEliZug7-66vw0-Esn1ZpC_wSEqnhuM1PjahfbUJIypH73QPawz6G25V8zSByIpeS8bjQcj3FnoU5osJoB-lPpkgQNJrIfk3bWz6ECo39AVDgJgyGPQ5mOvunTiHdaT61nCsGbfuOn0E-nA5WVneYkG3R73YTEJTPu6-T0kBIGsCDwf-ws5FqiErHCH-SC-dBkdJUdKCdmseIC1-PhgFe5LJ4cF8lfLIAxLO0IskHOtyWv7MJh-yLiK1y0xY1R5An4-_MiZcHHNK2KXMM3QUGrGZQIUYA-GA;+ExtronRecViewProd=dahd4kplusseries,dahd4kseries,dtpcp4k82,mlcplus200,mpa152plus,nbp200,tlppro725t,hc404,xtptusw1034k,xpau1002,knx100g;+ASP.NET_SessionId=t4nbjrv345oaijt52dwirppp;+username=cg@wurzer-solutions.at;+PriceClass=26D;+PriceList=EURS3+;+__RequestVerificationToken=zJCN0Up3s3qZ3EQyyxdHjPfzNuiIGz-XoPpqYX5hUiBg8YcC-SkNN6MELGGjTTPI1OVW4RPcSpsD0OxdsljG6Dac0Vw1;+BIGipServerextron.com_443_pool=!5CwWsx+MLFa7SiUMjvaJwiHEDz8tIEmbys9wW8b1t/P12bzzfQ6AbFlLhakneN5emETzRfELGCevrg==;+_gid=GA1.2.175445997.1746687566;+_gat_UA-130285241-1=1;+_clck=gq3nh8%7C2%7Cfvq%7C0%7C1891;+_ga=GA1.1.1212246975.1741272391;+_clsk=pr3azn%7C1746687573386%7C2%7C1%7Cl.clarity.ms%2Fcollect;+_ga_DP5ZZ9VH84=GS2.1.s1746687565$o6$g1$t1746687588$j37$l0$h0 https://www.extron.de/search?search=knx www.extron.de 304 0 0 1705 2
2025-05-08 07:00:08 10.1.0.50 GET /Content/vendor/bootstrap/bootstrap.bundle.min.js - 443 cg@wurzer-solutions.at 10.1.16.1 Mozilla/5.0+(Windows+NT+10.0;+Win64;+x64)+AppleWebKit/537.36+(KHTML,+like+Gecko)+Chrome/135.0.0.0+Safari/537.36 region=2;+lang=3;+.AspNet.Cookies=Z_oQ5Q0g2-4Atqy8DNN8WUn9mb9xyiH8evQYfZ29oqrO4uLP3MN1bWD4pHqxK9vNZNKTSjPCsTaHDO_o1_Nw_2RiEFk_ywPNcfGYlalMhNkybrJ0cnv2jNsnaCrkXc5UdrKMyPa7NVgQhfQ4NbeAwrnrmQOHECM9-j2tn_PEliZug7-66vw0-Esn1ZpC_wSEqnhuM1PjahfbUJIypH73QPawz6G25V8zSByIpeS8bjQcj3FnoU5osJoB-lPpkgQNJrIfk3bWz6ECo39AVDgJgyGPQ5mOvunTiHdaT61nCsGbfuOn0E-nA5WVneYkG3R73YTEJTPu6-T0kBIGsCDwf-ws5FqiErHCH-SC-dBkdJUdKCdmseIC1-PhgFe5LJ4cF8lfLIAxLO0IskHOtyWv7MJh-yLiK1y0xY1R5An4-_MiZcHHNK2KXMM3QUGrGZQIUYA-GA;+ExtronRecViewProd=dahd4kplusseries,dahd4kseries,dtpcp4k82,mlcplus200,mpa152plus,nbp200,tlppro725t,hc404,xtptusw1034k,xpau1002,knx100g;+ASP.NET_SessionId=t4nbjrv345oaijt52dwirppp;+username=cg@wurzer-solutions.at;+PriceClass=26D;+PriceList=EURS3+;+__RequestVerificationToken=zJCN0Up3s3qZ3EQyyxdHjPfzNuiIGz-XoPpqYX5hUiBg8YcC-SkNN6MELGGjTTPI1OVW4RPcSpsD0OxdsljG6Dac0Vw1;+BIGipServerextron.com_443_pool=!5CwWsx+MLFa7SiUMjvaJwiHEDz8tIEmbys9wW8b1t/P12bzzfQ6AbFlLhakneN5emETzRfELGCevrg==;+_gid=GA1.2.175445997.1746687566;+_gat_UA-130285241-1=1;+_clck=gq3nh8%7C2%7Cfvq%7C0%7C1891;+_ga=GA1.1.1212246975.1741272391;+_clsk=pr3azn%7C1746687573386%7C2%7C1%7Cl.clarity.ms%2Fcollect;+_ga_DP5ZZ9VH84=GS2.1.s1746687565$o6$g1$t1746687588$j37$l0$h0 https://www.extron.de/search?search=knx www.extron.de 304 0 0 1705 1
2025-05-08 07:00:08 10.1.0.50 GET /Content/vendor/fancybox-3.5.7/dist/jquery.fancybox.js - 443 cg@wurzer-solutions.at 10.1.16.1 Mozilla/5.0+(Windows+NT+10.0;+Win64;+x64)+AppleWebKit/537.36+(KHTML,+like+Gecko)+Chrome/135.0.0.0+Safari/537.36 region=2;+lang=3;+.AspNet.Cookies=Z_oQ5Q0g2-4Atqy8DNN8WUn9mb9xyiH8evQYfZ29oqrO4uLP3MN1bWD4pHqxK9vNZNKTSjPCsTaHDO_o1_Nw_2RiEFk_ywPNcfGYlalMhNkybrJ0cnv2jNsnaCrkXc5UdrKMyPa7NVgQhfQ4NbeAwrnrmQOHECM9-j2tn_PEliZug7-66vw0-Esn1ZpC_wSEqnhuM1PjahfbUJIypH73QPawz6G25V8zSByIpeS8bjQcj3FnoU5osJoB-lPpkgQNJrIfk3bWz6ECo39AVDgJgyGPQ5mOvunTiHdaT61nCsGbfuOn0E-nA5WVneYkG3R73YTEJTPu6-T0kBIGsCDwf-ws5FqiErHCH-SC-dBkdJUdKCdmseIC1-PhgFe5LJ4cF8lfLIAxLO0IskHOtyWv7MJh-yLiK1y0xY1R5An4-_MiZcHHNK2KXMM3QUGrGZQIUYA-GA;+ExtronRecViewProd=dahd4kplusseries,dahd4kseries,dtpcp4k82,mlcplus200,mpa152plus,nbp200,tlppro725t,hc404,xtptusw1034k,xpau1002,knx100g;+ASP.NET_SessionId=t4nbjrv345oaijt52dwirppp;+username=cg@wurzer-solutions.at;+PriceClass=26D;+PriceList=EURS3+;+__RequestVerificationToken=zJCN0Up3s3qZ3EQyyxdHjPfzNuiIGz-XoPpqYX5hUiBg8YcC-SkNN6MELGGjTTPI1OVW4RPcSpsD0OxdsljG6Dac0Vw1;+BIGipServerextron.com_443_pool=!5CwWsx+MLFa7SiUMjvaJwiHEDz8tIEmbys9wW8b1t/P12bzzfQ6AbFlLhakneN5emETzRfELGCevrg==;+_gid=GA1.2.175445997.1746687566;+_gat_UA-130285241-1=1;+_clck=gq3nh8%7C2%7Cfvq%7C0%7C1891;+_ga=GA1.1.1212246975.1741272391;+_clsk=pr3azn%7C1746687573386%7C2%7C1%7Cl.clarity.ms%2Fcollect;+_ga_DP5ZZ9VH84=GS2.1.s1746687565$o6$g1$t1746687588$j37$l0$h0 https://www.extron.de/search?search=knx www.extron.de 304 0 0 1705 1
2025-05-08 07:00:08 10.1.0.50 GET /Content/vendor/bs-offcanvas/dist/js/bootstrap.offcanvas.js - 443 cg@wurzer-solutions.at 10.1.16.1 Mozilla/5.0+(Windows+NT+10.0;+Win64;+x64)+AppleWebKit/537.36+(KHTML,+like+Gecko)+Chrome/135.0.0.0+Safari/537.36 region=2;+lang=3;+.AspNet.Cookies=Z_oQ5Q0g2-4Atqy8DNN8WUn9mb9xyiH8evQYfZ29oqrO4uLP3MN1bWD4pHqxK9vNZNKTSjPCsTaHDO_o1_Nw_2RiEFk_ywPNcfGYlalMhNkybrJ0cnv2jNsnaCrkXc5UdrKMyPa7NVgQhfQ4NbeAwrnrmQOHECM9-j2tn_PEliZug7-66vw0-Esn1ZpC_wSEqnhuM1PjahfbUJIypH73QPawz6G25V8zSByIpeS8bjQcj3FnoU5osJoB-lPpkgQNJrIfk3bWz6ECo39AVDgJgyGPQ5mOvunTiHdaT61nCsGbfuOn0E-nA5WVneYkG3R73YTEJTPu6-T0kBIGsCDwf-ws5FqiErHCH-SC-dBkdJUdKCdmseIC1-PhgFe5LJ4cF8lfLIAxLO0IskHOtyWv7MJh-yLiK1y0xY1R5An4-_MiZcHHNK2KXMM3QUGrGZQIUYA-GA;+ExtronRecViewProd=dahd4kplusseries,dahd4kseries,dtpcp4k82,mlcplus200,mpa152plus,nbp200,tlppro725t,hc404,xtptusw1034k,xpau1002,knx100g;+ASP.NET_SessionId=t4nbjrv345oaijt52dwirppp;+username=cg@wurzer-solutions.at;+PriceClass=26D;+PriceList=EURS3+;+__RequestVerificationToken=zJCN0Up3s3qZ3EQyyxdHjPfzNuiIGz-XoPpqYX5hUiBg8YcC-SkNN6MELGGjTTPI1OVW4RPcSpsD0OxdsljG6Dac0Vw1;+BIGipServerextron.com_443_pool=!5CwWsx+MLFa7SiUMjvaJwiHEDz8tIEmbys9wW8b1t/P12bzzfQ6AbFlLhakneN5emETzRfELGCevrg==;+_gid=GA1.2.175445997.1746687566;+_gat_UA-130285241-1=1;+_clck=gq3nh8%7C2%7Cfvq%7C0%7C1891;+_ga=GA1.1.1212246975.1741272391;+_clsk=pr3azn%7C1746687573386%7C2%7C1%7Cl.clarity.ms%2Fcollect;+_ga_DP5ZZ9VH84=GS2.1.s1746687565$o6$g1$t1746687588$j37$l0$h0 https://www.extron.de/search?search=knx www.extron.de 304 0 0 1705 1
2025-05-08 07:00:08 10.1.0.50 GET /Content/vendor/hoverintent/jquery.hoverIntent.js - 443 cg@wurzer-solutions.at 10.1.16.1 Mozilla/5.0+(Windows+NT+10.0;+Win64;+x64)+AppleWebKit/537.36+(KHTML,+like+Gecko)+Chrome/135.0.0.0+Safari/537.36 region=2;+lang=3;+.AspNet.Cookies=Z_oQ5Q0g2-4Atqy8DNN8WUn9mb9xyiH8evQYfZ29oqrO4uLP3MN1bWD4pHqxK9vNZNKTSjPCsTaHDO_o1_Nw_2RiEFk_ywPNcfGYlalMhNkybrJ0cnv2jNsnaCrkXc5UdrKMyPa7NVgQhfQ4NbeAwrnrmQOHECM9-j2tn_PEliZug7-66vw0-Esn1ZpC_wSEqnhuM1PjahfbUJIypH73QPawz6G25V8zSByIpeS8bjQcj3FnoU5osJoB-lPpkgQNJrIfk3bWz6ECo39AVDgJgyGPQ5mOvunTiHdaT61nCsGbfuOn0E-nA5WVneYkG3R73YTEJTPu6-T0kBIGsCDwf-ws5FqiErHCH-SC-dBkdJUdKCdmseIC1-PhgFe5LJ4cF8lfLIAxLO0IskHOtyWv7MJh-yLiK1y0xY1R5An4-_MiZcHHNK2KXMM3QUGrGZQIUYA-GA;+ExtronRecViewProd=dahd4kplusseries,dahd4kseries,dtpcp4k82,mlcplus200,mpa152plus,nbp200,tlppro725t,hc404,xtptusw1034k,xpau1002,knx100g;+ASP.NET_SessionId=t4nbjrv345oaijt52dwirppp;+username=cg@wurzer-solutions.at;+PriceClass=26D;+PriceList=EURS3+;+__RequestVerificationToken=zJCN0Up3s3qZ3EQyyxdHjPfzNuiIGz-XoPpqYX5hUiBg8YcC-SkNN6MELGGjTTPI1OVW4RPcSpsD0OxdsljG6Dac0Vw1;+BIGipServerextron.com_443_pool=!5CwWsx+MLFa7SiUMjvaJwiHEDz8tIEmbys9wW8b1t/P12bzzfQ6AbFlLhakneN5emETzRfELGCevrg==;+_gid=GA1.2.175445997.1746687566;+_gat_UA-130285241-1=1;+_clck=gq3nh8%7C2%7Cfvq%7C0%7C1891;+_ga=GA1.1.1212246975.1741272391;+_clsk=pr3azn%7C1746687573386%7C2%7C1%7Cl.clarity.ms%2Fcollect;+_ga_DP5ZZ9VH84=GS2.1.s1746687565$o6$g1$t1746687588$j37$l0$h0 https://www.extron.de/search?search=knx www.extron.de 304 0 0 1705 1
2025-05-08 07:00:08 10.1.0.50 GET /Content/vendor/jquery-debounce/jquery.ba-throttle-debounce.js - 443 cg@wurzer-solutions.at 10.1.16.1 Mozilla/5.0+(Windows+NT+10.0;+Win64;+x64)+AppleWebKit/537.36+(KHTML,+like+Gecko)+Chrome/135.0.0.0+Safari/537.36 region=2;+lang=3;+.AspNet.Cookies=Z_oQ5Q0g2-4Atqy8DNN8WUn9mb9xyiH8evQYfZ29oqrO4uLP3MN1bWD4pHqxK9vNZNKTSjPCsTaHDO_o1_Nw_2RiEFk_ywPNcfGYlalMhNkybrJ0cnv2jNsnaCrkXc5UdrKMyPa7NVgQhfQ4NbeAwrnrmQOHECM9-j2tn_PEliZug7-66vw0-Esn1ZpC_wSEqnhuM1PjahfbUJIypH73QPawz6G25V8zSByIpeS8bjQcj3FnoU5osJoB-lPpkgQNJrIfk3bWz6ECo39AVDgJgyGPQ5mOvunTiHdaT61nCsGbfuOn0E-nA5WVneYkG3R73YTEJTPu6-T0kBIGsCDwf-ws5FqiErHCH-SC-dBkdJUdKCdmseIC1-PhgFe5LJ4cF8lfLIAxLO0IskHOtyWv7MJh-yLiK1y0xY1R5An4-_MiZcHHNK2KXMM3QUGrGZQIUYA-GA;+ExtronRecViewProd=dahd4kplusseries,dahd4kseries,dtpcp4k82,mlcplus200,mpa152plus,nbp200,tlppro725t,hc404,xtptusw1034k,xpau1002,knx100g;+ASP.NET_SessionId=t4nbjrv345oaijt52dwirppp;+username=cg@wurzer-solutions.at;+PriceClass=26D;+PriceList=EURS3+;+__RequestVerificationToken=zJCN0Up3s3qZ3EQyyxdHjPfzNuiIGz-XoPpqYX5hUiBg8YcC-SkNN6MELGGjTTPI1OVW4RPcSpsD0OxdsljG6Dac0Vw1;+BIGipServerextron.com_443_pool=838861066.47873.0000;+_gid=GA1.2.175445997.1746687566;+_gat_UA-130285241-1=1;+_clck=gq3nh8%7C2%7Cfvq%7C0%7C1891;+_ga=GA1.1.1212246975.1741272391;+_clsk=pr3azn%7C1746687573386%7C2%7C1%7Cl.clarity.ms%2Fcollect;+_ga_DP5ZZ9VH84=GS2.1.s1746687565$o6$g1$t1746687588$j37$l0$h0 https://www.extron.de/search?search=knx www.extron.de 304 0 0 1705 1
2025-05-08 07:00:08 10.1.0.50 GET /Content/vendor/fontawesome/webfonts/fa-brands-400.woff2 - 443 - 10.1.16.1 Mozilla/5.0+(Windows+NT+6.1;+Win64;+x64)+AppleWebKit/537.36+(KHTML,+like+Gecko)+Chrome/109.0.0.0+Safari/537.36+Edg/109.0.1518.140 ASP.NET_SessionId=v4sr0zkzacze3mouncia1scm;+region=1;+lang=1;+__RequestVerificationToken=RH9ezm4kZ2-wwmjtjTuL-ZymLaimkPkviC8qf2ASEc-aWXAHS-MNG30m0PRb9di0VwUkJf40jZYILZ9eCiVBvKI0n2Q1;+BIGipServerextron.com_443_pool=!5S7tXiqUToJ84EkMjvaJwiHEDz8tIOwI4vIgmb+T3iRLDhxjUlXRW8D7J2Ep1r4KmhNFrjzB9hUcEg== https://www.extron.com/Content/vendor/fontawesome/css/all.min.css www.extron.com 200 0 0 112897 2
2025-05-08 07:00:08 10.1.0.50 GET /Content/vendor/fontawesome/webfonts/fa-regular-400.woff2 - 443 - 10.1.16.1 Mozilla/5.0+(Windows+NT+6.1;+Win64;+x64)+AppleWebKit/537.36+(KHTML,+like+Gecko)+Chrome/109.0.0.0+Safari/537.36+Edg/109.0.1518.140 ASP.NET_SessionId=v4sr0zkzacze3mouncia1scm;+region=1;+lang=1;+__RequestVerificationToken=RH9ezm4kZ2-wwmjtjTuL-ZymLaimkPkviC8qf2ASEc-aWXAHS-MNG30m0PRb9di0VwUkJf40jZYILZ9eCiVBvKI0n2Q1;+BIGipServerextron.com_443_pool=!5S7tXiqUToJ84EkMjvaJwiHEDz8tIOwI4vIgmb+T3iRLDhxjUlXRW8D7J2Ep1r4KmhNFrjzB9hUcEg== https://www.extron.com/Content/vendor/fontawesome/css/all.min.css www.extron.com 200 0 0 397929 3
2025-05-08 07:00:08 10.1.0.50 GET /technology/literature.aspx s=rmm&s=rmm&s=rmm&s=rmm&s=rmm&s=rmm&s=rmm&s=rmm&s=rmm&s=rmm&s=rmm&s=rmm&s=rmm&s=rmm&s=rmm&s=rmm&filetype=6&lang=3&tabid=5&id=All&filetype=81&lang=1&tabid=3&id=L&filetype=81&lang=1&tabid=3&id=L&filetype=102&lang=3&tabid=4&id=D&filetype=4&lang=3&tabid=1&id=Q&filetype=6&lang=3&tabid=5&id=M&filetype=6&lang=3&tabid=5&id=All&filetype=4&lang=3&tabid=1&id=N&filetype=81&lang=1&tabid=3&id=X&filetype=81&lang=1&tabid=3&id=Y&filetype=102&lang=3&tabid=4&id=A&filetype=81&lang=1&tabid=3&id=W&filetype=4&lang=3&tabid=1&id=R&filetype=81&lang=1&tabid=3&id=S&filetype=81&lang=1&tabid=3&id=E&filetype=4&lang=3&tabid=1&id=All 443 - 10.1.16.1 Mozilla/5.0+AppleWebKit/537.36+(KHTML,+like+Gecko;+compatible;+bingbot/2.0;++http://www.bing.com/bingbot.htm)+Chrome/116.0.1938.76+Safari/537.36 - - www.extron.fr 200 0 0 166264 1094
2025-05-08 07:00:08 10.1.0.50 GET /Content/vendor/bootstrap/bootstrap.bundle_5.js - 443 likith.c@velocis.co.in 10.1.16.1 Mozilla/5.0+(Windows+NT+10.0;+Win64;+x64)+AppleWebKit/537.36+(KHTML,+like+Gecko)+Chrome/136.0.0.0+Safari/537.36 lang=1;+region=3;+.AspNet.Cookies=_dD5gUEanpZTN975XsYBheFfYLVk352Xj3wX9snng8-ngSONT1l4MGL5OvRWJ1cVqw23NmCNHDv8aDTs0ZBVZnFfLzCd8uvnAETESNOyVPENpwPe0YuhZQEuNNIWGGRZpyDPIc9G1R_CHH_uuw6Y8lEXeZGZyRJod0sD8r7QLBizDmIhFMKFFgf9iMJup75oPRr-5aWcKcek5MOOegYlKRvEhXzIxMSe9wBPTXmp97T5ALLT2i_noNt-lTxOJx1evcz5SXCmgks5LRHIyTXCvkUlAW9fSbX6arQY7RH8PrTLxhE17_R1D2IyUN7-xKAxItgUQyBXFGmP1yC8LMLDHmZDTeDDyLczmuDijqsp-S6f8WDAsnpSJRtKZs_LvVj21wU5QpWFWETJSbllIsGVgSsUAVQNVYAoYAJTu3kGRmIN-64V8AM3M4OLsI4VXZQCWN6qfQ;+_gid=GA1.2.339565457.1746590700;+ASP.NET_SessionId=1fflf00vu01zqimxer12gll4;+username=likith.c@velocis.co.in;+PriceClass=33P;+PriceList=EU;+__RequestVerificationToken=0W3_-Wnla4dlDKhFJJvsmpnOo9oUcI6ul0jSMvJTUz1VKyBcjzS_rOV03rLtZW5-8OEJDaNjFkbGYS0YmJnh8D3wWNo1;+BIGipServerextron.com_443_pool=!UUKG5R+gS7Rk7LcMjvaJwiHEDz8tIEadGvvvhJnJPVMWhlSH3uOG16z6ul4ET1PK4Ur0LFnJzkZrPg==;+_clck=1mog0se%7C2%7Cfvq%7C0%7C1953;+_ga=GA1.2.2046277005.1746590700;+_clsk=1eytj6o%7C1746687488869%7C4%7C1%7Cn.clarity.ms%2Fcollect;+_ga_DP5ZZ9VH84=GS2.1.s1746687370$o12$g1$t1746687588$j60$l0$h0 https://www.extron.com/Training/MyTraining/Lessons/?stcr=1964116&cour=COUR201809101054470632070 www.extron.com 304 0 0 1705 3
2025-05-08 07:00:08 10.1.0.50 GET /Content/vendor/fancybox-3.5.7/dist/jquery.fancybox.js - 443 likith.c@velocis.co.in 10.1.16.1 Mozilla/5.0+(Windows+NT+10.0;+Win64;+x64)+AppleWebKit/537.36+(KHTML,+like+Gecko)+Chrome/136.0.0.0+Safari/537.36 lang=1;+region=3;+.AspNet.Cookies=_dD5gUEanpZTN975XsYBheFfYLVk352Xj3wX9snng8-ngSONT1l4MGL5OvRWJ1cVqw23NmCNHDv8aDTs0ZBVZnFfLzCd8uvnAETESNOyVPENpwPe0YuhZQEuNNIWGGRZpyDPIc9G1R_CHH_uuw6Y8lEXeZGZyRJod0sD8r7QLBizDmIhFMKFFgf9iMJup75oPRr-5aWcKcek5MOOegYlKRvEhXzIxMSe9wBPTXmp97T5ALLT2i_noNt-lTxOJx1evcz5SXCmgks5LRHIyTXCvkUlAW9fSbX6arQY7RH8PrTLxhE17_R1D2IyUN7-xKAxItgUQyBXFGmP1yC8LMLDHmZDTeDDyLczmuDijqsp-S6f8WDAsnpSJRtKZs_LvVj21wU5QpWFWETJSbllIsGVgSsUAVQNVYAoYAJTu3kGRmIN-64V8AM3M4OLsI4VXZQCWN6qfQ;+_gid=GA1.2.339565457.1746590700;+ASP.NET_SessionId=1fflf00vu01zqimxer12gll4;+username=likith.c@velocis.co.in;+PriceClass=33P;+PriceList=EU;+__RequestVerificationToken=0W3_-Wnla4dlDKhFJJvsmpnOo9oUcI6ul0jSMvJTUz1VKyBcjzS_rOV03rLtZW5-8OEJDaNjFkbGYS0YmJnh8D3wWNo1;+BIGipServerextron.com_443_pool=!UUKG5R+gS7Rk7LcMjvaJwiHEDz8tIEadGvvvhJnJPVMWhlSH3uOG16z6ul4ET1PK4Ur0LFnJzkZrPg==;+_clck=1mog0se%7C2%7Cfvq%7C0%7C1953;+_ga=GA1.2.2046277005.1746590700;+_clsk=1eytj6o%7C1746687488869%7C4%7C1%7Cn.clarity.ms%2Fcollect;+_ga_DP5ZZ9VH84=GS2.1.s1746687370$o12$g1$t1746687588$j60$l0$h0 https://www.extron.com/Training/MyTraining/Lessons/?stcr=1964116&cour=COUR201809101054470632070 www.extron.com 304 0 0 1705 1
2025-05-08 07:00:08 10.1.0.50 GET /Content/vendor/bs-offcanvas/dist/js/bootstrap.offcanvas.js - 443 likith.c@velocis.co.in 10.1.16.1 Mozilla/5.0+(Windows+NT+10.0;+Win64;+x64)+AppleWebKit/537.36+(KHTML,+like+Gecko)+Chrome/136.0.0.0+Safari/537.36 lang=1;+region=3;+.AspNet.Cookies=_dD5gUEanpZTN975XsYBheFfYLVk352Xj3wX9snng8-ngSONT1l4MGL5OvRWJ1cVqw23NmCNHDv8aDTs0ZBVZnFfLzCd8uvnAETESNOyVPENpwPe0YuhZQEuNNIWGGRZpyDPIc9G1R_CHH_uuw6Y8lEXeZGZyRJod0sD8r7QLBizDmIhFMKFFgf9iMJup75oPRr-5aWcKcek5MOOegYlKRvEhXzIxMSe9wBPTXmp97T5ALLT2i_noNt-lTxOJx1evcz5SXCmgks5LRHIyTXCvkUlAW9fSbX6arQY7RH8PrTLxhE17_R1D2IyUN7-xKAxItgUQyBXFGmP1yC8LMLDHmZDTeDDyLczmuDijqsp-S6f8WDAsnpSJRtKZs_LvVj21wU5QpWFWETJSbllIsGVgSsUAVQNVYAoYAJTu3kGRmIN-64V8AM3M4OLsI4VXZQCWN6qfQ;+_gid=GA1.2.339565457.1746590700;+ASP.NET_SessionId=1fflf00vu01zqimxer12gll4;+username=likith.c@velocis.co.in;+PriceClass=33P;+PriceList=EU;+__RequestVerificationToken=0W3_-Wnla4dlDKhFJJvsmpnOo9oUcI6ul0jSMvJTUz1VKyBcjzS_rOV03rLtZW5-8OEJDaNjFkbGYS0YmJnh8D3wWNo1;+BIGipServerextron.com_443_pool=!UUKG5R+gS7Rk7LcMjvaJwiHEDz8tIEadGvvvhJnJPVMWhlSH3uOG16z6ul4ET1PK4Ur0LFnJzkZrPg==;+_clck=1mog0se%7C2%7Cfvq%7C0%7C1953;+_ga=GA1.2.2046277005.1746590700;+_clsk=1eytj6o%7C1746687488869%7C4%7C1%7Cn.clarity.ms%2Fcollect;+_ga_DP5ZZ9VH84=GS2.1.s1746687370$o12$g1$t1746687588$j60$l0$h0 https://www.extron.com/Training/MyTraining/Lessons/?stcr=1964116&cour=COUR201809101054470632070 www.extron.com 304 0 0 1705 1
2025-05-08 07:00:08 10.1.0.50 GET /Content/vendor/jquery-unobtrusive-ajax/jquery.unobtrusive-ajax.js - 443 likith.c@velocis.co.in 10.1.16.1 Mozilla/5.0+(Windows+NT+10.0;+Win64;+x64)+AppleWebKit/537.36+(KHTML,+like+Gecko)+Chrome/136.0.0.0+Safari/537.36 lang=1;+region=3;+.AspNet.Cookies=_dD5gUEanpZTN975XsYBheFfYLVk352Xj3wX9snng8-ngSONT1l4MGL5OvRWJ1cVqw23NmCNHDv8aDTs0ZBVZnFfLzCd8uvnAETESNOyVPENpwPe0YuhZQEuNNIWGGRZpyDPIc9G1R_CHH_uuw6Y8lEXeZGZyRJod0sD8r7QLBizDmIhFMKFFgf9iMJup75oPRr-5aWcKcek5MOOegYlKRvEhXzIxMSe9wBPTXmp97T5ALLT2i_noNt-lTxOJx1evcz5SXCmgks5LRHIyTXCvkUlAW9fSbX6arQY7RH8PrTLxhE17_R1D2IyUN7-xKAxItgUQyBXFGmP1yC8LMLDHmZDTeDDyLczmuDijqsp-S6f8WDAsnpSJRtKZs_LvVj21wU5QpWFWETJSbllIsGVgSsUAVQNVYAoYAJTu3kGRmIN-64V8AM3M4OLsI4VXZQCWN6qfQ;+_gid=GA1.2.339565457.1746590700;+ASP.NET_SessionId=1fflf00vu01zqimxer12gll4;+username=likith.c@velocis.co.in;+PriceClass=33P;+PriceList=EU;+__RequestVerificationToken=0W3_-Wnla4dlDKhFJJvsmpnOo9oUcI6ul0jSMvJTUz1VKyBcjzS_rOV03rLtZW5-8OEJDaNjFkbGYS0YmJnh8D3wWNo1;+BIGipServerextron.com_443_pool=!UUKG5R+gS7Rk7LcMjvaJwiHEDz8tIEadGvvvhJnJPVMWhlSH3uOG16z6ul4ET1PK4Ur0LFnJzkZrPg==;+_clck=1mog0se%7C2%7Cfvq%7C0%7C1953;+_ga=GA1.2.2046277005.1746590700;+_clsk=1eytj6o%7C1746687488869%7C4%7C1%7Cn.clarity.ms%2Fcollect;+_ga_DP5ZZ9VH84=GS2.1.s1746687370$o12$g1$t1746687588$j60$l0$h0 https://www.extron.com/Training/MyTraining/Lessons/?stcr=1964116&cour=COUR201809101054470632070 www.extron.com 304 0 0 1705 1
2025-05-08 07:00:08 10.1.0.50 GET /Content/vendor/jquery-debounce/jquery.ba-throttle-debounce.js - 443 likith.c@velocis.co.in 10.1.16.1 Mozilla/5.0+(Windows+NT+10.0;+Win64;+x64)+AppleWebKit/537.36+(KHTML,+like+Gecko)+Chrome/136.0.0.0+Safari/537.36 lang=1;+region=3;+.AspNet.Cookies=_dD5gUEanpZTN975XsYBheFfYLVk352Xj3wX9snng8-ngSONT1l4MGL5OvRWJ1cVqw23NmCNHDv8aDTs0ZBVZnFfLzCd8uvnAETESNOyVPENpwPe0YuhZQEuNNIWGGRZpyDPIc9G1R_CHH_uuw6Y8lEXeZGZyRJod0sD8r7QLBizDmIhFMKFFgf9iMJup75oPRr-5aWcKcek5MOOegYlKRvEhXzIxMSe9wBPTXmp97T5ALLT2i_noNt-lTxOJx1evcz5SXCmgks5LRHIyTXCvkUlAW9fSbX6arQY7RH8PrTLxhE17_R1D2IyUN7-xKAxItgUQyBXFGmP1yC8LMLDHmZDTeDDyLczmuDijqsp-S6f8WDAsnpSJRtKZs_LvVj21wU5QpWFWETJSbllIsGVgSsUAVQNVYAoYAJTu3kGRmIN-64V8AM3M4OLsI4VXZQCWN6qfQ;+_gid=GA1.2.339565457.1746590700;+ASP.NET_SessionId=1fflf00vu01zqimxer12gll4;+username=likith.c@velocis.co.in;+PriceClass=33P;+PriceList=EU;+__RequestVerificationToken=0W3_-Wnla4dlDKhFJJvsmpnOo9oUcI6ul0jSMvJTUz1VKyBcjzS_rOV03rLtZW5-8OEJDaNjFkbGYS0YmJnh8D3wWNo1;+BIGipServerextron.com_443_pool=!UUKG5R+gS7Rk7LcMjvaJwiHEDz8tIEadGvvvhJnJPVMWhlSH3uOG16z6ul4ET1PK4Ur0LFnJzkZrPg==;+_clck=1mog0se%7C2%7Cfvq%7C0%7C1953;+_ga=GA1.2.2046277005.1746590700;+_clsk=1eytj6o%7C1746687488869%7C4%7C1%7Cn.clarity.ms%2Fcollect;+_ga_DP5ZZ9VH84=GS2.1.s1746687370$o12$g1$t1746687588$j60$l0$h0 https://www.extron.com/Training/MyTraining/Lessons/?stcr=1964116&cour=COUR201809101054470632070 www.extron.com 304 0 0 1705 1
2025-05-08 07:00:08 10.1.0.50 GET /Content/vendor/hoverintent/jquery.hoverIntent.js - 443 likith.c@velocis.co.in 10.1.16.1 Mozilla/5.0+(Windows+NT+10.0;+Win64;+x64)+AppleWebKit/537.36+(KHTML,+like+Gecko)+Chrome/136.0.0.0+Safari/537.36 lang=1;+region=3;+.AspNet.Cookies=_dD5gUEanpZTN975XsYBheFfYLVk352Xj3wX9snng8-ngSONT1l4MGL5OvRWJ1cVqw23NmCNHDv8aDTs0ZBVZnFfLzCd8uvnAETESNOyVPENpwPe0YuhZQEuNNIWGGRZpyDPIc9G1R_CHH_uuw6Y8lEXeZGZyRJod0sD8r7QLBizDmIhFMKFFgf9iMJup75oPRr-5aWcKcek5MOOegYlKRvEhXzIxMSe9wBPTXmp97T5ALLT2i_noNt-lTxOJx1evcz5SXCmgks5LRHIyTXCvkUlAW9fSbX6arQY7RH8PrTLxhE17_R1D2IyUN7-xKAxItgUQyBXFGmP1yC8LMLDHmZDTeDDyLczmuDijqsp-S6f8WDAsnpSJRtKZs_LvVj21wU5QpWFWETJSbllIsGVgSsUAVQNVYAoYAJTu3kGRmIN-64V8AM3M4OLsI4VXZQCWN6qfQ;+_gid=GA1.2.339565457.1746590700;+ASP.NET_SessionId=1fflf00vu01zqimxer12gll4;+username=likith.c@velocis.co.in;+PriceClass=33P;+PriceList=EU;+__RequestVerificationToken=0W3_-Wnla4dlDKhFJJvsmpnOo9oUcI6ul0jSMvJTUz1VKyBcjzS_rOV03rLtZW5-8OEJDaNjFkbGYS0YmJnh8D3wWNo1;+BIGipServerextron.com_443_pool=!UUKG5R+gS7Rk7LcMjvaJwiHEDz8tIEadGvvvhJnJPVMWhlSH3uOG16z6ul4ET1PK4Ur0LFnJzkZrPg==;+_clck=1mog0se%7C2%7Cfvq%7C0%7C1953;+_ga=GA1.2.2046277005.1746590700;+_clsk=1eytj6o%7C1746687488869%7C4%7C1%7Cn.clarity.ms%2Fcollect;+_ga_DP5ZZ9VH84=GS2.1.s1746687370$o12$g1$t1746687588$j60$l0$h0 https://www.extron.com/Training/MyTraining/Lessons/?stcr=1964116&cour=COUR201809101054470632070 www.extron.com 304 0 0 1705 1
2025-05-08 07:00:08 10.1.0.50 GET /Content/css/Shared/fonts/roboto-v18-cyrillic_latin-ext_latin_cyrillic-ext-700.woff2 - 443 cg@wurzer-solutions.at 10.1.16.1 Mozilla/5.0+(Windows+NT+10.0;+Win64;+x64)+AppleWebKit/537.36+(KHTML,+like+Gecko)+Chrome/135.0.0.0+Safari/537.36 region=2;+lang=3;+.AspNet.Cookies=Z_oQ5Q0g2-4Atqy8DNN8WUn9mb9xyiH8evQYfZ29oqrO4uLP3MN1bWD4pHqxK9vNZNKTSjPCsTaHDO_o1_Nw_2RiEFk_ywPNcfGYlalMhNkybrJ0cnv2jNsnaCrkXc5UdrKMyPa7NVgQhfQ4NbeAwrnrmQOHECM9-j2tn_PEliZug7-66vw0-Esn1ZpC_wSEqnhuM1PjahfbUJIypH73QPawz6G25V8zSByIpeS8bjQcj3FnoU5osJoB-lPpkgQNJrIfk3bWz6ECo39AVDgJgyGPQ5mOvunTiHdaT61nCsGbfuOn0E-nA5WVneYkG3R73YTEJTPu6-T0kBIGsCDwf-ws5FqiErHCH-SC-dBkdJUdKCdmseIC1-PhgFe5LJ4cF8lfLIAxLO0IskHOtyWv7MJh-yLiK1y0xY1R5An4-_MiZcHHNK2KXMM3QUGrGZQIUYA-GA;+ExtronRecViewProd=dahd4kplusseries,dahd4kseries,dtpcp4k82,mlcplus200,mpa152plus,nbp200,tlppro725t,hc404,xtptusw1034k,xpau1002,knx100g;+ASP.NET_SessionId=t4nbjrv345oaijt52dwirppp;+username=cg@wurzer-solutions.at;+PriceClass=26D;+PriceList=EURS3+;+__RequestVerificationToken=zJCN0Up3s3qZ3EQyyxdHjPfzNuiIGz-XoPpqYX5hUiBg8YcC-SkNN6MELGGjTTPI1OVW4RPcSpsD0OxdsljG6Dac0Vw1;+BIGipServerextron.com_443_pool=!5CwWsx+MLFa7SiUMjvaJwiHEDz8tIEmbys9wW8b1t/P12bzzfQ6AbFlLhakneN5emETzRfELGCevrg==;+_gid=GA1.2.175445997.1746687566;+_gat_UA-130285241-1=1;+_clck=gq3nh8%7C2%7Cfvq%7C0%7C1891;+_ga=GA1.1.1212246975.1741272391;+_clsk=pr3azn%7C1746687573386%7C2%7C1%7Cl.clarity.ms%2Fcollect;+_ga_DP5ZZ9VH84=GS2.1.s1746687565$o6$g1$t1746687588$j37$l0$h0 https://www.extron.de/Content/css/Shared/extron.css www.extron.de 304 0 0 1705 1
2025-05-08 07:00:08 10.1.0.50 GET /Content/css/Shared/fonts/roboto-v18-cyrillic_latin-ext_latin_cyrillic-ext-regular.woff2 - 443 cg@wurzer-solutions.at 10.1.16.1 Mozilla/5.0+(Windows+NT+10.0;+Win64;+x64)+AppleWebKit/537.36+(KHTML,+like+Gecko)+Chrome/135.0.0.0+Safari/537.36 region=2;+lang=3;+.AspNet.Cookies=Z_oQ5Q0g2-4Atqy8DNN8WUn9mb9xyiH8evQYfZ29oqrO4uLP3MN1bWD4pHqxK9vNZNKTSjPCsTaHDO_o1_Nw_2RiEFk_ywPNcfGYlalMhNkybrJ0cnv2jNsnaCrkXc5UdrKMyPa7NVgQhfQ4NbeAwrnrmQOHECM9-j2tn_PEliZug7-66vw0-Esn1ZpC_wSEqnhuM1PjahfbUJIypH73QPawz6G25V8zSByIpeS8bjQcj3FnoU5osJoB-lPpkgQNJrIfk3bWz6ECo39AVDgJgyGPQ5mOvunTiHdaT61nCsGbfuOn0E-nA5WVneYkG3R73YTEJTPu6-T0kBIGsCDwf-ws5FqiErHCH-SC-dBkdJUdKCdmseIC1-PhgFe5LJ4cF8lfLIAxLO0IskHOtyWv7MJh-yLiK1y0xY1R5An4-_MiZcHHNK2KXMM3QUGrGZQIUYA-GA;+ExtronRecViewProd=dahd4kplusseries,dahd4kseries,dtpcp4k82,mlcplus200,mpa152plus,nbp200,tlppro725t,hc404,xtptusw1034k,xpau1002,knx100g;+ASP.NET_SessionId=t4nbjrv345oaijt52dwirppp;+username=cg@wurzer-solutions.at;+PriceClass=26D;+PriceList=EURS3+;+__RequestVerificationToken=zJCN0Up3s3qZ3EQyyxdHjPfzNuiIGz-XoPpqYX5hUiBg8YcC-SkNN6MELGGjTTPI1OVW4RPcSpsD0OxdsljG6Dac0Vw1;+BIGipServerextron.com_443_pool=!5CwWsx+MLFa7SiUMjvaJwiHEDz8tIEmbys9wW8b1t/P12bzzfQ6AbFlLhakneN5emETzRfELGCevrg==;+_gid=GA1.2.175445997.1746687566;+_gat_UA-130285241-1=1;+_clck=gq3nh8%7C2%7Cfvq%7C0%7C1891;+_ga=GA1.1.1212246975.1741272391;+_clsk=pr3azn%7C1746687573386%7C2%7C1%7Cl.clarity.ms%2Fcollect;+_ga_DP5ZZ9VH84=GS2.1.s1746687565$o6$g1$t1746687588$j37$l0$h0 https://www.extron.de/Content/css/Shared/extron.css www.extron.de 304 0 0 1705 2
2025-05-08 07:00:08 10.1.0.50 GET /Content/vendor/fontawesome/webfonts/fa-solid-900.woff2 - 443 cg@wurzer-solutions.at 10.1.16.1 Mozilla/5.0+(Windows+NT+10.0;+Win64;+x64)+AppleWebKit/537.36+(KHTML,+like+Gecko)+Chrome/135.0.0.0+Safari/537.36 region=2;+lang=3;+.AspNet.Cookies=Z_oQ5Q0g2-4Atqy8DNN8WUn9mb9xyiH8evQYfZ29oqrO4uLP3MN1bWD4pHqxK9vNZNKTSjPCsTaHDO_o1_Nw_2RiEFk_ywPNcfGYlalMhNkybrJ0cnv2jNsnaCrkXc5UdrKMyPa7NVgQhfQ4NbeAwrnrmQOHECM9-j2tn_PEliZug7-66vw0-Esn1ZpC_wSEqnhuM1PjahfbUJIypH73QPawz6G25V8zSByIpeS8bjQcj3FnoU5osJoB-lPpkgQNJrIfk3bWz6ECo39AVDgJgyGPQ5mOvunTiHdaT61nCsGbfuOn0E-nA5WVneYkG3R73YTEJTPu6-T0kBIGsCDwf-ws5FqiErHCH-SC-dBkdJUdKCdmseIC1-PhgFe5LJ4cF8lfLIAxLO0IskHOtyWv7MJh-yLiK1y0xY1R5An4-_MiZcHHNK2KXMM3QUGrGZQIUYA-GA;+ExtronRecViewProd=dahd4kplusseries,dahd4kseries,dtpcp4k82,mlcplus200,mpa152plus,nbp200,tlppro725t,hc404,xtptusw1034k,xpau1002,knx100g;+ASP.NET_SessionId=t4nbjrv345oaijt52dwirppp;+username=cg@wurzer-solutions.at;+PriceClass=26D;+PriceList=EURS3+;+__RequestVerificationToken=zJCN0Up3s3qZ3EQyyxdHjPfzNuiIGz-XoPpqYX5hUiBg8YcC-SkNN6MELGGjTTPI1OVW4RPcSpsD0OxdsljG6Dac0Vw1;+BIGipServerextron.com_443_pool=!5CwWsx+MLFa7SiUMjvaJwiHEDz8tIEmbys9wW8b1t/P12bzzfQ6AbFlLhakneN5emETzRfELGCevrg==;+_gid=GA1.2.175445997.1746687566;+_gat_UA-130285241-1=1;+_clck=gq3nh8%7C2%7Cfvq%7C0%7C1891;+_ga=GA1.1.1212246975.1741272391;+_clsk=pr3azn%7C1746687573386%7C2%7C1%7Cl.clarity.ms%2Fcollect;+_ga_DP5ZZ9VH84=GS2.1.s1746687565$o6$g1$t1746687588$j37$l0$h0 https://www.extron.de/Content/vendor/fontawesome/css/all.min.css www.extron.de 304 0 0 1703 1
2025-05-08 07:00:08 10.1.0.50 GET /Content/vendor/fontawesome/webfonts/fa-light-300.woff2 - 443 cg@wurzer-solutions.at 10.1.16.1 Mozilla/5.0+(Windows+NT+10.0;+Win64;+x64)+AppleWebKit/537.36+(KHTML,+like+Gecko)+Chrome/135.0.0.0+Safari/537.36 region=2;+lang=3;+.AspNet.Cookies=Z_oQ5Q0g2-4Atqy8DNN8WUn9mb9xyiH8evQYfZ29oqrO4uLP3MN1bWD4pHqxK9vNZNKTSjPCsTaHDO_o1_Nw_2RiEFk_ywPNcfGYlalMhNkybrJ0cnv2jNsnaCrkXc5UdrKMyPa7NVgQhfQ4NbeAwrnrmQOHECM9-j2tn_PEliZug7-66vw0-Esn1ZpC_wSEqnhuM1PjahfbUJIypH73QPawz6G25V8zSByIpeS8bjQcj3FnoU5osJoB-lPpkgQNJrIfk3bWz6ECo39AVDgJgyGPQ5mOvunTiHdaT61nCsGbfuOn0E-nA5WVneYkG3R73YTEJTPu6-T0kBIGsCDwf-ws5FqiErHCH-SC-dBkdJUdKCdmseIC1-PhgFe5LJ4cF8lfLIAxLO0IskHOtyWv7MJh-yLiK1y0xY1R5An4-_MiZcHHNK2KXMM3QUGrGZQIUYA-GA;+ExtronRecViewProd=dahd4kplusseries,dahd4kseries,dtpcp4k82,mlcplus200,mpa152plus,nbp200,tlppro725t,hc404,xtptusw1034k,xpau1002,knx100g;+ASP.NET_SessionId=t4nbjrv345oaijt52dwirppp;+username=cg@wurzer-solutions.at;+PriceClass=26D;+PriceList=EURS3+;+__RequestVerificationToken=zJCN0Up3s3qZ3EQyyxdHjPfzNuiIGz-XoPpqYX5hUiBg8YcC-SkNN6MELGGjTTPI1OVW4RPcSpsD0OxdsljG6Dac0Vw1;+BIGipServerextron.com_443_pool=!5CwWsx+MLFa7SiUMjvaJwiHEDz8tIEmbys9wW8b1t/P12bzzfQ6AbFlLhakneN5emETzRfELGCevrg==;+_gid=GA1.2.175445997.1746687566;+_gat_UA-130285241-1=1;+_clck=gq3nh8%7C2%7Cfvq%7C0%7C1891;+_ga=GA1.1.1212246975.1741272391;+_clsk=pr3azn%7C1746687573386%7C2%7C1%7Cl.clarity.ms%2Fcollect;+_ga_DP5ZZ9VH84=GS2.1.s1746687565$o6$g1$t1746687588$j37$l0$h0 https://www.extron.de/Content/vendor/fontawesome/css/all.min.css www.extron.de 304 0 0 1703 2
2025-05-08 07:00:08 10.1.0.50 GET /Content/vendor/fontawesome/webfonts/fa-regular-400.woff2 - 443 cg@wurzer-solutions.at 10.1.16.1 Mozilla/5.0+(Windows+NT+10.0;+Win64;+x64)+AppleWebKit/537.36+(KHTML,+like+Gecko)+Chrome/135.0.0.0+Safari/537.36 region=2;+lang=3;+.AspNet.Cookies=Z_oQ5Q0g2-4Atqy8DNN8WUn9mb9xyiH8evQYfZ29oqrO4uLP3MN1bWD4pHqxK9vNZNKTSjPCsTaHDO_o1_Nw_2RiEFk_ywPNcfGYlalMhNkybrJ0cnv2jNsnaCrkXc5UdrKMyPa7NVgQhfQ4NbeAwrnrmQOHECM9-j2tn_PEliZug7-66vw0-Esn1ZpC_wSEqnhuM1PjahfbUJIypH73QPawz6G25V8zSByIpeS8bjQcj3FnoU5osJoB-lPpkgQNJrIfk3bWz6ECo39AVDgJgyGPQ5mOvunTiHdaT61nCsGbfuOn0E-nA5WVneYkG3R73YTEJTPu6-T0kBIGsCDwf-ws5FqiErHCH-SC-dBkdJUdKCdmseIC1-PhgFe5LJ4cF8lfLIAxLO0IskHOtyWv7MJh-yLiK1y0xY1R5An4-_MiZcHHNK2KXMM3QUGrGZQIUYA-GA;+ExtronRecViewProd=dahd4kplusseries,dahd4kseries,dtpcp4k82,mlcplus200,mpa152plus,nbp200,tlppro725t,hc404,xtptusw1034k,xpau1002,knx100g;+ASP.NET_SessionId=t4nbjrv345oaijt52dwirppp;+username=cg@wurzer-solutions.at;+PriceClass=26D;+PriceList=EURS3+;+__RequestVerificationToken=zJCN0Up3s3qZ3EQyyxdHjPfzNuiIGz-XoPpqYX5hUiBg8YcC-SkNN6MELGGjTTPI1OVW4RPcSpsD0OxdsljG6Dac0Vw1;+BIGipServerextron.com_443_pool=!5CwWsx+MLFa7SiUMjvaJwiHEDz8tIEmbys9wW8b1t/P12bzzfQ6AbFlLhakneN5emETzRfELGCevrg==;+_gid=GA1.2.175445997.1746687566;+_gat_UA-130285241-1=1;+_clck=gq3nh8%7C2%7Cfvq%7C0%7C1891;+_ga=GA1.1.1212246975.1741272391;+_clsk=pr3azn%7C1746687573386%7C2%7C1%7Cl.clarity.ms%2Fcollect;+_ga_DP5ZZ9VH84=GS2.1.s1746687565$o6$g1$t1746687588$j37$l0$h0 https://www.extron.de/Content/vendor/fontawesome/css/all.min.css www.extron.de 304 0 0 1703 1
2025-05-08 07:00:08 10.1.0.50 GET /Content/vendor/fontawesome/webfonts/fa-brands-400.woff2 - 443 cg@wurzer-solutions.at 10.1.16.1 Mozilla/5.0+(Windows+NT+10.0;+Win64;+x64)+AppleWebKit/537.36+(KHTML,+like+Gecko)+Chrome/135.0.0.0+Safari/537.36 region=2;+lang=3;+.AspNet.Cookies=Z_oQ5Q0g2-4Atqy8DNN8WUn9mb9xyiH8evQYfZ29oqrO4uLP3MN1bWD4pHqxK9vNZNKTSjPCsTaHDO_o1_Nw_2RiEFk_ywPNcfGYlalMhNkybrJ0cnv2jNsnaCrkXc5UdrKMyPa7NVgQhfQ4NbeAwrnrmQOHECM9-j2tn_PEliZug7-66vw0-Esn1ZpC_wSEqnhuM1PjahfbUJIypH73QPawz6G25V8zSByIpeS8bjQcj3FnoU5osJoB-lPpkgQNJrIfk3bWz6ECo39AVDgJgyGPQ5mOvunTiHdaT61nCsGbfuOn0E-nA5WVneYkG3R73YTEJTPu6-T0kBIGsCDwf-ws5FqiErHCH-SC-dBkdJUdKCdmseIC1-PhgFe5LJ4cF8lfLIAxLO0IskHOtyWv7MJh-yLiK1y0xY1R5An4-_MiZcHHNK2KXMM3QUGrGZQIUYA-GA;+ExtronRecViewProd=dahd4kplusseries,dahd4kseries,dtpcp4k82,mlcplus200,mpa152plus,nbp200,tlppro725t,hc404,xtptusw1034k,xpau1002,knx100g;+ASP.NET_SessionId=t4nbjrv345oaijt52dwirppp;+username=cg@wurzer-solutions.at;+PriceClass=26D;+PriceList=EURS3+;+__RequestVerificationToken=zJCN0Up3s3qZ3EQyyxdHjPfzNuiIGz-XoPpqYX5hUiBg8YcC-SkNN6MELGGjTTPI1OVW4RPcSpsD0OxdsljG6Dac0Vw1;+BIGipServerextron.com_443_pool=!5CwWsx+MLFa7SiUMjvaJwiHEDz8tIEmbys9wW8b1t/P12bzzfQ6AbFlLhakneN5emETzRfELGCevrg==;+_gid=GA1.2.175445997.1746687566;+_gat_UA-130285241-1=1;+_clck=gq3nh8%7C2%7Cfvq%7C0%7C1891;+_ga=GA1.1.1212246975.1741272391;+_clsk=pr3azn%7C1746687573386%7C2%7C1%7Cl.clarity.ms%2Fcollect;+_ga_DP5ZZ9VH84=GS2.1.s1746687565$o6$g1$t1746687588$j37$l0$h0 https://www.extron.de/Content/vendor/fontawesome/css/all.min.css www.extron.de 304 0 0 1705 1
2025-05-08 07:00:08 10.1.0.50 GET /product/builders/teamwork/views/switchers.aspx - 443 - 10.1.16.1 - ASP.NET_SessionId=a2g44z13vvtu1vomwcsal2oa;+region=1;+lang=1;+__RequestVerificationToken=wGrbbRSeuOHIVGaRUCvncNyge4QKMx9l_KifrD5ECZQ5-WPyeETRzZX0Y2EYCYoAVjiqWFpb3ZzYUYSQEcfYmYwWjko1;+BIGipServerextron.com_443_pool=!VqkhuakZaZU07asMjvaJwiHEDz8tIHbmQoQyIljfFVxGYrt62qzqz824/FwwTLWvxnAgQ89K31wkdQ== - www.extron.com 302 0 0 2008 4505
2025-05-08 07:00:08 10.1.0.50 GET /404.aspx aspxerrorpath=%2fproduct%2fbuilders%2fteamwork%2fviews%2fswitchers.aspx 443 - 10.1.16.1 - ASP.NET_SessionId=a2g44z13vvtu1vomwcsal2oa;+region=1;+lang=1;+__RequestVerificationToken=wGrbbRSeuOHIVGaRUCvncNyge4QKMx9l_KifrD5ECZQ5-WPyeETRzZX0Y2EYCYoAVjiqWFpb3ZzYUYSQEcfYmYwWjko1;+BIGipServerextron.com_443_pool=!VqkhuakZaZU07asMjvaJwiHEDz8tIHbmQoQyIljfFVxGYrt62qzqz824/FwwTLWvxnAgQ89K31wkdQ== - www.extron.com 404 0 0 54364 11
2025-05-08 07:00:08 10.1.0.50 GET /product/builders/teamwork/views/switcher-options.aspx - 80 - 10.1.16.1 - - - www.extron.com 301 0 0 1819 1
2025-05-08 07:00:09 10.1.0.50 GET /Content/css/Shared/fonts/roboto-v18-cyrillic_latin-ext_latin_cyrillic-ext-regular.woff2 - 443 likith.c@velocis.co.in 10.1.16.1 Mozilla/5.0+(Windows+NT+10.0;+Win64;+x64)+AppleWebKit/537.36+(KHTML,+like+Gecko)+Chrome/136.0.0.0+Safari/537.36 lang=1;+region=3;+.AspNet.Cookies=_dD5gUEanpZTN975XsYBheFfYLVk352Xj3wX9snng8-ngSONT1l4MGL5OvRWJ1cVqw23NmCNHDv8aDTs0ZBVZnFfLzCd8uvnAETESNOyVPENpwPe0YuhZQEuNNIWGGRZpyDPIc9G1R_CHH_uuw6Y8lEXeZGZyRJod0sD8r7QLBizDmIhFMKFFgf9iMJup75oPRr-5aWcKcek5MOOegYlKRvEhXzIxMSe9wBPTXmp97T5ALLT2i_noNt-lTxOJx1evcz5SXCmgks5LRHIyTXCvkUlAW9fSbX6arQY7RH8PrTLxhE17_R1D2IyUN7-xKAxItgUQyBXFGmP1yC8LMLDHmZDTeDDyLczmuDijqsp-S6f8WDAsnpSJRtKZs_LvVj21wU5QpWFWETJSbllIsGVgSsUAVQNVYAoYAJTu3kGRmIN-64V8AM3M4OLsI4VXZQCWN6qfQ;+_gid=GA1.2.339565457.1746590700;+ASP.NET_SessionId=1fflf00vu01zqimxer12gll4;+username=likith.c@velocis.co.in;+PriceClass=33P;+PriceList=EU;+__RequestVerificationToken=0W3_-Wnla4dlDKhFJJvsmpnOo9oUcI6ul0jSMvJTUz1VKyBcjzS_rOV03rLtZW5-8OEJDaNjFkbGYS0YmJnh8D3wWNo1;+BIGipServerextron.com_443_pool=!UUKG5R+gS7Rk7LcMjvaJwiHEDz8tIEadGvvvhJnJPVMWhlSH3uOG16z6ul4ET1PK4Ur0LFnJzkZrPg==;+_clck=1mog0se%7C2%7Cfvq%7C0%7C1953;+_ga=GA1.2.2046277005.1746590700;+_clsk=1eytj6o%7C1746687488869%7C4%7C1%7Cn.clarity.ms%2Fcollect;+_ga_DP5ZZ9VH84=GS2.1.s1746687370$o12$g1$t1746687588$j60$l0$h0 https://www.extron.com/Content/css/Shared/extron_bs5.css www.extron.com 304 0 0 1705 2
2025-05-08 07:00:09 10.1.0.50 GET /Content/vendor/jquery-mobile-events/jquery.mobile-events.js - 443 cg@wurzer-solutions.at 10.1.16.1 Mozilla/5.0+(Windows+NT+10.0;+Win64;+x64)+AppleWebKit/537.36+(KHTML,+like+Gecko)+Chrome/135.0.0.0+Safari/537.36 region=2;+lang=3;+.AspNet.Cookies=Z_oQ5Q0g2-4Atqy8DNN8WUn9mb9xyiH8evQYfZ29oqrO4uLP3MN1bWD4pHqxK9vNZNKTSjPCsTaHDO_o1_Nw_2RiEFk_ywPNcfGYlalMhNkybrJ0cnv2jNsnaCrkXc5UdrKMyPa7NVgQhfQ4NbeAwrnrmQOHECM9-j2tn_PEliZug7-66vw0-Esn1ZpC_wSEqnhuM1PjahfbUJIypH73QPawz6G25V8zSByIpeS8bjQcj3FnoU5osJoB-lPpkgQNJrIfk3bWz6ECo39AVDgJgyGPQ5mOvunTiHdaT61nCsGbfuOn0E-nA5WVneYkG3R73YTEJTPu6-T0kBIGsCDwf-ws5FqiErHCH-SC-dBkdJUdKCdmseIC1-PhgFe5LJ4cF8lfLIAxLO0IskHOtyWv7MJh-yLiK1y0xY1R5An4-_MiZcHHNK2KXMM3QUGrGZQIUYA-GA;+ExtronRecViewProd=dahd4kplusseries,dahd4kseries,dtpcp4k82,mlcplus200,mpa152plus,nbp200,tlppro725t,hc404,xtptusw1034k,xpau1002,knx100g;+ASP.NET_SessionId=t4nbjrv345oaijt52dwirppp;+username=cg@wurzer-solutions.at;+PriceClass=26D;+PriceList=EURS3+;+__RequestVerificationToken=zJCN0Up3s3qZ3EQyyxdHjPfzNuiIGz-XoPpqYX5hUiBg8YcC-SkNN6MELGGjTTPI1OVW4RPcSpsD0OxdsljG6Dac0Vw1;+BIGipServerextron.com_443_pool=!5CwWsx+MLFa7SiUMjvaJwiHEDz8tIEmbys9wW8b1t/P12bzzfQ6AbFlLhakneN5emETzRfELGCevrg==;+_gid=GA1.2.175445997.1746687566;+_gat_UA-130285241-1=1;+_clck=gq3nh8%7C2%7Cfvq%7C0%7C1891;+_ga=GA1.1.1212246975.1741272391;+_clsk=pr3azn%7C1746687573386%7C2%7C1%7Cl.clarity.ms%2Fcollect;+_ga_DP5ZZ9VH84=GS2.1.s1746687565$o6$g1$t1746687588$j37$l0$h0 https://www.extron.de/search?search=knx www.extron.de 304 0 0 1705 2
2025-05-08 07:00:09 10.1.0.50 GET /Content/vendor/prependaround/prependaround.js - 443 cg@wurzer-solutions.at 10.1.16.1 Mozilla/5.0+(Windows+NT+10.0;+Win64;+x64)+AppleWebKit/537.36+(KHTML,+like+Gecko)+Chrome/135.0.0.0+Safari/537.36 region=2;+lang=3;+.AspNet.Cookies=Z_oQ5Q0g2-4Atqy8DNN8WUn9mb9xyiH8evQYfZ29oqrO4uLP3MN1bWD4pHqxK9vNZNKTSjPCsTaHDO_o1_Nw_2RiEFk_ywPNcfGYlalMhNkybrJ0cnv2jNsnaCrkXc5UdrKMyPa7NVgQhfQ4NbeAwrnrmQOHECM9-j2tn_PEliZug7-66vw0-Esn1ZpC_wSEqnhuM1PjahfbUJIypH73QPawz6G25V8zSByIpeS8bjQcj3FnoU5osJoB-lPpkgQNJrIfk3bWz6ECo39AVDgJgyGPQ5mOvunTiHdaT61nCsGbfuOn0E-nA5WVneYkG3R73YTEJTPu6-T0kBIGsCDwf-ws5FqiErHCH-SC-dBkdJUdKCdmseIC1-PhgFe5LJ4cF8lfLIAxLO0IskHOtyWv7MJh-yLiK1y0xY1R5An4-_MiZcHHNK2KXMM3QUGrGZQIUYA-GA;+ExtronRecViewProd=dahd4kplusseries,dahd4kseries,dtpcp4k82,mlcplus200,mpa152plus,nbp200,tlppro725t,hc404,xtptusw1034k,xpau1002,knx100g;+ASP.NET_SessionId=t4nbjrv345oaijt52dwirppp;+username=cg@wurzer-solutions.at;+PriceClass=26D;+PriceList=EURS3+;+__RequestVerificationToken=zJCN0Up3s3qZ3EQyyxdHjPfzNuiIGz-XoPpqYX5hUiBg8YcC-SkNN6MELGGjTTPI1OVW4RPcSpsD0OxdsljG6Dac0Vw1;+BIGipServerextron.com_443_pool=!5CwWsx+MLFa7SiUMjvaJwiHEDz8tIEmbys9wW8b1t/P12bzzfQ6AbFlLhakneN5emETzRfELGCevrg==;+_gid=GA1.2.175445997.1746687566;+_gat_UA-130285241-1=1;+_clck=gq3nh8%7C2%7Cfvq%7C0%7C1891;+_ga=GA1.1.1212246975.1741272391;+_clsk=pr3azn%7C1746687573386%7C2%7C1%7Cl.clarity.ms%2Fcollect;+_ga_DP5ZZ9VH84=GS2.1.s1746687565$o6$g1$t1746687588$j37$l0$h0 https://www.extron.de/search?search=knx www.extron.de 304 0 0 1705 1
2025-05-08 07:00:09 10.1.0.50 GET /Content/vendor/js-cookie/js.cookie-2.2.0.js - 443 cg@wurzer-solutions.at 10.1.16.1 Mozilla/5.0+(Windows+NT+10.0;+Win64;+x64)+AppleWebKit/537.36+(KHTML,+like+Gecko)+Chrome/135.0.0.0+Safari/537.36 region=2;+lang=3;+.AspNet.Cookies=Z_oQ5Q0g2-4Atqy8DNN8WUn9mb9xyiH8evQYfZ29oqrO4uLP3MN1bWD4pHqxK9vNZNKTSjPCsTaHDO_o1_Nw_2RiEFk_ywPNcfGYlalMhNkybrJ0cnv2jNsnaCrkXc5UdrKMyPa7NVgQhfQ4NbeAwrnrmQOHECM9-j2tn_PEliZug7-66vw0-Esn1ZpC_wSEqnhuM1PjahfbUJIypH73QPawz6G25V8zSByIpeS8bjQcj3FnoU5osJoB-lPpkgQNJrIfk3bWz6ECo39AVDgJgyGPQ5mOvunTiHdaT61nCsGbfuOn0E-nA5WVneYkG3R73YTEJTPu6-T0kBIGsCDwf-ws5FqiErHCH-SC-dBkdJUdKCdmseIC1-PhgFe5LJ4cF8lfLIAxLO0IskHOtyWv7MJh-yLiK1y0xY1R5An4-_MiZcHHNK2KXMM3QUGrGZQIUYA-GA;+ExtronRecViewProd=dahd4kplusseries,dahd4kseries,dtpcp4k82,mlcplus200,mpa152plus,nbp200,tlppro725t,hc404,xtptusw1034k,xpau1002,knx100g;+ASP.NET_SessionId=t4nbjrv345oaijt52dwirppp;+username=cg@wurzer-solutions.at;+PriceClass=26D;+PriceList=EURS3+;+__RequestVerificationToken=zJCN0Up3s3qZ3EQyyxdHjPfzNuiIGz-XoPpqYX5hUiBg8YcC-SkNN6MELGGjTTPI1OVW4RPcSpsD0OxdsljG6Dac0Vw1;+BIGipServerextron.com_443_pool=!5CwWsx+MLFa7SiUMjvaJwiHEDz8tIEmbys9wW8b1t/P12bzzfQ6AbFlLhakneN5emETzRfELGCevrg==;+_gid=GA1.2.175445997.1746687566;+_gat_UA-130285241-1=1;+_clck=gq3nh8%7C2%7Cfvq%7C0%7C1891;+_ga=GA1.1.1212246975.1741272391;+_clsk=pr3azn%7C1746687573386%7C2%7C1%7Cl.clarity.ms%2Fcollect;+_ga_DP5ZZ9VH84=GS2.1.s1746687565$o6$g1$t1746687588$j37$l0$h0 https://www.extron.de/search?search=knx www.extron.de 304 0 0 1705 1
2025-05-08 07:00:09 10.1.0.50 GET /Content/vendor/fontawesome/webfonts/fa-solid-900.woff2 - 443 likith.c@velocis.co.in 10.1.16.1 Mozilla/5.0+(Windows+NT+10.0;+Win64;+x64)+AppleWebKit/537.36+(KHTML,+like+Gecko)+Chrome/136.0.0.0+Safari/537.36 lang=1;+region=3;+.AspNet.Cookies=_dD5gUEanpZTN975XsYBheFfYLVk352Xj3wX9snng8-ngSONT1l4MGL5OvRWJ1cVqw23NmCNHDv8aDTs0ZBVZnFfLzCd8uvnAETESNOyVPENpwPe0YuhZQEuNNIWGGRZpyDPIc9G1R_CHH_uuw6Y8lEXeZGZyRJod0sD8r7QLBizDmIhFMKFFgf9iMJup75oPRr-5aWcKcek5MOOegYlKRvEhXzIxMSe9wBPTXmp97T5ALLT2i_noNt-lTxOJx1evcz5SXCmgks5LRHIyTXCvkUlAW9fSbX6arQY7RH8PrTLxhE17_R1D2IyUN7-xKAxItgUQyBXFGmP1yC8LMLDHmZDTeDDyLczmuDijqsp-S6f8WDAsnpSJRtKZs_LvVj21wU5QpWFWETJSbllIsGVgSsUAVQNVYAoYAJTu3kGRmIN-64V8AM3M4OLsI4VXZQCWN6qfQ;+_gid=GA1.2.339565457.1746590700;+ASP.NET_SessionId=1fflf00vu01zqimxer12gll4;+username=likith.c@velocis.co.in;+PriceClass=33P;+PriceList=EU;+__RequestVerificationToken=0W3_-Wnla4dlDKhFJJvsmpnOo9oUcI6ul0jSMvJTUz1VKyBcjzS_rOV03rLtZW5-8OEJDaNjFkbGYS0YmJnh8D3wWNo1;+BIGipServerextron.com_443_pool=!UUKG5R+gS7Rk7LcMjvaJwiHEDz8tIEadGvvvhJnJPVMWhlSH3uOG16z6ul4ET1PK4Ur0LFnJzkZrPg==;+_clck=1mog0se%7C2%7Cfvq%7C0%7C1953;+_ga=GA1.2.2046277005.1746590700;+_clsk=1eytj6o%7C1746687488869%7C4%7C1%7Cn.clarity.ms%2Fcollect;+_ga_DP5ZZ9VH84=GS2.1.s1746687370$o12$g1$t1746687588$j60$l0$h0 https://www.extron.com/Content/vendor/fontawesome/css/all.min.css www.extron.com 304 0 0 1703 1
2025-05-08 07:00:09 10.1.0.50 GET /Content/vendor/fontawesome/webfonts/fa-regular-400.woff2 - 443 likith.c@velocis.co.in 10.1.16.1 Mozilla/5.0+(Windows+NT+10.0;+Win64;+x64)+AppleWebKit/537.36+(KHTML,+like+Gecko)+Chrome/136.0.0.0+Safari/537.36 lang=1;+region=3;+.AspNet.Cookies=_dD5gUEanpZTN975XsYBheFfYLVk352Xj3wX9snng8-ngSONT1l4MGL5OvRWJ1cVqw23NmCNHDv8aDTs0ZBVZnFfLzCd8uvnAETESNOyVPENpwPe0YuhZQEuNNIWGGRZpyDPIc9G1R_CHH_uuw6Y8lEXeZGZyRJod0sD8r7QLBizDmIhFMKFFgf9iMJup75oPRr-5aWcKcek5MOOegYlKRvEhXzIxMSe9wBPTXmp97T5ALLT2i_noNt-lTxOJx1evcz5SXCmgks5LRHIyTXCvkUlAW9fSbX6arQY7RH8PrTLxhE17_R1D2IyUN7-xKAxItgUQyBXFGmP1yC8LMLDHmZDTeDDyLczmuDijqsp-S6f8WDAsnpSJRtKZs_LvVj21wU5QpWFWETJSbllIsGVgSsUAVQNVYAoYAJTu3kGRmIN-64V8AM3M4OLsI4VXZQCWN6qfQ;+_gid=GA1.2.339565457.1746590700;+ASP.NET_SessionId=1fflf00vu01zqimxer12gll4;+username=likith.c@velocis.co.in;+PriceClass=33P;+PriceList=EU;+__RequestVerificationToken=0W3_-Wnla4dlDKhFJJvsmpnOo9oUcI6ul0jSMvJTUz1VKyBcjzS_rOV03rLtZW5-8OEJDaNjFkbGYS0YmJnh8D3wWNo1;+BIGipServerextron.com_443_pool=!UUKG5R+gS7Rk7LcMjvaJwiHEDz8tIEadGvvvhJnJPVMWhlSH3uOG16z6ul4ET1PK4Ur0LFnJzkZrPg==;+_clck=1mog0se%7C2%7Cfvq%7C0%7C1953;+_ga=GA1.2.2046277005.1746590700;+_clsk=1eytj6o%7C1746687488869%7C4%7C1%7Cn.clarity.ms%2Fcollect;+_ga_DP5ZZ9VH84=GS2.1.s1746687370$o12$g1$t1746687588$j60$l0$h0 https://www.extron.com/Content/vendor/fontawesome/css/all.min.css www.extron.com 304 0 0 1703 1
2025-05-08 07:00:09 10.1.0.50 GET /Content/css/Shared/fonts/roboto-v18-cyrillic_latin-ext_latin_cyrillic-ext-500.woff2 - 443 likith.c@velocis.co.in 10.1.16.1 Mozilla/5.0+(Windows+NT+10.0;+Win64;+x64)+AppleWebKit/537.36+(KHTML,+like+Gecko)+Chrome/136.0.0.0+Safari/537.36 lang=1;+region=3;+.AspNet.Cookies=_dD5gUEanpZTN975XsYBheFfYLVk352Xj3wX9snng8-ngSONT1l4MGL5OvRWJ1cVqw23NmCNHDv8aDTs0ZBVZnFfLzCd8uvnAETESNOyVPENpwPe0YuhZQEuNNIWGGRZpyDPIc9G1R_CHH_uuw6Y8lEXeZGZyRJod0sD8r7QLBizDmIhFMKFFgf9iMJup75oPRr-5aWcKcek5MOOegYlKRvEhXzIxMSe9wBPTXmp97T5ALLT2i_noNt-lTxOJx1evcz5SXCmgks5LRHIyTXCvkUlAW9fSbX6arQY7RH8PrTLxhE17_R1D2IyUN7-xKAxItgUQyBXFGmP1yC8LMLDHmZDTeDDyLczmuDijqsp-S6f8WDAsnpSJRtKZs_LvVj21wU5QpWFWETJSbllIsGVgSsUAVQNVYAoYAJTu3kGRmIN-64V8AM3M4OLsI4VXZQCWN6qfQ;+_gid=GA1.2.339565457.1746590700;+ASP.NET_SessionId=1fflf00vu01zqimxer12gll4;+username=likith.c@velocis.co.in;+PriceClass=33P;+PriceList=EU;+__RequestVerificationToken=0W3_-Wnla4dlDKhFJJvsmpnOo9oUcI6ul0jSMvJTUz1VKyBcjzS_rOV03rLtZW5-8OEJDaNjFkbGYS0YmJnh8D3wWNo1;+BIGipServerextron.com_443_pool=!UUKG5R+gS7Rk7LcMjvaJwiHEDz8tIEadGvvvhJnJPVMWhlSH3uOG16z6ul4ET1PK4Ur0LFnJzkZrPg==;+_clck=1mog0se%7C2%7Cfvq%7C0%7C1953;+_ga=GA1.2.2046277005.1746590700;+_clsk=1eytj6o%7C1746687488869%7C4%7C1%7Cn.clarity.ms%2Fcollect;+_ga_DP5ZZ9VH84=GS2.1.s1746687370$o12$g1$t1746687588$j60$l0$h0 https://www.extron.com/Content/css/Shared/extron_bs5.css www.extron.com 304 0 0 1705 1
2025-05-08 07:00:09 10.1.0.50 GET /Scripts/Shared/videoplayer.js - 443 cg@wurzer-solutions.at 10.1.16.1 Mozilla/5.0+(Windows+NT+10.0;+Win64;+x64)+AppleWebKit/537.36+(KHTML,+like+Gecko)+Chrome/135.0.0.0+Safari/537.36 region=2;+lang=3;+.AspNet.Cookies=Z_oQ5Q0g2-4Atqy8DNN8WUn9mb9xyiH8evQYfZ29oqrO4uLP3MN1bWD4pHqxK9vNZNKTSjPCsTaHDO_o1_Nw_2RiEFk_ywPNcfGYlalMhNkybrJ0cnv2jNsnaCrkXc5UdrKMyPa7NVgQhfQ4NbeAwrnrmQOHECM9-j2tn_PEliZug7-66vw0-Esn1ZpC_wSEqnhuM1PjahfbUJIypH73QPawz6G25V8zSByIpeS8bjQcj3FnoU5osJoB-lPpkgQNJrIfk3bWz6ECo39AVDgJgyGPQ5mOvunTiHdaT61nCsGbfuOn0E-nA5WVneYkG3R73YTEJTPu6-T0kBIGsCDwf-ws5FqiErHCH-SC-dBkdJUdKCdmseIC1-PhgFe5LJ4cF8lfLIAxLO0IskHOtyWv7MJh-yLiK1y0xY1R5An4-_MiZcHHNK2KXMM3QUGrGZQIUYA-GA;+ExtronRecViewProd=dahd4kplusseries,dahd4kseries,dtpcp4k82,mlcplus200,mpa152plus,nbp200,tlppro725t,hc404,xtptusw1034k,xpau1002,knx100g;+ASP.NET_SessionId=t4nbjrv345oaijt52dwirppp;+username=cg@wurzer-solutions.at;+PriceClass=26D;+PriceList=EURS3+;+__RequestVerificationToken=zJCN0Up3s3qZ3EQyyxdHjPfzNuiIGz-XoPpqYX5hUiBg8YcC-SkNN6MELGGjTTPI1OVW4RPcSpsD0OxdsljG6Dac0Vw1;+BIGipServerextron.com_443_pool=!5CwWsx+MLFa7SiUMjvaJwiHEDz8tIEmbys9wW8b1t/P12bzzfQ6AbFlLhakneN5emETzRfELGCevrg==;+_gid=GA1.2.175445997.1746687566;+_gat_UA-130285241-1=1;+_clck=gq3nh8%7C2%7Cfvq%7C0%7C1891;+_ga=GA1.1.1212246975.1741272391;+_clsk=pr3azn%7C1746687573386%7C2%7C1%7Cl.clarity.ms%2Fcollect;+_ga_DP5ZZ9VH84=GS2.1.s1746687565$o6$g1$t1746687588$j37$l0$h0 https://www.extron.de/search?search=knx www.extron.de 304 0 0 1705 1
2025-05-08 07:00:09 10.1.0.50 GET /Content/css/Shared/fonts/roboto-v18-cyrillic_latin-ext_latin_cyrillic-ext-700.woff2 - 443 likith.c@velocis.co.in 10.1.16.1 Mozilla/5.0+(Windows+NT+10.0;+Win64;+x64)+AppleWebKit/537.36+(KHTML,+like+Gecko)+Chrome/136.0.0.0+Safari/537.36 lang=1;+region=3;+.AspNet.Cookies=_dD5gUEanpZTN975XsYBheFfYLVk352Xj3wX9snng8-ngSONT1l4MGL5OvRWJ1cVqw23NmCNHDv8aDTs0ZBVZnFfLzCd8uvnAETESNOyVPENpwPe0YuhZQEuNNIWGGRZpyDPIc9G1R_CHH_uuw6Y8lEXeZGZyRJod0sD8r7QLBizDmIhFMKFFgf9iMJup75oPRr-5aWcKcek5MOOegYlKRvEhXzIxMSe9wBPTXmp97T5ALLT2i_noNt-lTxOJx1evcz5SXCmgks5LRHIyTXCvkUlAW9fSbX6arQY7RH8PrTLxhE17_R1D2IyUN7-xKAxItgUQyBXFGmP1yC8LMLDHmZDTeDDyLczmuDijqsp-S6f8WDAsnpSJRtKZs_LvVj21wU5QpWFWETJSbllIsGVgSsUAVQNVYAoYAJTu3kGRmIN-64V8AM3M4OLsI4VXZQCWN6qfQ;+_gid=GA1.2.339565457.1746590700;+ASP.NET_SessionId=1fflf00vu01zqimxer12gll4;+username=likith.c@velocis.co.in;+PriceClass=33P;+PriceList=EU;+__RequestVerificationToken=0W3_-Wnla4dlDKhFJJvsmpnOo9oUcI6ul0jSMvJTUz1VKyBcjzS_rOV03rLtZW5-8OEJDaNjFkbGYS0YmJnh8D3wWNo1;+BIGipServerextron.com_443_pool=!UUKG5R+gS7Rk7LcMjvaJwiHEDz8tIEadGvvvhJnJPVMWhlSH3uOG16z6ul4ET1PK4Ur0LFnJzkZrPg==;+_clck=1mog0se%7C2%7Cfvq%7C0%7C1953;+_ga=GA1.2.2046277005.1746590700;+_clsk=1eytj6o%7C1746687488869%7C4%7C1%7Cn.clarity.ms%2Fcollect;+_ga_DP5ZZ9VH84=GS2.1.s1746687370$o12$g1$t1746687588$j60$l0$h0 https://www.extron.com/Content/css/Shared/extron_bs5.css www.extron.com 304 0 0 1705 1
2025-05-08 07:00:09 10.1.0.50 GET /Content/vendor/slick/slick.js - 443 cg@wurzer-solutions.at 10.1.16.1 Mozilla/5.0+(Windows+NT+10.0;+Win64;+x64)+AppleWebKit/537.36+(KHTML,+like+Gecko)+Chrome/135.0.0.0+Safari/537.36 region=2;+lang=3;+.AspNet.Cookies=Z_oQ5Q0g2-4Atqy8DNN8WUn9mb9xyiH8evQYfZ29oqrO4uLP3MN1bWD4pHqxK9vNZNKTSjPCsTaHDO_o1_Nw_2RiEFk_ywPNcfGYlalMhNkybrJ0cnv2jNsnaCrkXc5UdrKMyPa7NVgQhfQ4NbeAwrnrmQOHECM9-j2tn_PEliZug7-66vw0-Esn1ZpC_wSEqnhuM1PjahfbUJIypH73QPawz6G25V8zSByIpeS8bjQcj3FnoU5osJoB-lPpkgQNJrIfk3bWz6ECo39AVDgJgyGPQ5mOvunTiHdaT61nCsGbfuOn0E-nA5WVneYkG3R73YTEJTPu6-T0kBIGsCDwf-ws5FqiErHCH-SC-dBkdJUdKCdmseIC1-PhgFe5LJ4cF8lfLIAxLO0IskHOtyWv7MJh-yLiK1y0xY1R5An4-_MiZcHHNK2KXMM3QUGrGZQIUYA-GA;+ExtronRecViewProd=dahd4kplusseries,dahd4kseries,dtpcp4k82,mlcplus200,mpa152plus,nbp200,tlppro725t,hc404,xtptusw1034k,xpau1002,knx100g;+ASP.NET_SessionId=t4nbjrv345oaijt52dwirppp;+username=cg@wurzer-solutions.at;+PriceClass=26D;+PriceList=EURS3+;+__RequestVerificationToken=zJCN0Up3s3qZ3EQyyxdHjPfzNuiIGz-XoPpqYX5hUiBg8YcC-SkNN6MELGGjTTPI1OVW4RPcSpsD0OxdsljG6Dac0Vw1;+BIGipServerextron.com_443_pool=!5CwWsx+MLFa7SiUMjvaJwiHEDz8tIEmbys9wW8b1t/P12bzzfQ6AbFlLhakneN5emETzRfELGCevrg==;+_gid=GA1.2.175445997.1746687566;+_gat_UA-130285241-1=1;+_clck=gq3nh8%7C2%7Cfvq%7C0%7C1891;+_ga=GA1.1.1212246975.1741272391;+_clsk=pr3azn%7C1746687573386%7C2%7C1%7Cl.clarity.ms%2Fcollect;+_ga_DP5ZZ9VH84=GS2.1.s1746687565$o6$g1$t1746687588$j37$l0$h0 https://www.extron.de/search?search=knx www.extron.de 304 0 0 1705 1
2025-05-08 07:00:09 10.1.0.50 GET /Content/vendor/fontawesome/webfonts/fa-brands-400.woff2 - 443 likith.c@velocis.co.in 10.1.16.1 Mozilla/5.0+(Windows+NT+10.0;+Win64;+x64)+AppleWebKit/537.36+(KHTML,+like+Gecko)+Chrome/136.0.0.0+Safari/537.36 lang=1;+region=3;+.AspNet.Cookies=_dD5gUEanpZTN975XsYBheFfYLVk352Xj3wX9snng8-ngSONT1l4MGL5OvRWJ1cVqw23NmCNHDv8aDTs0ZBVZnFfLzCd8uvnAETESNOyVPENpwPe0YuhZQEuNNIWGGRZpyDPIc9G1R_CHH_uuw6Y8lEXeZGZyRJod0sD8r7QLBizDmIhFMKFFgf9iMJup75oPRr-5aWcKcek5MOOegYlKRvEhXzIxMSe9wBPTXmp97T5ALLT2i_noNt-lTxOJx1evcz5SXCmgks5LRHIyTXCvkUlAW9fSbX6arQY7RH8PrTLxhE17_R1D2IyUN7-xKAxItgUQyBXFGmP1yC8LMLDHmZDTeDDyLczmuDijqsp-S6f8WDAsnpSJRtKZs_LvVj21wU5QpWFWETJSbllIsGVgSsUAVQNVYAoYAJTu3kGRmIN-64V8AM3M4OLsI4VXZQCWN6qfQ;+_gid=GA1.2.339565457.1746590700;+ASP.NET_SessionId=1fflf00vu01zqimxer12gll4;+username=likith.c@velocis.co.in;+PriceClass=33P;+PriceList=EU;+__RequestVerificationToken=0W3_-Wnla4dlDKhFJJvsmpnOo9oUcI6ul0jSMvJTUz1VKyBcjzS_rOV03rLtZW5-8OEJDaNjFkbGYS0YmJnh8D3wWNo1;+BIGipServerextron.com_443_pool=!UUKG5R+gS7Rk7LcMjvaJwiHEDz8tIEadGvvvhJnJPVMWhlSH3uOG16z6ul4ET1PK4Ur0LFnJzkZrPg==;+_clck=1mog0se%7C2%7Cfvq%7C0%7C1953;+_ga=GA1.2.2046277005.1746590700;+_clsk=1eytj6o%7C1746687488869%7C4%7C1%7Cn.clarity.ms%2Fcollect;+_ga_DP5ZZ9VH84=GS2.1.s1746687370$o12$g1$t1746687588$j60$l0$h0 https://www.extron.com/Content/vendor/fontawesome/css/all.min.css www.extron.com 304 0 0 1705 1
2025-05-08 07:00:09 10.1.0.50 GET /Scripts/Shared/autohide.js - 443 cg@wurzer-solutions.at 10.1.16.1 Mozilla/5.0+(Windows+NT+10.0;+Win64;+x64)+AppleWebKit/537.36+(KHTML,+like+Gecko)+Chrome/135.0.0.0+Safari/537.36 region=2;+lang=3;+.AspNet.Cookies=Z_oQ5Q0g2-4Atqy8DNN8WUn9mb9xyiH8evQYfZ29oqrO4uLP3MN1bWD4pHqxK9vNZNKTSjPCsTaHDO_o1_Nw_2RiEFk_ywPNcfGYlalMhNkybrJ0cnv2jNsnaCrkXc5UdrKMyPa7NVgQhfQ4NbeAwrnrmQOHECM9-j2tn_PEliZug7-66vw0-Esn1ZpC_wSEqnhuM1PjahfbUJIypH73QPawz6G25V8zSByIpeS8bjQcj3FnoU5osJoB-lPpkgQNJrIfk3bWz6ECo39AVDgJgyGPQ5mOvunTiHdaT61nCsGbfuOn0E-nA5WVneYkG3R73YTEJTPu6-T0kBIGsCDwf-ws5FqiErHCH-SC-dBkdJUdKCdmseIC1-PhgFe5LJ4cF8lfLIAxLO0IskHOtyWv7MJh-yLiK1y0xY1R5An4-_MiZcHHNK2KXMM3QUGrGZQIUYA-GA;+ExtronRecViewProd=dahd4kplusseries,dahd4kseries,dtpcp4k82,mlcplus200,mpa152plus,nbp200,tlppro725t,hc404,xtptusw1034k,xpau1002,knx100g;+ASP.NET_SessionId=t4nbjrv345oaijt52dwirppp;+username=cg@wurzer-solutions.at;+PriceClass=26D;+PriceList=EURS3+;+__RequestVerificationToken=zJCN0Up3s3qZ3EQyyxdHjPfzNuiIGz-XoPpqYX5hUiBg8YcC-SkNN6MELGGjTTPI1OVW4RPcSpsD0OxdsljG6Dac0Vw1;+BIGipServerextron.com_443_pool=!5CwWsx+MLFa7SiUMjvaJwiHEDz8tIEmbys9wW8b1t/P12bzzfQ6AbFlLhakneN5emETzRfELGCevrg==;+_gid=GA1.2.175445997.1746687566;+_gat_UA-130285241-1=1;+_clck=gq3nh8%7C2%7Cfvq%7C0%7C1891;+_ga=GA1.1.1212246975.1741272391;+_clsk=pr3azn%7C1746687573386%7C2%7C1%7Cl.clarity.ms%2Fcollect;+_ga_DP5ZZ9VH84=GS2.1.s1746687565$o6$g1$t1746687588$j37$l0$h0 https://www.extron.de/search?search=knx www.extron.de 304 0 0 1705 1
2025-05-08 07:00:09 10.1.0.50 GET /tools/signage id=4ksignage 443 - 10.1.16.1 - - - www.extron.com 200 0 0 17926 5
2025-05-08 07:00:09 10.1.0.50 GET /article/smxsystemmmpr - 80 - 10.1.16.1 Mozilla/5.0+(compatible;+DotBot/1.2;++https://opensiteexplorer.org/dotbot;+help@moz.com) - - www.extron.de 301 0 0 1753 2
2025-05-08 07:00:09 10.1.0.50 GET /Scripts/Shared/main.js 20240613 443 cg@wurzer-solutions.at 10.1.16.1 Mozilla/5.0+(Windows+NT+10.0;+Win64;+x64)+AppleWebKit/537.36+(KHTML,+like+Gecko)+Chrome/135.0.0.0+Safari/537.36 region=2;+lang=3;+.AspNet.Cookies=Z_oQ5Q0g2-4Atqy8DNN8WUn9mb9xyiH8evQYfZ29oqrO4uLP3MN1bWD4pHqxK9vNZNKTSjPCsTaHDO_o1_Nw_2RiEFk_ywPNcfGYlalMhNkybrJ0cnv2jNsnaCrkXc5UdrKMyPa7NVgQhfQ4NbeAwrnrmQOHECM9-j2tn_PEliZug7-66vw0-Esn1ZpC_wSEqnhuM1PjahfbUJIypH73QPawz6G25V8zSByIpeS8bjQcj3FnoU5osJoB-lPpkgQNJrIfk3bWz6ECo39AVDgJgyGPQ5mOvunTiHdaT61nCsGbfuOn0E-nA5WVneYkG3R73YTEJTPu6-T0kBIGsCDwf-ws5FqiErHCH-SC-dBkdJUdKCdmseIC1-PhgFe5LJ4cF8lfLIAxLO0IskHOtyWv7MJh-yLiK1y0xY1R5An4-_MiZcHHNK2KXMM3QUGrGZQIUYA-GA;+ExtronRecViewProd=dahd4kplusseries,dahd4kseries,dtpcp4k82,mlcplus200,mpa152plus,nbp200,tlppro725t,hc404,xtptusw1034k,xpau1002,knx100g;+ASP.NET_SessionId=t4nbjrv345oaijt52dwirppp;+username=cg@wurzer-solutions.at;+PriceClass=26D;+PriceList=EURS3+;+__RequestVerificationToken=zJCN0Up3s3qZ3EQyyxdHjPfzNuiIGz-XoPpqYX5hUiBg8YcC-SkNN6MELGGjTTPI1OVW4RPcSpsD0OxdsljG6Dac0Vw1;+BIGipServerextron.com_443_pool=!5CwWsx+MLFa7SiUMjvaJwiHEDz8tIEmbys9wW8b1t/P12bzzfQ6AbFlLhakneN5emETzRfELGCevrg==;+_gid=GA1.2.175445997.1746687566;+_gat_UA-130285241-1=1;+_clck=gq3nh8%7C2%7Cfvq%7C0%7C1891;+_ga=GA1.1.1212246975.1741272391;+_clsk=pr3azn%7C1746687573386%7C2%7C1%7Cl.clarity.ms%2Fcollect;+_ga_DP5ZZ9VH84=GS2.1.s1746687565$o6$g1$t1746687588$j37$l0$h0 https://www.extron.de/search?search=knx www.extron.de 304 0 0 1705 2
2025-05-08 07:00:09 10.1.0.50 GET /Scripts/Shared/login.js 20210406 443 cg@wurzer-solutions.at 10.1.16.1 Mozilla/5.0+(Windows+NT+10.0;+Win64;+x64)+AppleWebKit/537.36+(KHTML,+like+Gecko)+Chrome/135.0.0.0+Safari/537.36 region=2;+lang=3;+.AspNet.Cookies=Z_oQ5Q0g2-4Atqy8DNN8WUn9mb9xyiH8evQYfZ29oqrO4uLP3MN1bWD4pHqxK9vNZNKTSjPCsTaHDO_o1_Nw_2RiEFk_ywPNcfGYlalMhNkybrJ0cnv2jNsnaCrkXc5UdrKMyPa7NVgQhfQ4NbeAwrnrmQOHECM9-j2tn_PEliZug7-66vw0-Esn1ZpC_wSEqnhuM1PjahfbUJIypH73QPawz6G25V8zSByIpeS8bjQcj3FnoU5osJoB-lPpkgQNJrIfk3bWz6ECo39AVDgJgyGPQ5mOvunTiHdaT61nCsGbfuOn0E-nA5WVneYkG3R73YTEJTPu6-T0kBIGsCDwf-ws5FqiErHCH-SC-dBkdJUdKCdmseIC1-PhgFe5LJ4cF8lfLIAxLO0IskHOtyWv7MJh-yLiK1y0xY1R5An4-_MiZcHHNK2KXMM3QUGrGZQIUYA-GA;+ExtronRecViewProd=dahd4kplusseries,dahd4kseries,dtpcp4k82,mlcplus200,mpa152plus,nbp200,tlppro725t,hc404,xtptusw1034k,xpau1002,knx100g;+ASP.NET_SessionId=t4nbjrv345oaijt52dwirppp;+username=cg@wurzer-solutions.at;+PriceClass=26D;+PriceList=EURS3+;+__RequestVerificationToken=zJCN0Up3s3qZ3EQyyxdHjPfzNuiIGz-XoPpqYX5hUiBg8YcC-SkNN6MELGGjTTPI1OVW4RPcSpsD0OxdsljG6Dac0Vw1;+BIGipServerextron.com_443_pool=!5CwWsx+MLFa7SiUMjvaJwiHEDz8tIEmbys9wW8b1t/P12bzzfQ6AbFlLhakneN5emETzRfELGCevrg==;+_gid=GA1.2.175445997.1746687566;+_gat_UA-130285241-1=1;+_clck=gq3nh8%7C2%7Cfvq%7C0%7C1891;+_ga=GA1.1.1212246975.1741272391;+_clsk=pr3azn%7C1746687573386%7C2%7C1%7Cl.clarity.ms%2Fcollect;+_ga_DP5ZZ9VH84=GS2.1.s1746687565$o6$g1$t1746687588$j37$l0$h0 https://www.extron.de/search?search=knx www.extron.de 304 0 0 1705 1
2025-05-08 07:00:09 10.1.0.50 GET /Scripts/GoogleSearch.js nocache=11222019 443 cg@wurzer-solutions.at 10.1.16.1 Mozilla/5.0+(Windows+NT+10.0;+Win64;+x64)+AppleWebKit/537.36+(KHTML,+like+Gecko)+Chrome/135.0.0.0+Safari/537.36 region=2;+lang=3;+.AspNet.Cookies=Z_oQ5Q0g2-4Atqy8DNN8WUn9mb9xyiH8evQYfZ29oqrO4uLP3MN1bWD4pHqxK9vNZNKTSjPCsTaHDO_o1_Nw_2RiEFk_ywPNcfGYlalMhNkybrJ0cnv2jNsnaCrkXc5UdrKMyPa7NVgQhfQ4NbeAwrnrmQOHECM9-j2tn_PEliZug7-66vw0-Esn1ZpC_wSEqnhuM1PjahfbUJIypH73QPawz6G25V8zSByIpeS8bjQcj3FnoU5osJoB-lPpkgQNJrIfk3bWz6ECo39AVDgJgyGPQ5mOvunTiHdaT61nCsGbfuOn0E-nA5WVneYkG3R73YTEJTPu6-T0kBIGsCDwf-ws5FqiErHCH-SC-dBkdJUdKCdmseIC1-PhgFe5LJ4cF8lfLIAxLO0IskHOtyWv7MJh-yLiK1y0xY1R5An4-_MiZcHHNK2KXMM3QUGrGZQIUYA-GA;+ExtronRecViewProd=dahd4kplusseries,dahd4kseries,dtpcp4k82,mlcplus200,mpa152plus,nbp200,tlppro725t,hc404,xtptusw1034k,xpau1002,knx100g;+ASP.NET_SessionId=t4nbjrv345oaijt52dwirppp;+username=cg@wurzer-solutions.at;+PriceClass=26D;+PriceList=EURS3+;+__RequestVerificationToken=zJCN0Up3s3qZ3EQyyxdHjPfzNuiIGz-XoPpqYX5hUiBg8YcC-SkNN6MELGGjTTPI1OVW4RPcSpsD0OxdsljG6Dac0Vw1;+BIGipServerextron.com_443_pool=!5CwWsx+MLFa7SiUMjvaJwiHEDz8tIEmbys9wW8b1t/P12bzzfQ6AbFlLhakneN5emETzRfELGCevrg==;+_gid=GA1.2.175445997.1746687566;+_gat_UA-130285241-1=1;+_clck=gq3nh8%7C2%7Cfvq%7C0%7C1891;+_ga=GA1.1.1212246975.1741272391;+_clsk=pr3azn%7C1746687573386%7C2%7C1%7Cl.clarity.ms%2Fcollect;+_ga_DP5ZZ9VH84=GS2.1.s1746687565$o6$g1$t1746687588$j37$l0$h0 https://www.extron.de/search?search=knx www.extron.de 200 0 0 28618 3
2025-05-08 07:00:09 10.1.0.50 GET /product/builders/shared/js/translations.js - 443 cg@wurzer-solutions.at 10.1.16.1 Mozilla/5.0+(Windows+NT+10.0;+Win64;+x64)+AppleWebKit/537.36+(KHTML,+like+Gecko)+Chrome/135.0.0.0+Safari/537.36 region=2;+lang=3;+.AspNet.Cookies=Z_oQ5Q0g2-4Atqy8DNN8WUn9mb9xyiH8evQYfZ29oqrO4uLP3MN1bWD4pHqxK9vNZNKTSjPCsTaHDO_o1_Nw_2RiEFk_ywPNcfGYlalMhNkybrJ0cnv2jNsnaCrkXc5UdrKMyPa7NVgQhfQ4NbeAwrnrmQOHECM9-j2tn_PEliZug7-66vw0-Esn1ZpC_wSEqnhuM1PjahfbUJIypH73QPawz6G25V8zSByIpeS8bjQcj3FnoU5osJoB-lPpkgQNJrIfk3bWz6ECo39AVDgJgyGPQ5mOvunTiHdaT61nCsGbfuOn0E-nA5WVneYkG3R73YTEJTPu6-T0kBIGsCDwf-ws5FqiErHCH-SC-dBkdJUdKCdmseIC1-PhgFe5LJ4cF8lfLIAxLO0IskHOtyWv7MJh-yLiK1y0xY1R5An4-_MiZcHHNK2KXMM3QUGrGZQIUYA-GA;+ExtronRecViewProd=dahd4kplusseries,dahd4kseries,dtpcp4k82,mlcplus200,mpa152plus,nbp200,tlppro725t,hc404,xtptusw1034k,xpau1002,knx100g;+ASP.NET_SessionId=t4nbjrv345oaijt52dwirppp;+username=cg@wurzer-solutions.at;+PriceClass=26D;+PriceList=EURS3+;+__RequestVerificationToken=zJCN0Up3s3qZ3EQyyxdHjPfzNuiIGz-XoPpqYX5hUiBg8YcC-SkNN6MELGGjTTPI1OVW4RPcSpsD0OxdsljG6Dac0Vw1;+BIGipServerextron.com_443_pool=!5CwWsx+MLFa7SiUMjvaJwiHEDz8tIEmbys9wW8b1t/P12bzzfQ6AbFlLhakneN5emETzRfELGCevrg==;+_gid=GA1.2.175445997.1746687566;+_gat_UA-130285241-1=1;+_clck=gq3nh8%7C2%7Cfvq%7C0%7C1891;+_ga=GA1.1.1212246975.1741272391;+_clsk=pr3azn%7C1746687573386%7C2%7C1%7Cl.clarity.ms%2Fcollect;+_ga_DP5ZZ9VH84=GS2.1.s1746687565$o6$g1$t1746687588$j37$l0$h0 https://www.extron.de/search?search=knx www.extron.de 200 0 0 12452 2
2025-05-08 07:00:09 10.1.0.50 GET /product/builders/shared/vendor/ractive/ractive.min.js - 443 cg@wurzer-solutions.at 10.1.16.1 Mozilla/5.0+(Windows+NT+10.0;+Win64;+x64)+AppleWebKit/537.36+(KHTML,+like+Gecko)+Chrome/135.0.0.0+Safari/537.36 region=2;+lang=3;+.AspNet.Cookies=Z_oQ5Q0g2-4Atqy8DNN8WUn9mb9xyiH8evQYfZ29oqrO4uLP3MN1bWD4pHqxK9vNZNKTSjPCsTaHDO_o1_Nw_2RiEFk_ywPNcfGYlalMhNkybrJ0cnv2jNsnaCrkXc5UdrKMyPa7NVgQhfQ4NbeAwrnrmQOHECM9-j2tn_PEliZug7-66vw0-Esn1ZpC_wSEqnhuM1PjahfbUJIypH73QPawz6G25V8zSByIpeS8bjQcj3FnoU5osJoB-lPpkgQNJrIfk3bWz6ECo39AVDgJgyGPQ5mOvunTiHdaT61nCsGbfuOn0E-nA5WVneYkG3R73YTEJTPu6-T0kBIGsCDwf-ws5FqiErHCH-SC-dBkdJUdKCdmseIC1-PhgFe5LJ4cF8lfLIAxLO0IskHOtyWv7MJh-yLiK1y0xY1R5An4-_MiZcHHNK2KXMM3QUGrGZQIUYA-GA;+ExtronRecViewProd=dahd4kplusseries,dahd4kseries,dtpcp4k82,mlcplus200,mpa152plus,nbp200,tlppro725t,hc404,xtptusw1034k,xpau1002,knx100g;+ASP.NET_SessionId=t4nbjrv345oaijt52dwirppp;+username=cg@wurzer-solutions.at;+PriceClass=26D;+PriceList=EURS3+;+__RequestVerificationToken=zJCN0Up3s3qZ3EQyyxdHjPfzNuiIGz-XoPpqYX5hUiBg8YcC-SkNN6MELGGjTTPI1OVW4RPcSpsD0OxdsljG6Dac0Vw1;+BIGipServerextron.com_443_pool=!5CwWsx+MLFa7SiUMjvaJwiHEDz8tIEmbys9wW8b1t/P12bzzfQ6AbFlLhakneN5emETzRfELGCevrg==;+_gid=GA1.2.175445997.1746687566;+_gat_UA-130285241-1=1;+_clck=gq3nh8%7C2%7Cfvq%7C0%7C1891;+_ga=GA1.1.1212246975.1741272391;+_clsk=pr3azn%7C1746687573386%7C2%7C1%7Cl.clarity.ms%2Fcollect;+_ga_DP5ZZ9VH84=GS2.1.s1746687565$o6$g1$t1746687588$j37$l0$h0 https://www.extron.de/search?search=knx www.extron.de 304 0 0 1704 1
2025-05-08 07:00:09 10.1.0.50 GET /Content/vendor/jquery-mobile-events/jquery.mobile-events.js - 443 likith.c@velocis.co.in 10.1.16.1 Mozilla/5.0+(Windows+NT+10.0;+Win64;+x64)+AppleWebKit/537.36+(KHTML,+like+Gecko)+Chrome/136.0.0.0+Safari/537.36 lang=1;+region=3;+.AspNet.Cookies=_dD5gUEanpZTN975XsYBheFfYLVk352Xj3wX9snng8-ngSONT1l4MGL5OvRWJ1cVqw23NmCNHDv8aDTs0ZBVZnFfLzCd8uvnAETESNOyVPENpwPe0YuhZQEuNNIWGGRZpyDPIc9G1R_CHH_uuw6Y8lEXeZGZyRJod0sD8r7QLBizDmIhFMKFFgf9iMJup75oPRr-5aWcKcek5MOOegYlKRvEhXzIxMSe9wBPTXmp97T5ALLT2i_noNt-lTxOJx1evcz5SXCmgks5LRHIyTXCvkUlAW9fSbX6arQY7RH8PrTLxhE17_R1D2IyUN7-xKAxItgUQyBXFGmP1yC8LMLDHmZDTeDDyLczmuDijqsp-S6f8WDAsnpSJRtKZs_LvVj21wU5QpWFWETJSbllIsGVgSsUAVQNVYAoYAJTu3kGRmIN-64V8AM3M4OLsI4VXZQCWN6qfQ;+_gid=GA1.2.339565457.1746590700;+ASP.NET_SessionId=1fflf00vu01zqimxer12gll4;+username=likith.c@velocis.co.in;+PriceClass=33P;+PriceList=EU;+__RequestVerificationToken=0W3_-Wnla4dlDKhFJJvsmpnOo9oUcI6ul0jSMvJTUz1VKyBcjzS_rOV03rLtZW5-8OEJDaNjFkbGYS0YmJnh8D3wWNo1;+BIGipServerextron.com_443_pool=!UUKG5R+gS7Rk7LcMjvaJwiHEDz8tIEadGvvvhJnJPVMWhlSH3uOG16z6ul4ET1PK4Ur0LFnJzkZrPg==;+_clck=1mog0se%7C2%7Cfvq%7C0%7C1953;+_ga=GA1.2.2046277005.1746590700;+_clsk=1eytj6o%7C1746687488869%7C4%7C1%7Cn.clarity.ms%2Fcollect;+_ga_DP5ZZ9VH84=GS2.1.s1746687370$o12$g1$t1746687588$j60$l0$h0 https://www.extron.com/Training/MyTraining/Lessons/?stcr=1964116&cour=COUR201809101054470632070 www.extron.com 304 0 0 1705 2
2025-05-08 07:00:09 10.1.0.50 GET /Content/vendor/js-cookie/js.cookie-2.2.0.js - 443 likith.c@velocis.co.in 10.1.16.1 Mozilla/5.0+(Windows+NT+10.0;+Win64;+x64)+AppleWebKit/537.36+(KHTML,+like+Gecko)+Chrome/136.0.0.0+Safari/537.36 lang=1;+region=3;+.AspNet.Cookies=_dD5gUEanpZTN975XsYBheFfYLVk352Xj3wX9snng8-ngSONT1l4MGL5OvRWJ1cVqw23NmCNHDv8aDTs0ZBVZnFfLzCd8uvnAETESNOyVPENpwPe0YuhZQEuNNIWGGRZpyDPIc9G1R_CHH_uuw6Y8lEXeZGZyRJod0sD8r7QLBizDmIhFMKFFgf9iMJup75oPRr-5aWcKcek5MOOegYlKRvEhXzIxMSe9wBPTXmp97T5ALLT2i_noNt-lTxOJx1evcz5SXCmgks5LRHIyTXCvkUlAW9fSbX6arQY7RH8PrTLxhE17_R1D2IyUN7-xKAxItgUQyBXFGmP1yC8LMLDHmZDTeDDyLczmuDijqsp-S6f8WDAsnpSJRtKZs_LvVj21wU5QpWFWETJSbllIsGVgSsUAVQNVYAoYAJTu3kGRmIN-64V8AM3M4OLsI4VXZQCWN6qfQ;+_gid=GA1.2.339565457.1746590700;+ASP.NET_SessionId=1fflf00vu01zqimxer12gll4;+username=likith.c@velocis.co.in;+PriceClass=33P;+PriceList=EU;+__RequestVerificationToken=0W3_-Wnla4dlDKhFJJvsmpnOo9oUcI6ul0jSMvJTUz1VKyBcjzS_rOV03rLtZW5-8OEJDaNjFkbGYS0YmJnh8D3wWNo1;+BIGipServerextron.com_443_pool=!UUKG5R+gS7Rk7LcMjvaJwiHEDz8tIEadGvvvhJnJPVMWhlSH3uOG16z6ul4ET1PK4Ur0LFnJzkZrPg==;+_clck=1mog0se%7C2%7Cfvq%7C0%7C1953;+_ga=GA1.2.2046277005.1746590700;+_clsk=1eytj6o%7C1746687488869%7C4%7C1%7Cn.clarity.ms%2Fcollect;+_ga_DP5ZZ9VH84=GS2.1.s1746687370$o12$g1$t1746687588$j60$l0$h0;+_gat_UA-130285241-1=1 https://www.extron.com/Training/MyTraining/Lessons/?stcr=1964116&cour=COUR201809101054470632070 www.extron.com 304 0 0 1705 2
2025-05-08 07:00:09 10.1.0.50 GET /Content/vendor/slick/slick.js - 443 likith.c@velocis.co.in 10.1.16.1 Mozilla/5.0+(Windows+NT+10.0;+Win64;+x64)+AppleWebKit/537.36+(KHTML,+like+Gecko)+Chrome/136.0.0.0+Safari/537.36 lang=1;+region=3;+.AspNet.Cookies=_dD5gUEanpZTN975XsYBheFfYLVk352Xj3wX9snng8-ngSONT1l4MGL5OvRWJ1cVqw23NmCNHDv8aDTs0ZBVZnFfLzCd8uvnAETESNOyVPENpwPe0YuhZQEuNNIWGGRZpyDPIc9G1R_CHH_uuw6Y8lEXeZGZyRJod0sD8r7QLBizDmIhFMKFFgf9iMJup75oPRr-5aWcKcek5MOOegYlKRvEhXzIxMSe9wBPTXmp97T5ALLT2i_noNt-lTxOJx1evcz5SXCmgks5LRHIyTXCvkUlAW9fSbX6arQY7RH8PrTLxhE17_R1D2IyUN7-xKAxItgUQyBXFGmP1yC8LMLDHmZDTeDDyLczmuDijqsp-S6f8WDAsnpSJRtKZs_LvVj21wU5QpWFWETJSbllIsGVgSsUAVQNVYAoYAJTu3kGRmIN-64V8AM3M4OLsI4VXZQCWN6qfQ;+_gid=GA1.2.339565457.1746590700;+ASP.NET_SessionId=1fflf00vu01zqimxer12gll4;+username=likith.c@velocis.co.in;+PriceClass=33P;+PriceList=EU;+__RequestVerificationToken=0W3_-Wnla4dlDKhFJJvsmpnOo9oUcI6ul0jSMvJTUz1VKyBcjzS_rOV03rLtZW5-8OEJDaNjFkbGYS0YmJnh8D3wWNo1;+BIGipServerextron.com_443_pool=!UUKG5R+gS7Rk7LcMjvaJwiHEDz8tIEadGvvvhJnJPVMWhlSH3uOG16z6ul4ET1PK4Ur0LFnJzkZrPg==;+_clck=1mog0se%7C2%7Cfvq%7C0%7C1953;+_ga=GA1.2.2046277005.1746590700;+_clsk=1eytj6o%7C1746687488869%7C4%7C1%7Cn.clarity.ms%2Fcollect;+_ga_DP5ZZ9VH84=GS2.1.s1746687370$o12$g1$t1746687588$j60$l0$h0;+_gat_UA-130285241-1=1 https://www.extron.com/Training/MyTraining/Lessons/?stcr=1964116&cour=COUR201809101054470632070 www.extron.com 304 0 0 1705 1
2025-05-08 07:00:09 10.1.0.50 GET /Scripts/Shared/autohide.js - 443 likith.c@velocis.co.in 10.1.16.1 Mozilla/5.0+(Windows+NT+10.0;+Win64;+x64)+AppleWebKit/537.36+(KHTML,+like+Gecko)+Chrome/136.0.0.0+Safari/537.36 lang=1;+region=3;+.AspNet.Cookies=_dD5gUEanpZTN975XsYBheFfYLVk352Xj3wX9snng8-ngSONT1l4MGL5OvRWJ1cVqw23NmCNHDv8aDTs0ZBVZnFfLzCd8uvnAETESNOyVPENpwPe0YuhZQEuNNIWGGRZpyDPIc9G1R_CHH_uuw6Y8lEXeZGZyRJod0sD8r7QLBizDmIhFMKFFgf9iMJup75oPRr-5aWcKcek5MOOegYlKRvEhXzIxMSe9wBPTXmp97T5ALLT2i_noNt-lTxOJx1evcz5SXCmgks5LRHIyTXCvkUlAW9fSbX6arQY7RH8PrTLxhE17_R1D2IyUN7-xKAxItgUQyBXFGmP1yC8LMLDHmZDTeDDyLczmuDijqsp-S6f8WDAsnpSJRtKZs_LvVj21wU5QpWFWETJSbllIsGVgSsUAVQNVYAoYAJTu3kGRmIN-64V8AM3M4OLsI4VXZQCWN6qfQ;+_gid=GA1.2.339565457.1746590700;+ASP.NET_SessionId=1fflf00vu01zqimxer12gll4;+username=likith.c@velocis.co.in;+PriceClass=33P;+PriceList=EU;+__RequestVerificationToken=0W3_-Wnla4dlDKhFJJvsmpnOo9oUcI6ul0jSMvJTUz1VKyBcjzS_rOV03rLtZW5-8OEJDaNjFkbGYS0YmJnh8D3wWNo1;+BIGipServerextron.com_443_pool=!UUKG5R+gS7Rk7LcMjvaJwiHEDz8tIEadGvvvhJnJPVMWhlSH3uOG16z6ul4ET1PK4Ur0LFnJzkZrPg==;+_clck=1mog0se%7C2%7Cfvq%7C0%7C1953;+_ga=GA1.2.2046277005.1746590700;+_clsk=1eytj6o%7C1746687488869%7C4%7C1%7Cn.clarity.ms%2Fcollect;+_ga_DP5ZZ9VH84=GS2.1.s1746687370$o12$g1$t1746687588$j60$l0$h0;+_gat_UA-130285241-1=1 https://www.extron.com/Training/MyTraining/Lessons/?stcr=1964116&cour=COUR201809101054470632070 www.extron.com 304 0 0 1705 1
2025-05-08 07:00:09 10.1.0.50 GET /Content/vendor/prependaround/prependaround.js - 443 likith.c@velocis.co.in 10.1.16.1 Mozilla/5.0+(Windows+NT+10.0;+Win64;+x64)+AppleWebKit/537.36+(KHTML,+like+Gecko)+Chrome/136.0.0.0+Safari/537.36 lang=1;+region=3;+.AspNet.Cookies=_dD5gUEanpZTN975XsYBheFfYLVk352Xj3wX9snng8-ngSONT1l4MGL5OvRWJ1cVqw23NmCNHDv8aDTs0ZBVZnFfLzCd8uvnAETESNOyVPENpwPe0YuhZQEuNNIWGGRZpyDPIc9G1R_CHH_uuw6Y8lEXeZGZyRJod0sD8r7QLBizDmIhFMKFFgf9iMJup75oPRr-5aWcKcek5MOOegYlKRvEhXzIxMSe9wBPTXmp97T5ALLT2i_noNt-lTxOJx1evcz5SXCmgks5LRHIyTXCvkUlAW9fSbX6arQY7RH8PrTLxhE17_R1D2IyUN7-xKAxItgUQyBXFGmP1yC8LMLDHmZDTeDDyLczmuDijqsp-S6f8WDAsnpSJRtKZs_LvVj21wU5QpWFWETJSbllIsGVgSsUAVQNVYAoYAJTu3kGRmIN-64V8AM3M4OLsI4VXZQCWN6qfQ;+_gid=GA1.2.339565457.1746590700;+ASP.NET_SessionId=1fflf00vu01zqimxer12gll4;+username=likith.c@velocis.co.in;+PriceClass=33P;+PriceList=EU;+__RequestVerificationToken=0W3_-Wnla4dlDKhFJJvsmpnOo9oUcI6ul0jSMvJTUz1VKyBcjzS_rOV03rLtZW5-8OEJDaNjFkbGYS0YmJnh8D3wWNo1;+BIGipServerextron.com_443_pool=!UUKG5R+gS7Rk7LcMjvaJwiHEDz8tIEadGvvvhJnJPVMWhlSH3uOG16z6ul4ET1PK4Ur0LFnJzkZrPg==;+_clck=1mog0se%7C2%7Cfvq%7C0%7C1953;+_ga=GA1.2.2046277005.1746590700;+_clsk=1eytj6o%7C1746687488869%7C4%7C1%7Cn.clarity.ms%2Fcollect;+_ga_DP5ZZ9VH84=GS2.1.s1746687370$o12$g1$t1746687588$j60$l0$h0;+_gat_UA-130285241-1=1 https://www.extron.com/Training/MyTraining/Lessons/?stcr=1964116&cour=COUR201809101054470632070 www.extron.com 304 0 0 1705 1
2025-05-08 07:00:09 10.1.0.50 GET /Scripts/Shared/videoplayer.js - 443 likith.c@velocis.co.in 10.1.16.1 Mozilla/5.0+(Windows+NT+10.0;+Win64;+x64)+AppleWebKit/537.36+(KHTML,+like+Gecko)+Chrome/136.0.0.0+Safari/537.36 lang=1;+region=3;+.AspNet.Cookies=_dD5gUEanpZTN975XsYBheFfYLVk352Xj3wX9snng8-ngSONT1l4MGL5OvRWJ1cVqw23NmCNHDv8aDTs0ZBVZnFfLzCd8uvnAETESNOyVPENpwPe0YuhZQEuNNIWGGRZpyDPIc9G1R_CHH_uuw6Y8lEXeZGZyRJod0sD8r7QLBizDmIhFMKFFgf9iMJup75oPRr-5aWcKcek5MOOegYlKRvEhXzIxMSe9wBPTXmp97T5ALLT2i_noNt-lTxOJx1evcz5SXCmgks5LRHIyTXCvkUlAW9fSbX6arQY7RH8PrTLxhE17_R1D2IyUN7-xKAxItgUQyBXFGmP1yC8LMLDHmZDTeDDyLczmuDijqsp-S6f8WDAsnpSJRtKZs_LvVj21wU5QpWFWETJSbllIsGVgSsUAVQNVYAoYAJTu3kGRmIN-64V8AM3M4OLsI4VXZQCWN6qfQ;+_gid=GA1.2.339565457.1746590700;+ASP.NET_SessionId=1fflf00vu01zqimxer12gll4;+username=likith.c@velocis.co.in;+PriceClass=33P;+PriceList=EU;+__RequestVerificationToken=0W3_-Wnla4dlDKhFJJvsmpnOo9oUcI6ul0jSMvJTUz1VKyBcjzS_rOV03rLtZW5-8OEJDaNjFkbGYS0YmJnh8D3wWNo1;+BIGipServerextron.com_443_pool=!UUKG5R+gS7Rk7LcMjvaJwiHEDz8tIEadGvvvhJnJPVMWhlSH3uOG16z6ul4ET1PK4Ur0LFnJzkZrPg==;+_clck=1mog0se%7C2%7Cfvq%7C0%7C1953;+_ga=GA1.2.2046277005.1746590700;+_clsk=1eytj6o%7C1746687488869%7C4%7C1%7Cn.clarity.ms%2Fcollect;+_ga_DP5ZZ9VH84=GS2.1.s1746687370$o12$g1$t1746687588$j60$l0$h0;+_gat_UA-130285241-1=1 https://www.extron.com/Training/MyTraining/Lessons/?stcr=1964116&cour=COUR201809101054470632070 www.extron.com 304 0 0 1705 1
2025-05-08 07:00:09 10.1.0.50 GET /Content/vendor/jquery-unobtrusive-ajax/jquery.unobtrusive-ajax.js - 443 alexander.hermansson@informationsteknik.se 10.1.16.1 Mozilla/5.0+(Windows+NT+10.0;+Win64;+x64)+AppleWebKit/537.36+(KHTML,+like+Gecko)+Chrome/136.0.0.0+Safari/537.36 region=2;+lang=1;+.AspNet.Cookies=wtJ-C8r3vdnkPR1Aw1qzuyO0NV6Z74nKn2CeelxjHwsmhhAB6D9cqcH_Dhy34aW7wWBQoXjW7N63kxonahltPZ-jcrmaKoOM134-OT7-fza7mXHqKwjxrOWhBVFvVrb0vVl4xW6hGIzUNdWzEd5Eo_lm2HGowC_rXWb_YJ7IDbePcyyb1vS7AkgGAnGDFA-m8I-BHOJZs0F4eAWyU9bOhoxtjSJYB4u5OPHwnuvSEupyliuJB2WHI2rAKzuMcN7TdLmZrf8ug3HGbPkV4w8hpUukej2c8NMN7yefycgqbRBy_6W013dOD84roJuTo4fkJuQv5I1EDTHFL0R9haWr12Ejr4nQlCcXAxjU6wmSHDTJbQWWf3kYPN-1YWCP7H-9yOZ7R7KotSCCHmqI4GznIasdkE2K99YuhIfQLXdfEvRVh12x9Ef2ZunJA1a7X7d857dMvA;+_clck=2ar2tt%7C2%7Cfvg%7C0%7C1938;+_ga=GA1.1.1242613871.1745311648;+_ga_DP5ZZ9VH84=GS1.1.1745837972.14.1.1745838243.59.0.0;+ASP.NET_SessionId=kjuj034pqztdozgqslo2kn3a;+username=alexander.hermansson@informationsteknik.se;+PriceClass=26;+PriceList=EURS3+;+__RequestVerificationToken=jWmp1PELHc1Hb5W-j-xwFnm--3BkN2yvqBQbE54V1HHGm0m8LH4TjMMe3xN8YjYTOkAoegD8zLPo5XDn8kz605kRA4g1;+BIGipServerextron.com_443_pool=!I6oNOffSsY3+eF8MjvaJwiHEDz8tIOEnyqqQNmiOpvQubiTGHhBKSxOs/NdI0x5hO4sW/wzZdj9YtQ== https://www.extron.com/ www.extron.com 200 0 0 8975 2
2025-05-08 07:00:09 10.1.0.50 GET /Content/vendor/bootstrap/bootstrap.bundle.min.js - 443 alexander.hermansson@informationsteknik.se 10.1.16.1 Mozilla/5.0+(Windows+NT+10.0;+Win64;+x64)+AppleWebKit/537.36+(KHTML,+like+Gecko)+Chrome/136.0.0.0+Safari/537.36 region=2;+lang=1;+.AspNet.Cookies=wtJ-C8r3vdnkPR1Aw1qzuyO0NV6Z74nKn2CeelxjHwsmhhAB6D9cqcH_Dhy34aW7wWBQoXjW7N63kxonahltPZ-jcrmaKoOM134-OT7-fza7mXHqKwjxrOWhBVFvVrb0vVl4xW6hGIzUNdWzEd5Eo_lm2HGowC_rXWb_YJ7IDbePcyyb1vS7AkgGAnGDFA-m8I-BHOJZs0F4eAWyU9bOhoxtjSJYB4u5OPHwnuvSEupyliuJB2WHI2rAKzuMcN7TdLmZrf8ug3HGbPkV4w8hpUukej2c8NMN7yefycgqbRBy_6W013dOD84roJuTo4fkJuQv5I1EDTHFL0R9haWr12Ejr4nQlCcXAxjU6wmSHDTJbQWWf3kYPN-1YWCP7H-9yOZ7R7KotSCCHmqI4GznIasdkE2K99YuhIfQLXdfEvRVh12x9Ef2ZunJA1a7X7d857dMvA;+_clck=2ar2tt%7C2%7Cfvg%7C0%7C1938;+_ga=GA1.1.1242613871.1745311648;+_ga_DP5ZZ9VH84=GS1.1.1745837972.14.1.1745838243.59.0.0;+ASP.NET_SessionId=kjuj034pqztdozgqslo2kn3a;+username=alexander.hermansson@informationsteknik.se;+PriceClass=26;+PriceList=EURS3+;+__RequestVerificationToken=jWmp1PELHc1Hb5W-j-xwFnm--3BkN2yvqBQbE54V1HHGm0m8LH4TjMMe3xN8YjYTOkAoegD8zLPo5XDn8kz605kRA4g1;+BIGipServerextron.com_443_pool=!I6oNOffSsY3+eF8MjvaJwiHEDz8tIOEnyqqQNmiOpvQubiTGHhBKSxOs/NdI0x5hO4sW/wzZdj9YtQ== https://www.extron.com/ www.extron.com 200 0 0 80559 2
2025-05-08 07:00:09 10.1.0.50 GET /Content/vendor/fancybox-3.5.7/dist/jquery.fancybox.js - 443 alexander.hermansson@informationsteknik.se 10.1.16.1 Mozilla/5.0+(Windows+NT+10.0;+Win64;+x64)+AppleWebKit/537.36+(KHTML,+like+Gecko)+Chrome/136.0.0.0+Safari/537.36 region=2;+lang=1;+.AspNet.Cookies=wtJ-C8r3vdnkPR1Aw1qzuyO0NV6Z74nKn2CeelxjHwsmhhAB6D9cqcH_Dhy34aW7wWBQoXjW7N63kxonahltPZ-jcrmaKoOM134-OT7-fza7mXHqKwjxrOWhBVFvVrb0vVl4xW6hGIzUNdWzEd5Eo_lm2HGowC_rXWb_YJ7IDbePcyyb1vS7AkgGAnGDFA-m8I-BHOJZs0F4eAWyU9bOhoxtjSJYB4u5OPHwnuvSEupyliuJB2WHI2rAKzuMcN7TdLmZrf8ug3HGbPkV4w8hpUukej2c8NMN7yefycgqbRBy_6W013dOD84roJuTo4fkJuQv5I1EDTHFL0R9haWr12Ejr4nQlCcXAxjU6wmSHDTJbQWWf3kYPN-1YWCP7H-9yOZ7R7KotSCCHmqI4GznIasdkE2K99YuhIfQLXdfEvRVh12x9Ef2ZunJA1a7X7d857dMvA;+_clck=2ar2tt%7C2%7Cfvg%7C0%7C1938;+_ga=GA1.1.1242613871.1745311648;+_ga_DP5ZZ9VH84=GS1.1.1745837972.14.1.1745838243.59.0.0;+ASP.NET_SessionId=kjuj034pqztdozgqslo2kn3a;+username=alexander.hermansson@informationsteknik.se;+PriceClass=26;+PriceList=EURS3+;+__RequestVerificationToken=jWmp1PELHc1Hb5W-j-xwFnm--3BkN2yvqBQbE54V1HHGm0m8LH4TjMMe3xN8YjYTOkAoegD8zLPo5XDn8kz605kRA4g1;+BIGipServerextron.com_443_pool=!I6oNOffSsY3+eF8MjvaJwiHEDz8tIOEnyqqQNmiOpvQubiTGHhBKSxOs/NdI0x5hO4sW/wzZdj9YtQ== https://www.extron.com/ www.extron.com 200 0 0 168502 2
2025-05-08 07:00:09 10.1.0.50 GET /Content/vendor/bs-offcanvas/dist/js/bootstrap.offcanvas.js - 443 alexander.hermansson@informationsteknik.se 10.1.16.1 Mozilla/5.0+(Windows+NT+10.0;+Win64;+x64)+AppleWebKit/537.36+(KHTML,+like+Gecko)+Chrome/136.0.0.0+Safari/537.36 region=2;+lang=1;+.AspNet.Cookies=wtJ-C8r3vdnkPR1Aw1qzuyO0NV6Z74nKn2CeelxjHwsmhhAB6D9cqcH_Dhy34aW7wWBQoXjW7N63kxonahltPZ-jcrmaKoOM134-OT7-fza7mXHqKwjxrOWhBVFvVrb0vVl4xW6hGIzUNdWzEd5Eo_lm2HGowC_rXWb_YJ7IDbePcyyb1vS7AkgGAnGDFA-m8I-BHOJZs0F4eAWyU9bOhoxtjSJYB4u5OPHwnuvSEupyliuJB2WHI2rAKzuMcN7TdLmZrf8ug3HGbPkV4w8hpUukej2c8NMN7yefycgqbRBy_6W013dOD84roJuTo4fkJuQv5I1EDTHFL0R9haWr12Ejr4nQlCcXAxjU6wmSHDTJbQWWf3kYPN-1YWCP7H-9yOZ7R7KotSCCHmqI4GznIasdkE2K99YuhIfQLXdfEvRVh12x9Ef2ZunJA1a7X7d857dMvA;+_clck=2ar2tt%7C2%7Cfvg%7C0%7C1938;+_ga=GA1.1.1242613871.1745311648;+_ga_DP5ZZ9VH84=GS1.1.1745837972.14.1.1745838243.59.0.0;+ASP.NET_SessionId=kjuj034pqztdozgqslo2kn3a;+username=alexander.hermansson@informationsteknik.se;+PriceClass=26;+PriceList=EURS3+;+__RequestVerificationToken=jWmp1PELHc1Hb5W-j-xwFnm--3BkN2yvqBQbE54V1HHGm0m8LH4TjMMe3xN8YjYTOkAoegD8zLPo5XDn8kz605kRA4g1;+BIGipServerextron.com_443_pool=838861066.47873.0000 https://www.extron.com/ www.extron.com 200 0 0 15159 1
2025-05-08 07:00:09 10.1.0.50 GET /Content/vendor/hoverintent/jquery.hoverIntent.js - 443 alexander.hermansson@informationsteknik.se 10.1.16.1 Mozilla/5.0+(Windows+NT+10.0;+Win64;+x64)+AppleWebKit/537.36+(KHTML,+like+Gecko)+Chrome/136.0.0.0+Safari/537.36 region=2;+lang=1;+.AspNet.Cookies=wtJ-C8r3vdnkPR1Aw1qzuyO0NV6Z74nKn2CeelxjHwsmhhAB6D9cqcH_Dhy34aW7wWBQoXjW7N63kxonahltPZ-jcrmaKoOM134-OT7-fza7mXHqKwjxrOWhBVFvVrb0vVl4xW6hGIzUNdWzEd5Eo_lm2HGowC_rXWb_YJ7IDbePcyyb1vS7AkgGAnGDFA-m8I-BHOJZs0F4eAWyU9bOhoxtjSJYB4u5OPHwnuvSEupyliuJB2WHI2rAKzuMcN7TdLmZrf8ug3HGbPkV4w8hpUukej2c8NMN7yefycgqbRBy_6W013dOD84roJuTo4fkJuQv5I1EDTHFL0R9haWr12Ejr4nQlCcXAxjU6wmSHDTJbQWWf3kYPN-1YWCP7H-9yOZ7R7KotSCCHmqI4GznIasdkE2K99YuhIfQLXdfEvRVh12x9Ef2ZunJA1a7X7d857dMvA;+_clck=2ar2tt%7C2%7Cfvg%7C0%7C1938;+_ga=GA1.1.1242613871.1745311648;+_ga_DP5ZZ9VH84=GS1.1.1745837972.14.1.1745838243.59.0.0;+ASP.NET_SessionId=kjuj034pqztdozgqslo2kn3a;+username=alexander.hermansson@informationsteknik.se;+PriceClass=26;+PriceList=EURS3+;+__RequestVerificationToken=jWmp1PELHc1Hb5W-j-xwFnm--3BkN2yvqBQbE54V1HHGm0m8LH4TjMMe3xN8YjYTOkAoegD8zLPo5XDn8kz605kRA4g1;+BIGipServerextron.com_443_pool=!I6oNOffSsY3+eF8MjvaJwiHEDz8tIOEnyqqQNmiOpvQubiTGHhBKSxOs/NdI0x5hO4sW/wzZdj9YtQ== https://www.extron.com/ www.extron.com 200 0 0 8878 1
2025-05-08 07:00:09 10.1.0.50 GET /api/v1/Article/Get articlehandle=menutraining&lang=3&region=2&loggedin=true 443 cg@wurzer-solutions.at 10.1.16.1 Mozilla/5.0+(Windows+NT+10.0;+Win64;+x64)+AppleWebKit/537.36+(KHTML,+like+Gecko)+Chrome/135.0.0.0+Safari/537.36 region=2;+lang=3;+.AspNet.Cookies=Z_oQ5Q0g2-4Atqy8DNN8WUn9mb9xyiH8evQYfZ29oqrO4uLP3MN1bWD4pHqxK9vNZNKTSjPCsTaHDO_o1_Nw_2RiEFk_ywPNcfGYlalMhNkybrJ0cnv2jNsnaCrkXc5UdrKMyPa7NVgQhfQ4NbeAwrnrmQOHECM9-j2tn_PEliZug7-66vw0-Esn1ZpC_wSEqnhuM1PjahfbUJIypH73QPawz6G25V8zSByIpeS8bjQcj3FnoU5osJoB-lPpkgQNJrIfk3bWz6ECo39AVDgJgyGPQ5mOvunTiHdaT61nCsGbfuOn0E-nA5WVneYkG3R73YTEJTPu6-T0kBIGsCDwf-ws5FqiErHCH-SC-dBkdJUdKCdmseIC1-PhgFe5LJ4cF8lfLIAxLO0IskHOtyWv7MJh-yLiK1y0xY1R5An4-_MiZcHHNK2KXMM3QUGrGZQIUYA-GA;+ExtronRecViewProd=dahd4kplusseries,dahd4kseries,dtpcp4k82,mlcplus200,mpa152plus,nbp200,tlppro725t,hc404,xtptusw1034k,xpau1002,knx100g;+ASP.NET_SessionId=t4nbjrv345oaijt52dwirppp;+username=cg@wurzer-solutions.at;+PriceClass=26D;+PriceList=EURS3+;+__RequestVerificationToken=zJCN0Up3s3qZ3EQyyxdHjPfzNuiIGz-XoPpqYX5hUiBg8YcC-SkNN6MELGGjTTPI1OVW4RPcSpsD0OxdsljG6Dac0Vw1;+BIGipServerextron.com_443_pool=!5CwWsx+MLFa7SiUMjvaJwiHEDz8tIEmbys9wW8b1t/P12bzzfQ6AbFlLhakneN5emETzRfELGCevrg==;+_gid=GA1.2.175445997.1746687566;+_gat_UA-130285241-1=1;+_clck=gq3nh8%7C2%7Cfvq%7C0%7C1891;+_clsk=pr3azn%7C1746687573386%7C2%7C1%7Cl.clarity.ms%2Fcollect;+_ga_DP5ZZ9VH84=GS2.1.s1746687565$o6$g1$t1746687588$j37$l0$h0;+_ga=GA1.2.1212246975.1741272391 https://www.extron.de/search?search=knx www.extron.de 200 0 0 7685 5
2025-05-08 07:00:09 10.1.0.50 GET /api/v1/Article/Get articlehandle=menucompany&lang=3&region=2&loggedin=true 443 cg@wurzer-solutions.at 10.1.16.1 Mozilla/5.0+(Windows+NT+10.0;+Win64;+x64)+AppleWebKit/537.36+(KHTML,+like+Gecko)+Chrome/135.0.0.0+Safari/537.36 region=2;+lang=3;+.AspNet.Cookies=Z_oQ5Q0g2-4Atqy8DNN8WUn9mb9xyiH8evQYfZ29oqrO4uLP3MN1bWD4pHqxK9vNZNKTSjPCsTaHDO_o1_Nw_2RiEFk_ywPNcfGYlalMhNkybrJ0cnv2jNsnaCrkXc5UdrKMyPa7NVgQhfQ4NbeAwrnrmQOHECM9-j2tn_PEliZug7-66vw0-Esn1ZpC_wSEqnhuM1PjahfbUJIypH73QPawz6G25V8zSByIpeS8bjQcj3FnoU5osJoB-lPpkgQNJrIfk3bWz6ECo39AVDgJgyGPQ5mOvunTiHdaT61nCsGbfuOn0E-nA5WVneYkG3R73YTEJTPu6-T0kBIGsCDwf-ws5FqiErHCH-SC-dBkdJUdKCdmseIC1-PhgFe5LJ4cF8lfLIAxLO0IskHOtyWv7MJh-yLiK1y0xY1R5An4-_MiZcHHNK2KXMM3QUGrGZQIUYA-GA;+ExtronRecViewProd=dahd4kplusseries,dahd4kseries,dtpcp4k82,mlcplus200,mpa152plus,nbp200,tlppro725t,hc404,xtptusw1034k,xpau1002,knx100g;+ASP.NET_SessionId=t4nbjrv345oaijt52dwirppp;+username=cg@wurzer-solutions.at;+PriceClass=26D;+PriceList=EURS3+;+__RequestVerificationToken=zJCN0Up3s3qZ3EQyyxdHjPfzNuiIGz-XoPpqYX5hUiBg8YcC-SkNN6MELGGjTTPI1OVW4RPcSpsD0OxdsljG6Dac0Vw1;+BIGipServerextron.com_443_pool=!5CwWsx+MLFa7SiUMjvaJwiHEDz8tIEmbys9wW8b1t/P12bzzfQ6AbFlLhakneN5emETzRfELGCevrg==;+_gid=GA1.2.175445997.1746687566;+_gat_UA-130285241-1=1;+_clck=gq3nh8%7C2%7Cfvq%7C0%7C1891;+_clsk=pr3azn%7C1746687573386%7C2%7C1%7Cl.clarity.ms%2Fcollect;+_ga_DP5ZZ9VH84=GS2.1.s1746687565$o6$g1$t1746687588$j37$l0$h0;+_ga=GA1.2.1212246975.1741272391 https://www.extron.de/search?search=knx www.extron.de 200 0 0 9100 4
2025-05-08 07:00:09 10.1.0.50 GET /api/v1/Article/Get articlehandle=menudownload&lang=3&region=2&loggedin=true 443 cg@wurzer-solutions.at 10.1.16.1 Mozilla/5.0+(Windows+NT+10.0;+Win64;+x64)+AppleWebKit/537.36+(KHTML,+like+Gecko)+Chrome/135.0.0.0+Safari/537.36 region=2;+lang=3;+.AspNet.Cookies=Z_oQ5Q0g2-4Atqy8DNN8WUn9mb9xyiH8evQYfZ29oqrO4uLP3MN1bWD4pHqxK9vNZNKTSjPCsTaHDO_o1_Nw_2RiEFk_ywPNcfGYlalMhNkybrJ0cnv2jNsnaCrkXc5UdrKMyPa7NVgQhfQ4NbeAwrnrmQOHECM9-j2tn_PEliZug7-66vw0-Esn1ZpC_wSEqnhuM1PjahfbUJIypH73QPawz6G25V8zSByIpeS8bjQcj3FnoU5osJoB-lPpkgQNJrIfk3bWz6ECo39AVDgJgyGPQ5mOvunTiHdaT61nCsGbfuOn0E-nA5WVneYkG3R73YTEJTPu6-T0kBIGsCDwf-ws5FqiErHCH-SC-dBkdJUdKCdmseIC1-PhgFe5LJ4cF8lfLIAxLO0IskHOtyWv7MJh-yLiK1y0xY1R5An4-_MiZcHHNK2KXMM3QUGrGZQIUYA-GA;+ExtronRecViewProd=dahd4kplusseries,dahd4kseries,dtpcp4k82,mlcplus200,mpa152plus,nbp200,tlppro725t,hc404,xtptusw1034k,xpau1002,knx100g;+ASP.NET_SessionId=t4nbjrv345oaijt52dwirppp;+username=cg@wurzer-solutions.at;+PriceClass=26D;+PriceList=EURS3+;+__RequestVerificationToken=zJCN0Up3s3qZ3EQyyxdHjPfzNuiIGz-XoPpqYX5hUiBg8YcC-SkNN6MELGGjTTPI1OVW4RPcSpsD0OxdsljG6Dac0Vw1;+BIGipServerextron.com_443_pool=!5CwWsx+MLFa7SiUMjvaJwiHEDz8tIEmbys9wW8b1t/P12bzzfQ6AbFlLhakneN5emETzRfELGCevrg==;+_gid=GA1.2.175445997.1746687566;+_gat_UA-130285241-1=1;+_clck=gq3nh8%7C2%7Cfvq%7C0%7C1891;+_clsk=pr3azn%7C1746687573386%7C2%7C1%7Cl.clarity.ms%2Fcollect;+_ga_DP5ZZ9VH84=GS2.1.s1746687565$o6$g1$t1746687588$j37$l0$h0;+_ga=GA1.2.1212246975.1741272391 https://www.extron.de/search?search=knx www.extron.de 200 0 0 5962 4
2025-05-08 07:00:09 10.1.0.50 GET /api/v1/Article/Get articlehandle=menuresources&lang=3&region=2&loggedin=true 443 cg@wurzer-solutions.at 10.1.16.1 Mozilla/5.0+(Windows+NT+10.0;+Win64;+x64)+AppleWebKit/537.36+(KHTML,+like+Gecko)+Chrome/135.0.0.0+Safari/537.36 region=2;+lang=3;+.AspNet.Cookies=Z_oQ5Q0g2-4Atqy8DNN8WUn9mb9xyiH8evQYfZ29oqrO4uLP3MN1bWD4pHqxK9vNZNKTSjPCsTaHDO_o1_Nw_2RiEFk_ywPNcfGYlalMhNkybrJ0cnv2jNsnaCrkXc5UdrKMyPa7NVgQhfQ4NbeAwrnrmQOHECM9-j2tn_PEliZug7-66vw0-Esn1ZpC_wSEqnhuM1PjahfbUJIypH73QPawz6G25V8zSByIpeS8bjQcj3FnoU5osJoB-lPpkgQNJrIfk3bWz6ECo39AVDgJgyGPQ5mOvunTiHdaT61nCsGbfuOn0E-nA5WVneYkG3R73YTEJTPu6-T0kBIGsCDwf-ws5FqiErHCH-SC-dBkdJUdKCdmseIC1-PhgFe5LJ4cF8lfLIAxLO0IskHOtyWv7MJh-yLiK1y0xY1R5An4-_MiZcHHNK2KXMM3QUGrGZQIUYA-GA;+ExtronRecViewProd=dahd4kplusseries,dahd4kseries,dtpcp4k82,mlcplus200,mpa152plus,nbp200,tlppro725t,hc404,xtptusw1034k,xpau1002,knx100g;+ASP.NET_SessionId=t4nbjrv345oaijt52dwirppp;+username=cg@wurzer-solutions.at;+PriceClass=26D;+PriceList=EURS3+;+__RequestVerificationToken=zJCN0Up3s3qZ3EQyyxdHjPfzNuiIGz-XoPpqYX5hUiBg8YcC-SkNN6MELGGjTTPI1OVW4RPcSpsD0OxdsljG6Dac0Vw1;+BIGipServerextron.com_443_pool=!5CwWsx+MLFa7SiUMjvaJwiHEDz8tIEmbys9wW8b1t/P12bzzfQ6AbFlLhakneN5emETzRfELGCevrg==;+_gid=GA1.2.175445997.1746687566;+_gat_UA-130285241-1=1;+_clck=gq3nh8%7C2%7Cfvq%7C0%7C1891;+_clsk=pr3azn%7C1746687573386%7C2%7C1%7Cl.clarity.ms%2Fcollect;+_ga_DP5ZZ9VH84=GS2.1.s1746687565$o6$g1$t1746687588$j37$l0$h0;+_ga=GA1.2.1212246975.1741272391 https://www.extron.de/search?search=knx www.extron.de 200 0 0 12402 4
2025-05-08 07:00:09 10.1.0.50 GET /api/v1/Article/Get articlehandle=menuproducts&lang=3&region=2&loggedin=true 443 cg@wurzer-solutions.at 10.1.16.1 Mozilla/5.0+(Windows+NT+10.0;+Win64;+x64)+AppleWebKit/537.36+(KHTML,+like+Gecko)+Chrome/135.0.0.0+Safari/537.36 region=2;+lang=3;+.AspNet.Cookies=Z_oQ5Q0g2-4Atqy8DNN8WUn9mb9xyiH8evQYfZ29oqrO4uLP3MN1bWD4pHqxK9vNZNKTSjPCsTaHDO_o1_Nw_2RiEFk_ywPNcfGYlalMhNkybrJ0cnv2jNsnaCrkXc5UdrKMyPa7NVgQhfQ4NbeAwrnrmQOHECM9-j2tn_PEliZug7-66vw0-Esn1ZpC_wSEqnhuM1PjahfbUJIypH73QPawz6G25V8zSByIpeS8bjQcj3FnoU5osJoB-lPpkgQNJrIfk3bWz6ECo39AVDgJgyGPQ5mOvunTiHdaT61nCsGbfuOn0E-nA5WVneYkG3R73YTEJTPu6-T0kBIGsCDwf-ws5FqiErHCH-SC-dBkdJUdKCdmseIC1-PhgFe5LJ4cF8lfLIAxLO0IskHOtyWv7MJh-yLiK1y0xY1R5An4-_MiZcHHNK2KXMM3QUGrGZQIUYA-GA;+ExtronRecViewProd=dahd4kplusseries,dahd4kseries,dtpcp4k82,mlcplus200,mpa152plus,nbp200,tlppro725t,hc404,xtptusw1034k,xpau1002,knx100g;+ASP.NET_SessionId=t4nbjrv345oaijt52dwirppp;+username=cg@wurzer-solutions.at;+PriceClass=26D;+PriceList=EURS3+;+__RequestVerificationToken=zJCN0Up3s3qZ3EQyyxdHjPfzNuiIGz-XoPpqYX5hUiBg8YcC-SkNN6MELGGjTTPI1OVW4RPcSpsD0OxdsljG6Dac0Vw1;+BIGipServerextron.com_443_pool=!5CwWsx+MLFa7SiUMjvaJwiHEDz8tIEmbys9wW8b1t/P12bzzfQ6AbFlLhakneN5emETzRfELGCevrg==;+_gid=GA1.2.175445997.1746687566;+_gat_UA-130285241-1=1;+_clck=gq3nh8%7C2%7Cfvq%7C0%7C1891;+_clsk=pr3azn%7C1746687573386%7C2%7C1%7Cl.clarity.ms%2Fcollect;+_ga_DP5ZZ9VH84=GS2.1.s1746687565$o6$g1$t1746687588$j37$l0$h0;+_ga=GA1.2.1212246975.1741272391 https://www.extron.de/search?search=knx www.extron.de 200 0 0 11307 13
2025-05-08 07:00:09 10.1.0.50 GET /company/article.aspx id=emea_pr&version=print 80 - 10.1.16.1 Mozilla/5.0+(compatible;+DotBot/1.2;++https://opensiteexplorer.org/dotbot;+help@moz.com) - - www.extron.de 301 0 0 1805 1
2025-05-08 07:00:09 10.1.0.50 GET /Scripts/Shared/main.js 20240613 443 likith.c@velocis.co.in 10.1.16.1 Mozilla/5.0+(Windows+NT+10.0;+Win64;+x64)+AppleWebKit/537.36+(KHTML,+like+Gecko)+Chrome/136.0.0.0+Safari/537.36 lang=1;+region=3;+.AspNet.Cookies=_dD5gUEanpZTN975XsYBheFfYLVk352Xj3wX9snng8-ngSONT1l4MGL5OvRWJ1cVqw23NmCNHDv8aDTs0ZBVZnFfLzCd8uvnAETESNOyVPENpwPe0YuhZQEuNNIWGGRZpyDPIc9G1R_CHH_uuw6Y8lEXeZGZyRJod0sD8r7QLBizDmIhFMKFFgf9iMJup75oPRr-5aWcKcek5MOOegYlKRvEhXzIxMSe9wBPTXmp97T5ALLT2i_noNt-lTxOJx1evcz5SXCmgks5LRHIyTXCvkUlAW9fSbX6arQY7RH8PrTLxhE17_R1D2IyUN7-xKAxItgUQyBXFGmP1yC8LMLDHmZDTeDDyLczmuDijqsp-S6f8WDAsnpSJRtKZs_LvVj21wU5QpWFWETJSbllIsGVgSsUAVQNVYAoYAJTu3kGRmIN-64V8AM3M4OLsI4VXZQCWN6qfQ;+_gid=GA1.2.339565457.1746590700;+ASP.NET_SessionId=1fflf00vu01zqimxer12gll4;+username=likith.c@velocis.co.in;+PriceClass=33P;+PriceList=EU;+__RequestVerificationToken=0W3_-Wnla4dlDKhFJJvsmpnOo9oUcI6ul0jSMvJTUz1VKyBcjzS_rOV03rLtZW5-8OEJDaNjFkbGYS0YmJnh8D3wWNo1;+BIGipServerextron.com_443_pool=!UUKG5R+gS7Rk7LcMjvaJwiHEDz8tIEadGvvvhJnJPVMWhlSH3uOG16z6ul4ET1PK4Ur0LFnJzkZrPg==;+_clck=1mog0se%7C2%7Cfvq%7C0%7C1953;+_clsk=1eytj6o%7C1746687488869%7C4%7C1%7Cn.clarity.ms%2Fcollect;+_gat_UA-130285241-1=1;+_ga_DP5ZZ9VH84=GS2.1.s1746687370$o12$g1$t1746687589$j59$l0$h0;+_ga=GA1.1.2046277005.1746590700 https://www.extron.com/Training/MyTraining/Lessons/?stcr=1964116&cour=COUR201809101054470632070 www.extron.com 304 0 0 1705 1
2025-05-08 07:00:09 10.1.0.50 GET /Content/css/Shared/fonts/roboto-v18-cyrillic_latin-ext_latin_cyrillic-ext-regular.woff2 - 443 alexander.hermansson@informationsteknik.se 10.1.16.1 Mozilla/5.0+(Windows+NT+10.0;+Win64;+x64)+AppleWebKit/537.36+(KHTML,+like+Gecko)+Chrome/136.0.0.0+Safari/537.36 region=2;+lang=1;+.AspNet.Cookies=wtJ-C8r3vdnkPR1Aw1qzuyO0NV6Z74nKn2CeelxjHwsmhhAB6D9cqcH_Dhy34aW7wWBQoXjW7N63kxonahltPZ-jcrmaKoOM134-OT7-fza7mXHqKwjxrOWhBVFvVrb0vVl4xW6hGIzUNdWzEd5Eo_lm2HGowC_rXWb_YJ7IDbePcyyb1vS7AkgGAnGDFA-m8I-BHOJZs0F4eAWyU9bOhoxtjSJYB4u5OPHwnuvSEupyliuJB2WHI2rAKzuMcN7TdLmZrf8ug3HGbPkV4w8hpUukej2c8NMN7yefycgqbRBy_6W013dOD84roJuTo4fkJuQv5I1EDTHFL0R9haWr12Ejr4nQlCcXAxjU6wmSHDTJbQWWf3kYPN-1YWCP7H-9yOZ7R7KotSCCHmqI4GznIasdkE2K99YuhIfQLXdfEvRVh12x9Ef2ZunJA1a7X7d857dMvA;+_clck=2ar2tt%7C2%7Cfvg%7C0%7C1938;+_ga=GA1.1.1242613871.1745311648;+_ga_DP5ZZ9VH84=GS1.1.1745837972.14.1.1745838243.59.0.0;+ASP.NET_SessionId=kjuj034pqztdozgqslo2kn3a;+username=alexander.hermansson@informationsteknik.se;+PriceClass=26;+PriceList=EURS3+;+__RequestVerificationToken=jWmp1PELHc1Hb5W-j-xwFnm--3BkN2yvqBQbE54V1HHGm0m8LH4TjMMe3xN8YjYTOkAoegD8zLPo5XDn8kz605kRA4g1;+BIGipServerextron.com_443_pool=!I6oNOffSsY3+eF8MjvaJwiHEDz8tIOEnyqqQNmiOpvQubiTGHhBKSxOs/NdI0x5hO4sW/wzZdj9YtQ== https://www.extron.com/Content/css/Shared/extron.css www.extron.com 200 0 0 66538 2
2025-05-08 07:00:09 10.1.0.50 GET /api/v1/Article/Get articlehandle=gdpr&lang=3&region=2&loggedin=true 443 cg@wurzer-solutions.at 10.1.16.1 Mozilla/5.0+(Windows+NT+10.0;+Win64;+x64)+AppleWebKit/537.36+(KHTML,+like+Gecko)+Chrome/135.0.0.0+Safari/537.36 region=2;+lang=3;+.AspNet.Cookies=Z_oQ5Q0g2-4Atqy8DNN8WUn9mb9xyiH8evQYfZ29oqrO4uLP3MN1bWD4pHqxK9vNZNKTSjPCsTaHDO_o1_Nw_2RiEFk_ywPNcfGYlalMhNkybrJ0cnv2jNsnaCrkXc5UdrKMyPa7NVgQhfQ4NbeAwrnrmQOHECM9-j2tn_PEliZug7-66vw0-Esn1ZpC_wSEqnhuM1PjahfbUJIypH73QPawz6G25V8zSByIpeS8bjQcj3FnoU5osJoB-lPpkgQNJrIfk3bWz6ECo39AVDgJgyGPQ5mOvunTiHdaT61nCsGbfuOn0E-nA5WVneYkG3R73YTEJTPu6-T0kBIGsCDwf-ws5FqiErHCH-SC-dBkdJUdKCdmseIC1-PhgFe5LJ4cF8lfLIAxLO0IskHOtyWv7MJh-yLiK1y0xY1R5An4-_MiZcHHNK2KXMM3QUGrGZQIUYA-GA;+ExtronRecViewProd=dahd4kplusseries,dahd4kseries,dtpcp4k82,mlcplus200,mpa152plus,nbp200,tlppro725t,hc404,xtptusw1034k,xpau1002,knx100g;+ASP.NET_SessionId=t4nbjrv345oaijt52dwirppp;+username=cg@wurzer-solutions.at;+PriceClass=26D;+PriceList=EURS3+;+__RequestVerificationToken=zJCN0Up3s3qZ3EQyyxdHjPfzNuiIGz-XoPpqYX5hUiBg8YcC-SkNN6MELGGjTTPI1OVW4RPcSpsD0OxdsljG6Dac0Vw1;+BIGipServerextron.com_443_pool=!5CwWsx+MLFa7SiUMjvaJwiHEDz8tIEmbys9wW8b1t/P12bzzfQ6AbFlLhakneN5emETzRfELGCevrg==;+_gid=GA1.2.175445997.1746687566;+_gat_UA-130285241-1=1;+_clck=gq3nh8%7C2%7Cfvq%7C0%7C1891;+_clsk=pr3azn%7C1746687573386%7C2%7C1%7Cl.clarity.ms%2Fcollect;+_ga_DP5ZZ9VH84=GS2.1.s1746687565$o6$g1$t1746687588$j37$l0$h0;+_ga=GA1.2.1212246975.1741272391 https://www.extron.de/search?search=knx www.extron.de 200 0 0 2609 11
2025-05-08 07:00:09 10.1.0.50 GET /Scripts/Shared/login.js 20210406 443 likith.c@velocis.co.in 10.1.16.1 Mozilla/5.0+(Windows+NT+10.0;+Win64;+x64)+AppleWebKit/537.36+(KHTML,+like+Gecko)+Chrome/136.0.0.0+Safari/537.36 lang=1;+region=3;+.AspNet.Cookies=_dD5gUEanpZTN975XsYBheFfYLVk352Xj3wX9snng8-ngSONT1l4MGL5OvRWJ1cVqw23NmCNHDv8aDTs0ZBVZnFfLzCd8uvnAETESNOyVPENpwPe0YuhZQEuNNIWGGRZpyDPIc9G1R_CHH_uuw6Y8lEXeZGZyRJod0sD8r7QLBizDmIhFMKFFgf9iMJup75oPRr-5aWcKcek5MOOegYlKRvEhXzIxMSe9wBPTXmp97T5ALLT2i_noNt-lTxOJx1evcz5SXCmgks5LRHIyTXCvkUlAW9fSbX6arQY7RH8PrTLxhE17_R1D2IyUN7-xKAxItgUQyBXFGmP1yC8LMLDHmZDTeDDyLczmuDijqsp-S6f8WDAsnpSJRtKZs_LvVj21wU5QpWFWETJSbllIsGVgSsUAVQNVYAoYAJTu3kGRmIN-64V8AM3M4OLsI4VXZQCWN6qfQ;+_gid=GA1.2.339565457.1746590700;+ASP.NET_SessionId=1fflf00vu01zqimxer12gll4;+username=likith.c@velocis.co.in;+PriceClass=33P;+PriceList=EU;+__RequestVerificationToken=0W3_-Wnla4dlDKhFJJvsmpnOo9oUcI6ul0jSMvJTUz1VKyBcjzS_rOV03rLtZW5-8OEJDaNjFkbGYS0YmJnh8D3wWNo1;+BIGipServerextron.com_443_pool=!UUKG5R+gS7Rk7LcMjvaJwiHEDz8tIEadGvvvhJnJPVMWhlSH3uOG16z6ul4ET1PK4Ur0LFnJzkZrPg==;+_clck=1mog0se%7C2%7Cfvq%7C0%7C1953;+_clsk=1eytj6o%7C1746687488869%7C4%7C1%7Cn.clarity.ms%2Fcollect;+_gat_UA-130285241-1=1;+_ga_DP5ZZ9VH84=GS2.1.s1746687370$o12$g1$t1746687589$j59$l0$h0;+_ga=GA1.1.2046277005.1746590700 https://www.extron.com/Training/MyTraining/Lessons/?stcr=1964116&cour=COUR201809101054470632070 www.extron.com 304 0 0 1705 1
2025-05-08 07:00:09 10.1.0.50 GET /Content/vendor/fontawesome/webfonts/fa-solid-900.woff2 - 443 alexander.hermansson@informationsteknik.se 10.1.16.1 Mozilla/5.0+(Windows+NT+10.0;+Win64;+x64)+AppleWebKit/537.36+(KHTML,+like+Gecko)+Chrome/136.0.0.0+Safari/537.36 region=2;+lang=1;+.AspNet.Cookies=wtJ-C8r3vdnkPR1Aw1qzuyO0NV6Z74nKn2CeelxjHwsmhhAB6D9cqcH_Dhy34aW7wWBQoXjW7N63kxonahltPZ-jcrmaKoOM134-OT7-fza7mXHqKwjxrOWhBVFvVrb0vVl4xW6hGIzUNdWzEd5Eo_lm2HGowC_rXWb_YJ7IDbePcyyb1vS7AkgGAnGDFA-m8I-BHOJZs0F4eAWyU9bOhoxtjSJYB4u5OPHwnuvSEupyliuJB2WHI2rAKzuMcN7TdLmZrf8ug3HGbPkV4w8hpUukej2c8NMN7yefycgqbRBy_6W013dOD84roJuTo4fkJuQv5I1EDTHFL0R9haWr12Ejr4nQlCcXAxjU6wmSHDTJbQWWf3kYPN-1YWCP7H-9yOZ7R7KotSCCHmqI4GznIasdkE2K99YuhIfQLXdfEvRVh12x9Ef2ZunJA1a7X7d857dMvA;+_clck=2ar2tt%7C2%7Cfvg%7C0%7C1938;+_ga=GA1.1.1242613871.1745311648;+_ga_DP5ZZ9VH84=GS1.1.1745837972.14.1.1745838243.59.0.0;+ASP.NET_SessionId=kjuj034pqztdozgqslo2kn3a;+username=alexander.hermansson@informationsteknik.se;+PriceClass=26;+PriceList=EURS3+;+__RequestVerificationToken=jWmp1PELHc1Hb5W-j-xwFnm--3BkN2yvqBQbE54V1HHGm0m8LH4TjMMe3xN8YjYTOkAoegD8zLPo5XDn8kz605kRA4g1;+BIGipServerextron.com_443_pool=!I6oNOffSsY3+eF8MjvaJwiHEDz8tIOEnyqqQNmiOpvQubiTGHhBKSxOs/NdI0x5hO4sW/wzZdj9YtQ== https://www.extron.com/Content/vendor/fontawesome/css/all.min.css www.extron.com 200 0 0 330193 2
2025-05-08 07:00:09 10.1.0.50 GET /Content/vendor/jquery-validate/jquery.validate.unobtrusive.min.js - 443 likith.c@velocis.co.in 10.1.16.1 Mozilla/5.0+(Windows+NT+10.0;+Win64;+x64)+AppleWebKit/537.36+(KHTML,+like+Gecko)+Chrome/136.0.0.0+Safari/537.36 lang=1;+region=3;+.AspNet.Cookies=_dD5gUEanpZTN975XsYBheFfYLVk352Xj3wX9snng8-ngSONT1l4MGL5OvRWJ1cVqw23NmCNHDv8aDTs0ZBVZnFfLzCd8uvnAETESNOyVPENpwPe0YuhZQEuNNIWGGRZpyDPIc9G1R_CHH_uuw6Y8lEXeZGZyRJod0sD8r7QLBizDmIhFMKFFgf9iMJup75oPRr-5aWcKcek5MOOegYlKRvEhXzIxMSe9wBPTXmp97T5ALLT2i_noNt-lTxOJx1evcz5SXCmgks5LRHIyTXCvkUlAW9fSbX6arQY7RH8PrTLxhE17_R1D2IyUN7-xKAxItgUQyBXFGmP1yC8LMLDHmZDTeDDyLczmuDijqsp-S6f8WDAsnpSJRtKZs_LvVj21wU5QpWFWETJSbllIsGVgSsUAVQNVYAoYAJTu3kGRmIN-64V8AM3M4OLsI4VXZQCWN6qfQ;+_gid=GA1.2.339565457.1746590700;+ASP.NET_SessionId=1fflf00vu01zqimxer12gll4;+username=likith.c@velocis.co.in;+PriceClass=33P;+PriceList=EU;+__RequestVerificationToken=0W3_-Wnla4dlDKhFJJvsmpnOo9oUcI6ul0jSMvJTUz1VKyBcjzS_rOV03rLtZW5-8OEJDaNjFkbGYS0YmJnh8D3wWNo1;+BIGipServerextron.com_443_pool=!UUKG5R+gS7Rk7LcMjvaJwiHEDz8tIEadGvvvhJnJPVMWhlSH3uOG16z6ul4ET1PK4Ur0LFnJzkZrPg==;+_clck=1mog0se%7C2%7Cfvq%7C0%7C1953;+_clsk=1eytj6o%7C1746687488869%7C4%7C1%7Cn.clarity.ms%2Fcollect;+_gat_UA-130285241-1=1;+_ga_DP5ZZ9VH84=GS2.1.s1746687370$o12$g1$t1746687589$j59$l0$h0;+_ga=GA1.1.2046277005.1746590700 https://www.extron.com/Training/MyTraining/Lessons/?stcr=1964116&cour=COUR201809101054470632070 www.extron.com 304 0 0 1703 3
2025-05-08 07:00:09 10.1.0.50 GET /Scripts/Training/MyTraining/training.js 11252024 443 likith.c@velocis.co.in 10.1.16.1 Mozilla/5.0+(Windows+NT+10.0;+Win64;+x64)+AppleWebKit/537.36+(KHTML,+like+Gecko)+Chrome/136.0.0.0+Safari/537.36 lang=1;+region=3;+.AspNet.Cookies=_dD5gUEanpZTN975XsYBheFfYLVk352Xj3wX9snng8-ngSONT1l4MGL5OvRWJ1cVqw23NmCNHDv8aDTs0ZBVZnFfLzCd8uvnAETESNOyVPENpwPe0YuhZQEuNNIWGGRZpyDPIc9G1R_CHH_uuw6Y8lEXeZGZyRJod0sD8r7QLBizDmIhFMKFFgf9iMJup75oPRr-5aWcKcek5MOOegYlKRvEhXzIxMSe9wBPTXmp97T5ALLT2i_noNt-lTxOJx1evcz5SXCmgks5LRHIyTXCvkUlAW9fSbX6arQY7RH8PrTLxhE17_R1D2IyUN7-xKAxItgUQyBXFGmP1yC8LMLDHmZDTeDDyLczmuDijqsp-S6f8WDAsnpSJRtKZs_LvVj21wU5QpWFWETJSbllIsGVgSsUAVQNVYAoYAJTu3kGRmIN-64V8AM3M4OLsI4VXZQCWN6qfQ;+_gid=GA1.2.339565457.1746590700;+ASP.NET_SessionId=1fflf00vu01zqimxer12gll4;+username=likith.c@velocis.co.in;+PriceClass=33P;+PriceList=EU;+__RequestVerificationToken=0W3_-Wnla4dlDKhFJJvsmpnOo9oUcI6ul0jSMvJTUz1VKyBcjzS_rOV03rLtZW5-8OEJDaNjFkbGYS0YmJnh8D3wWNo1;+BIGipServerextron.com_443_pool=!UUKG5R+gS7Rk7LcMjvaJwiHEDz8tIEadGvvvhJnJPVMWhlSH3uOG16z6ul4ET1PK4Ur0LFnJzkZrPg==;+_clck=1mog0se%7C2%7Cfvq%7C0%7C1953;+_clsk=1eytj6o%7C1746687488869%7C4%7C1%7Cn.clarity.ms%2Fcollect;+_gat_UA-130285241-1=1;+_ga_DP5ZZ9VH84=GS2.1.s1746687370$o12$g1$t1746687589$j59$l0$h0;+_ga=GA1.1.2046277005.1746590700 https://www.extron.com/Training/MyTraining/Lessons/?stcr=1964116&cour=COUR201809101054470632070 www.extron.com 304 0 0 1703 3
2025-05-08 07:00:09 10.1.0.50 GET /Content/vendor/jquery-validate/jquery.validate.min.js - 443 likith.c@velocis.co.in 10.1.16.1 Mozilla/5.0+(Windows+NT+10.0;+Win64;+x64)+AppleWebKit/537.36+(KHTML,+like+Gecko)+Chrome/136.0.0.0+Safari/537.36 lang=1;+region=3;+.AspNet.Cookies=_dD5gUEanpZTN975XsYBheFfYLVk352Xj3wX9snng8-ngSONT1l4MGL5OvRWJ1cVqw23NmCNHDv8aDTs0ZBVZnFfLzCd8uvnAETESNOyVPENpwPe0YuhZQEuNNIWGGRZpyDPIc9G1R_CHH_uuw6Y8lEXeZGZyRJod0sD8r7QLBizDmIhFMKFFgf9iMJup75oPRr-5aWcKcek5MOOegYlKRvEhXzIxMSe9wBPTXmp97T5ALLT2i_noNt-lTxOJx1evcz5SXCmgks5LRHIyTXCvkUlAW9fSbX6arQY7RH8PrTLxhE17_R1D2IyUN7-xKAxItgUQyBXFGmP1yC8LMLDHmZDTeDDyLczmuDijqsp-S6f8WDAsnpSJRtKZs_LvVj21wU5QpWFWETJSbllIsGVgSsUAVQNVYAoYAJTu3kGRmIN-64V8AM3M4OLsI4VXZQCWN6qfQ;+_gid=GA1.2.339565457.1746590700;+ASP.NET_SessionId=1fflf00vu01zqimxer12gll4;+username=likith.c@velocis.co.in;+PriceClass=33P;+PriceList=EU;+__RequestVerificationToken=0W3_-Wnla4dlDKhFJJvsmpnOo9oUcI6ul0jSMvJTUz1VKyBcjzS_rOV03rLtZW5-8OEJDaNjFkbGYS0YmJnh8D3wWNo1;+BIGipServerextron.com_443_pool=!UUKG5R+gS7Rk7LcMjvaJwiHEDz8tIEadGvvvhJnJPVMWhlSH3uOG16z6ul4ET1PK4Ur0LFnJzkZrPg==;+_clck=1mog0se%7C2%7Cfvq%7C0%7C1953;+_clsk=1eytj6o%7C1746687488869%7C4%7C1%7Cn.clarity.ms%2Fcollect;+_gat_UA-130285241-1=1;+_ga_DP5ZZ9VH84=GS2.1.s1746687370$o12$g1$t1746687589$j59$l0$h0;+_ga=GA1.1.2046277005.1746590700 https://www.extron.com/Training/MyTraining/Lessons/?stcr=1964116&cour=COUR201809101054470632070 www.extron.com 304 0 0 1703 2
2025-05-08 07:00:09 10.1.0.50 GET /Content/css/Shared/fonts/roboto-v18-cyrillic_latin-ext_latin_cyrillic-ext-700.woff2 - 443 alexander.hermansson@informationsteknik.se 10.1.16.1 Mozilla/5.0+(Windows+NT+10.0;+Win64;+x64)+AppleWebKit/537.36+(KHTML,+like+Gecko)+Chrome/136.0.0.0+Safari/537.36 region=2;+lang=1;+.AspNet.Cookies=wtJ-C8r3vdnkPR1Aw1qzuyO0NV6Z74nKn2CeelxjHwsmhhAB6D9cqcH_Dhy34aW7wWBQoXjW7N63kxonahltPZ-jcrmaKoOM134-OT7-fza7mXHqKwjxrOWhBVFvVrb0vVl4xW6hGIzUNdWzEd5Eo_lm2HGowC_rXWb_YJ7IDbePcyyb1vS7AkgGAnGDFA-m8I-BHOJZs0F4eAWyU9bOhoxtjSJYB4u5OPHwnuvSEupyliuJB2WHI2rAKzuMcN7TdLmZrf8ug3HGbPkV4w8hpUukej2c8NMN7yefycgqbRBy_6W013dOD84roJuTo4fkJuQv5I1EDTHFL0R9haWr12Ejr4nQlCcXAxjU6wmSHDTJbQWWf3kYPN-1YWCP7H-9yOZ7R7KotSCCHmqI4GznIasdkE2K99YuhIfQLXdfEvRVh12x9Ef2ZunJA1a7X7d857dMvA;+_clck=2ar2tt%7C2%7Cfvg%7C0%7C1938;+_ga=GA1.1.1242613871.1745311648;+_ga_DP5ZZ9VH84=GS1.1.1745837972.14.1.1745838243.59.0.0;+ASP.NET_SessionId=kjuj034pqztdozgqslo2kn3a;+username=alexander.hermansson@informationsteknik.se;+PriceClass=26;+PriceList=EURS3+;+__RequestVerificationToken=jWmp1PELHc1Hb5W-j-xwFnm--3BkN2yvqBQbE54V1HHGm0m8LH4TjMMe3xN8YjYTOkAoegD8zLPo5XDn8kz605kRA4g1;+BIGipServerextron.com_443_pool=!I6oNOffSsY3+eF8MjvaJwiHEDz8tIOEnyqqQNmiOpvQubiTGHhBKSxOs/NdI0x5hO4sW/wzZdj9YtQ== https://www.extron.com/Content/css/Shared/extron.css www.extron.com 200 0 0 66646 2
2025-05-08 07:00:09 10.1.0.50 POST /product/builders/shared/translations.ashx - 443 cg@wurzer-solutions.at 10.1.16.1 Mozilla/5.0+(Windows+NT+10.0;+Win64;+x64)+AppleWebKit/537.36+(KHTML,+like+Gecko)+Chrome/135.0.0.0+Safari/537.36 region=2;+lang=3;+.AspNet.Cookies=Z_oQ5Q0g2-4Atqy8DNN8WUn9mb9xyiH8evQYfZ29oqrO4uLP3MN1bWD4pHqxK9vNZNKTSjPCsTaHDO_o1_Nw_2RiEFk_ywPNcfGYlalMhNkybrJ0cnv2jNsnaCrkXc5UdrKMyPa7NVgQhfQ4NbeAwrnrmQOHECM9-j2tn_PEliZug7-66vw0-Esn1ZpC_wSEqnhuM1PjahfbUJIypH73QPawz6G25V8zSByIpeS8bjQcj3FnoU5osJoB-lPpkgQNJrIfk3bWz6ECo39AVDgJgyGPQ5mOvunTiHdaT61nCsGbfuOn0E-nA5WVneYkG3R73YTEJTPu6-T0kBIGsCDwf-ws5FqiErHCH-SC-dBkdJUdKCdmseIC1-PhgFe5LJ4cF8lfLIAxLO0IskHOtyWv7MJh-yLiK1y0xY1R5An4-_MiZcHHNK2KXMM3QUGrGZQIUYA-GA;+ExtronRecViewProd=dahd4kplusseries,dahd4kseries,dtpcp4k82,mlcplus200,mpa152plus,nbp200,tlppro725t,hc404,xtptusw1034k,xpau1002,knx100g;+ASP.NET_SessionId=t4nbjrv345oaijt52dwirppp;+username=cg@wurzer-solutions.at;+PriceClass=26D;+PriceList=EURS3+;+__RequestVerificationToken=zJCN0Up3s3qZ3EQyyxdHjPfzNuiIGz-XoPpqYX5hUiBg8YcC-SkNN6MELGGjTTPI1OVW4RPcSpsD0OxdsljG6Dac0Vw1;+BIGipServerextron.com_443_pool=!5CwWsx+MLFa7SiUMjvaJwiHEDz8tIEmbys9wW8b1t/P12bzzfQ6AbFlLhakneN5emETzRfELGCevrg==;+_gid=GA1.2.175445997.1746687566;+_gat_UA-130285241-1=1;+_clck=gq3nh8%7C2%7Cfvq%7C0%7C1891;+_clsk=pr3azn%7C1746687573386%7C2%7C1%7Cl.clarity.ms%2Fcollect;+_ga_DP5ZZ9VH84=GS2.1.s1746687565$o6$g1$t1746687588$j37$l0$h0;+_ga=GA1.2.1212246975.1741272391 https://www.extron.de/search?search=knx www.extron.de 200 0 0 2431 3
2025-05-08 07:00:09 10.1.0.50 GET /api/v1/Article/Get articlehandle=menudownload&lang=1&region=3&loggedin=true 443 likith.c@velocis.co.in 10.1.16.1 Mozilla/5.0+(Windows+NT+10.0;+Win64;+x64)+AppleWebKit/537.36+(KHTML,+like+Gecko)+Chrome/136.0.0.0+Safari/537.36 lang=1;+region=3;+.AspNet.Cookies=_dD5gUEanpZTN975XsYBheFfYLVk352Xj3wX9snng8-ngSONT1l4MGL5OvRWJ1cVqw23NmCNHDv8aDTs0ZBVZnFfLzCd8uvnAETESNOyVPENpwPe0YuhZQEuNNIWGGRZpyDPIc9G1R_CHH_uuw6Y8lEXeZGZyRJod0sD8r7QLBizDmIhFMKFFgf9iMJup75oPRr-5aWcKcek5MOOegYlKRvEhXzIxMSe9wBPTXmp97T5ALLT2i_noNt-lTxOJx1evcz5SXCmgks5LRHIyTXCvkUlAW9fSbX6arQY7RH8PrTLxhE17_R1D2IyUN7-xKAxItgUQyBXFGmP1yC8LMLDHmZDTeDDyLczmuDijqsp-S6f8WDAsnpSJRtKZs_LvVj21wU5QpWFWETJSbllIsGVgSsUAVQNVYAoYAJTu3kGRmIN-64V8AM3M4OLsI4VXZQCWN6qfQ;+_gid=GA1.2.339565457.1746590700;+ASP.NET_SessionId=1fflf00vu01zqimxer12gll4;+username=likith.c@velocis.co.in;+PriceClass=33P;+PriceList=EU;+__RequestVerificationToken=0W3_-Wnla4dlDKhFJJvsmpnOo9oUcI6ul0jSMvJTUz1VKyBcjzS_rOV03rLtZW5-8OEJDaNjFkbGYS0YmJnh8D3wWNo1;+BIGipServerextron.com_443_pool=!UUKG5R+gS7Rk7LcMjvaJwiHEDz8tIEadGvvvhJnJPVMWhlSH3uOG16z6ul4ET1PK4Ur0LFnJzkZrPg==;+_clck=1mog0se%7C2%7Cfvq%7C0%7C1953;+_gat_UA-130285241-1=1;+_ga_DP5ZZ9VH84=GS2.1.s1746687370$o12$g1$t1746687589$j59$l0$h0;+_ga=GA1.1.2046277005.1746590700;+_clsk=1eytj6o%7C1746687589606%7C5%7C1%7Cn.clarity.ms%2Fcollect https://www.extron.com/Training/MyTraining/Lessons/?stcr=1964116&cour=COUR201809101054470632070 www.extron.com 200 0 0 6354 5
2025-05-08 07:00:09 10.1.0.50 GET /api/v1/Article/Get articlehandle=menucompany&lang=1&region=3&loggedin=true 443 likith.c@velocis.co.in 10.1.16.1 Mozilla/5.0+(Windows+NT+10.0;+Win64;+x64)+AppleWebKit/537.36+(KHTML,+like+Gecko)+Chrome/136.0.0.0+Safari/537.36 lang=1;+region=3;+.AspNet.Cookies=_dD5gUEanpZTN975XsYBheFfYLVk352Xj3wX9snng8-ngSONT1l4MGL5OvRWJ1cVqw23NmCNHDv8aDTs0ZBVZnFfLzCd8uvnAETESNOyVPENpwPe0YuhZQEuNNIWGGRZpyDPIc9G1R_CHH_uuw6Y8lEXeZGZyRJod0sD8r7QLBizDmIhFMKFFgf9iMJup75oPRr-5aWcKcek5MOOegYlKRvEhXzIxMSe9wBPTXmp97T5ALLT2i_noNt-lTxOJx1evcz5SXCmgks5LRHIyTXCvkUlAW9fSbX6arQY7RH8PrTLxhE17_R1D2IyUN7-xKAxItgUQyBXFGmP1yC8LMLDHmZDTeDDyLczmuDijqsp-S6f8WDAsnpSJRtKZs_LvVj21wU5QpWFWETJSbllIsGVgSsUAVQNVYAoYAJTu3kGRmIN-64V8AM3M4OLsI4VXZQCWN6qfQ;+_gid=GA1.2.339565457.1746590700;+ASP.NET_SessionId=1fflf00vu01zqimxer12gll4;+username=likith.c@velocis.co.in;+PriceClass=33P;+PriceList=EU;+__RequestVerificationToken=0W3_-Wnla4dlDKhFJJvsmpnOo9oUcI6ul0jSMvJTUz1VKyBcjzS_rOV03rLtZW5-8OEJDaNjFkbGYS0YmJnh8D3wWNo1;+BIGipServerextron.com_443_pool=!UUKG5R+gS7Rk7LcMjvaJwiHEDz8tIEadGvvvhJnJPVMWhlSH3uOG16z6ul4ET1PK4Ur0LFnJzkZrPg==;+_clck=1mog0se%7C2%7Cfvq%7C0%7C1953;+_gat_UA-130285241-1=1;+_ga_DP5ZZ9VH84=GS2.1.s1746687370$o12$g1$t1746687589$j59$l0$h0;+_ga=GA1.1.2046277005.1746590700;+_clsk=1eytj6o%7C1746687589606%7C5%7C1%7Cn.clarity.ms%2Fcollect https://www.extron.com/Training/MyTraining/Lessons/?stcr=1964116&cour=COUR201809101054470632070 www.extron.com 200 0 0 9075 6
2025-05-08 07:00:09 10.1.0.50 GET /api/v1/Article/Get articlehandle=menutraining&lang=1&region=3&loggedin=true 443 likith.c@velocis.co.in 10.1.16.1 Mozilla/5.0+(Windows+NT+10.0;+Win64;+x64)+AppleWebKit/537.36+(KHTML,+like+Gecko)+Chrome/136.0.0.0+Safari/537.36 lang=1;+region=3;+.AspNet.Cookies=_dD5gUEanpZTN975XsYBheFfYLVk352Xj3wX9snng8-ngSONT1l4MGL5OvRWJ1cVqw23NmCNHDv8aDTs0ZBVZnFfLzCd8uvnAETESNOyVPENpwPe0YuhZQEuNNIWGGRZpyDPIc9G1R_CHH_uuw6Y8lEXeZGZyRJod0sD8r7QLBizDmIhFMKFFgf9iMJup75oPRr-5aWcKcek5MOOegYlKRvEhXzIxMSe9wBPTXmp97T5ALLT2i_noNt-lTxOJx1evcz5SXCmgks5LRHIyTXCvkUlAW9fSbX6arQY7RH8PrTLxhE17_R1D2IyUN7-xKAxItgUQyBXFGmP1yC8LMLDHmZDTeDDyLczmuDijqsp-S6f8WDAsnpSJRtKZs_LvVj21wU5QpWFWETJSbllIsGVgSsUAVQNVYAoYAJTu3kGRmIN-64V8AM3M4OLsI4VXZQCWN6qfQ;+_gid=GA1.2.339565457.1746590700;+ASP.NET_SessionId=1fflf00vu01zqimxer12gll4;+username=likith.c@velocis.co.in;+PriceClass=33P;+PriceList=EU;+__RequestVerificationToken=0W3_-Wnla4dlDKhFJJvsmpnOo9oUcI6ul0jSMvJTUz1VKyBcjzS_rOV03rLtZW5-8OEJDaNjFkbGYS0YmJnh8D3wWNo1;+BIGipServerextron.com_443_pool=!UUKG5R+gS7Rk7LcMjvaJwiHEDz8tIEadGvvvhJnJPVMWhlSH3uOG16z6ul4ET1PK4Ur0LFnJzkZrPg==;+_clck=1mog0se%7C2%7Cfvq%7C0%7C1953;+_gat_UA-130285241-1=1;+_ga_DP5ZZ9VH84=GS2.1.s1746687370$o12$g1$t1746687589$j59$l0$h0;+_ga=GA1.1.2046277005.1746590700;+_clsk=1eytj6o%7C1746687589606%7C5%7C1%7Cn.clarity.ms%2Fcollect https://www.extron.com/Training/MyTraining/Lessons/?stcr=1964116&cour=COUR201809101054470632070 www.extron.com 200 0 0 7426 4
2025-05-08 07:00:09 10.1.0.50 GET /api/v1/Article/Get articlehandle=menuresources&lang=1&region=3&loggedin=true 443 likith.c@velocis.co.in 10.1.16.1 Mozilla/5.0+(Windows+NT+10.0;+Win64;+x64)+AppleWebKit/537.36+(KHTML,+like+Gecko)+Chrome/136.0.0.0+Safari/537.36 lang=1;+region=3;+.AspNet.Cookies=_dD5gUEanpZTN975XsYBheFfYLVk352Xj3wX9snng8-ngSONT1l4MGL5OvRWJ1cVqw23NmCNHDv8aDTs0ZBVZnFfLzCd8uvnAETESNOyVPENpwPe0YuhZQEuNNIWGGRZpyDPIc9G1R_CHH_uuw6Y8lEXeZGZyRJod0sD8r7QLBizDmIhFMKFFgf9iMJup75oPRr-5aWcKcek5MOOegYlKRvEhXzIxMSe9wBPTXmp97T5ALLT2i_noNt-lTxOJx1evcz5SXCmgks5LRHIyTXCvkUlAW9fSbX6arQY7RH8PrTLxhE17_R1D2IyUN7-xKAxItgUQyBXFGmP1yC8LMLDHmZDTeDDyLczmuDijqsp-S6f8WDAsnpSJRtKZs_LvVj21wU5QpWFWETJSbllIsGVgSsUAVQNVYAoYAJTu3kGRmIN-64V8AM3M4OLsI4VXZQCWN6qfQ;+_gid=GA1.2.339565457.1746590700;+ASP.NET_SessionId=1fflf00vu01zqimxer12gll4;+username=likith.c@velocis.co.in;+PriceClass=33P;+PriceList=EU;+__RequestVerificationToken=0W3_-Wnla4dlDKhFJJvsmpnOo9oUcI6ul0jSMvJTUz1VKyBcjzS_rOV03rLtZW5-8OEJDaNjFkbGYS0YmJnh8D3wWNo1;+BIGipServerextron.com_443_pool=!UUKG5R+gS7Rk7LcMjvaJwiHEDz8tIEadGvvvhJnJPVMWhlSH3uOG16z6ul4ET1PK4Ur0LFnJzkZrPg==;+_clck=1mog0se%7C2%7Cfvq%7C0%7C1953;+_gat_UA-130285241-1=1;+_ga_DP5ZZ9VH84=GS2.1.s1746687370$o12$g1$t1746687589$j59$l0$h0;+_ga=GA1.1.2046277005.1746590700;+_clsk=1eytj6o%7C1746687589606%7C5%7C1%7Cn.clarity.ms%2Fcollect https://www.extron.com/Training/MyTraining/Lessons/?stcr=1964116&cour=COUR201809101054470632070 www.extron.com 200 0 0 11192 5
2025-05-08 07:00:09 10.1.0.50 GET /api/v1/Article/Get articlehandle=menuproducts&lang=1&region=3&loggedin=true 443 likith.c@velocis.co.in 10.1.16.1 Mozilla/5.0+(Windows+NT+10.0;+Win64;+x64)+AppleWebKit/537.36+(KHTML,+like+Gecko)+Chrome/136.0.0.0+Safari/537.36 lang=1;+region=3;+.AspNet.Cookies=_dD5gUEanpZTN975XsYBheFfYLVk352Xj3wX9snng8-ngSONT1l4MGL5OvRWJ1cVqw23NmCNHDv8aDTs0ZBVZnFfLzCd8uvnAETESNOyVPENpwPe0YuhZQEuNNIWGGRZpyDPIc9G1R_CHH_uuw6Y8lEXeZGZyRJod0sD8r7QLBizDmIhFMKFFgf9iMJup75oPRr-5aWcKcek5MOOegYlKRvEhXzIxMSe9wBPTXmp97T5ALLT2i_noNt-lTxOJx1evcz5SXCmgks5LRHIyTXCvkUlAW9fSbX6arQY7RH8PrTLxhE17_R1D2IyUN7-xKAxItgUQyBXFGmP1yC8LMLDHmZDTeDDyLczmuDijqsp-S6f8WDAsnpSJRtKZs_LvVj21wU5QpWFWETJSbllIsGVgSsUAVQNVYAoYAJTu3kGRmIN-64V8AM3M4OLsI4VXZQCWN6qfQ;+_gid=GA1.2.339565457.1746590700;+ASP.NET_SessionId=1fflf00vu01zqimxer12gll4;+username=likith.c@velocis.co.in;+PriceClass=33P;+PriceList=EU;+__RequestVerificationToken=0W3_-Wnla4dlDKhFJJvsmpnOo9oUcI6ul0jSMvJTUz1VKyBcjzS_rOV03rLtZW5-8OEJDaNjFkbGYS0YmJnh8D3wWNo1;+BIGipServerextron.com_443_pool=!UUKG5R+gS7Rk7LcMjvaJwiHEDz8tIEadGvvvhJnJPVMWhlSH3uOG16z6ul4ET1PK4Ur0LFnJzkZrPg==;+_clck=1mog0se%7C2%7Cfvq%7C0%7C1953;+_gat_UA-130285241-1=1;+_ga_DP5ZZ9VH84=GS2.1.s1746687370$o12$g1$t1746687589$j59$l0$h0;+_ga=GA1.1.2046277005.1746590700;+_clsk=1eytj6o%7C1746687589606%7C5%7C1%7Cn.clarity.ms%2Fcollect https://www.extron.com/Training/MyTraining/Lessons/?stcr=1964116&cour=COUR201809101054470632070 www.extron.com 200 0 0 9469 4
2025-05-08 07:00:09 10.1.0.50 GET /site.webmanifest v=20180420 443 - 10.1.16.1 Mozilla/5.0+(Windows+NT+10.0;+Win64;+x64)+AppleWebKit/537.36+(KHTML,+like+Gecko)+Chrome/136.0.0.0+Safari/537.36 - https://www.extron.com/Training/MyTraining/Lessons/?stcr=1964116&cour=COUR201809101054470632070 www.extron.com 304 0 0 1705 1
2025-05-08 07:00:09 10.1.0.50 GET /Content/css/Shared/fonts/icomoon.ttf qlj3qn 443 alexander.hermansson@informationsteknik.se 10.1.16.1 Mozilla/5.0+(Windows+NT+10.0;+Win64;+x64)+AppleWebKit/537.36+(KHTML,+like+Gecko)+Chrome/136.0.0.0+Safari/537.36 region=2;+lang=1;+.AspNet.Cookies=wtJ-C8r3vdnkPR1Aw1qzuyO0NV6Z74nKn2CeelxjHwsmhhAB6D9cqcH_Dhy34aW7wWBQoXjW7N63kxonahltPZ-jcrmaKoOM134-OT7-fza7mXHqKwjxrOWhBVFvVrb0vVl4xW6hGIzUNdWzEd5Eo_lm2HGowC_rXWb_YJ7IDbePcyyb1vS7AkgGAnGDFA-m8I-BHOJZs0F4eAWyU9bOhoxtjSJYB4u5OPHwnuvSEupyliuJB2WHI2rAKzuMcN7TdLmZrf8ug3HGbPkV4w8hpUukej2c8NMN7yefycgqbRBy_6W013dOD84roJuTo4fkJuQv5I1EDTHFL0R9haWr12Ejr4nQlCcXAxjU6wmSHDTJbQWWf3kYPN-1YWCP7H-9yOZ7R7KotSCCHmqI4GznIasdkE2K99YuhIfQLXdfEvRVh12x9Ef2ZunJA1a7X7d857dMvA;+_clck=2ar2tt%7C2%7Cfvg%7C0%7C1938;+_ga=GA1.1.1242613871.1745311648;+_ga_DP5ZZ9VH84=GS1.1.1745837972.14.1.1745838243.59.0.0;+ASP.NET_SessionId=kjuj034pqztdozgqslo2kn3a;+username=alexander.hermansson@informationsteknik.se;+PriceClass=26;+PriceList=EURS3+;+__RequestVerificationToken=jWmp1PELHc1Hb5W-j-xwFnm--3BkN2yvqBQbE54V1HHGm0m8LH4TjMMe3xN8YjYTOkAoegD8zLPo5XDn8kz605kRA4g1;+BIGipServerextron.com_443_pool=!I6oNOffSsY3+eF8MjvaJwiHEDz8tIOEnyqqQNmiOpvQubiTGHhBKSxOs/NdI0x5hO4sW/wzZdj9YtQ== https://www.extron.com/Content/css/Shared/extron.css www.extron.com 200 0 0 60292 2
2025-05-08 07:00:09 10.1.0.50 GET /Content/css/Shared/fonts/roboto-v18-cyrillic_latin-ext_latin_cyrillic-ext-500.woff2 - 443 alexander.hermansson@informationsteknik.se 10.1.16.1 Mozilla/5.0+(Windows+NT+10.0;+Win64;+x64)+AppleWebKit/537.36+(KHTML,+like+Gecko)+Chrome/136.0.0.0+Safari/537.36 region=2;+lang=1;+.AspNet.Cookies=wtJ-C8r3vdnkPR1Aw1qzuyO0NV6Z74nKn2CeelxjHwsmhhAB6D9cqcH_Dhy34aW7wWBQoXjW7N63kxonahltPZ-jcrmaKoOM134-OT7-fza7mXHqKwjxrOWhBVFvVrb0vVl4xW6hGIzUNdWzEd5Eo_lm2HGowC_rXWb_YJ7IDbePcyyb1vS7AkgGAnGDFA-m8I-BHOJZs0F4eAWyU9bOhoxtjSJYB4u5OPHwnuvSEupyliuJB2WHI2rAKzuMcN7TdLmZrf8ug3HGbPkV4w8hpUukej2c8NMN7yefycgqbRBy_6W013dOD84roJuTo4fkJuQv5I1EDTHFL0R9haWr12Ejr4nQlCcXAxjU6wmSHDTJbQWWf3kYPN-1YWCP7H-9yOZ7R7KotSCCHmqI4GznIasdkE2K99YuhIfQLXdfEvRVh12x9Ef2ZunJA1a7X7d857dMvA;+_clck=2ar2tt%7C2%7Cfvg%7C0%7C1938;+_ga=GA1.1.1242613871.1745311648;+_ga_DP5ZZ9VH84=GS1.1.1745837972.14.1.1745838243.59.0.0;+ASP.NET_SessionId=kjuj034pqztdozgqslo2kn3a;+username=alexander.hermansson@informationsteknik.se;+PriceClass=26;+PriceList=EURS3+;+__RequestVerificationToken=jWmp1PELHc1Hb5W-j-xwFnm--3BkN2yvqBQbE54V1HHGm0m8LH4TjMMe3xN8YjYTOkAoegD8zLPo5XDn8kz605kRA4g1;+BIGipServerextron.com_443_pool=!I6oNOffSsY3+eF8MjvaJwiHEDz8tIOEnyqqQNmiOpvQubiTGHhBKSxOs/NdI0x5hO4sW/wzZdj9YtQ== https://www.extron.com/Content/css/Shared/extron.css www.extron.com 200 0 0 67390 2
2025-05-08 07:00:09 10.1.0.50 GET /Content/css/Shared/fonts/roboto-v18-cyrillic_latin-ext_latin_cyrillic-ext-300.woff2 - 443 alexander.hermansson@informationsteknik.se 10.1.16.1 Mozilla/5.0+(Windows+NT+10.0;+Win64;+x64)+AppleWebKit/537.36+(KHTML,+like+Gecko)+Chrome/136.0.0.0+Safari/537.36 region=2;+lang=1;+.AspNet.Cookies=wtJ-C8r3vdnkPR1Aw1qzuyO0NV6Z74nKn2CeelxjHwsmhhAB6D9cqcH_Dhy34aW7wWBQoXjW7N63kxonahltPZ-jcrmaKoOM134-OT7-fza7mXHqKwjxrOWhBVFvVrb0vVl4xW6hGIzUNdWzEd5Eo_lm2HGowC_rXWb_YJ7IDbePcyyb1vS7AkgGAnGDFA-m8I-BHOJZs0F4eAWyU9bOhoxtjSJYB4u5OPHwnuvSEupyliuJB2WHI2rAKzuMcN7TdLmZrf8ug3HGbPkV4w8hpUukej2c8NMN7yefycgqbRBy_6W013dOD84roJuTo4fkJuQv5I1EDTHFL0R9haWr12Ejr4nQlCcXAxjU6wmSHDTJbQWWf3kYPN-1YWCP7H-9yOZ7R7KotSCCHmqI4GznIasdkE2K99YuhIfQLXdfEvRVh12x9Ef2ZunJA1a7X7d857dMvA;+_clck=2ar2tt%7C2%7Cfvg%7C0%7C1938;+_ga=GA1.1.1242613871.1745311648;+_ga_DP5ZZ9VH84=GS1.1.1745837972.14.1.1745838243.59.0.0;+ASP.NET_SessionId=kjuj034pqztdozgqslo2kn3a;+username=alexander.hermansson@informationsteknik.se;+PriceClass=26;+PriceList=EURS3+;+__RequestVerificationToken=jWmp1PELHc1Hb5W-j-xwFnm--3BkN2yvqBQbE54V1HHGm0m8LH4TjMMe3xN8YjYTOkAoegD8zLPo5XDn8kz605kRA4g1;+BIGipServerextron.com_443_pool=!I6oNOffSsY3+eF8MjvaJwiHEDz8tIOEnyqqQNmiOpvQubiTGHhBKSxOs/NdI0x5hO4sW/wzZdj9YtQ== https://www.extron.com/Content/css/Shared/extron.css www.extron.com 200 0 0 66226 2
2025-05-08 07:00:10 10.1.0.50 GET /Content/vendor/fontawesome/webfonts/fa-brands-400.woff2 - 443 alexander.hermansson@informationsteknik.se 10.1.16.1 Mozilla/5.0+(Windows+NT+10.0;+Win64;+x64)+AppleWebKit/537.36+(KHTML,+like+Gecko)+Chrome/136.0.0.0+Safari/537.36 region=2;+lang=1;+.AspNet.Cookies=wtJ-C8r3vdnkPR1Aw1qzuyO0NV6Z74nKn2CeelxjHwsmhhAB6D9cqcH_Dhy34aW7wWBQoXjW7N63kxonahltPZ-jcrmaKoOM134-OT7-fza7mXHqKwjxrOWhBVFvVrb0vVl4xW6hGIzUNdWzEd5Eo_lm2HGowC_rXWb_YJ7IDbePcyyb1vS7AkgGAnGDFA-m8I-BHOJZs0F4eAWyU9bOhoxtjSJYB4u5OPHwnuvSEupyliuJB2WHI2rAKzuMcN7TdLmZrf8ug3HGbPkV4w8hpUukej2c8NMN7yefycgqbRBy_6W013dOD84roJuTo4fkJuQv5I1EDTHFL0R9haWr12Ejr4nQlCcXAxjU6wmSHDTJbQWWf3kYPN-1YWCP7H-9yOZ7R7KotSCCHmqI4GznIasdkE2K99YuhIfQLXdfEvRVh12x9Ef2ZunJA1a7X7d857dMvA;+_clck=2ar2tt%7C2%7Cfvg%7C0%7C1938;+_ga=GA1.1.1242613871.1745311648;+_ga_DP5ZZ9VH84=GS1.1.1745837972.14.1.1745838243.59.0.0;+ASP.NET_SessionId=kjuj034pqztdozgqslo2kn3a;+username=alexander.hermansson@informationsteknik.se;+PriceClass=26;+PriceList=EURS3+;+__RequestVerificationToken=jWmp1PELHc1Hb5W-j-xwFnm--3BkN2yvqBQbE54V1HHGm0m8LH4TjMMe3xN8YjYTOkAoegD8zLPo5XDn8kz605kRA4g1;+BIGipServerextron.com_443_pool=!I6oNOffSsY3+eF8MjvaJwiHEDz8tIOEnyqqQNmiOpvQubiTGHhBKSxOs/NdI0x5hO4sW/wzZdj9YtQ== https://www.extron.com/Content/vendor/fontawesome/css/all.min.css www.extron.com 200 0 0 112897 3
2025-05-08 07:00:10 10.1.0.50 GET /company/img/smpgroup.png - 443 - 10.1.16.1 Mozilla/5.0+(Windows+NT+10.0;+Win64;+x64)+AppleWebKit/537.36+(KHTML,+like+Gecko)+Chrome/136.0.0.0+Safari/537.36 region=2;+lang=1;+.AspNet.Cookies=wtJ-C8r3vdnkPR1Aw1qzuyO0NV6Z74nKn2CeelxjHwsmhhAB6D9cqcH_Dhy34aW7wWBQoXjW7N63kxonahltPZ-jcrmaKoOM134-OT7-fza7mXHqKwjxrOWhBVFvVrb0vVl4xW6hGIzUNdWzEd5Eo_lm2HGowC_rXWb_YJ7IDbePcyyb1vS7AkgGAnGDFA-m8I-BHOJZs0F4eAWyU9bOhoxtjSJYB4u5OPHwnuvSEupyliuJB2WHI2rAKzuMcN7TdLmZrf8ug3HGbPkV4w8hpUukej2c8NMN7yefycgqbRBy_6W013dOD84roJuTo4fkJuQv5I1EDTHFL0R9haWr12Ejr4nQlCcXAxjU6wmSHDTJbQWWf3kYPN-1YWCP7H-9yOZ7R7KotSCCHmqI4GznIasdkE2K99YuhIfQLXdfEvRVh12x9Ef2ZunJA1a7X7d857dMvA;+_clck=2ar2tt%7C2%7Cfvg%7C0%7C1938;+_ga=GA1.1.1242613871.1745311648;+_ga_DP5ZZ9VH84=GS1.1.1745837972.14.1.1745838243.59.0.0;+ASP.NET_SessionId=kjuj034pqztdozgqslo2kn3a;+username=alexander.hermansson@informationsteknik.se;+PriceClass=26;+PriceList=EURS3+;+__RequestVerificationToken=jWmp1PELHc1Hb5W-j-xwFnm--3BkN2yvqBQbE54V1HHGm0m8LH4TjMMe3xN8YjYTOkAoegD8zLPo5XDn8kz605kRA4g1;+BIGipServerextron.com_443_pool=!I6oNOffSsY3+eF8MjvaJwiHEDz8tIOEnyqqQNmiOpvQubiTGHhBKSxOs/NdI0x5hO4sW/wzZdj9YtQ== https://www.extron.com/ www.extron.com 302 0 0 1822 1
2025-05-08 07:00:10 10.1.0.50 GET /api/v2/search/getGoogleSearchResult SearchTerm=knx&LanguageCode=lang_de&filter= 443 cg@wurzer-solutions.at 10.1.16.1 Mozilla/5.0+(Windows+NT+10.0;+Win64;+x64)+AppleWebKit/537.36+(KHTML,+like+Gecko)+Chrome/135.0.0.0+Safari/537.36 region=2;+lang=3;+.AspNet.Cookies=Z_oQ5Q0g2-4Atqy8DNN8WUn9mb9xyiH8evQYfZ29oqrO4uLP3MN1bWD4pHqxK9vNZNKTSjPCsTaHDO_o1_Nw_2RiEFk_ywPNcfGYlalMhNkybrJ0cnv2jNsnaCrkXc5UdrKMyPa7NVgQhfQ4NbeAwrnrmQOHECM9-j2tn_PEliZug7-66vw0-Esn1ZpC_wSEqnhuM1PjahfbUJIypH73QPawz6G25V8zSByIpeS8bjQcj3FnoU5osJoB-lPpkgQNJrIfk3bWz6ECo39AVDgJgyGPQ5mOvunTiHdaT61nCsGbfuOn0E-nA5WVneYkG3R73YTEJTPu6-T0kBIGsCDwf-ws5FqiErHCH-SC-dBkdJUdKCdmseIC1-PhgFe5LJ4cF8lfLIAxLO0IskHOtyWv7MJh-yLiK1y0xY1R5An4-_MiZcHHNK2KXMM3QUGrGZQIUYA-GA;+ExtronRecViewProd=dahd4kplusseries,dahd4kseries,dtpcp4k82,mlcplus200,mpa152plus,nbp200,tlppro725t,hc404,xtptusw1034k,xpau1002,knx100g;+ASP.NET_SessionId=t4nbjrv345oaijt52dwirppp;+username=cg@wurzer-solutions.at;+PriceClass=26D;+PriceList=EURS3+;+__RequestVerificationToken=zJCN0Up3s3qZ3EQyyxdHjPfzNuiIGz-XoPpqYX5hUiBg8YcC-SkNN6MELGGjTTPI1OVW4RPcSpsD0OxdsljG6Dac0Vw1;+BIGipServerextron.com_443_pool=!5CwWsx+MLFa7SiUMjvaJwiHEDz8tIEmbys9wW8b1t/P12bzzfQ6AbFlLhakneN5emETzRfELGCevrg==;+_gid=GA1.2.175445997.1746687566;+_gat_UA-130285241-1=1;+_clck=gq3nh8%7C2%7Cfvq%7C0%7C1891;+_ga=GA1.1.1212246975.1741272391;+_ga_DP5ZZ9VH84=GS2.1.s1746687565$o6$g1$t1746687590$j35$l0$h0;+_clsk=pr3azn%7C1746687590261%7C3%7C1%7Cl.clarity.ms%2Fcollect https://www.extron.de/search?search=knx www.extron.de 200 0 0 6259 161
2025-05-08 07:00:10 10.1.0.50 GET /company/img/npb-cover-2025.png - 443 - 10.1.16.1 Mozilla/5.0+(Windows+NT+10.0;+Win64;+x64)+AppleWebKit/537.36+(KHTML,+like+Gecko)+Chrome/136.0.0.0+Safari/537.36 region=2;+lang=1;+.AspNet.Cookies=wtJ-C8r3vdnkPR1Aw1qzuyO0NV6Z74nKn2CeelxjHwsmhhAB6D9cqcH_Dhy34aW7wWBQoXjW7N63kxonahltPZ-jcrmaKoOM134-OT7-fza7mXHqKwjxrOWhBVFvVrb0vVl4xW6hGIzUNdWzEd5Eo_lm2HGowC_rXWb_YJ7IDbePcyyb1vS7AkgGAnGDFA-m8I-BHOJZs0F4eAWyU9bOhoxtjSJYB4u5OPHwnuvSEupyliuJB2WHI2rAKzuMcN7TdLmZrf8ug3HGbPkV4w8hpUukej2c8NMN7yefycgqbRBy_6W013dOD84roJuTo4fkJuQv5I1EDTHFL0R9haWr12Ejr4nQlCcXAxjU6wmSHDTJbQWWf3kYPN-1YWCP7H-9yOZ7R7KotSCCHmqI4GznIasdkE2K99YuhIfQLXdfEvRVh12x9Ef2ZunJA1a7X7d857dMvA;+_clck=2ar2tt%7C2%7Cfvg%7C0%7C1938;+_ga=GA1.1.1242613871.1745311648;+_ga_DP5ZZ9VH84=GS1.1.1745837972.14.1.1745838243.59.0.0;+ASP.NET_SessionId=kjuj034pqztdozgqslo2kn3a;+username=alexander.hermansson@informationsteknik.se;+PriceClass=26;+PriceList=EURS3+;+__RequestVerificationToken=jWmp1PELHc1Hb5W-j-xwFnm--3BkN2yvqBQbE54V1HHGm0m8LH4TjMMe3xN8YjYTOkAoegD8zLPo5XDn8kz605kRA4g1;+BIGipServerextron.com_443_pool=!I6oNOffSsY3+eF8MjvaJwiHEDz8tIOEnyqqQNmiOpvQubiTGHhBKSxOs/NdI0x5hO4sW/wzZdj9YtQ== https://www.extron.com/ www.extron.com 302 0 0 1834 8
2025-05-08 07:00:10 10.1.0.50 GET /Content/vendor/jquery-debounce/jquery.ba-throttle-debounce.js - 443 alexander.hermansson@informationsteknik.se 10.1.16.1 Mozilla/5.0+(Windows+NT+10.0;+Win64;+x64)+AppleWebKit/537.36+(KHTML,+like+Gecko)+Chrome/136.0.0.0+Safari/537.36 region=2;+lang=1;+.AspNet.Cookies=wtJ-C8r3vdnkPR1Aw1qzuyO0NV6Z74nKn2CeelxjHwsmhhAB6D9cqcH_Dhy34aW7wWBQoXjW7N63kxonahltPZ-jcrmaKoOM134-OT7-fza7mXHqKwjxrOWhBVFvVrb0vVl4xW6hGIzUNdWzEd5Eo_lm2HGowC_rXWb_YJ7IDbePcyyb1vS7AkgGAnGDFA-m8I-BHOJZs0F4eAWyU9bOhoxtjSJYB4u5OPHwnuvSEupyliuJB2WHI2rAKzuMcN7TdLmZrf8ug3HGbPkV4w8hpUukej2c8NMN7yefycgqbRBy_6W013dOD84roJuTo4fkJuQv5I1EDTHFL0R9haWr12Ejr4nQlCcXAxjU6wmSHDTJbQWWf3kYPN-1YWCP7H-9yOZ7R7KotSCCHmqI4GznIasdkE2K99YuhIfQLXdfEvRVh12x9Ef2ZunJA1a7X7d857dMvA;+ASP.NET_SessionId=kjuj034pqztdozgqslo2kn3a;+username=alexander.hermansson@informationsteknik.se;+PriceClass=26;+PriceList=EURS3+;+__RequestVerificationToken=jWmp1PELHc1Hb5W-j-xwFnm--3BkN2yvqBQbE54V1HHGm0m8LH4TjMMe3xN8YjYTOkAoegD8zLPo5XDn8kz605kRA4g1;+BIGipServerextron.com_443_pool=!I6oNOffSsY3+eF8MjvaJwiHEDz8tIOEnyqqQNmiOpvQubiTGHhBKSxOs/NdI0x5hO4sW/wzZdj9YtQ==;+_gid=GA1.2.1481421227.1746687589;+_gat_UA-130285241-1=1;+_ga_DP5ZZ9VH84=GS2.1.s1746687589$o15$g0$t1746687589$j60$l0$h0;+_ga=GA1.1.1242613871.1745311648;+_clck=2ar2tt%7C2%7Cfvq%7C0%7C1938 https://www.extron.com/ www.extron.com 200 0 0 12308 2
2025-05-08 07:00:10 10.1.0.50 GET /site.webmanifest v=20180420 443 - 10.1.16.1 Mozilla/5.0+(Windows+NT+10.0;+Win64;+x64)+AppleWebKit/537.36+(KHTML,+like+Gecko)+Chrome/135.0.0.0+Safari/537.36 - https://www.extron.de/search?search=knx www.extron.de 304 0 0 1705 1
2025-05-08 07:00:10 10.1.0.50 GET /technology/literature.aspx id=L&id=U&id=E&filetype=81&lang=1&filetype=30&lang=1&tabid=6&id=All 443 - 10.1.16.1 Mozilla/5.0+AppleWebKit/537.36+(KHTML,+like+Gecko;+compatible;+bingbot/2.0;++http://www.bing.com/bingbot.htm)+Chrome/116.0.1938.76+Safari/537.36 - - www.extron.co.jp 200 0 0 121208 2179
2025-05-08 07:00:10 10.1.0.50 GET /Content/vendor/jquery-mobile-events/jquery.mobile-events.js - 443 alexander.hermansson@informationsteknik.se 10.1.16.1 Mozilla/5.0+(Windows+NT+10.0;+Win64;+x64)+AppleWebKit/537.36+(KHTML,+like+Gecko)+Chrome/136.0.0.0+Safari/537.36 region=2;+lang=1;+.AspNet.Cookies=wtJ-C8r3vdnkPR1Aw1qzuyO0NV6Z74nKn2CeelxjHwsmhhAB6D9cqcH_Dhy34aW7wWBQoXjW7N63kxonahltPZ-jcrmaKoOM134-OT7-fza7mXHqKwjxrOWhBVFvVrb0vVl4xW6hGIzUNdWzEd5Eo_lm2HGowC_rXWb_YJ7IDbePcyyb1vS7AkgGAnGDFA-m8I-BHOJZs0F4eAWyU9bOhoxtjSJYB4u5OPHwnuvSEupyliuJB2WHI2rAKzuMcN7TdLmZrf8ug3HGbPkV4w8hpUukej2c8NMN7yefycgqbRBy_6W013dOD84roJuTo4fkJuQv5I1EDTHFL0R9haWr12Ejr4nQlCcXAxjU6wmSHDTJbQWWf3kYPN-1YWCP7H-9yOZ7R7KotSCCHmqI4GznIasdkE2K99YuhIfQLXdfEvRVh12x9Ef2ZunJA1a7X7d857dMvA;+ASP.NET_SessionId=kjuj034pqztdozgqslo2kn3a;+username=alexander.hermansson@informationsteknik.se;+PriceClass=26;+PriceList=EURS3+;+__RequestVerificationToken=jWmp1PELHc1Hb5W-j-xwFnm--3BkN2yvqBQbE54V1HHGm0m8LH4TjMMe3xN8YjYTOkAoegD8zLPo5XDn8kz605kRA4g1;+BIGipServerextron.com_443_pool=!I6oNOffSsY3+eF8MjvaJwiHEDz8tIOEnyqqQNmiOpvQubiTGHhBKSxOs/NdI0x5hO4sW/wzZdj9YtQ==;+_gid=GA1.2.1481421227.1746687589;+_gat_UA-130285241-1=1;+_ga_DP5ZZ9VH84=GS2.1.s1746687589$o15$g0$t1746687589$j60$l0$h0;+_ga=GA1.1.1242613871.1745311648;+_clck=2ar2tt%7C2%7Cfvq%7C0%7C1938 https://www.extron.com/ www.extron.com 200 0 0 43185 2
2025-05-08 07:00:10 10.1.0.50 GET /Content/vendor/js-cookie/js.cookie-2.2.0.js - 443 alexander.hermansson@informationsteknik.se 10.1.16.1 Mozilla/5.0+(Windows+NT+10.0;+Win64;+x64)+AppleWebKit/537.36+(KHTML,+like+Gecko)+Chrome/136.0.0.0+Safari/537.36 region=2;+lang=1;+.AspNet.Cookies=wtJ-C8r3vdnkPR1Aw1qzuyO0NV6Z74nKn2CeelxjHwsmhhAB6D9cqcH_Dhy34aW7wWBQoXjW7N63kxonahltPZ-jcrmaKoOM134-OT7-fza7mXHqKwjxrOWhBVFvVrb0vVl4xW6hGIzUNdWzEd5Eo_lm2HGowC_rXWb_YJ7IDbePcyyb1vS7AkgGAnGDFA-m8I-BHOJZs0F4eAWyU9bOhoxtjSJYB4u5OPHwnuvSEupyliuJB2WHI2rAKzuMcN7TdLmZrf8ug3HGbPkV4w8hpUukej2c8NMN7yefycgqbRBy_6W013dOD84roJuTo4fkJuQv5I1EDTHFL0R9haWr12Ejr4nQlCcXAxjU6wmSHDTJbQWWf3kYPN-1YWCP7H-9yOZ7R7KotSCCHmqI4GznIasdkE2K99YuhIfQLXdfEvRVh12x9Ef2ZunJA1a7X7d857dMvA;+ASP.NET_SessionId=kjuj034pqztdozgqslo2kn3a;+username=alexander.hermansson@informationsteknik.se;+PriceClass=26;+PriceList=EURS3+;+__RequestVerificationToken=jWmp1PELHc1Hb5W-j-xwFnm--3BkN2yvqBQbE54V1HHGm0m8LH4TjMMe3xN8YjYTOkAoegD8zLPo5XDn8kz605kRA4g1;+BIGipServerextron.com_443_pool=!I6oNOffSsY3+eF8MjvaJwiHEDz8tIOEnyqqQNmiOpvQubiTGHhBKSxOs/NdI0x5hO4sW/wzZdj9YtQ==;+_gid=GA1.2.1481421227.1746687589;+_gat_UA-130285241-1=1;+_ga_DP5ZZ9VH84=GS2.1.s1746687589$o15$g0$t1746687589$j60$l0$h0;+_ga=GA1.1.1242613871.1745311648;+_clck=2ar2tt%7C2%7Cfvq%7C0%7C1938 https://www.extron.com/ www.extron.com 200 0 0 5852 2
2025-05-08 07:00:10 10.1.0.50 GET /product/img-sm/knx100g-sm.jpg - 443 - 10.1.16.1 Mozilla/5.0+(Windows+NT+10.0;+Win64;+x64)+AppleWebKit/537.36+(KHTML,+like+Gecko)+Chrome/135.0.0.0+Safari/537.36 region=2;+lang=3;+.AspNet.Cookies=Z_oQ5Q0g2-4Atqy8DNN8WUn9mb9xyiH8evQYfZ29oqrO4uLP3MN1bWD4pHqxK9vNZNKTSjPCsTaHDO_o1_Nw_2RiEFk_ywPNcfGYlalMhNkybrJ0cnv2jNsnaCrkXc5UdrKMyPa7NVgQhfQ4NbeAwrnrmQOHECM9-j2tn_PEliZug7-66vw0-Esn1ZpC_wSEqnhuM1PjahfbUJIypH73QPawz6G25V8zSByIpeS8bjQcj3FnoU5osJoB-lPpkgQNJrIfk3bWz6ECo39AVDgJgyGPQ5mOvunTiHdaT61nCsGbfuOn0E-nA5WVneYkG3R73YTEJTPu6-T0kBIGsCDwf-ws5FqiErHCH-SC-dBkdJUdKCdmseIC1-PhgFe5LJ4cF8lfLIAxLO0IskHOtyWv7MJh-yLiK1y0xY1R5An4-_MiZcHHNK2KXMM3QUGrGZQIUYA-GA;+ExtronRecViewProd=dahd4kplusseries,dahd4kseries,dtpcp4k82,mlcplus200,mpa152plus,nbp200,tlppro725t,hc404,xtptusw1034k,xpau1002,knx100g;+ASP.NET_SessionId=t4nbjrv345oaijt52dwirppp;+username=cg@wurzer-solutions.at;+PriceClass=26D;+PriceList=EURS3+;+__RequestVerificationToken=zJCN0Up3s3qZ3EQyyxdHjPfzNuiIGz-XoPpqYX5hUiBg8YcC-SkNN6MELGGjTTPI1OVW4RPcSpsD0OxdsljG6Dac0Vw1;+BIGipServerextron.com_443_pool=!5CwWsx+MLFa7SiUMjvaJwiHEDz8tIEmbys9wW8b1t/P12bzzfQ6AbFlLhakneN5emETzRfELGCevrg==;+_gid=GA1.2.175445997.1746687566;+_gat_UA-130285241-1=1;+_clck=gq3nh8%7C2%7Cfvq%7C0%7C1891;+_ga=GA1.1.1212246975.1741272391;+_ga_DP5ZZ9VH84=GS2.1.s1746687565$o6$g1$t1746687590$j35$l0$h0;+_clsk=pr3azn%7C1746687590261%7C3%7C1%7Cl.clarity.ms%2Fcollect https://www.extron.de/search?search=knx www.extron.de 302 0 0 1832 1
2025-05-08 07:00:10 10.1.0.50 GET /searchvideos search=knx 443 cg@wurzer-solutions.at 10.1.16.1 Mozilla/5.0+(Windows+NT+10.0;+Win64;+x64)+AppleWebKit/537.36+(KHTML,+like+Gecko)+Chrome/135.0.0.0+Safari/537.36 region=2;+lang=3;+.AspNet.Cookies=Z_oQ5Q0g2-4Atqy8DNN8WUn9mb9xyiH8evQYfZ29oqrO4uLP3MN1bWD4pHqxK9vNZNKTSjPCsTaHDO_o1_Nw_2RiEFk_ywPNcfGYlalMhNkybrJ0cnv2jNsnaCrkXc5UdrKMyPa7NVgQhfQ4NbeAwrnrmQOHECM9-j2tn_PEliZug7-66vw0-Esn1ZpC_wSEqnhuM1PjahfbUJIypH73QPawz6G25V8zSByIpeS8bjQcj3FnoU5osJoB-lPpkgQNJrIfk3bWz6ECo39AVDgJgyGPQ5mOvunTiHdaT61nCsGbfuOn0E-nA5WVneYkG3R73YTEJTPu6-T0kBIGsCDwf-ws5FqiErHCH-SC-dBkdJUdKCdmseIC1-PhgFe5LJ4cF8lfLIAxLO0IskHOtyWv7MJh-yLiK1y0xY1R5An4-_MiZcHHNK2KXMM3QUGrGZQIUYA-GA;+ExtronRecViewProd=dahd4kplusseries,dahd4kseries,dtpcp4k82,mlcplus200,mpa152plus,nbp200,tlppro725t,hc404,xtptusw1034k,xpau1002,knx100g;+ASP.NET_SessionId=t4nbjrv345oaijt52dwirppp;+username=cg@wurzer-solutions.at;+PriceClass=26D;+PriceList=EURS3+;+__RequestVerificationToken=zJCN0Up3s3qZ3EQyyxdHjPfzNuiIGz-XoPpqYX5hUiBg8YcC-SkNN6MELGGjTTPI1OVW4RPcSpsD0OxdsljG6Dac0Vw1;+BIGipServerextron.com_443_pool=!5CwWsx+MLFa7SiUMjvaJwiHEDz8tIEmbys9wW8b1t/P12bzzfQ6AbFlLhakneN5emETzRfELGCevrg==;+_gid=GA1.2.175445997.1746687566;+_gat_UA-130285241-1=1;+_clck=gq3nh8%7C2%7Cfvq%7C0%7C1891;+_ga=GA1.1.1212246975.1741272391;+_ga_DP5ZZ9VH84=GS2.1.s1746687565$o6$g1$t1746687590$j35$l0$h0;+_clsk=pr3azn%7C1746687590261%7C3%7C1%7Cl.clarity.ms%2Fcollect https://www.extron.de/search?search=knx www.extron.de 200 0 0 1672 3
2025-05-08 07:00:10 10.1.0.50 GET /product/img-sm/globalscripter-sm.jpg - 443 - 10.1.16.1 Mozilla/5.0+(Windows+NT+10.0;+Win64;+x64)+AppleWebKit/537.36+(KHTML,+like+Gecko)+Chrome/135.0.0.0+Safari/537.36 region=2;+lang=3;+.AspNet.Cookies=Z_oQ5Q0g2-4Atqy8DNN8WUn9mb9xyiH8evQYfZ29oqrO4uLP3MN1bWD4pHqxK9vNZNKTSjPCsTaHDO_o1_Nw_2RiEFk_ywPNcfGYlalMhNkybrJ0cnv2jNsnaCrkXc5UdrKMyPa7NVgQhfQ4NbeAwrnrmQOHECM9-j2tn_PEliZug7-66vw0-Esn1ZpC_wSEqnhuM1PjahfbUJIypH73QPawz6G25V8zSByIpeS8bjQcj3FnoU5osJoB-lPpkgQNJrIfk3bWz6ECo39AVDgJgyGPQ5mOvunTiHdaT61nCsGbfuOn0E-nA5WVneYkG3R73YTEJTPu6-T0kBIGsCDwf-ws5FqiErHCH-SC-dBkdJUdKCdmseIC1-PhgFe5LJ4cF8lfLIAxLO0IskHOtyWv7MJh-yLiK1y0xY1R5An4-_MiZcHHNK2KXMM3QUGrGZQIUYA-GA;+ExtronRecViewProd=dahd4kplusseries,dahd4kseries,dtpcp4k82,mlcplus200,mpa152plus,nbp200,tlppro725t,hc404,xtptusw1034k,xpau1002,knx100g;+ASP.NET_SessionId=t4nbjrv345oaijt52dwirppp;+username=cg@wurzer-solutions.at;+PriceClass=26D;+PriceList=EURS3+;+__RequestVerificationToken=zJCN0Up3s3qZ3EQyyxdHjPfzNuiIGz-XoPpqYX5hUiBg8YcC-SkNN6MELGGjTTPI1OVW4RPcSpsD0OxdsljG6Dac0Vw1;+BIGipServerextron.com_443_pool=!5CwWsx+MLFa7SiUMjvaJwiHEDz8tIEmbys9wW8b1t/P12bzzfQ6AbFlLhakneN5emETzRfELGCevrg==;+_gid=GA1.2.175445997.1746687566;+_gat_UA-130285241-1=1;+_clck=gq3nh8%7C2%7Cfvq%7C0%7C1891;+_ga=GA1.1.1212246975.1741272391;+_ga_DP5ZZ9VH84=GS2.1.s1746687565$o6$g1$t1746687590$j35$l0$h0;+_clsk=pr3azn%7C1746687590261%7C3%7C1%7Cl.clarity.ms%2Fcollect https://www.extron.de/search?search=knx www.extron.de 302 0 0 1846 2
2025-05-08 07:00:10 10.1.0.50 GET /product/img-sm/iecedisoncable-sm.jpg - 443 - 10.1.16.1 Mozilla/5.0+(Windows+NT+10.0;+Win64;+x64)+AppleWebKit/537.36+(KHTML,+like+Gecko)+Chrome/135.0.0.0+Safari/537.36 region=2;+lang=3;+.AspNet.Cookies=Z_oQ5Q0g2-4Atqy8DNN8WUn9mb9xyiH8evQYfZ29oqrO4uLP3MN1bWD4pHqxK9vNZNKTSjPCsTaHDO_o1_Nw_2RiEFk_ywPNcfGYlalMhNkybrJ0cnv2jNsnaCrkXc5UdrKMyPa7NVgQhfQ4NbeAwrnrmQOHECM9-j2tn_PEliZug7-66vw0-Esn1ZpC_wSEqnhuM1PjahfbUJIypH73QPawz6G25V8zSByIpeS8bjQcj3FnoU5osJoB-lPpkgQNJrIfk3bWz6ECo39AVDgJgyGPQ5mOvunTiHdaT61nCsGbfuOn0E-nA5WVneYkG3R73YTEJTPu6-T0kBIGsCDwf-ws5FqiErHCH-SC-dBkdJUdKCdmseIC1-PhgFe5LJ4cF8lfLIAxLO0IskHOtyWv7MJh-yLiK1y0xY1R5An4-_MiZcHHNK2KXMM3QUGrGZQIUYA-GA;+ExtronRecViewProd=dahd4kplusseries,dahd4kseries,dtpcp4k82,mlcplus200,mpa152plus,nbp200,tlppro725t,hc404,xtptusw1034k,xpau1002,knx100g;+ASP.NET_SessionId=t4nbjrv345oaijt52dwirppp;+username=cg@wurzer-solutions.at;+PriceClass=26D;+PriceList=EURS3+;+__RequestVerificationToken=zJCN0Up3s3qZ3EQyyxdHjPfzNuiIGz-XoPpqYX5hUiBg8YcC-SkNN6MELGGjTTPI1OVW4RPcSpsD0OxdsljG6Dac0Vw1;+BIGipServerextron.com_443_pool=!5CwWsx+MLFa7SiUMjvaJwiHEDz8tIEmbys9wW8b1t/P12bzzfQ6AbFlLhakneN5emETzRfELGCevrg==;+_gid=GA1.2.175445997.1746687566;+_gat_UA-130285241-1=1;+_clck=gq3nh8%7C2%7Cfvq%7C0%7C1891;+_ga=GA1.1.1212246975.1741272391;+_ga_DP5ZZ9VH84=GS2.1.s1746687565$o6$g1$t1746687590$j35$l0$h0;+_clsk=pr3azn%7C1746687590261%7C3%7C1%7Cl.clarity.ms%2Fcollect https://www.extron.de/search?search=knx www.extron.de 302 0 0 1846 1
2025-05-08 07:00:10 10.1.0.50 GET /Content/vendor/prependaround/prependaround.js - 443 alexander.hermansson@informationsteknik.se 10.1.16.1 Mozilla/5.0+(Windows+NT+10.0;+Win64;+x64)+AppleWebKit/537.36+(KHTML,+like+Gecko)+Chrome/136.0.0.0+Safari/537.36 region=2;+lang=1;+.AspNet.Cookies=wtJ-C8r3vdnkPR1Aw1qzuyO0NV6Z74nKn2CeelxjHwsmhhAB6D9cqcH_Dhy34aW7wWBQoXjW7N63kxonahltPZ-jcrmaKoOM134-OT7-fza7mXHqKwjxrOWhBVFvVrb0vVl4xW6hGIzUNdWzEd5Eo_lm2HGowC_rXWb_YJ7IDbePcyyb1vS7AkgGAnGDFA-m8I-BHOJZs0F4eAWyU9bOhoxtjSJYB4u5OPHwnuvSEupyliuJB2WHI2rAKzuMcN7TdLmZrf8ug3HGbPkV4w8hpUukej2c8NMN7yefycgqbRBy_6W013dOD84roJuTo4fkJuQv5I1EDTHFL0R9haWr12Ejr4nQlCcXAxjU6wmSHDTJbQWWf3kYPN-1YWCP7H-9yOZ7R7KotSCCHmqI4GznIasdkE2K99YuhIfQLXdfEvRVh12x9Ef2ZunJA1a7X7d857dMvA;+ASP.NET_SessionId=kjuj034pqztdozgqslo2kn3a;+username=alexander.hermansson@informationsteknik.se;+PriceClass=26;+PriceList=EURS3+;+__RequestVerificationToken=jWmp1PELHc1Hb5W-j-xwFnm--3BkN2yvqBQbE54V1HHGm0m8LH4TjMMe3xN8YjYTOkAoegD8zLPo5XDn8kz605kRA4g1;+BIGipServerextron.com_443_pool=!I6oNOffSsY3+eF8MjvaJwiHEDz8tIOEnyqqQNmiOpvQubiTGHhBKSxOs/NdI0x5hO4sW/wzZdj9YtQ==;+_gid=GA1.2.1481421227.1746687589;+_gat_UA-130285241-1=1;+_ga_DP5ZZ9VH84=GS2.1.s1746687589$o15$g0$t1746687589$j60$l0$h0;+_ga=GA1.1.1242613871.1745311648;+_clck=2ar2tt%7C2%7Cfvq%7C0%7C1938;+_clsk=1wqke2q%7C1746687590255%7C1%7C1%7Ce.clarity.ms%2Fcollect https://www.extron.com/ www.extron.com 200 0 0 3451 2
2025-05-08 07:00:10 10.1.0.50 GET /Content/vendor/fontawesome/css/all.min.css - 443 - 10.1.16.1 Mozilla/5.0+(Windows+NT+10.0;+Win64;+x64)+AppleWebKit/537.36+(KHTML,+like+Gecko)+Chrome/136.0.0.0+Safari/537.36+Edg/136.0.0.0 _clck=yv86ir%7C2%7Cfmq%7C0%7C1560;+region=2;+lang=3;+ExtronRecViewProd=ipcppro250xi,dtp2t212,xtpdtp24series,dtpcp4k82;+_ga=GA1.1.1613182277.1712662822;+_ga_DP5ZZ9VH84=GS1.1.1744637157.7.0.1744637157.60.0.0;+ASP.NET_SessionId=nkgbywgpkcyekixp22ujgint;+__RequestVerificationToken=3xrHXuqkcAcXSyPA00j7AXJC4P507yIcAdJdzI2aC5ZndFLJG7YQj90M7C2361kvD0V2IQlqPSm9w8wIYrbYSCCri4E1;+BIGipServerextron.com_443_pool=!EWleaa37NparcDcMjvaJwiHEDz8tIJ0tpx+SHLESOQ2bZ2HRSVRZ54FOCWjDpyjt3r6dsrsr5Rmv2Q== https://www.extron.de/ www.extron.de 200 0 0 514692 3
2025-05-08 07:00:10 10.1.0.50 GET /Content/vendor/slick/slick.js - 443 alexander.hermansson@informationsteknik.se 10.1.16.1 Mozilla/5.0+(Windows+NT+10.0;+Win64;+x64)+AppleWebKit/537.36+(KHTML,+like+Gecko)+Chrome/136.0.0.0+Safari/537.36 region=2;+lang=1;+.AspNet.Cookies=wtJ-C8r3vdnkPR1Aw1qzuyO0NV6Z74nKn2CeelxjHwsmhhAB6D9cqcH_Dhy34aW7wWBQoXjW7N63kxonahltPZ-jcrmaKoOM134-OT7-fza7mXHqKwjxrOWhBVFvVrb0vVl4xW6hGIzUNdWzEd5Eo_lm2HGowC_rXWb_YJ7IDbePcyyb1vS7AkgGAnGDFA-m8I-BHOJZs0F4eAWyU9bOhoxtjSJYB4u5OPHwnuvSEupyliuJB2WHI2rAKzuMcN7TdLmZrf8ug3HGbPkV4w8hpUukej2c8NMN7yefycgqbRBy_6W013dOD84roJuTo4fkJuQv5I1EDTHFL0R9haWr12Ejr4nQlCcXAxjU6wmSHDTJbQWWf3kYPN-1YWCP7H-9yOZ7R7KotSCCHmqI4GznIasdkE2K99YuhIfQLXdfEvRVh12x9Ef2ZunJA1a7X7d857dMvA;+ASP.NET_SessionId=kjuj034pqztdozgqslo2kn3a;+username=alexander.hermansson@informationsteknik.se;+PriceClass=26;+PriceList=EURS3+;+__RequestVerificationToken=jWmp1PELHc1Hb5W-j-xwFnm--3BkN2yvqBQbE54V1HHGm0m8LH4TjMMe3xN8YjYTOkAoegD8zLPo5XDn8kz605kRA4g1;+BIGipServerextron.com_443_pool=!I6oNOffSsY3+eF8MjvaJwiHEDz8tIOEnyqqQNmiOpvQubiTGHhBKSxOs/NdI0x5hO4sW/wzZdj9YtQ==;+_gid=GA1.2.1481421227.1746687589;+_gat_UA-130285241-1=1;+_ga_DP5ZZ9VH84=GS2.1.s1746687589$o15$g0$t1746687589$j60$l0$h0;+_ga=GA1.1.1242613871.1745311648;+_clck=2ar2tt%7C2%7Cfvq%7C0%7C1938;+_clsk=1wqke2q%7C1746687590255%7C1%7C1%7Ce.clarity.ms%2Fcollect https://www.extron.com/ www.extron.com 200 0 0 93556 2
2025-05-08 07:00:10 10.1.0.50 GET /Scripts/Shared/videoplayer.js - 443 alexander.hermansson@informationsteknik.se 10.1.16.1 Mozilla/5.0+(Windows+NT+10.0;+Win64;+x64)+AppleWebKit/537.36+(KHTML,+like+Gecko)+Chrome/136.0.0.0+Safari/537.36 region=2;+lang=1;+.AspNet.Cookies=wtJ-C8r3vdnkPR1Aw1qzuyO0NV6Z74nKn2CeelxjHwsmhhAB6D9cqcH_Dhy34aW7wWBQoXjW7N63kxonahltPZ-jcrmaKoOM134-OT7-fza7mXHqKwjxrOWhBVFvVrb0vVl4xW6hGIzUNdWzEd5Eo_lm2HGowC_rXWb_YJ7IDbePcyyb1vS7AkgGAnGDFA-m8I-BHOJZs0F4eAWyU9bOhoxtjSJYB4u5OPHwnuvSEupyliuJB2WHI2rAKzuMcN7TdLmZrf8ug3HGbPkV4w8hpUukej2c8NMN7yefycgqbRBy_6W013dOD84roJuTo4fkJuQv5I1EDTHFL0R9haWr12Ejr4nQlCcXAxjU6wmSHDTJbQWWf3kYPN-1YWCP7H-9yOZ7R7KotSCCHmqI4GznIasdkE2K99YuhIfQLXdfEvRVh12x9Ef2ZunJA1a7X7d857dMvA;+ASP.NET_SessionId=kjuj034pqztdozgqslo2kn3a;+username=alexander.hermansson@informationsteknik.se;+PriceClass=26;+PriceList=EURS3+;+__RequestVerificationToken=jWmp1PELHc1Hb5W-j-xwFnm--3BkN2yvqBQbE54V1HHGm0m8LH4TjMMe3xN8YjYTOkAoegD8zLPo5XDn8kz605kRA4g1;+BIGipServerextron.com_443_pool=!I6oNOffSsY3+eF8MjvaJwiHEDz8tIOEnyqqQNmiOpvQubiTGHhBKSxOs/NdI0x5hO4sW/wzZdj9YtQ==;+_gid=GA1.2.1481421227.1746687589;+_gat_UA-130285241-1=1;+_ga_DP5ZZ9VH84=GS2.1.s1746687589$o15$g0$t1746687589$j60$l0$h0;+_ga=GA1.1.1242613871.1745311648;+_clck=2ar2tt%7C2%7Cfvq%7C0%7C1938;+_clsk=1wqke2q%7C1746687590255%7C1%7C1%7Ce.clarity.ms%2Fcollect https://www.extron.com/ www.extron.com 200 0 0 36749 1
2025-05-08 07:00:10 10.1.0.50 GET /Scripts/Shared/autohide.js - 443 alexander.hermansson@informationsteknik.se 10.1.16.1 Mozilla/5.0+(Windows+NT+10.0;+Win64;+x64)+AppleWebKit/537.36+(KHTML,+like+Gecko)+Chrome/136.0.0.0+Safari/537.36 region=2;+lang=1;+.AspNet.Cookies=wtJ-C8r3vdnkPR1Aw1qzuyO0NV6Z74nKn2CeelxjHwsmhhAB6D9cqcH_Dhy34aW7wWBQoXjW7N63kxonahltPZ-jcrmaKoOM134-OT7-fza7mXHqKwjxrOWhBVFvVrb0vVl4xW6hGIzUNdWzEd5Eo_lm2HGowC_rXWb_YJ7IDbePcyyb1vS7AkgGAnGDFA-m8I-BHOJZs0F4eAWyU9bOhoxtjSJYB4u5OPHwnuvSEupyliuJB2WHI2rAKzuMcN7TdLmZrf8ug3HGbPkV4w8hpUukej2c8NMN7yefycgqbRBy_6W013dOD84roJuTo4fkJuQv5I1EDTHFL0R9haWr12Ejr4nQlCcXAxjU6wmSHDTJbQWWf3kYPN-1YWCP7H-9yOZ7R7KotSCCHmqI4GznIasdkE2K99YuhIfQLXdfEvRVh12x9Ef2ZunJA1a7X7d857dMvA;+ASP.NET_SessionId=kjuj034pqztdozgqslo2kn3a;+username=alexander.hermansson@informationsteknik.se;+PriceClass=26;+PriceList=EURS3+;+__RequestVerificationToken=jWmp1PELHc1Hb5W-j-xwFnm--3BkN2yvqBQbE54V1HHGm0m8LH4TjMMe3xN8YjYTOkAoegD8zLPo5XDn8kz605kRA4g1;+BIGipServerextron.com_443_pool=!I6oNOffSsY3+eF8MjvaJwiHEDz8tIOEnyqqQNmiOpvQubiTGHhBKSxOs/NdI0x5hO4sW/wzZdj9YtQ==;+_gid=GA1.2.1481421227.1746687589;+_gat_UA-130285241-1=1;+_ga_DP5ZZ9VH84=GS2.1.s1746687589$o15$g0$t1746687589$j60$l0$h0;+_ga=GA1.1.1242613871.1745311648;+_clck=2ar2tt%7C2%7Cfvq%7C0%7C1938;+_clsk=1wqke2q%7C1746687590255%7C1%7C1%7Ce.clarity.ms%2Fcollect https://www.extron.com/ www.extron.com 200 0 0 8272 1
2025-05-08 07:00:10 10.1.0.50 GET /Scripts/Shared/main.js 20240613 443 alexander.hermansson@informationsteknik.se 10.1.16.1 Mozilla/5.0+(Windows+NT+10.0;+Win64;+x64)+AppleWebKit/537.36+(KHTML,+like+Gecko)+Chrome/136.0.0.0+Safari/537.36 region=2;+lang=1;+.AspNet.Cookies=wtJ-C8r3vdnkPR1Aw1qzuyO0NV6Z74nKn2CeelxjHwsmhhAB6D9cqcH_Dhy34aW7wWBQoXjW7N63kxonahltPZ-jcrmaKoOM134-OT7-fza7mXHqKwjxrOWhBVFvVrb0vVl4xW6hGIzUNdWzEd5Eo_lm2HGowC_rXWb_YJ7IDbePcyyb1vS7AkgGAnGDFA-m8I-BHOJZs0F4eAWyU9bOhoxtjSJYB4u5OPHwnuvSEupyliuJB2WHI2rAKzuMcN7TdLmZrf8ug3HGbPkV4w8hpUukej2c8NMN7yefycgqbRBy_6W013dOD84roJuTo4fkJuQv5I1EDTHFL0R9haWr12Ejr4nQlCcXAxjU6wmSHDTJbQWWf3kYPN-1YWCP7H-9yOZ7R7KotSCCHmqI4GznIasdkE2K99YuhIfQLXdfEvRVh12x9Ef2ZunJA1a7X7d857dMvA;+ASP.NET_SessionId=kjuj034pqztdozgqslo2kn3a;+username=alexander.hermansson@informationsteknik.se;+PriceClass=26;+PriceList=EURS3+;+__RequestVerificationToken=jWmp1PELHc1Hb5W-j-xwFnm--3BkN2yvqBQbE54V1HHGm0m8LH4TjMMe3xN8YjYTOkAoegD8zLPo5XDn8kz605kRA4g1;+BIGipServerextron.com_443_pool=!I6oNOffSsY3+eF8MjvaJwiHEDz8tIOEnyqqQNmiOpvQubiTGHhBKSxOs/NdI0x5hO4sW/wzZdj9YtQ==;+_gid=GA1.2.1481421227.1746687589;+_gat_UA-130285241-1=1;+_ga_DP5ZZ9VH84=GS2.1.s1746687589$o15$g0$t1746687589$j60$l0$h0;+_ga=GA1.1.1242613871.1745311648;+_clck=2ar2tt%7C2%7Cfvq%7C0%7C1938;+_clsk=1wqke2q%7C1746687590255%7C1%7C1%7Ce.clarity.ms%2Fcollect https://www.extron.com/ www.extron.com 200 0 0 63254 2
2025-05-08 07:00:10 10.1.0.50 GET /MediaLink-Plus-Controllers/prodtype-80 subtype=csmlplus 443 - 10.1.16.1 Mozilla/5.0+(Windows+NT+10.0;+Win64;+x64;+rv:138.0)+Gecko/20100101+Firefox/138.0 ASP.NET_SessionId=j4455r3vqamqtcyucvqganrh;+region=1;+lang=1;+__RequestVerificationToken=OmekRpBuLjwllt2VjBYBDhFPFEHf-1SXjG_sBZzqRhH2C6746utbyzaGw91_JyZZP3pj4AKF59ftOGCZ6F54X4rhusk1;+BIGipServerextron.com_443_pool=!ADCTTCKedAc2+IkMjvaJwiHEDz8tIEcTCror+/E542zR2uD/A43PMQBvuCTR5YkCmQ0UdZlbaxq+2w==;+ExtronRecViewProd=nbp200 https://www.extron.com/Network-Button-Panels/prodtype-89?subtype=csnbp www.extron.com 200 0 0 1263034 184
2025-05-08 07:00:10 10.1.0.50 GET /Content/vendor/fontawesome/webfonts/fa-regular-400.woff2 - 443 alexander.hermansson@informationsteknik.se 10.1.16.1 Mozilla/5.0+(Windows+NT+10.0;+Win64;+x64)+AppleWebKit/537.36+(KHTML,+like+Gecko)+Chrome/136.0.0.0+Safari/537.36 region=2;+lang=1;+.AspNet.Cookies=wtJ-C8r3vdnkPR1Aw1qzuyO0NV6Z74nKn2CeelxjHwsmhhAB6D9cqcH_Dhy34aW7wWBQoXjW7N63kxonahltPZ-jcrmaKoOM134-OT7-fza7mXHqKwjxrOWhBVFvVrb0vVl4xW6hGIzUNdWzEd5Eo_lm2HGowC_rXWb_YJ7IDbePcyyb1vS7AkgGAnGDFA-m8I-BHOJZs0F4eAWyU9bOhoxtjSJYB4u5OPHwnuvSEupyliuJB2WHI2rAKzuMcN7TdLmZrf8ug3HGbPkV4w8hpUukej2c8NMN7yefycgqbRBy_6W013dOD84roJuTo4fkJuQv5I1EDTHFL0R9haWr12Ejr4nQlCcXAxjU6wmSHDTJbQWWf3kYPN-1YWCP7H-9yOZ7R7KotSCCHmqI4GznIasdkE2K99YuhIfQLXdfEvRVh12x9Ef2ZunJA1a7X7d857dMvA;+_clck=2ar2tt%7C2%7Cfvg%7C0%7C1938;+_ga=GA1.1.1242613871.1745311648;+_ga_DP5ZZ9VH84=GS1.1.1745837972.14.1.1745838243.59.0.0;+ASP.NET_SessionId=kjuj034pqztdozgqslo2kn3a;+username=alexander.hermansson@informationsteknik.se;+PriceClass=26;+PriceList=EURS3+;+__RequestVerificationToken=jWmp1PELHc1Hb5W-j-xwFnm--3BkN2yvqBQbE54V1HHGm0m8LH4TjMMe3xN8YjYTOkAoegD8zLPo5XDn8kz605kRA4g1;+BIGipServerextron.com_443_pool=!I6oNOffSsY3+eF8MjvaJwiHEDz8tIOEnyqqQNmiOpvQubiTGHhBKSxOs/NdI0x5hO4sW/wzZdj9YtQ== https://www.extron.com/Content/vendor/fontawesome/css/all.min.css www.extron.com 200 0 0 397929 805
2025-05-08 07:00:10 10.1.0.50 GET /technology/literature.aspx id=P&id=Y&id=V&id=C&filetype=6&filetype=30&lang=1&lang=1&tabid=6 443 - 10.1.16.1 Mozilla/5.0+AppleWebKit/537.36+(KHTML,+like+Gecko;+compatible;+bingbot/2.0;++http://www.bing.com/bingbot.htm)+Chrome/116.0.1938.76+Safari/537.36 - - www.extron.co.jp 200 0 0 120972 1541
2025-05-08 07:00:10 10.1.0.50 GET /Content/css/Shared/extron.css - 443 - 10.1.16.1 Mozilla/5.0+(Windows+NT+10.0;+Win64;+x64)+AppleWebKit/537.36+(KHTML,+like+Gecko)+Chrome/136.0.0.0+Safari/537.36+Edg/136.0.0.0 _clck=yv86ir%7C2%7Cfmq%7C0%7C1560;+region=2;+lang=3;+ExtronRecViewProd=ipcppro250xi,dtp2t212,xtpdtp24series,dtpcp4k82;+_ga=GA1.1.1613182277.1712662822;+_ga_DP5ZZ9VH84=GS1.1.1744637157.7.0.1744637157.60.0.0;+ASP.NET_SessionId=nkgbywgpkcyekixp22ujgint;+__RequestVerificationToken=3xrHXuqkcAcXSyPA00j7AXJC4P507yIcAdJdzI2aC5ZndFLJG7YQj90M7C2361kvD0V2IQlqPSm9w8wIYrbYSCCri4E1;+BIGipServerextron.com_443_pool=!EWleaa37NparcDcMjvaJwiHEDz8tIJ0tpx+SHLESOQ2bZ2HRSVRZ54FOCWjDpyjt3r6dsrsr5Rmv2Q== https://www.extron.de/ www.extron.de 200 0 0 818063 29
2025-05-08 07:00:10 10.1.0.50 GET /Scripts/Shared/login.js 20210406 443 alexander.hermansson@informationsteknik.se 10.1.16.1 Mozilla/5.0+(Windows+NT+10.0;+Win64;+x64)+AppleWebKit/537.36+(KHTML,+like+Gecko)+Chrome/136.0.0.0+Safari/537.36 region=2;+lang=1;+.AspNet.Cookies=wtJ-C8r3vdnkPR1Aw1qzuyO0NV6Z74nKn2CeelxjHwsmhhAB6D9cqcH_Dhy34aW7wWBQoXjW7N63kxonahltPZ-jcrmaKoOM134-OT7-fza7mXHqKwjxrOWhBVFvVrb0vVl4xW6hGIzUNdWzEd5Eo_lm2HGowC_rXWb_YJ7IDbePcyyb1vS7AkgGAnGDFA-m8I-BHOJZs0F4eAWyU9bOhoxtjSJYB4u5OPHwnuvSEupyliuJB2WHI2rAKzuMcN7TdLmZrf8ug3HGbPkV4w8hpUukej2c8NMN7yefycgqbRBy_6W013dOD84roJuTo4fkJuQv5I1EDTHFL0R9haWr12Ejr4nQlCcXAxjU6wmSHDTJbQWWf3kYPN-1YWCP7H-9yOZ7R7KotSCCHmqI4GznIasdkE2K99YuhIfQLXdfEvRVh12x9Ef2ZunJA1a7X7d857dMvA;+ASP.NET_SessionId=kjuj034pqztdozgqslo2kn3a;+username=alexander.hermansson@informationsteknik.se;+PriceClass=26;+PriceList=EURS3+;+__RequestVerificationToken=jWmp1PELHc1Hb5W-j-xwFnm--3BkN2yvqBQbE54V1HHGm0m8LH4TjMMe3xN8YjYTOkAoegD8zLPo5XDn8kz605kRA4g1;+BIGipServerextron.com_443_pool=!I6oNOffSsY3+eF8MjvaJwiHEDz8tIOEnyqqQNmiOpvQubiTGHhBKSxOs/NdI0x5hO4sW/wzZdj9YtQ==;+_gid=GA1.2.1481421227.1746687589;+_gat_UA-130285241-1=1;+_ga_DP5ZZ9VH84=GS2.1.s1746687589$o15$g0$t1746687589$j60$l0$h0;+_ga=GA1.1.1242613871.1745311648;+_clck=2ar2tt%7C2%7Cfvq%7C0%7C1938;+_clsk=1wqke2q%7C1746687590255%7C1%7C1%7Ce.clarity.ms%2Fcollect https://www.extron.com/ www.extron.com 200 0 0 10163 2
2025-05-08 07:00:10 10.1.0.50 GET /Content/vendor/fontawesome/css/all.min.css - 443 - 10.1.16.1 Mozilla/5.0+(Windows+NT+10.0;+Win64;+x64;+rv:138.0)+Gecko/20100101+Firefox/138.0 ASP.NET_SessionId=j4455r3vqamqtcyucvqganrh;+region=1;+lang=1;+__RequestVerificationToken=OmekRpBuLjwllt2VjBYBDhFPFEHf-1SXjG_sBZzqRhH2C6746utbyzaGw91_JyZZP3pj4AKF59ftOGCZ6F54X4rhusk1;+BIGipServerextron.com_443_pool=!ADCTTCKedAc2+IkMjvaJwiHEDz8tIEcTCror+/E542zR2uD/A43PMQBvuCTR5YkCmQ0UdZlbaxq+2w==;+ExtronRecViewProd=nbp200 https://www.extron.com/MediaLink-Plus-Controllers/prodtype-80?subtype=csmlplus www.extron.com 304 0 0 1703 2
2025-05-08 07:00:10 10.1.0.50 GET /api/v1/Article/Get articlehandle=menuproducts&lang=1&region=2&loggedin=true 443 alexander.hermansson@informationsteknik.se 10.1.16.1 Mozilla/5.0+(Windows+NT+10.0;+Win64;+x64)+AppleWebKit/537.36+(KHTML,+like+Gecko)+Chrome/136.0.0.0+Safari/537.36 region=2;+lang=1;+.AspNet.Cookies=wtJ-C8r3vdnkPR1Aw1qzuyO0NV6Z74nKn2CeelxjHwsmhhAB6D9cqcH_Dhy34aW7wWBQoXjW7N63kxonahltPZ-jcrmaKoOM134-OT7-fza7mXHqKwjxrOWhBVFvVrb0vVl4xW6hGIzUNdWzEd5Eo_lm2HGowC_rXWb_YJ7IDbePcyyb1vS7AkgGAnGDFA-m8I-BHOJZs0F4eAWyU9bOhoxtjSJYB4u5OPHwnuvSEupyliuJB2WHI2rAKzuMcN7TdLmZrf8ug3HGbPkV4w8hpUukej2c8NMN7yefycgqbRBy_6W013dOD84roJuTo4fkJuQv5I1EDTHFL0R9haWr12Ejr4nQlCcXAxjU6wmSHDTJbQWWf3kYPN-1YWCP7H-9yOZ7R7KotSCCHmqI4GznIasdkE2K99YuhIfQLXdfEvRVh12x9Ef2ZunJA1a7X7d857dMvA;+ASP.NET_SessionId=kjuj034pqztdozgqslo2kn3a;+username=alexander.hermansson@informationsteknik.se;+PriceClass=26;+PriceList=EURS3+;+__RequestVerificationToken=jWmp1PELHc1Hb5W-j-xwFnm--3BkN2yvqBQbE54V1HHGm0m8LH4TjMMe3xN8YjYTOkAoegD8zLPo5XDn8kz605kRA4g1;+BIGipServerextron.com_443_pool=!I6oNOffSsY3+eF8MjvaJwiHEDz8tIOEnyqqQNmiOpvQubiTGHhBKSxOs/NdI0x5hO4sW/wzZdj9YtQ==;+_gid=GA1.2.1481421227.1746687589;+_gat_UA-130285241-1=1;+_ga_DP5ZZ9VH84=GS2.1.s1746687589$o15$g0$t1746687589$j60$l0$h0;+_ga=GA1.1.1242613871.1745311648;+_clck=2ar2tt%7C2%7Cfvq%7C0%7C1938;+_clsk=1wqke2q%7C1746687590255%7C1%7C1%7Ce.clarity.ms%2Fcollect https://www.extron.com/ www.extron.com 200 0 0 9469 5
2025-05-08 07:00:10 10.1.0.50 GET /api/v1/Article/Get articlehandle=menuresources&lang=1&region=2&loggedin=true 443 alexander.hermansson@informationsteknik.se 10.1.16.1 Mozilla/5.0+(Windows+NT+10.0;+Win64;+x64)+AppleWebKit/537.36+(KHTML,+like+Gecko)+Chrome/136.0.0.0+Safari/537.36 region=2;+lang=1;+.AspNet.Cookies=wtJ-C8r3vdnkPR1Aw1qzuyO0NV6Z74nKn2CeelxjHwsmhhAB6D9cqcH_Dhy34aW7wWBQoXjW7N63kxonahltPZ-jcrmaKoOM134-OT7-fza7mXHqKwjxrOWhBVFvVrb0vVl4xW6hGIzUNdWzEd5Eo_lm2HGowC_rXWb_YJ7IDbePcyyb1vS7AkgGAnGDFA-m8I-BHOJZs0F4eAWyU9bOhoxtjSJYB4u5OPHwnuvSEupyliuJB2WHI2rAKzuMcN7TdLmZrf8ug3HGbPkV4w8hpUukej2c8NMN7yefycgqbRBy_6W013dOD84roJuTo4fkJuQv5I1EDTHFL0R9haWr12Ejr4nQlCcXAxjU6wmSHDTJbQWWf3kYPN-1YWCP7H-9yOZ7R7KotSCCHmqI4GznIasdkE2K99YuhIfQLXdfEvRVh12x9Ef2ZunJA1a7X7d857dMvA;+ASP.NET_SessionId=kjuj034pqztdozgqslo2kn3a;+username=alexander.hermansson@informationsteknik.se;+PriceClass=26;+PriceList=EURS3+;+__RequestVerificationToken=jWmp1PELHc1Hb5W-j-xwFnm--3BkN2yvqBQbE54V1HHGm0m8LH4TjMMe3xN8YjYTOkAoegD8zLPo5XDn8kz605kRA4g1;+BIGipServerextron.com_443_pool=!I6oNOffSsY3+eF8MjvaJwiHEDz8tIOEnyqqQNmiOpvQubiTGHhBKSxOs/NdI0x5hO4sW/wzZdj9YtQ==;+_gid=GA1.2.1481421227.1746687589;+_gat_UA-130285241-1=1;+_ga_DP5ZZ9VH84=GS2.1.s1746687589$o15$g0$t1746687589$j60$l0$h0;+_ga=GA1.1.1242613871.1745311648;+_clck=2ar2tt%7C2%7Cfvq%7C0%7C1938;+_clsk=1wqke2q%7C1746687590255%7C1%7C1%7Ce.clarity.ms%2Fcollect https://www.extron.com/ www.extron.com 200 0 0 11192 6
2025-05-08 07:00:10 10.1.0.50 GET /api/v1/Article/Get articlehandle=menucompany&lang=1&region=2&loggedin=true 443 alexander.hermansson@informationsteknik.se 10.1.16.1 Mozilla/5.0+(Windows+NT+10.0;+Win64;+x64)+AppleWebKit/537.36+(KHTML,+like+Gecko)+Chrome/136.0.0.0+Safari/537.36 region=2;+lang=1;+.AspNet.Cookies=wtJ-C8r3vdnkPR1Aw1qzuyO0NV6Z74nKn2CeelxjHwsmhhAB6D9cqcH_Dhy34aW7wWBQoXjW7N63kxonahltPZ-jcrmaKoOM134-OT7-fza7mXHqKwjxrOWhBVFvVrb0vVl4xW6hGIzUNdWzEd5Eo_lm2HGowC_rXWb_YJ7IDbePcyyb1vS7AkgGAnGDFA-m8I-BHOJZs0F4eAWyU9bOhoxtjSJYB4u5OPHwnuvSEupyliuJB2WHI2rAKzuMcN7TdLmZrf8ug3HGbPkV4w8hpUukej2c8NMN7yefycgqbRBy_6W013dOD84roJuTo4fkJuQv5I1EDTHFL0R9haWr12Ejr4nQlCcXAxjU6wmSHDTJbQWWf3kYPN-1YWCP7H-9yOZ7R7KotSCCHmqI4GznIasdkE2K99YuhIfQLXdfEvRVh12x9Ef2ZunJA1a7X7d857dMvA;+ASP.NET_SessionId=kjuj034pqztdozgqslo2kn3a;+username=alexander.hermansson@informationsteknik.se;+PriceClass=26;+PriceList=EURS3+;+__RequestVerificationToken=jWmp1PELHc1Hb5W-j-xwFnm--3BkN2yvqBQbE54V1HHGm0m8LH4TjMMe3xN8YjYTOkAoegD8zLPo5XDn8kz605kRA4g1;+BIGipServerextron.com_443_pool=!I6oNOffSsY3+eF8MjvaJwiHEDz8tIOEnyqqQNmiOpvQubiTGHhBKSxOs/NdI0x5hO4sW/wzZdj9YtQ==;+_gid=GA1.2.1481421227.1746687589;+_gat_UA-130285241-1=1;+_ga_DP5ZZ9VH84=GS2.1.s1746687589$o15$g0$t1746687589$j60$l0$h0;+_ga=GA1.1.1242613871.1745311648;+_clck=2ar2tt%7C2%7Cfvq%7C0%7C1938;+_clsk=1wqke2q%7C1746687590255%7C1%7C1%7Ce.clarity.ms%2Fcollect https://www.extron.com/ www.extron.com 200 0 0 9077 6
2025-05-08 07:00:10 10.1.0.50 GET /api/v1/Article/Get articlehandle=menudownload&lang=1&region=2&loggedin=true 443 alexander.hermansson@informationsteknik.se 10.1.16.1 Mozilla/5.0+(Windows+NT+10.0;+Win64;+x64)+AppleWebKit/537.36+(KHTML,+like+Gecko)+Chrome/136.0.0.0+Safari/537.36 region=2;+lang=1;+.AspNet.Cookies=wtJ-C8r3vdnkPR1Aw1qzuyO0NV6Z74nKn2CeelxjHwsmhhAB6D9cqcH_Dhy34aW7wWBQoXjW7N63kxonahltPZ-jcrmaKoOM134-OT7-fza7mXHqKwjxrOWhBVFvVrb0vVl4xW6hGIzUNdWzEd5Eo_lm2HGowC_rXWb_YJ7IDbePcyyb1vS7AkgGAnGDFA-m8I-BHOJZs0F4eAWyU9bOhoxtjSJYB4u5OPHwnuvSEupyliuJB2WHI2rAKzuMcN7TdLmZrf8ug3HGbPkV4w8hpUukej2c8NMN7yefycgqbRBy_6W013dOD84roJuTo4fkJuQv5I1EDTHFL0R9haWr12Ejr4nQlCcXAxjU6wmSHDTJbQWWf3kYPN-1YWCP7H-9yOZ7R7KotSCCHmqI4GznIasdkE2K99YuhIfQLXdfEvRVh12x9Ef2ZunJA1a7X7d857dMvA;+ASP.NET_SessionId=kjuj034pqztdozgqslo2kn3a;+username=alexander.hermansson@informationsteknik.se;+PriceClass=26;+PriceList=EURS3+;+__RequestVerificationToken=jWmp1PELHc1Hb5W-j-xwFnm--3BkN2yvqBQbE54V1HHGm0m8LH4TjMMe3xN8YjYTOkAoegD8zLPo5XDn8kz605kRA4g1;+BIGipServerextron.com_443_pool=!I6oNOffSsY3+eF8MjvaJwiHEDz8tIOEnyqqQNmiOpvQubiTGHhBKSxOs/NdI0x5hO4sW/wzZdj9YtQ==;+_gid=GA1.2.1481421227.1746687589;+_gat_UA-130285241-1=1;+_ga_DP5ZZ9VH84=GS2.1.s1746687589$o15$g0$t1746687589$j60$l0$h0;+_ga=GA1.1.1242613871.1745311648;+_clck=2ar2tt%7C2%7Cfvq%7C0%7C1938;+_clsk=1wqke2q%7C1746687590255%7C1%7C1%7Ce.clarity.ms%2Fcollect https://www.extron.com/ www.extron.com 200 0 0 6665 4
2025-05-08 07:00:10 10.1.0.50 GET /api/v1/Article/Get articlehandle=menutraining&lang=1&region=2&loggedin=true 443 alexander.hermansson@informationsteknik.se 10.1.16.1 Mozilla/5.0+(Windows+NT+10.0;+Win64;+x64)+AppleWebKit/537.36+(KHTML,+like+Gecko)+Chrome/136.0.0.0+Safari/537.36 region=2;+lang=1;+.AspNet.Cookies=wtJ-C8r3vdnkPR1Aw1qzuyO0NV6Z74nKn2CeelxjHwsmhhAB6D9cqcH_Dhy34aW7wWBQoXjW7N63kxonahltPZ-jcrmaKoOM134-OT7-fza7mXHqKwjxrOWhBVFvVrb0vVl4xW6hGIzUNdWzEd5Eo_lm2HGowC_rXWb_YJ7IDbePcyyb1vS7AkgGAnGDFA-m8I-BHOJZs0F4eAWyU9bOhoxtjSJYB4u5OPHwnuvSEupyliuJB2WHI2rAKzuMcN7TdLmZrf8ug3HGbPkV4w8hpUukej2c8NMN7yefycgqbRBy_6W013dOD84roJuTo4fkJuQv5I1EDTHFL0R9haWr12Ejr4nQlCcXAxjU6wmSHDTJbQWWf3kYPN-1YWCP7H-9yOZ7R7KotSCCHmqI4GznIasdkE2K99YuhIfQLXdfEvRVh12x9Ef2ZunJA1a7X7d857dMvA;+ASP.NET_SessionId=kjuj034pqztdozgqslo2kn3a;+username=alexander.hermansson@informationsteknik.se;+PriceClass=26;+PriceList=EURS3+;+__RequestVerificationToken=jWmp1PELHc1Hb5W-j-xwFnm--3BkN2yvqBQbE54V1HHGm0m8LH4TjMMe3xN8YjYTOkAoegD8zLPo5XDn8kz605kRA4g1;+BIGipServerextron.com_443_pool=!I6oNOffSsY3+eF8MjvaJwiHEDz8tIOEnyqqQNmiOpvQubiTGHhBKSxOs/NdI0x5hO4sW/wzZdj9YtQ==;+_gid=GA1.2.1481421227.1746687589;+_gat_UA-130285241-1=1;+_ga_DP5ZZ9VH84=GS2.1.s1746687589$o15$g0$t1746687589$j60$l0$h0;+_ga=GA1.1.1242613871.1745311648;+_clck=2ar2tt%7C2%7Cfvq%7C0%7C1938;+_clsk=1wqke2q%7C1746687590255%7C1%7C1%7Ce.clarity.ms%2Fcollect https://www.extron.com/ www.extron.com 200 0 0 7554 4
2025-05-08 07:00:11 10.1.0.50 GET /Content/css/Shared/prodsidebar/prodsidebar.css nocache=01232019 443 - 10.1.16.1 Mozilla/5.0+(Windows+NT+10.0;+Win64;+x64;+rv:138.0)+Gecko/20100101+Firefox/138.0 ASP.NET_SessionId=j4455r3vqamqtcyucvqganrh;+region=1;+lang=1;+__RequestVerificationToken=OmekRpBuLjwllt2VjBYBDhFPFEHf-1SXjG_sBZzqRhH2C6746utbyzaGw91_JyZZP3pj4AKF59ftOGCZ6F54X4rhusk1;+BIGipServerextron.com_443_pool=!ADCTTCKedAc2+IkMjvaJwiHEDz8tIEcTCror+/E542zR2uD/A43PMQBvuCTR5YkCmQ0UdZlbaxq+2w==;+ExtronRecViewProd=nbp200 https://www.extron.com/MediaLink-Plus-Controllers/prodtype-80?subtype=csmlplus www.extron.com 304 0 0 1705 1
2025-05-08 07:00:11 10.1.0.50 GET /tools/signage id=4ksignage 443 - 10.1.16.1 - - - www.extron.com 200 0 0 17926 5
2025-05-08 07:00:11 10.1.0.50 GET /img/tech-logos/18gbps.svg - 443 - 10.1.16.1 Mozilla/5.0+(Windows+NT+10.0;+Win64;+x64)+AppleWebKit/537.36+(KHTML,+like+Gecko)+Chrome/136.0.0.0+Safari/537.36 region=2;+lang=1;+.AspNet.Cookies=wtJ-C8r3vdnkPR1Aw1qzuyO0NV6Z74nKn2CeelxjHwsmhhAB6D9cqcH_Dhy34aW7wWBQoXjW7N63kxonahltPZ-jcrmaKoOM134-OT7-fza7mXHqKwjxrOWhBVFvVrb0vVl4xW6hGIzUNdWzEd5Eo_lm2HGowC_rXWb_YJ7IDbePcyyb1vS7AkgGAnGDFA-m8I-BHOJZs0F4eAWyU9bOhoxtjSJYB4u5OPHwnuvSEupyliuJB2WHI2rAKzuMcN7TdLmZrf8ug3HGbPkV4w8hpUukej2c8NMN7yefycgqbRBy_6W013dOD84roJuTo4fkJuQv5I1EDTHFL0R9haWr12Ejr4nQlCcXAxjU6wmSHDTJbQWWf3kYPN-1YWCP7H-9yOZ7R7KotSCCHmqI4GznIasdkE2K99YuhIfQLXdfEvRVh12x9Ef2ZunJA1a7X7d857dMvA;+ASP.NET_SessionId=kjuj034pqztdozgqslo2kn3a;+username=alexander.hermansson@informationsteknik.se;+PriceClass=26;+PriceList=EURS3+;+__RequestVerificationToken=jWmp1PELHc1Hb5W-j-xwFnm--3BkN2yvqBQbE54V1HHGm0m8LH4TjMMe3xN8YjYTOkAoegD8zLPo5XDn8kz605kRA4g1;+BIGipServerextron.com_443_pool=!I6oNOffSsY3+eF8MjvaJwiHEDz8tIOEnyqqQNmiOpvQubiTGHhBKSxOs/NdI0x5hO4sW/wzZdj9YtQ==;+_gid=GA1.2.1481421227.1746687589;+_gat_UA-130285241-1=1;+_ga_DP5ZZ9VH84=GS2.1.s1746687589$o15$g0$t1746687589$j60$l0$h0;+_ga=GA1.1.1242613871.1745311648;+_clck=2ar2tt%7C2%7Cfvq%7C0%7C1938;+_clsk=1wqke2q%7C1746687590255%7C1%7C1%7Ce.clarity.ms%2Fcollect https://www.extron.com/Content/css/Shared/extron.css www.extron.com 302 0 0 1824 2
2025-05-08 07:00:11 10.1.0.50 GET /img/tech-logos/vector4kscaling.svg - 443 - 10.1.16.1 Mozilla/5.0+(Windows+NT+10.0;+Win64;+x64)+AppleWebKit/537.36+(KHTML,+like+Gecko)+Chrome/136.0.0.0+Safari/537.36 region=2;+lang=1;+.AspNet.Cookies=wtJ-C8r3vdnkPR1Aw1qzuyO0NV6Z74nKn2CeelxjHwsmhhAB6D9cqcH_Dhy34aW7wWBQoXjW7N63kxonahltPZ-jcrmaKoOM134-OT7-fza7mXHqKwjxrOWhBVFvVrb0vVl4xW6hGIzUNdWzEd5Eo_lm2HGowC_rXWb_YJ7IDbePcyyb1vS7AkgGAnGDFA-m8I-BHOJZs0F4eAWyU9bOhoxtjSJYB4u5OPHwnuvSEupyliuJB2WHI2rAKzuMcN7TdLmZrf8ug3HGbPkV4w8hpUukej2c8NMN7yefycgqbRBy_6W013dOD84roJuTo4fkJuQv5I1EDTHFL0R9haWr12Ejr4nQlCcXAxjU6wmSHDTJbQWWf3kYPN-1YWCP7H-9yOZ7R7KotSCCHmqI4GznIasdkE2K99YuhIfQLXdfEvRVh12x9Ef2ZunJA1a7X7d857dMvA;+ASP.NET_SessionId=kjuj034pqztdozgqslo2kn3a;+username=alexander.hermansson@informationsteknik.se;+PriceClass=26;+PriceList=EURS3+;+__RequestVerificationToken=jWmp1PELHc1Hb5W-j-xwFnm--3BkN2yvqBQbE54V1HHGm0m8LH4TjMMe3xN8YjYTOkAoegD8zLPo5XDn8kz605kRA4g1;+BIGipServerextron.com_443_pool=!I6oNOffSsY3+eF8MjvaJwiHEDz8tIOEnyqqQNmiOpvQubiTGHhBKSxOs/NdI0x5hO4sW/wzZdj9YtQ==;+_gid=GA1.2.1481421227.1746687589;+_gat_UA-130285241-1=1;+_ga_DP5ZZ9VH84=GS2.1.s1746687589$o15$g0$t1746687589$j60$l0$h0;+_ga=GA1.1.1242613871.1745311648;+_clck=2ar2tt%7C2%7Cfvq%7C0%7C1938;+_clsk=1wqke2q%7C1746687590255%7C1%7C1%7Ce.clarity.ms%2Fcollect https://www.extron.com/Content/css/Shared/extron.css www.extron.com 302 0 0 1842 1
2025-05-08 07:00:11 10.1.0.50 GET /img/tech-logos/everlast-ps.svg - 443 - 10.1.16.1 Mozilla/5.0+(Windows+NT+10.0;+Win64;+x64)+AppleWebKit/537.36+(KHTML,+like+Gecko)+Chrome/136.0.0.0+Safari/537.36 region=2;+lang=1;+.AspNet.Cookies=wtJ-C8r3vdnkPR1Aw1qzuyO0NV6Z74nKn2CeelxjHwsmhhAB6D9cqcH_Dhy34aW7wWBQoXjW7N63kxonahltPZ-jcrmaKoOM134-OT7-fza7mXHqKwjxrOWhBVFvVrb0vVl4xW6hGIzUNdWzEd5Eo_lm2HGowC_rXWb_YJ7IDbePcyyb1vS7AkgGAnGDFA-m8I-BHOJZs0F4eAWyU9bOhoxtjSJYB4u5OPHwnuvSEupyliuJB2WHI2rAKzuMcN7TdLmZrf8ug3HGbPkV4w8hpUukej2c8NMN7yefycgqbRBy_6W013dOD84roJuTo4fkJuQv5I1EDTHFL0R9haWr12Ejr4nQlCcXAxjU6wmSHDTJbQWWf3kYPN-1YWCP7H-9yOZ7R7KotSCCHmqI4GznIasdkE2K99YuhIfQLXdfEvRVh12x9Ef2ZunJA1a7X7d857dMvA;+ASP.NET_SessionId=kjuj034pqztdozgqslo2kn3a;+username=alexander.hermansson@informationsteknik.se;+PriceClass=26;+PriceList=EURS3+;+__RequestVerificationToken=jWmp1PELHc1Hb5W-j-xwFnm--3BkN2yvqBQbE54V1HHGm0m8LH4TjMMe3xN8YjYTOkAoegD8zLPo5XDn8kz605kRA4g1;+BIGipServerextron.com_443_pool=!I6oNOffSsY3+eF8MjvaJwiHEDz8tIOEnyqqQNmiOpvQubiTGHhBKSxOs/NdI0x5hO4sW/wzZdj9YtQ==;+_gid=GA1.2.1481421227.1746687589;+_gat_UA-130285241-1=1;+_ga_DP5ZZ9VH84=GS2.1.s1746687589$o15$g0$t1746687589$j60$l0$h0;+_ga=GA1.1.1242613871.1745311648;+_clck=2ar2tt%7C2%7Cfvq%7C0%7C1938;+_clsk=1wqke2q%7C1746687590255%7C1%7C1%7Ce.clarity.ms%2Fcollect https://www.extron.com/Content/css/Shared/extron.css www.extron.com 302 0 0 1834 1
2025-05-08 07:00:11 10.1.0.50 GET /Content/css/Shared/img/asset/ajax-loader.gif - 443 - 10.1.16.1 Mozilla/5.0+(Windows+NT+10.0;+Win64;+x64)+AppleWebKit/537.36+(KHTML,+like+Gecko)+Chrome/136.0.0.0+Safari/537.36 region=2;+lang=1;+.AspNet.Cookies=wtJ-C8r3vdnkPR1Aw1qzuyO0NV6Z74nKn2CeelxjHwsmhhAB6D9cqcH_Dhy34aW7wWBQoXjW7N63kxonahltPZ-jcrmaKoOM134-OT7-fza7mXHqKwjxrOWhBVFvVrb0vVl4xW6hGIzUNdWzEd5Eo_lm2HGowC_rXWb_YJ7IDbePcyyb1vS7AkgGAnGDFA-m8I-BHOJZs0F4eAWyU9bOhoxtjSJYB4u5OPHwnuvSEupyliuJB2WHI2rAKzuMcN7TdLmZrf8ug3HGbPkV4w8hpUukej2c8NMN7yefycgqbRBy_6W013dOD84roJuTo4fkJuQv5I1EDTHFL0R9haWr12Ejr4nQlCcXAxjU6wmSHDTJbQWWf3kYPN-1YWCP7H-9yOZ7R7KotSCCHmqI4GznIasdkE2K99YuhIfQLXdfEvRVh12x9Ef2ZunJA1a7X7d857dMvA;+ASP.NET_SessionId=kjuj034pqztdozgqslo2kn3a;+username=alexander.hermansson@informationsteknik.se;+PriceClass=26;+PriceList=EURS3+;+__RequestVerificationToken=jWmp1PELHc1Hb5W-j-xwFnm--3BkN2yvqBQbE54V1HHGm0m8LH4TjMMe3xN8YjYTOkAoegD8zLPo5XDn8kz605kRA4g1;+BIGipServerextron.com_443_pool=!I6oNOffSsY3+eF8MjvaJwiHEDz8tIOEnyqqQNmiOpvQubiTGHhBKSxOs/NdI0x5hO4sW/wzZdj9YtQ==;+_gid=GA1.2.1481421227.1746687589;+_gat_UA-130285241-1=1;+_ga_DP5ZZ9VH84=GS2.1.s1746687589$o15$g0$t1746687589$j60$l0$h0;+_ga=GA1.1.1242613871.1745311648;+_clck=2ar2tt%7C2%7Cfvq%7C0%7C1938;+_clsk=1wqke2q%7C1746687590255%7C1%7C1%7Ce.clarity.ms%2Fcollect https://www.extron.com/Content/css/Shared/extron.css www.extron.com 302 0 0 1862 1
2025-05-08 07:00:11 10.1.0.50 GET /Content/vendor/jquery/jquery-3.3.1.min.js - 443 - 10.1.16.1 Mozilla/5.0+(Windows+NT+10.0;+Win64;+x64;+rv:138.0)+Gecko/20100101+Firefox/138.0 ASP.NET_SessionId=j4455r3vqamqtcyucvqganrh;+region=1;+lang=1;+__RequestVerificationToken=OmekRpBuLjwllt2VjBYBDhFPFEHf-1SXjG_sBZzqRhH2C6746utbyzaGw91_JyZZP3pj4AKF59ftOGCZ6F54X4rhusk1;+BIGipServerextron.com_443_pool=!ADCTTCKedAc2+IkMjvaJwiHEDz8tIEcTCror+/E542zR2uD/A43PMQBvuCTR5YkCmQ0UdZlbaxq+2w==;+ExtronRecViewProd=nbp200 https://www.extron.com/MediaLink-Plus-Controllers/prodtype-80?subtype=csmlplus www.extron.com 304 0 0 1705 1
2025-05-08 07:00:11 10.1.0.50 GET /Content/vendor/fancybox-3.5.7/dist/jquery.fancybox.css - 443 - 10.1.16.1 Mozilla/5.0+(Windows+NT+10.0;+Win64;+x64;+rv:138.0)+Gecko/20100101+Firefox/138.0 ASP.NET_SessionId=j4455r3vqamqtcyucvqganrh;+region=1;+lang=1;+__RequestVerificationToken=OmekRpBuLjwllt2VjBYBDhFPFEHf-1SXjG_sBZzqRhH2C6746utbyzaGw91_JyZZP3pj4AKF59ftOGCZ6F54X4rhusk1;+BIGipServerextron.com_443_pool=838861066.47873.0000;+ExtronRecViewProd=nbp200 https://www.extron.com/MediaLink-Plus-Controllers/prodtype-80?subtype=csmlplus www.extron.com 304 0 0 1705 1
2025-05-08 07:00:11 10.1.0.50 GET /Content/vendor/jqueryui/themes/smoothness/jquery-1.12.0-ui.css - 443 - 10.1.16.1 Mozilla/5.0+(Windows+NT+10.0;+Win64;+x64;+rv:138.0)+Gecko/20100101+Firefox/138.0 ASP.NET_SessionId=j4455r3vqamqtcyucvqganrh;+region=1;+lang=1;+__RequestVerificationToken=OmekRpBuLjwllt2VjBYBDhFPFEHf-1SXjG_sBZzqRhH2C6746utbyzaGw91_JyZZP3pj4AKF59ftOGCZ6F54X4rhusk1;+BIGipServerextron.com_443_pool=838861066.47873.0000;+ExtronRecViewProd=nbp200 https://www.extron.com/MediaLink-Plus-Controllers/prodtype-80?subtype=csmlplus www.extron.com 304 0 0 1705 1
2025-05-08 07:00:11 10.1.0.50 GET /Content/vendor/bs-offcanvas/dist/css/bootstrap.offcanvas.css - 443 - 10.1.16.1 Mozilla/5.0+(Windows+NT+10.0;+Win64;+x64;+rv:138.0)+Gecko/20100101+Firefox/138.0 ASP.NET_SessionId=j4455r3vqamqtcyucvqganrh;+region=1;+lang=1;+__RequestVerificationToken=OmekRpBuLjwllt2VjBYBDhFPFEHf-1SXjG_sBZzqRhH2C6746utbyzaGw91_JyZZP3pj4AKF59ftOGCZ6F54X4rhusk1;+BIGipServerextron.com_443_pool=838861066.47873.0000;+ExtronRecViewProd=nbp200 https://www.extron.com/MediaLink-Plus-Controllers/prodtype-80?subtype=csmlplus www.extron.com 304 0 0 1705 1
2025-05-08 07:00:11 10.1.0.50 GET /Content/css/Shared/cookies.css - 443 - 10.1.16.1 Mozilla/5.0+(Windows+NT+10.0;+Win64;+x64;+rv:138.0)+Gecko/20100101+Firefox/138.0 ASP.NET_SessionId=j4455r3vqamqtcyucvqganrh;+region=1;+lang=1;+__RequestVerificationToken=OmekRpBuLjwllt2VjBYBDhFPFEHf-1SXjG_sBZzqRhH2C6746utbyzaGw91_JyZZP3pj4AKF59ftOGCZ6F54X4rhusk1;+BIGipServerextron.com_443_pool=838861066.47873.0000;+ExtronRecViewProd=nbp200 https://www.extron.com/MediaLink-Plus-Controllers/prodtype-80?subtype=csmlplus www.extron.com 304 0 0 1705 0
2025-05-08 07:00:11 10.1.0.50 GET /Content/css/Shared/extron_bs5.css - 443 - 10.1.16.1 Mozilla/5.0+(Windows+NT+10.0;+Win64;+x64;+rv:138.0)+Gecko/20100101+Firefox/138.0 ASP.NET_SessionId=j4455r3vqamqtcyucvqganrh;+region=1;+lang=1;+__RequestVerificationToken=OmekRpBuLjwllt2VjBYBDhFPFEHf-1SXjG_sBZzqRhH2C6746utbyzaGw91_JyZZP3pj4AKF59ftOGCZ6F54X4rhusk1;+BIGipServerextron.com_443_pool=838861066.47873.0000;+ExtronRecViewProd=nbp200 https://www.extron.com/MediaLink-Plus-Controllers/prodtype-80?subtype=csmlplus www.extron.com 304 0 0 1703 1
2025-05-08 07:00:11 10.1.0.50 GET /training/ - 443 alexander.hermansson@informationsteknik.se 10.1.16.1 Mozilla/5.0+(Windows+NT+10.0;+Win64;+x64)+AppleWebKit/537.36+(KHTML,+like+Gecko)+Chrome/136.0.0.0+Safari/537.36 region=2;+lang=1;+.AspNet.Cookies=wtJ-C8r3vdnkPR1Aw1qzuyO0NV6Z74nKn2CeelxjHwsmhhAB6D9cqcH_Dhy34aW7wWBQoXjW7N63kxonahltPZ-jcrmaKoOM134-OT7-fza7mXHqKwjxrOWhBVFvVrb0vVl4xW6hGIzUNdWzEd5Eo_lm2HGowC_rXWb_YJ7IDbePcyyb1vS7AkgGAnGDFA-m8I-BHOJZs0F4eAWyU9bOhoxtjSJYB4u5OPHwnuvSEupyliuJB2WHI2rAKzuMcN7TdLmZrf8ug3HGbPkV4w8hpUukej2c8NMN7yefycgqbRBy_6W013dOD84roJuTo4fkJuQv5I1EDTHFL0R9haWr12Ejr4nQlCcXAxjU6wmSHDTJbQWWf3kYPN-1YWCP7H-9yOZ7R7KotSCCHmqI4GznIasdkE2K99YuhIfQLXdfEvRVh12x9Ef2ZunJA1a7X7d857dMvA;+ASP.NET_SessionId=kjuj034pqztdozgqslo2kn3a;+username=alexander.hermansson@informationsteknik.se;+PriceClass=26;+PriceList=EURS3+;+__RequestVerificationToken=jWmp1PELHc1Hb5W-j-xwFnm--3BkN2yvqBQbE54V1HHGm0m8LH4TjMMe3xN8YjYTOkAoegD8zLPo5XDn8kz605kRA4g1;+BIGipServerextron.com_443_pool=!I6oNOffSsY3+eF8MjvaJwiHEDz8tIOEnyqqQNmiOpvQubiTGHhBKSxOs/NdI0x5hO4sW/wzZdj9YtQ==;+_gid=GA1.2.1481421227.1746687589;+_gat_UA-130285241-1=1;+_ga_DP5ZZ9VH84=GS2.1.s1746687589$o15$g0$t1746687589$j60$l0$h0;+_ga=GA1.1.1242613871.1745311648;+_clck=2ar2tt%7C2%7Cfvq%7C0%7C1938;+_clsk=1wqke2q%7C1746687590255%7C1%7C1%7Ce.clarity.ms%2Fcollect https://www.extron.com/ www.extron.com 200 0 0 88723 60
2025-05-08 07:00:11 10.1.0.50 GET /Content/vendor/jqueryui/jquery-1.12.0-ui.min.js - 443 - 10.1.16.1 Mozilla/5.0+(Windows+NT+10.0;+Win64;+x64;+rv:138.0)+Gecko/20100101+Firefox/138.0 ASP.NET_SessionId=j4455r3vqamqtcyucvqganrh;+region=1;+lang=1;+__RequestVerificationToken=OmekRpBuLjwllt2VjBYBDhFPFEHf-1SXjG_sBZzqRhH2C6746utbyzaGw91_JyZZP3pj4AKF59ftOGCZ6F54X4rhusk1;+BIGipServerextron.com_443_pool=!ADCTTCKedAc2+IkMjvaJwiHEDz8tIEcTCror+/E542zR2uD/A43PMQBvuCTR5YkCmQ0UdZlbaxq+2w==;+ExtronRecViewProd=nbp200 https://www.extron.com/MediaLink-Plus-Controllers/prodtype-80?subtype=csmlplus www.extron.com 304 0 0 1705 1
2025-05-08 07:00:11 10.1.0.50 GET /training/ - 443 alexander.hermansson@informationsteknik.se 10.1.16.1 Mozilla/5.0+(Windows+NT+10.0;+Win64;+x64)+AppleWebKit/537.36+(KHTML,+like+Gecko)+Chrome/136.0.0.0+Safari/537.36 region=2;+lang=1;+.AspNet.Cookies=wtJ-C8r3vdnkPR1Aw1qzuyO0NV6Z74nKn2CeelxjHwsmhhAB6D9cqcH_Dhy34aW7wWBQoXjW7N63kxonahltPZ-jcrmaKoOM134-OT7-fza7mXHqKwjxrOWhBVFvVrb0vVl4xW6hGIzUNdWzEd5Eo_lm2HGowC_rXWb_YJ7IDbePcyyb1vS7AkgGAnGDFA-m8I-BHOJZs0F4eAWyU9bOhoxtjSJYB4u5OPHwnuvSEupyliuJB2WHI2rAKzuMcN7TdLmZrf8ug3HGbPkV4w8hpUukej2c8NMN7yefycgqbRBy_6W013dOD84roJuTo4fkJuQv5I1EDTHFL0R9haWr12Ejr4nQlCcXAxjU6wmSHDTJbQWWf3kYPN-1YWCP7H-9yOZ7R7KotSCCHmqI4GznIasdkE2K99YuhIfQLXdfEvRVh12x9Ef2ZunJA1a7X7d857dMvA;+ASP.NET_SessionId=kjuj034pqztdozgqslo2kn3a;+username=alexander.hermansson@informationsteknik.se;+PriceClass=26;+PriceList=EURS3+;+__RequestVerificationToken=jWmp1PELHc1Hb5W-j-xwFnm--3BkN2yvqBQbE54V1HHGm0m8LH4TjMMe3xN8YjYTOkAoegD8zLPo5XDn8kz605kRA4g1;+BIGipServerextron.com_443_pool=!I6oNOffSsY3+eF8MjvaJwiHEDz8tIOEnyqqQNmiOpvQubiTGHhBKSxOs/NdI0x5hO4sW/wzZdj9YtQ==;+_gid=GA1.2.1481421227.1746687589;+_gat_UA-130285241-1=1;+_ga_DP5ZZ9VH84=GS2.1.s1746687589$o15$g0$t1746687589$j60$l0$h0;+_ga=GA1.1.1242613871.1745311648;+_clck=2ar2tt%7C2%7Cfvq%7C0%7C1938;+_clsk=1wqke2q%7C1746687590255%7C1%7C1%7Ce.clarity.ms%2Fcollect https://www.extron.com/ www.extron.com 200 0 0 88723 61
2025-05-08 07:00:11 10.1.0.50 GET /Content/vendor/jquery-unobtrusive-ajax/jquery.unobtrusive-ajax.js - 443 - 10.1.16.1 Mozilla/5.0+(Windows+NT+10.0;+Win64;+x64;+rv:138.0)+Gecko/20100101+Firefox/138.0 ASP.NET_SessionId=j4455r3vqamqtcyucvqganrh;+region=1;+lang=1;+__RequestVerificationToken=OmekRpBuLjwllt2VjBYBDhFPFEHf-1SXjG_sBZzqRhH2C6746utbyzaGw91_JyZZP3pj4AKF59ftOGCZ6F54X4rhusk1;+BIGipServerextron.com_443_pool=!ADCTTCKedAc2+IkMjvaJwiHEDz8tIEcTCror+/E542zR2uD/A43PMQBvuCTR5YkCmQ0UdZlbaxq+2w==;+ExtronRecViewProd=nbp200 https://www.extron.com/MediaLink-Plus-Controllers/prodtype-80?subtype=csmlplus www.extron.com 304 0 0 1705 1
2025-05-08 07:00:11 10.1.0.50 GET /Content/vendor/bootstrap/bootstrap.bundle_5.js - 443 - 10.1.16.1 Mozilla/5.0+(Windows+NT+10.0;+Win64;+x64;+rv:138.0)+Gecko/20100101+Firefox/138.0 ASP.NET_SessionId=j4455r3vqamqtcyucvqganrh;+region=1;+lang=1;+__RequestVerificationToken=OmekRpBuLjwllt2VjBYBDhFPFEHf-1SXjG_sBZzqRhH2C6746utbyzaGw91_JyZZP3pj4AKF59ftOGCZ6F54X4rhusk1;+BIGipServerextron.com_443_pool=!ADCTTCKedAc2+IkMjvaJwiHEDz8tIEcTCror+/E542zR2uD/A43PMQBvuCTR5YkCmQ0UdZlbaxq+2w==;+ExtronRecViewProd=nbp200 https://www.extron.com/MediaLink-Plus-Controllers/prodtype-80?subtype=csmlplus www.extron.com 304 0 0 1705 1
2025-05-08 07:00:11 10.1.0.50 GET /Content/vendor/bs-offcanvas/dist/js/bootstrap.offcanvas.js - 443 - 10.1.16.1 Mozilla/5.0+(Windows+NT+10.0;+Win64;+x64;+rv:138.0)+Gecko/20100101+Firefox/138.0 ASP.NET_SessionId=j4455r3vqamqtcyucvqganrh;+region=1;+lang=1;+__RequestVerificationToken=OmekRpBuLjwllt2VjBYBDhFPFEHf-1SXjG_sBZzqRhH2C6746utbyzaGw91_JyZZP3pj4AKF59ftOGCZ6F54X4rhusk1;+BIGipServerextron.com_443_pool=!ADCTTCKedAc2+IkMjvaJwiHEDz8tIEcTCror+/E542zR2uD/A43PMQBvuCTR5YkCmQ0UdZlbaxq+2w==;+ExtronRecViewProd=nbp200 https://www.extron.com/MediaLink-Plus-Controllers/prodtype-80?subtype=csmlplus www.extron.com 304 0 0 1705 0
2025-05-08 07:00:11 10.1.0.50 GET /Content/vendor/fancybox-3.5.7/dist/jquery.fancybox.js - 443 - 10.1.16.1 Mozilla/5.0+(Windows+NT+10.0;+Win64;+x64;+rv:138.0)+Gecko/20100101+Firefox/138.0 ASP.NET_SessionId=j4455r3vqamqtcyucvqganrh;+region=1;+lang=1;+__RequestVerificationToken=OmekRpBuLjwllt2VjBYBDhFPFEHf-1SXjG_sBZzqRhH2C6746utbyzaGw91_JyZZP3pj4AKF59ftOGCZ6F54X4rhusk1;+BIGipServerextron.com_443_pool=!ADCTTCKedAc2+IkMjvaJwiHEDz8tIEcTCror+/E542zR2uD/A43PMQBvuCTR5YkCmQ0UdZlbaxq+2w==;+ExtronRecViewProd=nbp200 https://www.extron.com/MediaLink-Plus-Controllers/prodtype-80?subtype=csmlplus www.extron.com 304 0 0 1705 1
2025-05-08 07:00:11 10.1.0.50 GET /Content/vendor/hoverintent/jquery.hoverIntent.js - 443 - 10.1.16.1 Mozilla/5.0+(Windows+NT+10.0;+Win64;+x64;+rv:138.0)+Gecko/20100101+Firefox/138.0 ASP.NET_SessionId=j4455r3vqamqtcyucvqganrh;+region=1;+lang=1;+__RequestVerificationToken=OmekRpBuLjwllt2VjBYBDhFPFEHf-1SXjG_sBZzqRhH2C6746utbyzaGw91_JyZZP3pj4AKF59ftOGCZ6F54X4rhusk1;+BIGipServerextron.com_443_pool=!ADCTTCKedAc2+IkMjvaJwiHEDz8tIEcTCror+/E542zR2uD/A43PMQBvuCTR5YkCmQ0UdZlbaxq+2w==;+ExtronRecViewProd=nbp200 https://www.extron.com/MediaLink-Plus-Controllers/prodtype-80?subtype=csmlplus www.extron.com 304 0 0 1705 0
2025-05-08 07:00:11 10.1.0.50 GET /Content/vendor/jquery-debounce/jquery.ba-throttle-debounce.js - 443 - 10.1.16.1 Mozilla/5.0+(Windows+NT+10.0;+Win64;+x64;+rv:138.0)+Gecko/20100101+Firefox/138.0 ASP.NET_SessionId=j4455r3vqamqtcyucvqganrh;+region=1;+lang=1;+__RequestVerificationToken=OmekRpBuLjwllt2VjBYBDhFPFEHf-1SXjG_sBZzqRhH2C6746utbyzaGw91_JyZZP3pj4AKF59ftOGCZ6F54X4rhusk1;+BIGipServerextron.com_443_pool=!ADCTTCKedAc2+IkMjvaJwiHEDz8tIEcTCror+/E542zR2uD/A43PMQBvuCTR5YkCmQ0UdZlbaxq+2w==;+ExtronRecViewProd=nbp200 https://www.extron.com/MediaLink-Plus-Controllers/prodtype-80?subtype=csmlplus www.extron.com 304 0 0 1705 1
2025-05-08 07:00:11 10.1.0.50 GET /Content/vendor/jquery-mobile-events/jquery.mobile-events.js - 443 - 10.1.16.1 Mozilla/5.0+(Windows+NT+10.0;+Win64;+x64;+rv:138.0)+Gecko/20100101+Firefox/138.0 ASP.NET_SessionId=j4455r3vqamqtcyucvqganrh;+region=1;+lang=1;+__RequestVerificationToken=OmekRpBuLjwllt2VjBYBDhFPFEHf-1SXjG_sBZzqRhH2C6746utbyzaGw91_JyZZP3pj4AKF59ftOGCZ6F54X4rhusk1;+BIGipServerextron.com_443_pool=!ADCTTCKedAc2+IkMjvaJwiHEDz8tIEcTCror+/E542zR2uD/A43PMQBvuCTR5YkCmQ0UdZlbaxq+2w==;+ExtronRecViewProd=nbp200 https://www.extron.com/MediaLink-Plus-Controllers/prodtype-80?subtype=csmlplus www.extron.com 304 0 0 1705 1
2025-05-08 07:00:11 10.1.0.50 GET /Content/vendor/prependaround/prependaround.js - 443 - 10.1.16.1 Mozilla/5.0+(Windows+NT+10.0;+Win64;+x64;+rv:138.0)+Gecko/20100101+Firefox/138.0 ASP.NET_SessionId=j4455r3vqamqtcyucvqganrh;+region=1;+lang=1;+__RequestVerificationToken=OmekRpBuLjwllt2VjBYBDhFPFEHf-1SXjG_sBZzqRhH2C6746utbyzaGw91_JyZZP3pj4AKF59ftOGCZ6F54X4rhusk1;+BIGipServerextron.com_443_pool=!ADCTTCKedAc2+IkMjvaJwiHEDz8tIEcTCror+/E542zR2uD/A43PMQBvuCTR5YkCmQ0UdZlbaxq+2w==;+ExtronRecViewProd=nbp200 https://www.extron.com/MediaLink-Plus-Controllers/prodtype-80?subtype=csmlplus www.extron.com 304 0 0 1705 1
2025-05-08 07:00:11 10.1.0.50 GET /Content/vendor/js-cookie/js.cookie-2.2.0.js - 443 - 10.1.16.1 Mozilla/5.0+(Windows+NT+10.0;+Win64;+x64;+rv:138.0)+Gecko/20100101+Firefox/138.0 ASP.NET_SessionId=j4455r3vqamqtcyucvqganrh;+region=1;+lang=1;+__RequestVerificationToken=OmekRpBuLjwllt2VjBYBDhFPFEHf-1SXjG_sBZzqRhH2C6746utbyzaGw91_JyZZP3pj4AKF59ftOGCZ6F54X4rhusk1;+BIGipServerextron.com_443_pool=!ADCTTCKedAc2+IkMjvaJwiHEDz8tIEcTCror+/E542zR2uD/A43PMQBvuCTR5YkCmQ0UdZlbaxq+2w==;+ExtronRecViewProd=nbp200 https://www.extron.com/MediaLink-Plus-Controllers/prodtype-80?subtype=csmlplus www.extron.com 304 0 0 1705 0
2025-05-08 07:00:11 10.1.0.50 GET /Content/vendor/slick/slick.js - 443 - 10.1.16.1 Mozilla/5.0+(Windows+NT+10.0;+Win64;+x64;+rv:138.0)+Gecko/20100101+Firefox/138.0 ASP.NET_SessionId=j4455r3vqamqtcyucvqganrh;+region=1;+lang=1;+__RequestVerificationToken=OmekRpBuLjwllt2VjBYBDhFPFEHf-1SXjG_sBZzqRhH2C6746utbyzaGw91_JyZZP3pj4AKF59ftOGCZ6F54X4rhusk1;+BIGipServerextron.com_443_pool=!ADCTTCKedAc2+IkMjvaJwiHEDz8tIEcTCror+/E542zR2uD/A43PMQBvuCTR5YkCmQ0UdZlbaxq+2w==;+ExtronRecViewProd=nbp200 https://www.extron.com/MediaLink-Plus-Controllers/prodtype-80?subtype=csmlplus www.extron.com 304 0 0 1705 1
2025-05-08 07:00:11 10.1.0.50 GET /Scripts/Shared/videoplayer.js - 443 - 10.1.16.1 Mozilla/5.0+(Windows+NT+10.0;+Win64;+x64;+rv:138.0)+Gecko/20100101+Firefox/138.0 ASP.NET_SessionId=j4455r3vqamqtcyucvqganrh;+region=1;+lang=1;+__RequestVerificationToken=OmekRpBuLjwllt2VjBYBDhFPFEHf-1SXjG_sBZzqRhH2C6746utbyzaGw91_JyZZP3pj4AKF59ftOGCZ6F54X4rhusk1;+BIGipServerextron.com_443_pool=!ADCTTCKedAc2+IkMjvaJwiHEDz8tIEcTCror+/E542zR2uD/A43PMQBvuCTR5YkCmQ0UdZlbaxq+2w==;+ExtronRecViewProd=nbp200 https://www.extron.com/MediaLink-Plus-Controllers/prodtype-80?subtype=csmlplus www.extron.com 304 0 0 1705 0
2025-05-08 07:00:11 10.1.0.50 GET /Content/vendor/jqueryui/themes/smoothness/jquery-1.12.0-ui.css - 443 alexander.hermansson@informationsteknik.se 10.1.16.1 Mozilla/5.0+(Windows+NT+10.0;+Win64;+x64)+AppleWebKit/537.36+(KHTML,+like+Gecko)+Chrome/136.0.0.0+Safari/537.36 region=2;+lang=1;+.AspNet.Cookies=wtJ-C8r3vdnkPR1Aw1qzuyO0NV6Z74nKn2CeelxjHwsmhhAB6D9cqcH_Dhy34aW7wWBQoXjW7N63kxonahltPZ-jcrmaKoOM134-OT7-fza7mXHqKwjxrOWhBVFvVrb0vVl4xW6hGIzUNdWzEd5Eo_lm2HGowC_rXWb_YJ7IDbePcyyb1vS7AkgGAnGDFA-m8I-BHOJZs0F4eAWyU9bOhoxtjSJYB4u5OPHwnuvSEupyliuJB2WHI2rAKzuMcN7TdLmZrf8ug3HGbPkV4w8hpUukej2c8NMN7yefycgqbRBy_6W013dOD84roJuTo4fkJuQv5I1EDTHFL0R9haWr12Ejr4nQlCcXAxjU6wmSHDTJbQWWf3kYPN-1YWCP7H-9yOZ7R7KotSCCHmqI4GznIasdkE2K99YuhIfQLXdfEvRVh12x9Ef2ZunJA1a7X7d857dMvA;+ASP.NET_SessionId=kjuj034pqztdozgqslo2kn3a;+username=alexander.hermansson@informationsteknik.se;+PriceClass=26;+PriceList=EURS3+;+__RequestVerificationToken=jWmp1PELHc1Hb5W-j-xwFnm--3BkN2yvqBQbE54V1HHGm0m8LH4TjMMe3xN8YjYTOkAoegD8zLPo5XDn8kz605kRA4g1;+BIGipServerextron.com_443_pool=!I6oNOffSsY3+eF8MjvaJwiHEDz8tIOEnyqqQNmiOpvQubiTGHhBKSxOs/NdI0x5hO4sW/wzZdj9YtQ==;+_gid=GA1.2.1481421227.1746687589;+_gat_UA-130285241-1=1;+_ga=GA1.1.1242613871.1745311648;+_clck=2ar2tt%7C2%7Cfvq%7C0%7C1938;+_clsk=1wqke2q%7C1746687590255%7C1%7C1%7Ce.clarity.ms%2Fcollect;+_ga_DP5ZZ9VH84=GS2.1.s1746687589$o15$g0$t1746687591$j58$l0$h0 https://www.extron.com/training/ www.extron.com 304 0 0 1705 2
2025-05-08 07:00:11 10.1.0.50 GET /Content/vendor/bs-offcanvas/dist/css/bootstrap.offcanvas.css - 443 alexander.hermansson@informationsteknik.se 10.1.16.1 Mozilla/5.0+(Windows+NT+10.0;+Win64;+x64)+AppleWebKit/537.36+(KHTML,+like+Gecko)+Chrome/136.0.0.0+Safari/537.36 region=2;+lang=1;+.AspNet.Cookies=wtJ-C8r3vdnkPR1Aw1qzuyO0NV6Z74nKn2CeelxjHwsmhhAB6D9cqcH_Dhy34aW7wWBQoXjW7N63kxonahltPZ-jcrmaKoOM134-OT7-fza7mXHqKwjxrOWhBVFvVrb0vVl4xW6hGIzUNdWzEd5Eo_lm2HGowC_rXWb_YJ7IDbePcyyb1vS7AkgGAnGDFA-m8I-BHOJZs0F4eAWyU9bOhoxtjSJYB4u5OPHwnuvSEupyliuJB2WHI2rAKzuMcN7TdLmZrf8ug3HGbPkV4w8hpUukej2c8NMN7yefycgqbRBy_6W013dOD84roJuTo4fkJuQv5I1EDTHFL0R9haWr12Ejr4nQlCcXAxjU6wmSHDTJbQWWf3kYPN-1YWCP7H-9yOZ7R7KotSCCHmqI4GznIasdkE2K99YuhIfQLXdfEvRVh12x9Ef2ZunJA1a7X7d857dMvA;+ASP.NET_SessionId=kjuj034pqztdozgqslo2kn3a;+username=alexander.hermansson@informationsteknik.se;+PriceClass=26;+PriceList=EURS3+;+__RequestVerificationToken=jWmp1PELHc1Hb5W-j-xwFnm--3BkN2yvqBQbE54V1HHGm0m8LH4TjMMe3xN8YjYTOkAoegD8zLPo5XDn8kz605kRA4g1;+BIGipServerextron.com_443_pool=!I6oNOffSsY3+eF8MjvaJwiHEDz8tIOEnyqqQNmiOpvQubiTGHhBKSxOs/NdI0x5hO4sW/wzZdj9YtQ==;+_gid=GA1.2.1481421227.1746687589;+_gat_UA-130285241-1=1;+_ga=GA1.1.1242613871.1745311648;+_clck=2ar2tt%7C2%7Cfvq%7C0%7C1938;+_clsk=1wqke2q%7C1746687590255%7C1%7C1%7Ce.clarity.ms%2Fcollect;+_ga_DP5ZZ9VH84=GS2.1.s1746687589$o15$g0$t1746687591$j58$l0$h0 https://www.extron.com/training/ www.extron.com 304 0 0 1705 2
2025-05-08 07:00:11 10.1.0.50 GET /Content/vendor/fancybox-3.5.7/dist/jquery.fancybox.css - 443 alexander.hermansson@informationsteknik.se 10.1.16.1 Mozilla/5.0+(Windows+NT+10.0;+Win64;+x64)+AppleWebKit/537.36+(KHTML,+like+Gecko)+Chrome/136.0.0.0+Safari/537.36 region=2;+lang=1;+.AspNet.Cookies=wtJ-C8r3vdnkPR1Aw1qzuyO0NV6Z74nKn2CeelxjHwsmhhAB6D9cqcH_Dhy34aW7wWBQoXjW7N63kxonahltPZ-jcrmaKoOM134-OT7-fza7mXHqKwjxrOWhBVFvVrb0vVl4xW6hGIzUNdWzEd5Eo_lm2HGowC_rXWb_YJ7IDbePcyyb1vS7AkgGAnGDFA-m8I-BHOJZs0F4eAWyU9bOhoxtjSJYB4u5OPHwnuvSEupyliuJB2WHI2rAKzuMcN7TdLmZrf8ug3HGbPkV4w8hpUukej2c8NMN7yefycgqbRBy_6W013dOD84roJuTo4fkJuQv5I1EDTHFL0R9haWr12Ejr4nQlCcXAxjU6wmSHDTJbQWWf3kYPN-1YWCP7H-9yOZ7R7KotSCCHmqI4GznIasdkE2K99YuhIfQLXdfEvRVh12x9Ef2ZunJA1a7X7d857dMvA;+ASP.NET_SessionId=kjuj034pqztdozgqslo2kn3a;+username=alexander.hermansson@informationsteknik.se;+PriceClass=26;+PriceList=EURS3+;+__RequestVerificationToken=jWmp1PELHc1Hb5W-j-xwFnm--3BkN2yvqBQbE54V1HHGm0m8LH4TjMMe3xN8YjYTOkAoegD8zLPo5XDn8kz605kRA4g1;+BIGipServerextron.com_443_pool=!I6oNOffSsY3+eF8MjvaJwiHEDz8tIOEnyqqQNmiOpvQubiTGHhBKSxOs/NdI0x5hO4sW/wzZdj9YtQ==;+_gid=GA1.2.1481421227.1746687589;+_gat_UA-130285241-1=1;+_ga=GA1.1.1242613871.1745311648;+_clck=2ar2tt%7C2%7Cfvq%7C0%7C1938;+_clsk=1wqke2q%7C1746687590255%7C1%7C1%7Ce.clarity.ms%2Fcollect;+_ga_DP5ZZ9VH84=GS2.1.s1746687589$o15$g0$t1746687591$j58$l0$h0 https://www.extron.com/training/ www.extron.com 304 0 0 1705 1
2025-05-08 07:00:11 10.1.0.50 GET /Content/css/Shared/extron.css - 443 alexander.hermansson@informationsteknik.se 10.1.16.1 Mozilla/5.0+(Windows+NT+10.0;+Win64;+x64)+AppleWebKit/537.36+(KHTML,+like+Gecko)+Chrome/136.0.0.0+Safari/537.36 region=2;+lang=1;+.AspNet.Cookies=wtJ-C8r3vdnkPR1Aw1qzuyO0NV6Z74nKn2CeelxjHwsmhhAB6D9cqcH_Dhy34aW7wWBQoXjW7N63kxonahltPZ-jcrmaKoOM134-OT7-fza7mXHqKwjxrOWhBVFvVrb0vVl4xW6hGIzUNdWzEd5Eo_lm2HGowC_rXWb_YJ7IDbePcyyb1vS7AkgGAnGDFA-m8I-BHOJZs0F4eAWyU9bOhoxtjSJYB4u5OPHwnuvSEupyliuJB2WHI2rAKzuMcN7TdLmZrf8ug3HGbPkV4w8hpUukej2c8NMN7yefycgqbRBy_6W013dOD84roJuTo4fkJuQv5I1EDTHFL0R9haWr12Ejr4nQlCcXAxjU6wmSHDTJbQWWf3kYPN-1YWCP7H-9yOZ7R7KotSCCHmqI4GznIasdkE2K99YuhIfQLXdfEvRVh12x9Ef2ZunJA1a7X7d857dMvA;+ASP.NET_SessionId=kjuj034pqztdozgqslo2kn3a;+username=alexander.hermansson@informationsteknik.se;+PriceClass=26;+PriceList=EURS3+;+__RequestVerificationToken=jWmp1PELHc1Hb5W-j-xwFnm--3BkN2yvqBQbE54V1HHGm0m8LH4TjMMe3xN8YjYTOkAoegD8zLPo5XDn8kz605kRA4g1;+BIGipServerextron.com_443_pool=!I6oNOffSsY3+eF8MjvaJwiHEDz8tIOEnyqqQNmiOpvQubiTGHhBKSxOs/NdI0x5hO4sW/wzZdj9YtQ==;+_gid=GA1.2.1481421227.1746687589;+_gat_UA-130285241-1=1;+_ga=GA1.1.1242613871.1745311648;+_clck=2ar2tt%7C2%7Cfvq%7C0%7C1938;+_clsk=1wqke2q%7C1746687590255%7C1%7C1%7Ce.clarity.ms%2Fcollect;+_ga_DP5ZZ9VH84=GS2.1.s1746687589$o15$g0$t1746687591$j58$l0$h0 https://www.extron.com/training/ www.extron.com 304 0 0 1703 1
2025-05-08 07:00:11 10.1.0.50 GET /Content/vendor/fontawesome/css/all.min.css - 443 alexander.hermansson@informationsteknik.se 10.1.16.1 Mozilla/5.0+(Windows+NT+10.0;+Win64;+x64)+AppleWebKit/537.36+(KHTML,+like+Gecko)+Chrome/136.0.0.0+Safari/537.36 region=2;+lang=1;+.AspNet.Cookies=wtJ-C8r3vdnkPR1Aw1qzuyO0NV6Z74nKn2CeelxjHwsmhhAB6D9cqcH_Dhy34aW7wWBQoXjW7N63kxonahltPZ-jcrmaKoOM134-OT7-fza7mXHqKwjxrOWhBVFvVrb0vVl4xW6hGIzUNdWzEd5Eo_lm2HGowC_rXWb_YJ7IDbePcyyb1vS7AkgGAnGDFA-m8I-BHOJZs0F4eAWyU9bOhoxtjSJYB4u5OPHwnuvSEupyliuJB2WHI2rAKzuMcN7TdLmZrf8ug3HGbPkV4w8hpUukej2c8NMN7yefycgqbRBy_6W013dOD84roJuTo4fkJuQv5I1EDTHFL0R9haWr12Ejr4nQlCcXAxjU6wmSHDTJbQWWf3kYPN-1YWCP7H-9yOZ7R7KotSCCHmqI4GznIasdkE2K99YuhIfQLXdfEvRVh12x9Ef2ZunJA1a7X7d857dMvA;+ASP.NET_SessionId=kjuj034pqztdozgqslo2kn3a;+username=alexander.hermansson@informationsteknik.se;+PriceClass=26;+PriceList=EURS3+;+__RequestVerificationToken=jWmp1PELHc1Hb5W-j-xwFnm--3BkN2yvqBQbE54V1HHGm0m8LH4TjMMe3xN8YjYTOkAoegD8zLPo5XDn8kz605kRA4g1;+BIGipServerextron.com_443_pool=!I6oNOffSsY3+eF8MjvaJwiHEDz8tIOEnyqqQNmiOpvQubiTGHhBKSxOs/NdI0x5hO4sW/wzZdj9YtQ==;+_gid=GA1.2.1481421227.1746687589;+_gat_UA-130285241-1=1;+_ga=GA1.1.1242613871.1745311648;+_clck=2ar2tt%7C2%7Cfvq%7C0%7C1938;+_clsk=1wqke2q%7C1746687590255%7C1%7C1%7Ce.clarity.ms%2Fcollect;+_ga_DP5ZZ9VH84=GS2.1.s1746687589$o15$g0$t1746687591$j58$l0$h0 https://www.extron.com/training/ www.extron.com 304 0 0 1703 1
2025-05-08 07:00:11 10.1.0.50 GET /Content/css/Shared/cookies.css - 443 alexander.hermansson@informationsteknik.se 10.1.16.1 Mozilla/5.0+(Windows+NT+10.0;+Win64;+x64)+AppleWebKit/537.36+(KHTML,+like+Gecko)+Chrome/136.0.0.0+Safari/537.36 region=2;+lang=1;+.AspNet.Cookies=wtJ-C8r3vdnkPR1Aw1qzuyO0NV6Z74nKn2CeelxjHwsmhhAB6D9cqcH_Dhy34aW7wWBQoXjW7N63kxonahltPZ-jcrmaKoOM134-OT7-fza7mXHqKwjxrOWhBVFvVrb0vVl4xW6hGIzUNdWzEd5Eo_lm2HGowC_rXWb_YJ7IDbePcyyb1vS7AkgGAnGDFA-m8I-BHOJZs0F4eAWyU9bOhoxtjSJYB4u5OPHwnuvSEupyliuJB2WHI2rAKzuMcN7TdLmZrf8ug3HGbPkV4w8hpUukej2c8NMN7yefycgqbRBy_6W013dOD84roJuTo4fkJuQv5I1EDTHFL0R9haWr12Ejr4nQlCcXAxjU6wmSHDTJbQWWf3kYPN-1YWCP7H-9yOZ7R7KotSCCHmqI4GznIasdkE2K99YuhIfQLXdfEvRVh12x9Ef2ZunJA1a7X7d857dMvA;+ASP.NET_SessionId=kjuj034pqztdozgqslo2kn3a;+username=alexander.hermansson@informationsteknik.se;+PriceClass=26;+PriceList=EURS3+;+__RequestVerificationToken=jWmp1PELHc1Hb5W-j-xwFnm--3BkN2yvqBQbE54V1HHGm0m8LH4TjMMe3xN8YjYTOkAoegD8zLPo5XDn8kz605kRA4g1;+BIGipServerextron.com_443_pool=838861066.47873.0000;+_gid=GA1.2.1481421227.1746687589;+_gat_UA-130285241-1=1;+_ga=GA1.1.1242613871.1745311648;+_clck=2ar2tt%7C2%7Cfvq%7C0%7C1938;+_clsk=1wqke2q%7C1746687590255%7C1%7C1%7Ce.clarity.ms%2Fcollect;+_ga_DP5ZZ9VH84=GS2.1.s1746687589$o15$g0$t1746687591$j58$l0$h0 https://www.extron.com/training/ www.extron.com 304 0 0 1705 1
2025-05-08 07:00:11 10.1.0.50 GET /Scripts/Shared/autohide.js - 443 - 10.1.16.1 Mozilla/5.0+(Windows+NT+10.0;+Win64;+x64;+rv:138.0)+Gecko/20100101+Firefox/138.0 ASP.NET_SessionId=j4455r3vqamqtcyucvqganrh;+region=1;+lang=1;+__RequestVerificationToken=OmekRpBuLjwllt2VjBYBDhFPFEHf-1SXjG_sBZzqRhH2C6746utbyzaGw91_JyZZP3pj4AKF59ftOGCZ6F54X4rhusk1;+BIGipServerextron.com_443_pool=!ADCTTCKedAc2+IkMjvaJwiHEDz8tIEcTCror+/E542zR2uD/A43PMQBvuCTR5YkCmQ0UdZlbaxq+2w==;+ExtronRecViewProd=nbp200 https://www.extron.com/MediaLink-Plus-Controllers/prodtype-80?subtype=csmlplus www.extron.com 304 0 0 1705 12
2025-05-08 07:00:11 10.1.0.50 GET /product/dtptuwp4k232d subtype=618 443 - 10.1.16.1 Mozilla/5.0+(Windows+NT+10.0;+Win64;+x64)+AppleWebKit/537.36+(KHTML,+like+Gecko;+compatible;+Yeti/1.1;++https://naver.me/spd)+Chrome/127.0.0.0+Safari/537.36 - - www.extron.com 200 0 0 152805 150
2025-05-08 07:00:11 10.1.0.50 GET /Scripts/Shared/login.js 20210406 443 - 10.1.16.1 Mozilla/5.0+(Windows+NT+10.0;+Win64;+x64;+rv:138.0)+Gecko/20100101+Firefox/138.0 ASP.NET_SessionId=j4455r3vqamqtcyucvqganrh;+region=1;+lang=1;+__RequestVerificationToken=OmekRpBuLjwllt2VjBYBDhFPFEHf-1SXjG_sBZzqRhH2C6746utbyzaGw91_JyZZP3pj4AKF59ftOGCZ6F54X4rhusk1;+BIGipServerextron.com_443_pool=!ADCTTCKedAc2+IkMjvaJwiHEDz8tIEcTCror+/E542zR2uD/A43PMQBvuCTR5YkCmQ0UdZlbaxq+2w==;+ExtronRecViewProd=nbp200 https://www.extron.com/MediaLink-Plus-Controllers/prodtype-80?subtype=csmlplus www.extron.com 304 0 0 1705 1
2025-05-08 07:00:11 10.1.0.50 GET /Scripts/Shared/main.js 20240613 443 - 10.1.16.1 Mozilla/5.0+(Windows+NT+10.0;+Win64;+x64;+rv:138.0)+Gecko/20100101+Firefox/138.0 ASP.NET_SessionId=j4455r3vqamqtcyucvqganrh;+region=1;+lang=1;+__RequestVerificationToken=OmekRpBuLjwllt2VjBYBDhFPFEHf-1SXjG_sBZzqRhH2C6746utbyzaGw91_JyZZP3pj4AKF59ftOGCZ6F54X4rhusk1;+BIGipServerextron.com_443_pool=!ADCTTCKedAc2+IkMjvaJwiHEDz8tIEcTCror+/E542zR2uD/A43PMQBvuCTR5YkCmQ0UdZlbaxq+2w==;+ExtronRecViewProd=nbp200 https://www.extron.com/MediaLink-Plus-Controllers/prodtype-80?subtype=csmlplus www.extron.com 304 0 0 1705 1
2025-05-08 07:00:11 10.1.0.50 GET /Scripts/ProdSidebar/prodsidebar.js nocache=06232021 443 - 10.1.16.1 Mozilla/5.0+(Windows+NT+10.0;+Win64;+x64;+rv:138.0)+Gecko/20100101+Firefox/138.0 ASP.NET_SessionId=j4455r3vqamqtcyucvqganrh;+region=1;+lang=1;+__RequestVerificationToken=OmekRpBuLjwllt2VjBYBDhFPFEHf-1SXjG_sBZzqRhH2C6746utbyzaGw91_JyZZP3pj4AKF59ftOGCZ6F54X4rhusk1;+BIGipServerextron.com_443_pool=!ADCTTCKedAc2+IkMjvaJwiHEDz8tIEcTCror+/E542zR2uD/A43PMQBvuCTR5YkCmQ0UdZlbaxq+2w==;+ExtronRecViewProd=nbp200 https://www.extron.com/MediaLink-Plus-Controllers/prodtype-80?subtype=csmlplus www.extron.com 304 0 0 1705 1
2025-05-08 07:00:11 10.1.0.50 GET /Content/vendor/jqueryui/jquery-1.12.0-ui.min.js - 443 alexander.hermansson@informationsteknik.se 10.1.16.1 Mozilla/5.0+(Windows+NT+10.0;+Win64;+x64)+AppleWebKit/537.36+(KHTML,+like+Gecko)+Chrome/136.0.0.0+Safari/537.36 region=2;+lang=1;+.AspNet.Cookies=wtJ-C8r3vdnkPR1Aw1qzuyO0NV6Z74nKn2CeelxjHwsmhhAB6D9cqcH_Dhy34aW7wWBQoXjW7N63kxonahltPZ-jcrmaKoOM134-OT7-fza7mXHqKwjxrOWhBVFvVrb0vVl4xW6hGIzUNdWzEd5Eo_lm2HGowC_rXWb_YJ7IDbePcyyb1vS7AkgGAnGDFA-m8I-BHOJZs0F4eAWyU9bOhoxtjSJYB4u5OPHwnuvSEupyliuJB2WHI2rAKzuMcN7TdLmZrf8ug3HGbPkV4w8hpUukej2c8NMN7yefycgqbRBy_6W013dOD84roJuTo4fkJuQv5I1EDTHFL0R9haWr12Ejr4nQlCcXAxjU6wmSHDTJbQWWf3kYPN-1YWCP7H-9yOZ7R7KotSCCHmqI4GznIasdkE2K99YuhIfQLXdfEvRVh12x9Ef2ZunJA1a7X7d857dMvA;+ASP.NET_SessionId=kjuj034pqztdozgqslo2kn3a;+username=alexander.hermansson@informationsteknik.se;+PriceClass=26;+PriceList=EURS3+;+__RequestVerificationToken=jWmp1PELHc1Hb5W-j-xwFnm--3BkN2yvqBQbE54V1HHGm0m8LH4TjMMe3xN8YjYTOkAoegD8zLPo5XDn8kz605kRA4g1;+BIGipServerextron.com_443_pool=!I6oNOffSsY3+eF8MjvaJwiHEDz8tIOEnyqqQNmiOpvQubiTGHhBKSxOs/NdI0x5hO4sW/wzZdj9YtQ==;+_gid=GA1.2.1481421227.1746687589;+_gat_UA-130285241-1=1;+_ga=GA1.1.1242613871.1745311648;+_clck=2ar2tt%7C2%7Cfvq%7C0%7C1938;+_clsk=1wqke2q%7C1746687590255%7C1%7C1%7Ce.clarity.ms%2Fcollect;+_ga_DP5ZZ9VH84=GS2.1.s1746687589$o15$g0$t1746687591$j58$l0$h0 https://www.extron.com/training/ www.extron.com 304 0 0 1705 2
2025-05-08 07:00:11 10.1.0.50 GET /Content/vendor/jquery/jquery-3.3.1.min.js - 443 alexander.hermansson@informationsteknik.se 10.1.16.1 Mozilla/5.0+(Windows+NT+10.0;+Win64;+x64)+AppleWebKit/537.36+(KHTML,+like+Gecko)+Chrome/136.0.0.0+Safari/537.36 region=2;+lang=1;+.AspNet.Cookies=wtJ-C8r3vdnkPR1Aw1qzuyO0NV6Z74nKn2CeelxjHwsmhhAB6D9cqcH_Dhy34aW7wWBQoXjW7N63kxonahltPZ-jcrmaKoOM134-OT7-fza7mXHqKwjxrOWhBVFvVrb0vVl4xW6hGIzUNdWzEd5Eo_lm2HGowC_rXWb_YJ7IDbePcyyb1vS7AkgGAnGDFA-m8I-BHOJZs0F4eAWyU9bOhoxtjSJYB4u5OPHwnuvSEupyliuJB2WHI2rAKzuMcN7TdLmZrf8ug3HGbPkV4w8hpUukej2c8NMN7yefycgqbRBy_6W013dOD84roJuTo4fkJuQv5I1EDTHFL0R9haWr12Ejr4nQlCcXAxjU6wmSHDTJbQWWf3kYPN-1YWCP7H-9yOZ7R7KotSCCHmqI4GznIasdkE2K99YuhIfQLXdfEvRVh12x9Ef2ZunJA1a7X7d857dMvA;+ASP.NET_SessionId=kjuj034pqztdozgqslo2kn3a;+username=alexander.hermansson@informationsteknik.se;+PriceClass=26;+PriceList=EURS3+;+__RequestVerificationToken=jWmp1PELHc1Hb5W-j-xwFnm--3BkN2yvqBQbE54V1HHGm0m8LH4TjMMe3xN8YjYTOkAoegD8zLPo5XDn8kz605kRA4g1;+BIGipServerextron.com_443_pool=!I6oNOffSsY3+eF8MjvaJwiHEDz8tIOEnyqqQNmiOpvQubiTGHhBKSxOs/NdI0x5hO4sW/wzZdj9YtQ==;+_gid=GA1.2.1481421227.1746687589;+_gat_UA-130285241-1=1;+_ga=GA1.1.1242613871.1745311648;+_clck=2ar2tt%7C2%7Cfvq%7C0%7C1938;+_clsk=1wqke2q%7C1746687590255%7C1%7C1%7Ce.clarity.ms%2Fcollect;+_ga_DP5ZZ9VH84=GS2.1.s1746687589$o15$g0$t1746687591$j58$l0$h0 https://www.extron.com/training/ www.extron.com 304 0 0 1705 2
2025-05-08 07:00:11 10.1.0.50 GET /Content/vendor/bootstrap/bootstrap.bundle.min.js - 443 alexander.hermansson@informationsteknik.se 10.1.16.1 Mozilla/5.0+(Windows+NT+10.0;+Win64;+x64)+AppleWebKit/537.36+(KHTML,+like+Gecko)+Chrome/136.0.0.0+Safari/537.36 region=2;+lang=1;+.AspNet.Cookies=wtJ-C8r3vdnkPR1Aw1qzuyO0NV6Z74nKn2CeelxjHwsmhhAB6D9cqcH_Dhy34aW7wWBQoXjW7N63kxonahltPZ-jcrmaKoOM134-OT7-fza7mXHqKwjxrOWhBVFvVrb0vVl4xW6hGIzUNdWzEd5Eo_lm2HGowC_rXWb_YJ7IDbePcyyb1vS7AkgGAnGDFA-m8I-BHOJZs0F4eAWyU9bOhoxtjSJYB4u5OPHwnuvSEupyliuJB2WHI2rAKzuMcN7TdLmZrf8ug3HGbPkV4w8hpUukej2c8NMN7yefycgqbRBy_6W013dOD84roJuTo4fkJuQv5I1EDTHFL0R9haWr12Ejr4nQlCcXAxjU6wmSHDTJbQWWf3kYPN-1YWCP7H-9yOZ7R7KotSCCHmqI4GznIasdkE2K99YuhIfQLXdfEvRVh12x9Ef2ZunJA1a7X7d857dMvA;+ASP.NET_SessionId=kjuj034pqztdozgqslo2kn3a;+username=alexander.hermansson@informationsteknik.se;+PriceClass=26;+PriceList=EURS3+;+__RequestVerificationToken=jWmp1PELHc1Hb5W-j-xwFnm--3BkN2yvqBQbE54V1HHGm0m8LH4TjMMe3xN8YjYTOkAoegD8zLPo5XDn8kz605kRA4g1;+BIGipServerextron.com_443_pool=!I6oNOffSsY3+eF8MjvaJwiHEDz8tIOEnyqqQNmiOpvQubiTGHhBKSxOs/NdI0x5hO4sW/wzZdj9YtQ==;+_gid=GA1.2.1481421227.1746687589;+_gat_UA-130285241-1=1;+_ga=GA1.1.1242613871.1745311648;+_clck=2ar2tt%7C2%7Cfvq%7C0%7C1938;+_clsk=1wqke2q%7C1746687590255%7C1%7C1%7Ce.clarity.ms%2Fcollect;+_ga_DP5ZZ9VH84=GS2.1.s1746687589$o15$g0$t1746687591$j58$l0$h0 https://www.extron.com/training/ www.extron.com 304 0 0 1705 1
2025-05-08 07:00:11 10.1.0.50 GET /Content/vendor/bs-offcanvas/dist/js/bootstrap.offcanvas.js - 443 alexander.hermansson@informationsteknik.se 10.1.16.1 Mozilla/5.0+(Windows+NT+10.0;+Win64;+x64)+AppleWebKit/537.36+(KHTML,+like+Gecko)+Chrome/136.0.0.0+Safari/537.36 region=2;+lang=1;+.AspNet.Cookies=wtJ-C8r3vdnkPR1Aw1qzuyO0NV6Z74nKn2CeelxjHwsmhhAB6D9cqcH_Dhy34aW7wWBQoXjW7N63kxonahltPZ-jcrmaKoOM134-OT7-fza7mXHqKwjxrOWhBVFvVrb0vVl4xW6hGIzUNdWzEd5Eo_lm2HGowC_rXWb_YJ7IDbePcyyb1vS7AkgGAnGDFA-m8I-BHOJZs0F4eAWyU9bOhoxtjSJYB4u5OPHwnuvSEupyliuJB2WHI2rAKzuMcN7TdLmZrf8ug3HGbPkV4w8hpUukej2c8NMN7yefycgqbRBy_6W013dOD84roJuTo4fkJuQv5I1EDTHFL0R9haWr12Ejr4nQlCcXAxjU6wmSHDTJbQWWf3kYPN-1YWCP7H-9yOZ7R7KotSCCHmqI4GznIasdkE2K99YuhIfQLXdfEvRVh12x9Ef2ZunJA1a7X7d857dMvA;+ASP.NET_SessionId=kjuj034pqztdozgqslo2kn3a;+username=alexander.hermansson@informationsteknik.se;+PriceClass=26;+PriceList=EURS3+;+__RequestVerificationToken=jWmp1PELHc1Hb5W-j-xwFnm--3BkN2yvqBQbE54V1HHGm0m8LH4TjMMe3xN8YjYTOkAoegD8zLPo5XDn8kz605kRA4g1;+BIGipServerextron.com_443_pool=!I6oNOffSsY3+eF8MjvaJwiHEDz8tIOEnyqqQNmiOpvQubiTGHhBKSxOs/NdI0x5hO4sW/wzZdj9YtQ==;+_gid=GA1.2.1481421227.1746687589;+_gat_UA-130285241-1=1;+_ga=GA1.1.1242613871.1745311648;+_clck=2ar2tt%7C2%7Cfvq%7C0%7C1938;+_clsk=1wqke2q%7C1746687590255%7C1%7C1%7Ce.clarity.ms%2Fcollect;+_ga_DP5ZZ9VH84=GS2.1.s1746687589$o15$g0$t1746687591$j58$l0$h0 https://www.extron.com/training/ www.extron.com 304 0 0 1705 1
2025-05-08 07:00:11 10.1.0.50 GET /Content/vendor/fancybox-3.5.7/dist/jquery.fancybox.js - 443 alexander.hermansson@informationsteknik.se 10.1.16.1 Mozilla/5.0+(Windows+NT+10.0;+Win64;+x64)+AppleWebKit/537.36+(KHTML,+like+Gecko)+Chrome/136.0.0.0+Safari/537.36 region=2;+lang=1;+.AspNet.Cookies=wtJ-C8r3vdnkPR1Aw1qzuyO0NV6Z74nKn2CeelxjHwsmhhAB6D9cqcH_Dhy34aW7wWBQoXjW7N63kxonahltPZ-jcrmaKoOM134-OT7-fza7mXHqKwjxrOWhBVFvVrb0vVl4xW6hGIzUNdWzEd5Eo_lm2HGowC_rXWb_YJ7IDbePcyyb1vS7AkgGAnGDFA-m8I-BHOJZs0F4eAWyU9bOhoxtjSJYB4u5OPHwnuvSEupyliuJB2WHI2rAKzuMcN7TdLmZrf8ug3HGbPkV4w8hpUukej2c8NMN7yefycgqbRBy_6W013dOD84roJuTo4fkJuQv5I1EDTHFL0R9haWr12Ejr4nQlCcXAxjU6wmSHDTJbQWWf3kYPN-1YWCP7H-9yOZ7R7KotSCCHmqI4GznIasdkE2K99YuhIfQLXdfEvRVh12x9Ef2ZunJA1a7X7d857dMvA;+ASP.NET_SessionId=kjuj034pqztdozgqslo2kn3a;+username=alexander.hermansson@informationsteknik.se;+PriceClass=26;+PriceList=EURS3+;+__RequestVerificationToken=jWmp1PELHc1Hb5W-j-xwFnm--3BkN2yvqBQbE54V1HHGm0m8LH4TjMMe3xN8YjYTOkAoegD8zLPo5XDn8kz605kRA4g1;+BIGipServerextron.com_443_pool=!I6oNOffSsY3+eF8MjvaJwiHEDz8tIOEnyqqQNmiOpvQubiTGHhBKSxOs/NdI0x5hO4sW/wzZdj9YtQ==;+_gid=GA1.2.1481421227.1746687589;+_gat_UA-130285241-1=1;+_ga=GA1.1.1242613871.1745311648;+_clck=2ar2tt%7C2%7Cfvq%7C0%7C1938;+_clsk=1wqke2q%7C1746687590255%7C1%7C1%7Ce.clarity.ms%2Fcollect;+_ga_DP5ZZ9VH84=GS2.1.s1746687589$o15$g0$t1746687591$j58$l0$h0 https://www.extron.com/training/ www.extron.com 304 0 0 1705 1
2025-05-08 07:00:11 10.1.0.50 GET /Content/vendor/jquery-unobtrusive-ajax/jquery.unobtrusive-ajax.js - 443 alexander.hermansson@informationsteknik.se 10.1.16.1 Mozilla/5.0+(Windows+NT+10.0;+Win64;+x64)+AppleWebKit/537.36+(KHTML,+like+Gecko)+Chrome/136.0.0.0+Safari/537.36 region=2;+lang=1;+.AspNet.Cookies=wtJ-C8r3vdnkPR1Aw1qzuyO0NV6Z74nKn2CeelxjHwsmhhAB6D9cqcH_Dhy34aW7wWBQoXjW7N63kxonahltPZ-jcrmaKoOM134-OT7-fza7mXHqKwjxrOWhBVFvVrb0vVl4xW6hGIzUNdWzEd5Eo_lm2HGowC_rXWb_YJ7IDbePcyyb1vS7AkgGAnGDFA-m8I-BHOJZs0F4eAWyU9bOhoxtjSJYB4u5OPHwnuvSEupyliuJB2WHI2rAKzuMcN7TdLmZrf8ug3HGbPkV4w8hpUukej2c8NMN7yefycgqbRBy_6W013dOD84roJuTo4fkJuQv5I1EDTHFL0R9haWr12Ejr4nQlCcXAxjU6wmSHDTJbQWWf3kYPN-1YWCP7H-9yOZ7R7KotSCCHmqI4GznIasdkE2K99YuhIfQLXdfEvRVh12x9Ef2ZunJA1a7X7d857dMvA;+ASP.NET_SessionId=kjuj034pqztdozgqslo2kn3a;+username=alexander.hermansson@informationsteknik.se;+PriceClass=26;+PriceList=EURS3+;+__RequestVerificationToken=jWmp1PELHc1Hb5W-j-xwFnm--3BkN2yvqBQbE54V1HHGm0m8LH4TjMMe3xN8YjYTOkAoegD8zLPo5XDn8kz605kRA4g1;+BIGipServerextron.com_443_pool=!I6oNOffSsY3+eF8MjvaJwiHEDz8tIOEnyqqQNmiOpvQubiTGHhBKSxOs/NdI0x5hO4sW/wzZdj9YtQ==;+_gid=GA1.2.1481421227.1746687589;+_gat_UA-130285241-1=1;+_ga=GA1.1.1242613871.1745311648;+_clck=2ar2tt%7C2%7Cfvq%7C0%7C1938;+_clsk=1wqke2q%7C1746687590255%7C1%7C1%7Ce.clarity.ms%2Fcollect;+_ga_DP5ZZ9VH84=GS2.1.s1746687589$o15$g0$t1746687591$j58$l0$h0 https://www.extron.com/training/ www.extron.com 304 0 0 1705 2
2025-05-08 07:00:11 10.1.0.50 GET /Scripts/Featured/featured.js - 443 - 10.1.16.1 Mozilla/5.0+(Windows+NT+10.0;+Win64;+x64;+rv:138.0)+Gecko/20100101+Firefox/138.0 ASP.NET_SessionId=j4455r3vqamqtcyucvqganrh;+region=1;+lang=1;+__RequestVerificationToken=OmekRpBuLjwllt2VjBYBDhFPFEHf-1SXjG_sBZzqRhH2C6746utbyzaGw91_JyZZP3pj4AKF59ftOGCZ6F54X4rhusk1;+BIGipServerextron.com_443_pool=!ADCTTCKedAc2+IkMjvaJwiHEDz8tIEcTCror+/E542zR2uD/A43PMQBvuCTR5YkCmQ0UdZlbaxq+2w==;+ExtronRecViewProd=nbp200 https://www.extron.com/MediaLink-Plus-Controllers/prodtype-80?subtype=csmlplus www.extron.com 304 0 0 1703 2
2025-05-08 07:00:11 10.1.0.50 GET /api/v1/Article/Get articlehandle=menuproducts&lang=1&region=1&loggedin=false 443 - 10.1.16.1 Mozilla/5.0+(Windows+NT+10.0;+Win64;+x64;+rv:138.0)+Gecko/20100101+Firefox/138.0 ASP.NET_SessionId=j4455r3vqamqtcyucvqganrh;+region=1;+lang=1;+__RequestVerificationToken=OmekRpBuLjwllt2VjBYBDhFPFEHf-1SXjG_sBZzqRhH2C6746utbyzaGw91_JyZZP3pj4AKF59ftOGCZ6F54X4rhusk1;+BIGipServerextron.com_443_pool=!ADCTTCKedAc2+IkMjvaJwiHEDz8tIEcTCror+/E542zR2uD/A43PMQBvuCTR5YkCmQ0UdZlbaxq+2w==;+ExtronRecViewProd=nbp200 https://www.extron.com/MediaLink-Plus-Controllers/prodtype-80?subtype=csmlplus www.extron.com 200 0 0 10106 3
2025-05-08 07:00:11 10.1.0.50 GET /api/v1/Article/Get articlehandle=menutraining&lang=1&region=1&loggedin=false 443 - 10.1.16.1 Mozilla/5.0+(Windows+NT+10.0;+Win64;+x64;+rv:138.0)+Gecko/20100101+Firefox/138.0 ASP.NET_SessionId=j4455r3vqamqtcyucvqganrh;+region=1;+lang=1;+__RequestVerificationToken=OmekRpBuLjwllt2VjBYBDhFPFEHf-1SXjG_sBZzqRhH2C6746utbyzaGw91_JyZZP3pj4AKF59ftOGCZ6F54X4rhusk1;+BIGipServerextron.com_443_pool=!ADCTTCKedAc2+IkMjvaJwiHEDz8tIEcTCror+/E542zR2uD/A43PMQBvuCTR5YkCmQ0UdZlbaxq+2w==;+ExtronRecViewProd=nbp200 https://www.extron.com/MediaLink-Plus-Controllers/prodtype-80?subtype=csmlplus www.extron.com 200 0 0 7554 3
2025-05-08 07:00:11 10.1.0.50 GET /api/v1/Article/Get articlehandle=menudownload&lang=1&region=1&loggedin=false 443 - 10.1.16.1 Mozilla/5.0+(Windows+NT+10.0;+Win64;+x64;+rv:138.0)+Gecko/20100101+Firefox/138.0 ASP.NET_SessionId=j4455r3vqamqtcyucvqganrh;+region=1;+lang=1;+__RequestVerificationToken=OmekRpBuLjwllt2VjBYBDhFPFEHf-1SXjG_sBZzqRhH2C6746utbyzaGw91_JyZZP3pj4AKF59ftOGCZ6F54X4rhusk1;+BIGipServerextron.com_443_pool=!ADCTTCKedAc2+IkMjvaJwiHEDz8tIEcTCror+/E542zR2uD/A43PMQBvuCTR5YkCmQ0UdZlbaxq+2w==;+ExtronRecViewProd=nbp200 https://www.extron.com/MediaLink-Plus-Controllers/prodtype-80?subtype=csmlplus www.extron.com 200 0 0 6186 1
2025-05-08 07:00:11 10.1.0.50 GET /api/v1/Article/Get articlehandle=menuresources&lang=1&region=1&loggedin=false 443 - 10.1.16.1 Mozilla/5.0+(Windows+NT+10.0;+Win64;+x64;+rv:138.0)+Gecko/20100101+Firefox/138.0 ASP.NET_SessionId=j4455r3vqamqtcyucvqganrh;+region=1;+lang=1;+__RequestVerificationToken=OmekRpBuLjwllt2VjBYBDhFPFEHf-1SXjG_sBZzqRhH2C6746utbyzaGw91_JyZZP3pj4AKF59ftOGCZ6F54X4rhusk1;+BIGipServerextron.com_443_pool=!ADCTTCKedAc2+IkMjvaJwiHEDz8tIEcTCror+/E542zR2uD/A43PMQBvuCTR5YkCmQ0UdZlbaxq+2w==;+ExtronRecViewProd=nbp200 https://www.extron.com/MediaLink-Plus-Controllers/prodtype-80?subtype=csmlplus www.extron.com 200 0 0 11876 3
2025-05-08 07:00:11 10.1.0.50 GET /api/v1/Article/Get articlehandle=menucompany&lang=1&region=1&loggedin=false 443 - 10.1.16.1 Mozilla/5.0+(Windows+NT+10.0;+Win64;+x64;+rv:138.0)+Gecko/20100101+Firefox/138.0 ASP.NET_SessionId=j4455r3vqamqtcyucvqganrh;+region=1;+lang=1;+__RequestVerificationToken=OmekRpBuLjwllt2VjBYBDhFPFEHf-1SXjG_sBZzqRhH2C6746utbyzaGw91_JyZZP3pj4AKF59ftOGCZ6F54X4rhusk1;+BIGipServerextron.com_443_pool=!ADCTTCKedAc2+IkMjvaJwiHEDz8tIEcTCror+/E542zR2uD/A43PMQBvuCTR5YkCmQ0UdZlbaxq+2w==;+ExtronRecViewProd=nbp200 https://www.extron.com/MediaLink-Plus-Controllers/prodtype-80?subtype=csmlplus www.extron.com 200 0 0 8636 3
2025-05-08 07:00:11 10.1.0.50 POST /product/deckmanager/index.aspx/UpdatePricing - 443 djonczyk@extron.com 10.1.16.1 Mozilla/5.0+(Windows+NT+10.0;+Win64;+x64;+rv:138.0)+Gecko/20100101+Firefox/138.0 region=2;+lang=1;+_ga=GA1.1.1868287624.1606382231;+ExtronRecViewProd=xpau2008fx,xpau358,xpau758,navigator,nave121,swhd4kplusseries,dtp3crosspoint642,ssi100,ucs504,mgp641xi,navd121,smp352;+_clck=npq19p%7C2%7Cfvq%7C0%7C1227;+_ga_DP5ZZ9VH84=GS2.1.s1746687251$o1812$g1$t1746687585$j14$l0$h0;+_ga_DP5ZZ9VH84=deleted;+.AspNet.Cookies=OdskJpIugWKhxaDFjaP84S8mVpXyewFsBCz2-4ofQfMShs75Pf7vv9MLjIPwOapBO1YiNYofClLcyRQ7bgTxx5jx7PsQjscAVyLnNPZ1ocv9XlWK5910tMIsWTRTD80mvieyjgRRIdOPNaJ8v_cfLA5WHuqoZmxASG3BhwBHhW8MA5a8HJGEee6jSSvxkDX7-1miXivb8HCs2yC2fWb_bOwy6KThwIYh7JGxgDoG3NsY56q4WCv_mzpDZ-__hTCnhVWCPnEvpKSfNCKSGkBkej4ldOZgu8MA4jM7OMe2d9XT2EoYSNropUB4Pnr6B42nn9mKGlZb8hl0AqpLRb8m44C3vSmMyvwik8m9ipzMWJyZXz0nc8_SP4JcnvATaKOV8g-hbR9cUIBAhSYY4xx7QMB3i15O5hJPIVrclnKln5q2Xivx;+_gcl_au=1.1.2074877315.1739960668;+_gid=GA1.2.855487197.1746293270;+ASP.NET_SessionId=ae2hn1bzsckdqibcqcyzhnyy;+username=djonczyk@extron.com;+PriceClass=26;+PriceList=EURS3+;+__RequestVerificationToken=Cnr3IExcjWUGyHwFCSjWTFfr5x_V7y052lrlURcjyCtWCN6UpdrL5Tj7NTnOJx0MuIp48jwGyM9okUFXnB1oBsqA2wU1;+BIGipServerextron.com_443_pool=!8J93IPsf3hHpp48MjvaJwiHEDz8tIDMGVWGQMz2clSWLr1NGWcXLfKrY9cIbV4OTmR0E5kyQ6wGbvw==;+_clsk=1lhw6xr%7C1746687585876%7C17%7C1%7Ce.clarity.ms%2Fcollect;+_gat_UA-130285241-1=1 https://www.extron.com/product/deckmanager/index.aspx www.extron.com 200 0 0 1749 17
2025-05-08 07:00:12 10.1.0.50 GET /Content/css/Shared/fonts/roboto-v18-cyrillic_latin-ext_latin_cyrillic-ext-regular.woff2 - 443 alexander.hermansson@informationsteknik.se 10.1.16.1 Mozilla/5.0+(Windows+NT+10.0;+Win64;+x64)+AppleWebKit/537.36+(KHTML,+like+Gecko)+Chrome/136.0.0.0+Safari/537.36 region=2;+lang=1;+.AspNet.Cookies=wtJ-C8r3vdnkPR1Aw1qzuyO0NV6Z74nKn2CeelxjHwsmhhAB6D9cqcH_Dhy34aW7wWBQoXjW7N63kxonahltPZ-jcrmaKoOM134-OT7-fza7mXHqKwjxrOWhBVFvVrb0vVl4xW6hGIzUNdWzEd5Eo_lm2HGowC_rXWb_YJ7IDbePcyyb1vS7AkgGAnGDFA-m8I-BHOJZs0F4eAWyU9bOhoxtjSJYB4u5OPHwnuvSEupyliuJB2WHI2rAKzuMcN7TdLmZrf8ug3HGbPkV4w8hpUukej2c8NMN7yefycgqbRBy_6W013dOD84roJuTo4fkJuQv5I1EDTHFL0R9haWr12Ejr4nQlCcXAxjU6wmSHDTJbQWWf3kYPN-1YWCP7H-9yOZ7R7KotSCCHmqI4GznIasdkE2K99YuhIfQLXdfEvRVh12x9Ef2ZunJA1a7X7d857dMvA;+ASP.NET_SessionId=kjuj034pqztdozgqslo2kn3a;+username=alexander.hermansson@informationsteknik.se;+PriceClass=26;+PriceList=EURS3+;+__RequestVerificationToken=jWmp1PELHc1Hb5W-j-xwFnm--3BkN2yvqBQbE54V1HHGm0m8LH4TjMMe3xN8YjYTOkAoegD8zLPo5XDn8kz605kRA4g1;+BIGipServerextron.com_443_pool=!I6oNOffSsY3+eF8MjvaJwiHEDz8tIOEnyqqQNmiOpvQubiTGHhBKSxOs/NdI0x5hO4sW/wzZdj9YtQ==;+_gid=GA1.2.1481421227.1746687589;+_gat_UA-130285241-1=1;+_ga=GA1.1.1242613871.1745311648;+_clck=2ar2tt%7C2%7Cfvq%7C0%7C1938;+_clsk=1wqke2q%7C1746687590255%7C1%7C1%7Ce.clarity.ms%2Fcollect;+_ga_DP5ZZ9VH84=GS2.1.s1746687589$o15$g0$t1746687591$j58$l0$h0 https://www.extron.com/Content/css/Shared/extron.css www.extron.com 304 0 0 1705 2
2025-05-08 07:00:12 10.1.0.50 GET /Content/vendor/fontawesome/webfonts/fa-solid-900.woff2 - 443 alexander.hermansson@informationsteknik.se 10.1.16.1 Mozilla/5.0+(Windows+NT+10.0;+Win64;+x64)+AppleWebKit/537.36+(KHTML,+like+Gecko)+Chrome/136.0.0.0+Safari/537.36 region=2;+lang=1;+.AspNet.Cookies=wtJ-C8r3vdnkPR1Aw1qzuyO0NV6Z74nKn2CeelxjHwsmhhAB6D9cqcH_Dhy34aW7wWBQoXjW7N63kxonahltPZ-jcrmaKoOM134-OT7-fza7mXHqKwjxrOWhBVFvVrb0vVl4xW6hGIzUNdWzEd5Eo_lm2HGowC_rXWb_YJ7IDbePcyyb1vS7AkgGAnGDFA-m8I-BHOJZs0F4eAWyU9bOhoxtjSJYB4u5OPHwnuvSEupyliuJB2WHI2rAKzuMcN7TdLmZrf8ug3HGbPkV4w8hpUukej2c8NMN7yefycgqbRBy_6W013dOD84roJuTo4fkJuQv5I1EDTHFL0R9haWr12Ejr4nQlCcXAxjU6wmSHDTJbQWWf3kYPN-1YWCP7H-9yOZ7R7KotSCCHmqI4GznIasdkE2K99YuhIfQLXdfEvRVh12x9Ef2ZunJA1a7X7d857dMvA;+ASP.NET_SessionId=kjuj034pqztdozgqslo2kn3a;+username=alexander.hermansson@informationsteknik.se;+PriceClass=26;+PriceList=EURS3+;+__RequestVerificationToken=jWmp1PELHc1Hb5W-j-xwFnm--3BkN2yvqBQbE54V1HHGm0m8LH4TjMMe3xN8YjYTOkAoegD8zLPo5XDn8kz605kRA4g1;+BIGipServerextron.com_443_pool=!I6oNOffSsY3+eF8MjvaJwiHEDz8tIOEnyqqQNmiOpvQubiTGHhBKSxOs/NdI0x5hO4sW/wzZdj9YtQ==;+_gid=GA1.2.1481421227.1746687589;+_gat_UA-130285241-1=1;+_ga=GA1.1.1242613871.1745311648;+_clck=2ar2tt%7C2%7Cfvq%7C0%7C1938;+_clsk=1wqke2q%7C1746687590255%7C1%7C1%7Ce.clarity.ms%2Fcollect;+_ga_DP5ZZ9VH84=GS2.1.s1746687589$o15$g0$t1746687591$j58$l0$h0 https://www.extron.com/Content/vendor/fontawesome/css/all.min.css www.extron.com 304 0 0 1703 2
2025-05-08 07:00:12 10.1.0.50 GET /Content/css/Shared/fonts/roboto-v18-cyrillic_latin-ext_latin_cyrillic-ext-700.woff2 - 443 alexander.hermansson@informationsteknik.se 10.1.16.1 Mozilla/5.0+(Windows+NT+10.0;+Win64;+x64)+AppleWebKit/537.36+(KHTML,+like+Gecko)+Chrome/136.0.0.0+Safari/537.36 region=2;+lang=1;+.AspNet.Cookies=wtJ-C8r3vdnkPR1Aw1qzuyO0NV6Z74nKn2CeelxjHwsmhhAB6D9cqcH_Dhy34aW7wWBQoXjW7N63kxonahltPZ-jcrmaKoOM134-OT7-fza7mXHqKwjxrOWhBVFvVrb0vVl4xW6hGIzUNdWzEd5Eo_lm2HGowC_rXWb_YJ7IDbePcyyb1vS7AkgGAnGDFA-m8I-BHOJZs0F4eAWyU9bOhoxtjSJYB4u5OPHwnuvSEupyliuJB2WHI2rAKzuMcN7TdLmZrf8ug3HGbPkV4w8hpUukej2c8NMN7yefycgqbRBy_6W013dOD84roJuTo4fkJuQv5I1EDTHFL0R9haWr12Ejr4nQlCcXAxjU6wmSHDTJbQWWf3kYPN-1YWCP7H-9yOZ7R7KotSCCHmqI4GznIasdkE2K99YuhIfQLXdfEvRVh12x9Ef2ZunJA1a7X7d857dMvA;+ASP.NET_SessionId=kjuj034pqztdozgqslo2kn3a;+username=alexander.hermansson@informationsteknik.se;+PriceClass=26;+PriceList=EURS3+;+__RequestVerificationToken=jWmp1PELHc1Hb5W-j-xwFnm--3BkN2yvqBQbE54V1HHGm0m8LH4TjMMe3xN8YjYTOkAoegD8zLPo5XDn8kz605kRA4g1;+BIGipServerextron.com_443_pool=!I6oNOffSsY3+eF8MjvaJwiHEDz8tIOEnyqqQNmiOpvQubiTGHhBKSxOs/NdI0x5hO4sW/wzZdj9YtQ==;+_gid=GA1.2.1481421227.1746687589;+_gat_UA-130285241-1=1;+_ga=GA1.1.1242613871.1745311648;+_clck=2ar2tt%7C2%7Cfvq%7C0%7C1938;+_clsk=1wqke2q%7C1746687590255%7C1%7C1%7Ce.clarity.ms%2Fcollect;+_ga_DP5ZZ9VH84=GS2.1.s1746687589$o15$g0$t1746687591$j58$l0$h0 https://www.extron.com/Content/css/Shared/extron.css www.extron.com 304 0 0 1705 2
2025-05-08 07:00:12 10.1.0.50 GET /Content/css/Shared/fonts/icomoon.ttf qlj3qn 443 alexander.hermansson@informationsteknik.se 10.1.16.1 Mozilla/5.0+(Windows+NT+10.0;+Win64;+x64)+AppleWebKit/537.36+(KHTML,+like+Gecko)+Chrome/136.0.0.0+Safari/537.36 region=2;+lang=1;+.AspNet.Cookies=wtJ-C8r3vdnkPR1Aw1qzuyO0NV6Z74nKn2CeelxjHwsmhhAB6D9cqcH_Dhy34aW7wWBQoXjW7N63kxonahltPZ-jcrmaKoOM134-OT7-fza7mXHqKwjxrOWhBVFvVrb0vVl4xW6hGIzUNdWzEd5Eo_lm2HGowC_rXWb_YJ7IDbePcyyb1vS7AkgGAnGDFA-m8I-BHOJZs0F4eAWyU9bOhoxtjSJYB4u5OPHwnuvSEupyliuJB2WHI2rAKzuMcN7TdLmZrf8ug3HGbPkV4w8hpUukej2c8NMN7yefycgqbRBy_6W013dOD84roJuTo4fkJuQv5I1EDTHFL0R9haWr12Ejr4nQlCcXAxjU6wmSHDTJbQWWf3kYPN-1YWCP7H-9yOZ7R7KotSCCHmqI4GznIasdkE2K99YuhIfQLXdfEvRVh12x9Ef2ZunJA1a7X7d857dMvA;+ASP.NET_SessionId=kjuj034pqztdozgqslo2kn3a;+username=alexander.hermansson@informationsteknik.se;+PriceClass=26;+PriceList=EURS3+;+__RequestVerificationToken=jWmp1PELHc1Hb5W-j-xwFnm--3BkN2yvqBQbE54V1HHGm0m8LH4TjMMe3xN8YjYTOkAoegD8zLPo5XDn8kz605kRA4g1;+BIGipServerextron.com_443_pool=!I6oNOffSsY3+eF8MjvaJwiHEDz8tIOEnyqqQNmiOpvQubiTGHhBKSxOs/NdI0x5hO4sW/wzZdj9YtQ==;+_gid=GA1.2.1481421227.1746687589;+_gat_UA-130285241-1=1;+_ga=GA1.1.1242613871.1745311648;+_clck=2ar2tt%7C2%7Cfvq%7C0%7C1938;+_clsk=1wqke2q%7C1746687590255%7C1%7C1%7Ce.clarity.ms%2Fcollect;+_ga_DP5ZZ9VH84=GS2.1.s1746687589$o15$g0$t1746687591$j58$l0$h0 https://www.extron.com/Content/css/Shared/extron.css www.extron.com 304 0 0 1705 1
2025-05-08 07:00:12 10.1.0.50 GET /Content/vendor/fontawesome/webfonts/fa-regular-400.woff2 - 443 alexander.hermansson@informationsteknik.se 10.1.16.1 Mozilla/5.0+(Windows+NT+10.0;+Win64;+x64)+AppleWebKit/537.36+(KHTML,+like+Gecko)+Chrome/136.0.0.0+Safari/537.36 region=2;+lang=1;+.AspNet.Cookies=wtJ-C8r3vdnkPR1Aw1qzuyO0NV6Z74nKn2CeelxjHwsmhhAB6D9cqcH_Dhy34aW7wWBQoXjW7N63kxonahltPZ-jcrmaKoOM134-OT7-fza7mXHqKwjxrOWhBVFvVrb0vVl4xW6hGIzUNdWzEd5Eo_lm2HGowC_rXWb_YJ7IDbePcyyb1vS7AkgGAnGDFA-m8I-BHOJZs0F4eAWyU9bOhoxtjSJYB4u5OPHwnuvSEupyliuJB2WHI2rAKzuMcN7TdLmZrf8ug3HGbPkV4w8hpUukej2c8NMN7yefycgqbRBy_6W013dOD84roJuTo4fkJuQv5I1EDTHFL0R9haWr12Ejr4nQlCcXAxjU6wmSHDTJbQWWf3kYPN-1YWCP7H-9yOZ7R7KotSCCHmqI4GznIasdkE2K99YuhIfQLXdfEvRVh12x9Ef2ZunJA1a7X7d857dMvA;+ASP.NET_SessionId=kjuj034pqztdozgqslo2kn3a;+username=alexander.hermansson@informationsteknik.se;+PriceClass=26;+PriceList=EURS3+;+__RequestVerificationToken=jWmp1PELHc1Hb5W-j-xwFnm--3BkN2yvqBQbE54V1HHGm0m8LH4TjMMe3xN8YjYTOkAoegD8zLPo5XDn8kz605kRA4g1;+BIGipServerextron.com_443_pool=!I6oNOffSsY3+eF8MjvaJwiHEDz8tIOEnyqqQNmiOpvQubiTGHhBKSxOs/NdI0x5hO4sW/wzZdj9YtQ==;+_gid=GA1.2.1481421227.1746687589;+_gat_UA-130285241-1=1;+_ga=GA1.1.1242613871.1745311648;+_clck=2ar2tt%7C2%7Cfvq%7C0%7C1938;+_clsk=1wqke2q%7C1746687590255%7C1%7C1%7Ce.clarity.ms%2Fcollect;+_ga_DP5ZZ9VH84=GS2.1.s1746687589$o15$g0$t1746687591$j58$l0$h0 https://www.extron.com/Content/vendor/fontawesome/css/all.min.css www.extron.com 304 0 0 1703 2
2025-05-08 07:00:12 10.1.0.50 GET /Content/css/Shared/fonts/roboto-v18-cyrillic_latin-ext_latin_cyrillic-ext-300.woff2 - 443 alexander.hermansson@informationsteknik.se 10.1.16.1 Mozilla/5.0+(Windows+NT+10.0;+Win64;+x64)+AppleWebKit/537.36+(KHTML,+like+Gecko)+Chrome/136.0.0.0+Safari/537.36 region=2;+lang=1;+.AspNet.Cookies=wtJ-C8r3vdnkPR1Aw1qzuyO0NV6Z74nKn2CeelxjHwsmhhAB6D9cqcH_Dhy34aW7wWBQoXjW7N63kxonahltPZ-jcrmaKoOM134-OT7-fza7mXHqKwjxrOWhBVFvVrb0vVl4xW6hGIzUNdWzEd5Eo_lm2HGowC_rXWb_YJ7IDbePcyyb1vS7AkgGAnGDFA-m8I-BHOJZs0F4eAWyU9bOhoxtjSJYB4u5OPHwnuvSEupyliuJB2WHI2rAKzuMcN7TdLmZrf8ug3HGbPkV4w8hpUukej2c8NMN7yefycgqbRBy_6W013dOD84roJuTo4fkJuQv5I1EDTHFL0R9haWr12Ejr4nQlCcXAxjU6wmSHDTJbQWWf3kYPN-1YWCP7H-9yOZ7R7KotSCCHmqI4GznIasdkE2K99YuhIfQLXdfEvRVh12x9Ef2ZunJA1a7X7d857dMvA;+ASP.NET_SessionId=kjuj034pqztdozgqslo2kn3a;+username=alexander.hermansson@informationsteknik.se;+PriceClass=26;+PriceList=EURS3+;+__RequestVerificationToken=jWmp1PELHc1Hb5W-j-xwFnm--3BkN2yvqBQbE54V1HHGm0m8LH4TjMMe3xN8YjYTOkAoegD8zLPo5XDn8kz605kRA4g1;+BIGipServerextron.com_443_pool=!I6oNOffSsY3+eF8MjvaJwiHEDz8tIOEnyqqQNmiOpvQubiTGHhBKSxOs/NdI0x5hO4sW/wzZdj9YtQ==;+_gid=GA1.2.1481421227.1746687589;+_gat_UA-130285241-1=1;+_ga=GA1.1.1242613871.1745311648;+_clck=2ar2tt%7C2%7Cfvq%7C0%7C1938;+_clsk=1wqke2q%7C1746687590255%7C1%7C1%7Ce.clarity.ms%2Fcollect;+_ga_DP5ZZ9VH84=GS2.1.s1746687589$o15$g0$t1746687591$j58$l0$h0 https://www.extron.com/Content/css/Shared/extron.css www.extron.com 304 0 0 1705 1
2025-05-08 07:00:12 10.1.0.50 GET /img/product-minus.svg - 443 - 10.1.16.1 Mozilla/5.0+(Windows+NT+10.0;+Win64;+x64;+rv:138.0)+Gecko/20100101+Firefox/138.0 ASP.NET_SessionId=j4455r3vqamqtcyucvqganrh;+region=1;+lang=1;+__RequestVerificationToken=OmekRpBuLjwllt2VjBYBDhFPFEHf-1SXjG_sBZzqRhH2C6746utbyzaGw91_JyZZP3pj4AKF59ftOGCZ6F54X4rhusk1;+BIGipServerextron.com_443_pool=!ADCTTCKedAc2+IkMjvaJwiHEDz8tIEcTCror+/E542zR2uD/A43PMQBvuCTR5YkCmQ0UdZlbaxq+2w==;+ExtronRecViewProd=nbp200 https://www.extron.com/MediaLink-Plus-Controllers/prodtype-80?subtype=csmlplus www.extron.com 302 0 0 1816 1
2025-05-08 07:00:12 10.1.0.50 GET /site.webmanifest v=20180420 443 - 10.1.16.1 Mozilla/5.0+(Windows+NT+10.0;+Win64;+x64)+AppleWebKit/537.36+(KHTML,+like+Gecko)+Chrome/136.0.0.0+Safari/537.36 - https://www.extron.com/ www.extron.com 200 0 0 2282 1
2025-05-08 07:00:12 10.1.0.50 GET /Content/vendor/fontawesome/webfonts/fa-brands-400.woff2 - 443 alexander.hermansson@informationsteknik.se 10.1.16.1 Mozilla/5.0+(Windows+NT+10.0;+Win64;+x64)+AppleWebKit/537.36+(KHTML,+like+Gecko)+Chrome/136.0.0.0+Safari/537.36 region=2;+lang=1;+.AspNet.Cookies=wtJ-C8r3vdnkPR1Aw1qzuyO0NV6Z74nKn2CeelxjHwsmhhAB6D9cqcH_Dhy34aW7wWBQoXjW7N63kxonahltPZ-jcrmaKoOM134-OT7-fza7mXHqKwjxrOWhBVFvVrb0vVl4xW6hGIzUNdWzEd5Eo_lm2HGowC_rXWb_YJ7IDbePcyyb1vS7AkgGAnGDFA-m8I-BHOJZs0F4eAWyU9bOhoxtjSJYB4u5OPHwnuvSEupyliuJB2WHI2rAKzuMcN7TdLmZrf8ug3HGbPkV4w8hpUukej2c8NMN7yefycgqbRBy_6W013dOD84roJuTo4fkJuQv5I1EDTHFL0R9haWr12Ejr4nQlCcXAxjU6wmSHDTJbQWWf3kYPN-1YWCP7H-9yOZ7R7KotSCCHmqI4GznIasdkE2K99YuhIfQLXdfEvRVh12x9Ef2ZunJA1a7X7d857dMvA;+ASP.NET_SessionId=kjuj034pqztdozgqslo2kn3a;+username=alexander.hermansson@informationsteknik.se;+PriceClass=26;+PriceList=EURS3+;+__RequestVerificationToken=jWmp1PELHc1Hb5W-j-xwFnm--3BkN2yvqBQbE54V1HHGm0m8LH4TjMMe3xN8YjYTOkAoegD8zLPo5XDn8kz605kRA4g1;+BIGipServerextron.com_443_pool=!I6oNOffSsY3+eF8MjvaJwiHEDz8tIOEnyqqQNmiOpvQubiTGHhBKSxOs/NdI0x5hO4sW/wzZdj9YtQ==;+_gid=GA1.2.1481421227.1746687589;+_gat_UA-130285241-1=1;+_ga=GA1.1.1242613871.1745311648;+_clck=2ar2tt%7C2%7Cfvq%7C0%7C1938;+_clsk=1wqke2q%7C1746687590255%7C1%7C1%7Ce.clarity.ms%2Fcollect;+_ga_DP5ZZ9VH84=GS2.1.s1746687589$o15$g0$t1746687591$j58$l0$h0 https://www.extron.com/Content/vendor/fontawesome/css/all.min.css www.extron.com 304 0 0 1705 1
2025-05-08 07:00:12 10.1.0.50 GET /Content/css/Shared/fonts/roboto-v18-cyrillic_latin-ext_latin_cyrillic-ext-500.woff2 - 443 alexander.hermansson@informationsteknik.se 10.1.16.1 Mozilla/5.0+(Windows+NT+10.0;+Win64;+x64)+AppleWebKit/537.36+(KHTML,+like+Gecko)+Chrome/136.0.0.0+Safari/537.36 region=2;+lang=1;+.AspNet.Cookies=wtJ-C8r3vdnkPR1Aw1qzuyO0NV6Z74nKn2CeelxjHwsmhhAB6D9cqcH_Dhy34aW7wWBQoXjW7N63kxonahltPZ-jcrmaKoOM134-OT7-fza7mXHqKwjxrOWhBVFvVrb0vVl4xW6hGIzUNdWzEd5Eo_lm2HGowC_rXWb_YJ7IDbePcyyb1vS7AkgGAnGDFA-m8I-BHOJZs0F4eAWyU9bOhoxtjSJYB4u5OPHwnuvSEupyliuJB2WHI2rAKzuMcN7TdLmZrf8ug3HGbPkV4w8hpUukej2c8NMN7yefycgqbRBy_6W013dOD84roJuTo4fkJuQv5I1EDTHFL0R9haWr12Ejr4nQlCcXAxjU6wmSHDTJbQWWf3kYPN-1YWCP7H-9yOZ7R7KotSCCHmqI4GznIasdkE2K99YuhIfQLXdfEvRVh12x9Ef2ZunJA1a7X7d857dMvA;+ASP.NET_SessionId=kjuj034pqztdozgqslo2kn3a;+username=alexander.hermansson@informationsteknik.se;+PriceClass=26;+PriceList=EURS3+;+__RequestVerificationToken=jWmp1PELHc1Hb5W-j-xwFnm--3BkN2yvqBQbE54V1HHGm0m8LH4TjMMe3xN8YjYTOkAoegD8zLPo5XDn8kz605kRA4g1;+BIGipServerextron.com_443_pool=!I6oNOffSsY3+eF8MjvaJwiHEDz8tIOEnyqqQNmiOpvQubiTGHhBKSxOs/NdI0x5hO4sW/wzZdj9YtQ==;+_gid=GA1.2.1481421227.1746687589;+_gat_UA-130285241-1=1;+_ga=GA1.1.1242613871.1745311648;+_clck=2ar2tt%7C2%7Cfvq%7C0%7C1938;+_clsk=1wqke2q%7C1746687590255%7C1%7C1%7Ce.clarity.ms%2Fcollect;+_ga_DP5ZZ9VH84=GS2.1.s1746687589$o15$g0$t1746687591$j58$l0$h0 https://www.extron.com/Content/css/Shared/extron.css www.extron.com 304 0 0 1705 2
2025-05-08 07:00:12 10.1.0.50 GET /Content/vendor/hoverintent/jquery.hoverIntent.js - 443 alexander.hermansson@informationsteknik.se 10.1.16.1 Mozilla/5.0+(Windows+NT+10.0;+Win64;+x64)+AppleWebKit/537.36+(KHTML,+like+Gecko)+Chrome/136.0.0.0+Safari/537.36 region=2;+lang=1;+.AspNet.Cookies=wtJ-C8r3vdnkPR1Aw1qzuyO0NV6Z74nKn2CeelxjHwsmhhAB6D9cqcH_Dhy34aW7wWBQoXjW7N63kxonahltPZ-jcrmaKoOM134-OT7-fza7mXHqKwjxrOWhBVFvVrb0vVl4xW6hGIzUNdWzEd5Eo_lm2HGowC_rXWb_YJ7IDbePcyyb1vS7AkgGAnGDFA-m8I-BHOJZs0F4eAWyU9bOhoxtjSJYB4u5OPHwnuvSEupyliuJB2WHI2rAKzuMcN7TdLmZrf8ug3HGbPkV4w8hpUukej2c8NMN7yefycgqbRBy_6W013dOD84roJuTo4fkJuQv5I1EDTHFL0R9haWr12Ejr4nQlCcXAxjU6wmSHDTJbQWWf3kYPN-1YWCP7H-9yOZ7R7KotSCCHmqI4GznIasdkE2K99YuhIfQLXdfEvRVh12x9Ef2ZunJA1a7X7d857dMvA;+ASP.NET_SessionId=kjuj034pqztdozgqslo2kn3a;+username=alexander.hermansson@informationsteknik.se;+PriceClass=26;+PriceList=EURS3+;+__RequestVerificationToken=jWmp1PELHc1Hb5W-j-xwFnm--3BkN2yvqBQbE54V1HHGm0m8LH4TjMMe3xN8YjYTOkAoegD8zLPo5XDn8kz605kRA4g1;+BIGipServerextron.com_443_pool=!I6oNOffSsY3+eF8MjvaJwiHEDz8tIOEnyqqQNmiOpvQubiTGHhBKSxOs/NdI0x5hO4sW/wzZdj9YtQ==;+_gid=GA1.2.1481421227.1746687589;+_gat_UA-130285241-1=1;+_clck=2ar2tt%7C2%7Cfvq%7C0%7C1938;+_clsk=1wqke2q%7C1746687590255%7C1%7C1%7Ce.clarity.ms%2Fcollect;+_ga_DP5ZZ9VH84=GS2.1.s1746687589$o15$g1$t1746687591$j58$l0$h0;+_ga=GA1.1.1242613871.1745311648 https://www.extron.com/training/ www.extron.com 304 0 0 1705 2
2025-05-08 07:00:12 10.1.0.50 GET /Content/vendor/jquery-debounce/jquery.ba-throttle-debounce.js - 443 alexander.hermansson@informationsteknik.se 10.1.16.1 Mozilla/5.0+(Windows+NT+10.0;+Win64;+x64)+AppleWebKit/537.36+(KHTML,+like+Gecko)+Chrome/136.0.0.0+Safari/537.36 region=2;+lang=1;+.AspNet.Cookies=wtJ-C8r3vdnkPR1Aw1qzuyO0NV6Z74nKn2CeelxjHwsmhhAB6D9cqcH_Dhy34aW7wWBQoXjW7N63kxonahltPZ-jcrmaKoOM134-OT7-fza7mXHqKwjxrOWhBVFvVrb0vVl4xW6hGIzUNdWzEd5Eo_lm2HGowC_rXWb_YJ7IDbePcyyb1vS7AkgGAnGDFA-m8I-BHOJZs0F4eAWyU9bOhoxtjSJYB4u5OPHwnuvSEupyliuJB2WHI2rAKzuMcN7TdLmZrf8ug3HGbPkV4w8hpUukej2c8NMN7yefycgqbRBy_6W013dOD84roJuTo4fkJuQv5I1EDTHFL0R9haWr12Ejr4nQlCcXAxjU6wmSHDTJbQWWf3kYPN-1YWCP7H-9yOZ7R7KotSCCHmqI4GznIasdkE2K99YuhIfQLXdfEvRVh12x9Ef2ZunJA1a7X7d857dMvA;+ASP.NET_SessionId=kjuj034pqztdozgqslo2kn3a;+username=alexander.hermansson@informationsteknik.se;+PriceClass=26;+PriceList=EURS3+;+__RequestVerificationToken=jWmp1PELHc1Hb5W-j-xwFnm--3BkN2yvqBQbE54V1HHGm0m8LH4TjMMe3xN8YjYTOkAoegD8zLPo5XDn8kz605kRA4g1;+BIGipServerextron.com_443_pool=!I6oNOffSsY3+eF8MjvaJwiHEDz8tIOEnyqqQNmiOpvQubiTGHhBKSxOs/NdI0x5hO4sW/wzZdj9YtQ==;+_gid=GA1.2.1481421227.1746687589;+_gat_UA-130285241-1=1;+_clck=2ar2tt%7C2%7Cfvq%7C0%7C1938;+_clsk=1wqke2q%7C1746687590255%7C1%7C1%7Ce.clarity.ms%2Fcollect;+_ga_DP5ZZ9VH84=GS2.1.s1746687589$o15$g1$t1746687591$j58$l0$h0;+_ga=GA1.1.1242613871.1745311648 https://www.extron.com/training/ www.extron.com 304 0 0 1705 1
2025-05-08 07:00:12 10.1.0.50 GET /Content/vendor/js-cookie/js.cookie-2.2.0.js - 443 alexander.hermansson@informationsteknik.se 10.1.16.1 Mozilla/5.0+(Windows+NT+10.0;+Win64;+x64)+AppleWebKit/537.36+(KHTML,+like+Gecko)+Chrome/136.0.0.0+Safari/537.36 region=2;+lang=1;+.AspNet.Cookies=wtJ-C8r3vdnkPR1Aw1qzuyO0NV6Z74nKn2CeelxjHwsmhhAB6D9cqcH_Dhy34aW7wWBQoXjW7N63kxonahltPZ-jcrmaKoOM134-OT7-fza7mXHqKwjxrOWhBVFvVrb0vVl4xW6hGIzUNdWzEd5Eo_lm2HGowC_rXWb_YJ7IDbePcyyb1vS7AkgGAnGDFA-m8I-BHOJZs0F4eAWyU9bOhoxtjSJYB4u5OPHwnuvSEupyliuJB2WHI2rAKzuMcN7TdLmZrf8ug3HGbPkV4w8hpUukej2c8NMN7yefycgqbRBy_6W013dOD84roJuTo4fkJuQv5I1EDTHFL0R9haWr12Ejr4nQlCcXAxjU6wmSHDTJbQWWf3kYPN-1YWCP7H-9yOZ7R7KotSCCHmqI4GznIasdkE2K99YuhIfQLXdfEvRVh12x9Ef2ZunJA1a7X7d857dMvA;+ASP.NET_SessionId=kjuj034pqztdozgqslo2kn3a;+username=alexander.hermansson@informationsteknik.se;+PriceClass=26;+PriceList=EURS3+;+__RequestVerificationToken=jWmp1PELHc1Hb5W-j-xwFnm--3BkN2yvqBQbE54V1HHGm0m8LH4TjMMe3xN8YjYTOkAoegD8zLPo5XDn8kz605kRA4g1;+BIGipServerextron.com_443_pool=!I6oNOffSsY3+eF8MjvaJwiHEDz8tIOEnyqqQNmiOpvQubiTGHhBKSxOs/NdI0x5hO4sW/wzZdj9YtQ==;+_gid=GA1.2.1481421227.1746687589;+_gat_UA-130285241-1=1;+_clck=2ar2tt%7C2%7Cfvq%7C0%7C1938;+_clsk=1wqke2q%7C1746687590255%7C1%7C1%7Ce.clarity.ms%2Fcollect;+_ga_DP5ZZ9VH84=GS2.1.s1746687589$o15$g1$t1746687591$j58$l0$h0;+_ga=GA1.1.1242613871.1745311648 https://www.extron.com/training/ www.extron.com 304 0 0 1705 1
2025-05-08 07:00:12 10.1.0.50 GET /Content/vendor/jquery-mobile-events/jquery.mobile-events.js - 443 alexander.hermansson@informationsteknik.se 10.1.16.1 Mozilla/5.0+(Windows+NT+10.0;+Win64;+x64)+AppleWebKit/537.36+(KHTML,+like+Gecko)+Chrome/136.0.0.0+Safari/537.36 region=2;+lang=1;+.AspNet.Cookies=wtJ-C8r3vdnkPR1Aw1qzuyO0NV6Z74nKn2CeelxjHwsmhhAB6D9cqcH_Dhy34aW7wWBQoXjW7N63kxonahltPZ-jcrmaKoOM134-OT7-fza7mXHqKwjxrOWhBVFvVrb0vVl4xW6hGIzUNdWzEd5Eo_lm2HGowC_rXWb_YJ7IDbePcyyb1vS7AkgGAnGDFA-m8I-BHOJZs0F4eAWyU9bOhoxtjSJYB4u5OPHwnuvSEupyliuJB2WHI2rAKzuMcN7TdLmZrf8ug3HGbPkV4w8hpUukej2c8NMN7yefycgqbRBy_6W013dOD84roJuTo4fkJuQv5I1EDTHFL0R9haWr12Ejr4nQlCcXAxjU6wmSHDTJbQWWf3kYPN-1YWCP7H-9yOZ7R7KotSCCHmqI4GznIasdkE2K99YuhIfQLXdfEvRVh12x9Ef2ZunJA1a7X7d857dMvA;+ASP.NET_SessionId=kjuj034pqztdozgqslo2kn3a;+username=alexander.hermansson@informationsteknik.se;+PriceClass=26;+PriceList=EURS3+;+__RequestVerificationToken=jWmp1PELHc1Hb5W-j-xwFnm--3BkN2yvqBQbE54V1HHGm0m8LH4TjMMe3xN8YjYTOkAoegD8zLPo5XDn8kz605kRA4g1;+BIGipServerextron.com_443_pool=!I6oNOffSsY3+eF8MjvaJwiHEDz8tIOEnyqqQNmiOpvQubiTGHhBKSxOs/NdI0x5hO4sW/wzZdj9YtQ==;+_gid=GA1.2.1481421227.1746687589;+_gat_UA-130285241-1=1;+_clck=2ar2tt%7C2%7Cfvq%7C0%7C1938;+_clsk=1wqke2q%7C1746687590255%7C1%7C1%7Ce.clarity.ms%2Fcollect;+_ga_DP5ZZ9VH84=GS2.1.s1746687589$o15$g1$t1746687591$j58$l0$h0;+_ga=GA1.1.1242613871.1745311648 https://www.extron.com/training/ www.extron.com 304 0 0 1705 1
2025-05-08 07:00:12 10.1.0.50 POST /services/Membership/index.asmx - 443 - 10.1.16.1 - - - www.extron.com 200 0 0 2448 88
2025-05-08 07:00:12 10.1.0.50 GET /technology/literature.aspx id=I&id=V&filetype=6&lang=1&id=B&filetype=30&lang=1&tabid=6&id=N 443 - 10.1.16.1 Mozilla/5.0+AppleWebKit/537.36+(KHTML,+like+Gecko;+compatible;+bingbot/2.0;++http://www.bing.com/bingbot.htm)+Chrome/116.0.1938.76+Safari/537.36 - - www.extron.co.jp 200 0 0 120972 1759
2025-05-08 07:00:12 10.1.0.50 GET /Content/vendor/slick/slick.js - 443 alexander.hermansson@informationsteknik.se 10.1.16.1 Mozilla/5.0+(Windows+NT+10.0;+Win64;+x64)+AppleWebKit/537.36+(KHTML,+like+Gecko)+Chrome/136.0.0.0+Safari/537.36 region=2;+lang=1;+.AspNet.Cookies=wtJ-C8r3vdnkPR1Aw1qzuyO0NV6Z74nKn2CeelxjHwsmhhAB6D9cqcH_Dhy34aW7wWBQoXjW7N63kxonahltPZ-jcrmaKoOM134-OT7-fza7mXHqKwjxrOWhBVFvVrb0vVl4xW6hGIzUNdWzEd5Eo_lm2HGowC_rXWb_YJ7IDbePcyyb1vS7AkgGAnGDFA-m8I-BHOJZs0F4eAWyU9bOhoxtjSJYB4u5OPHwnuvSEupyliuJB2WHI2rAKzuMcN7TdLmZrf8ug3HGbPkV4w8hpUukej2c8NMN7yefycgqbRBy_6W013dOD84roJuTo4fkJuQv5I1EDTHFL0R9haWr12Ejr4nQlCcXAxjU6wmSHDTJbQWWf3kYPN-1YWCP7H-9yOZ7R7KotSCCHmqI4GznIasdkE2K99YuhIfQLXdfEvRVh12x9Ef2ZunJA1a7X7d857dMvA;+ASP.NET_SessionId=kjuj034pqztdozgqslo2kn3a;+username=alexander.hermansson@informationsteknik.se;+PriceClass=26;+PriceList=EURS3+;+__RequestVerificationToken=jWmp1PELHc1Hb5W-j-xwFnm--3BkN2yvqBQbE54V1HHGm0m8LH4TjMMe3xN8YjYTOkAoegD8zLPo5XDn8kz605kRA4g1;+BIGipServerextron.com_443_pool=!I6oNOffSsY3+eF8MjvaJwiHEDz8tIOEnyqqQNmiOpvQubiTGHhBKSxOs/NdI0x5hO4sW/wzZdj9YtQ==;+_gid=GA1.2.1481421227.1746687589;+_gat_UA-130285241-1=1;+_clck=2ar2tt%7C2%7Cfvq%7C0%7C1938;+_ga_DP5ZZ9VH84=GS2.1.s1746687589$o15$g1$t1746687591$j58$l0$h0;+_ga=GA1.1.1242613871.1745311648;+_clsk=1wqke2q%7C1746687592121%7C2%7C1%7Ce.clarity.ms%2Fcollect https://www.extron.com/training/ www.extron.com 304 0 0 1705 2
2025-05-08 07:00:12 10.1.0.50 GET /Content/vendor/prependaround/prependaround.js - 443 alexander.hermansson@informationsteknik.se 10.1.16.1 Mozilla/5.0+(Windows+NT+10.0;+Win64;+x64)+AppleWebKit/537.36+(KHTML,+like+Gecko)+Chrome/136.0.0.0+Safari/537.36 region=2;+lang=1;+.AspNet.Cookies=wtJ-C8r3vdnkPR1Aw1qzuyO0NV6Z74nKn2CeelxjHwsmhhAB6D9cqcH_Dhy34aW7wWBQoXjW7N63kxonahltPZ-jcrmaKoOM134-OT7-fza7mXHqKwjxrOWhBVFvVrb0vVl4xW6hGIzUNdWzEd5Eo_lm2HGowC_rXWb_YJ7IDbePcyyb1vS7AkgGAnGDFA-m8I-BHOJZs0F4eAWyU9bOhoxtjSJYB4u5OPHwnuvSEupyliuJB2WHI2rAKzuMcN7TdLmZrf8ug3HGbPkV4w8hpUukej2c8NMN7yefycgqbRBy_6W013dOD84roJuTo4fkJuQv5I1EDTHFL0R9haWr12Ejr4nQlCcXAxjU6wmSHDTJbQWWf3kYPN-1YWCP7H-9yOZ7R7KotSCCHmqI4GznIasdkE2K99YuhIfQLXdfEvRVh12x9Ef2ZunJA1a7X7d857dMvA;+ASP.NET_SessionId=kjuj034pqztdozgqslo2kn3a;+username=alexander.hermansson@informationsteknik.se;+PriceClass=26;+PriceList=EURS3+;+__RequestVerificationToken=jWmp1PELHc1Hb5W-j-xwFnm--3BkN2yvqBQbE54V1HHGm0m8LH4TjMMe3xN8YjYTOkAoegD8zLPo5XDn8kz605kRA4g1;+BIGipServerextron.com_443_pool=!I6oNOffSsY3+eF8MjvaJwiHEDz8tIOEnyqqQNmiOpvQubiTGHhBKSxOs/NdI0x5hO4sW/wzZdj9YtQ==;+_gid=GA1.2.1481421227.1746687589;+_gat_UA-130285241-1=1;+_clck=2ar2tt%7C2%7Cfvq%7C0%7C1938;+_ga_DP5ZZ9VH84=GS2.1.s1746687589$o15$g1$t1746687591$j58$l0$h0;+_ga=GA1.1.1242613871.1745311648;+_clsk=1wqke2q%7C1746687592121%7C2%7C1%7Ce.clarity.ms%2Fcollect https://www.extron.com/training/ www.extron.com 304 0 0 1705 1
2025-05-08 07:00:12 10.1.0.50 GET /Scripts/Shared/videoplayer.js - 443 alexander.hermansson@informationsteknik.se 10.1.16.1 Mozilla/5.0+(Windows+NT+10.0;+Win64;+x64)+AppleWebKit/537.36+(KHTML,+like+Gecko)+Chrome/136.0.0.0+Safari/537.36 region=2;+lang=1;+.AspNet.Cookies=wtJ-C8r3vdnkPR1Aw1qzuyO0NV6Z74nKn2CeelxjHwsmhhAB6D9cqcH_Dhy34aW7wWBQoXjW7N63kxonahltPZ-jcrmaKoOM134-OT7-fza7mXHqKwjxrOWhBVFvVrb0vVl4xW6hGIzUNdWzEd5Eo_lm2HGowC_rXWb_YJ7IDbePcyyb1vS7AkgGAnGDFA-m8I-BHOJZs0F4eAWyU9bOhoxtjSJYB4u5OPHwnuvSEupyliuJB2WHI2rAKzuMcN7TdLmZrf8ug3HGbPkV4w8hpUukej2c8NMN7yefycgqbRBy_6W013dOD84roJuTo4fkJuQv5I1EDTHFL0R9haWr12Ejr4nQlCcXAxjU6wmSHDTJbQWWf3kYPN-1YWCP7H-9yOZ7R7KotSCCHmqI4GznIasdkE2K99YuhIfQLXdfEvRVh12x9Ef2ZunJA1a7X7d857dMvA;+ASP.NET_SessionId=kjuj034pqztdozgqslo2kn3a;+username=alexander.hermansson@informationsteknik.se;+PriceClass=26;+PriceList=EURS3+;+__RequestVerificationToken=jWmp1PELHc1Hb5W-j-xwFnm--3BkN2yvqBQbE54V1HHGm0m8LH4TjMMe3xN8YjYTOkAoegD8zLPo5XDn8kz605kRA4g1;+BIGipServerextron.com_443_pool=!I6oNOffSsY3+eF8MjvaJwiHEDz8tIOEnyqqQNmiOpvQubiTGHhBKSxOs/NdI0x5hO4sW/wzZdj9YtQ==;+_gid=GA1.2.1481421227.1746687589;+_gat_UA-130285241-1=1;+_clck=2ar2tt%7C2%7Cfvq%7C0%7C1938;+_ga_DP5ZZ9VH84=GS2.1.s1746687589$o15$g1$t1746687591$j58$l0$h0;+_ga=GA1.1.1242613871.1745311648;+_clsk=1wqke2q%7C1746687592121%7C2%7C1%7Ce.clarity.ms%2Fcollect https://www.extron.com/training/ www.extron.com 304 0 0 1705 1
2025-05-08 07:00:12 10.1.0.50 GET /Scripts/Shared/autohide.js - 443 alexander.hermansson@informationsteknik.se 10.1.16.1 Mozilla/5.0+(Windows+NT+10.0;+Win64;+x64)+AppleWebKit/537.36+(KHTML,+like+Gecko)+Chrome/136.0.0.0+Safari/537.36 region=2;+lang=1;+.AspNet.Cookies=wtJ-C8r3vdnkPR1Aw1qzuyO0NV6Z74nKn2CeelxjHwsmhhAB6D9cqcH_Dhy34aW7wWBQoXjW7N63kxonahltPZ-jcrmaKoOM134-OT7-fza7mXHqKwjxrOWhBVFvVrb0vVl4xW6hGIzUNdWzEd5Eo_lm2HGowC_rXWb_YJ7IDbePcyyb1vS7AkgGAnGDFA-m8I-BHOJZs0F4eAWyU9bOhoxtjSJYB4u5OPHwnuvSEupyliuJB2WHI2rAKzuMcN7TdLmZrf8ug3HGbPkV4w8hpUukej2c8NMN7yefycgqbRBy_6W013dOD84roJuTo4fkJuQv5I1EDTHFL0R9haWr12Ejr4nQlCcXAxjU6wmSHDTJbQWWf3kYPN-1YWCP7H-9yOZ7R7KotSCCHmqI4GznIasdkE2K99YuhIfQLXdfEvRVh12x9Ef2ZunJA1a7X7d857dMvA;+ASP.NET_SessionId=kjuj034pqztdozgqslo2kn3a;+username=alexander.hermansson@informationsteknik.se;+PriceClass=26;+PriceList=EURS3+;+__RequestVerificationToken=jWmp1PELHc1Hb5W-j-xwFnm--3BkN2yvqBQbE54V1HHGm0m8LH4TjMMe3xN8YjYTOkAoegD8zLPo5XDn8kz605kRA4g1;+BIGipServerextron.com_443_pool=!I6oNOffSsY3+eF8MjvaJwiHEDz8tIOEnyqqQNmiOpvQubiTGHhBKSxOs/NdI0x5hO4sW/wzZdj9YtQ==;+_gid=GA1.2.1481421227.1746687589;+_gat_UA-130285241-1=1;+_clck=2ar2tt%7C2%7Cfvq%7C0%7C1938;+_ga_DP5ZZ9VH84=GS2.1.s1746687589$o15$g1$t1746687591$j58$l0$h0;+_ga=GA1.1.1242613871.1745311648;+_clsk=1wqke2q%7C1746687592121%7C2%7C1%7Ce.clarity.ms%2Fcollect https://www.extron.com/training/ www.extron.com 304 0 0 1705 1
2025-05-08 07:00:12 10.1.0.50 GET /Scripts/Shared/login.js 20210406 443 alexander.hermansson@informationsteknik.se 10.1.16.1 Mozilla/5.0+(Windows+NT+10.0;+Win64;+x64)+AppleWebKit/537.36+(KHTML,+like+Gecko)+Chrome/136.0.0.0+Safari/537.36 region=2;+lang=1;+.AspNet.Cookies=wtJ-C8r3vdnkPR1Aw1qzuyO0NV6Z74nKn2CeelxjHwsmhhAB6D9cqcH_Dhy34aW7wWBQoXjW7N63kxonahltPZ-jcrmaKoOM134-OT7-fza7mXHqKwjxrOWhBVFvVrb0vVl4xW6hGIzUNdWzEd5Eo_lm2HGowC_rXWb_YJ7IDbePcyyb1vS7AkgGAnGDFA-m8I-BHOJZs0F4eAWyU9bOhoxtjSJYB4u5OPHwnuvSEupyliuJB2WHI2rAKzuMcN7TdLmZrf8ug3HGbPkV4w8hpUukej2c8NMN7yefycgqbRBy_6W013dOD84roJuTo4fkJuQv5I1EDTHFL0R9haWr12Ejr4nQlCcXAxjU6wmSHDTJbQWWf3kYPN-1YWCP7H-9yOZ7R7KotSCCHmqI4GznIasdkE2K99YuhIfQLXdfEvRVh12x9Ef2ZunJA1a7X7d857dMvA;+ASP.NET_SessionId=kjuj034pqztdozgqslo2kn3a;+username=alexander.hermansson@informationsteknik.se;+PriceClass=26;+PriceList=EURS3+;+__RequestVerificationToken=jWmp1PELHc1Hb5W-j-xwFnm--3BkN2yvqBQbE54V1HHGm0m8LH4TjMMe3xN8YjYTOkAoegD8zLPo5XDn8kz605kRA4g1;+BIGipServerextron.com_443_pool=!I6oNOffSsY3+eF8MjvaJwiHEDz8tIOEnyqqQNmiOpvQubiTGHhBKSxOs/NdI0x5hO4sW/wzZdj9YtQ==;+_gid=GA1.2.1481421227.1746687589;+_gat_UA-130285241-1=1;+_clck=2ar2tt%7C2%7Cfvq%7C0%7C1938;+_ga_DP5ZZ9VH84=GS2.1.s1746687589$o15$g1$t1746687591$j58$l0$h0;+_ga=GA1.1.1242613871.1745311648;+_clsk=1wqke2q%7C1746687592121%7C2%7C1%7Ce.clarity.ms%2Fcollect https://www.extron.com/training/ www.extron.com 304 0 0 1705 1
2025-05-08 07:00:12 10.1.0.50 GET /Scripts/Shared/main.js 20240613 443 alexander.hermansson@informationsteknik.se 10.1.16.1 Mozilla/5.0+(Windows+NT+10.0;+Win64;+x64)+AppleWebKit/537.36+(KHTML,+like+Gecko)+Chrome/136.0.0.0+Safari/537.36 region=2;+lang=1;+.AspNet.Cookies=wtJ-C8r3vdnkPR1Aw1qzuyO0NV6Z74nKn2CeelxjHwsmhhAB6D9cqcH_Dhy34aW7wWBQoXjW7N63kxonahltPZ-jcrmaKoOM134-OT7-fza7mXHqKwjxrOWhBVFvVrb0vVl4xW6hGIzUNdWzEd5Eo_lm2HGowC_rXWb_YJ7IDbePcyyb1vS7AkgGAnGDFA-m8I-BHOJZs0F4eAWyU9bOhoxtjSJYB4u5OPHwnuvSEupyliuJB2WHI2rAKzuMcN7TdLmZrf8ug3HGbPkV4w8hpUukej2c8NMN7yefycgqbRBy_6W013dOD84roJuTo4fkJuQv5I1EDTHFL0R9haWr12Ejr4nQlCcXAxjU6wmSHDTJbQWWf3kYPN-1YWCP7H-9yOZ7R7KotSCCHmqI4GznIasdkE2K99YuhIfQLXdfEvRVh12x9Ef2ZunJA1a7X7d857dMvA;+ASP.NET_SessionId=kjuj034pqztdozgqslo2kn3a;+username=alexander.hermansson@informationsteknik.se;+PriceClass=26;+PriceList=EURS3+;+__RequestVerificationToken=jWmp1PELHc1Hb5W-j-xwFnm--3BkN2yvqBQbE54V1HHGm0m8LH4TjMMe3xN8YjYTOkAoegD8zLPo5XDn8kz605kRA4g1;+BIGipServerextron.com_443_pool=!I6oNOffSsY3+eF8MjvaJwiHEDz8tIOEnyqqQNmiOpvQubiTGHhBKSxOs/NdI0x5hO4sW/wzZdj9YtQ==;+_gid=GA1.2.1481421227.1746687589;+_gat_UA-130285241-1=1;+_clck=2ar2tt%7C2%7Cfvq%7C0%7C1938;+_ga_DP5ZZ9VH84=GS2.1.s1746687589$o15$g1$t1746687591$j58$l0$h0;+_ga=GA1.1.1242613871.1745311648;+_clsk=1wqke2q%7C1746687592121%7C2%7C1%7Ce.clarity.ms%2Fcollect https://www.extron.com/training/ www.extron.com 304 0 0 1705 1
2025-05-08 07:00:12 10.1.0.50 GET /Matrix-Switchers/prodtype-3 t=matrix 443 chaoran.su@budee.cn 10.1.16.1 Mozilla/5.0+(Windows+NT+10.0;+Win64;+x64;+rv:138.0)+Gecko/20100101+Firefox/138.0 region=5;+lang=7;+_ga_DP5ZZ9VH84=GS2.1.s1746680441$o83$g1$t1746687557$j56$l0$h0;+_ga=GA1.1.444436739.1734077477;+_clck=s0prz4%7C2%7Cfvq%7C0%7C1808;+ExtronRecViewProd=xtpthwp1014k,xtptusw1034k,xtptuwp2024k,xtpthd4k,xtptfb2024k,xtpiifr4018k,xtpsfrhd4k,xtpsrhd4k,xtprhd4k,xtpiift4028k,dxphd4kplus,dmsseries;+.AspNet.Cookies=JryJMvXfNQW7QZoVV-_9wRoSrtSHZEns8B8aHiLw3-ZntIFE1A9Hov0sht8VrSfo33FpRd92nxhG890R36e38Hz0QPXZP5ajF6temGKnVTmN-_gDHoIOYPTMMgjOhpJvTwQZ_Snwt0JJAGcOF-HedDizfZvpZpDUhzFeFJioZiaXkrKU4TxXuL79zKypyX92Zl8EujabhLeqIKssqJwnqpzqpm369Ic_JwJ1T2uvleiOZV2bnp7nUm9MU5iQ9_eFcLP2geKMPPgey1gfXxeir77qDpYWcIKkOxXlSwUS6axNmPybZ64tcgmlPcZq1r3IMs5HcgK9fdMMWGcnVdE5Wn971w8QPyUee1EbvUvaOe2iTsEFf7vaiOnmg6bIy22IPk8JFlXMUTY0dGJUnQHTubGmLG0z4Uri_qsRMnoikZnml1N9MSafWsF3O6_bI3H3eOSbWA;+_gid=GA1.2.1296537085.1746578326;+_clsk=975iy8%7C1746687558365%7C81%7C1%7Cl.clarity.ms%2Fcollect;+ASP.NET_SessionId=iszdwelhaw5katw5o0m1ycqp;+username=chaoran.su@budee.cn;+PriceClass=60;+PriceList=CNYEU;+__RequestVerificationToken=TF9CKQ-8Xxy89kQaPXku0GZVMWHL48MKOdvHV22VbWbRr_sGluhYDMr9C85fgZ0unv6pO1yDJq2xR8GK9BSxxwsajOE1;+BIGipServerextron.com_443_pool=!3gS1AZAjvNPHfdcMjvaJwiHEDz8tIAQ0o5sGoRZdOFJVVpuFT2pv+7hK3/FDvOMAzSOC8rBYJFFLYA==;+view_prodhome=Basic;+_gat_UA-130285241-1=1 https://www.extron.cn/product/ www.extron.cn 301 0 0 1990 5
2025-05-08 07:00:12 10.1.0.50 GET /api/v1/Article/Get articlehandle=menuresources&lang=1&region=2&loggedin=true 443 alexander.hermansson@informationsteknik.se 10.1.16.1 Mozilla/5.0+(Windows+NT+10.0;+Win64;+x64)+AppleWebKit/537.36+(KHTML,+like+Gecko)+Chrome/136.0.0.0+Safari/537.36 region=2;+lang=1;+.AspNet.Cookies=wtJ-C8r3vdnkPR1Aw1qzuyO0NV6Z74nKn2CeelxjHwsmhhAB6D9cqcH_Dhy34aW7wWBQoXjW7N63kxonahltPZ-jcrmaKoOM134-OT7-fza7mXHqKwjxrOWhBVFvVrb0vVl4xW6hGIzUNdWzEd5Eo_lm2HGowC_rXWb_YJ7IDbePcyyb1vS7AkgGAnGDFA-m8I-BHOJZs0F4eAWyU9bOhoxtjSJYB4u5OPHwnuvSEupyliuJB2WHI2rAKzuMcN7TdLmZrf8ug3HGbPkV4w8hpUukej2c8NMN7yefycgqbRBy_6W013dOD84roJuTo4fkJuQv5I1EDTHFL0R9haWr12Ejr4nQlCcXAxjU6wmSHDTJbQWWf3kYPN-1YWCP7H-9yOZ7R7KotSCCHmqI4GznIasdkE2K99YuhIfQLXdfEvRVh12x9Ef2ZunJA1a7X7d857dMvA;+ASP.NET_SessionId=kjuj034pqztdozgqslo2kn3a;+username=alexander.hermansson@informationsteknik.se;+PriceClass=26;+PriceList=EURS3+;+__RequestVerificationToken=jWmp1PELHc1Hb5W-j-xwFnm--3BkN2yvqBQbE54V1HHGm0m8LH4TjMMe3xN8YjYTOkAoegD8zLPo5XDn8kz605kRA4g1;+BIGipServerextron.com_443_pool=!I6oNOffSsY3+eF8MjvaJwiHEDz8tIOEnyqqQNmiOpvQubiTGHhBKSxOs/NdI0x5hO4sW/wzZdj9YtQ==;+_gid=GA1.2.1481421227.1746687589;+_gat_UA-130285241-1=1;+_clck=2ar2tt%7C2%7Cfvq%7C0%7C1938;+_ga_DP5ZZ9VH84=GS2.1.s1746687589$o15$g1$t1746687591$j58$l0$h0;+_ga=GA1.1.1242613871.1745311648;+_clsk=1wqke2q%7C1746687592121%7C2%7C1%7Ce.clarity.ms%2Fcollect https://www.extron.com/training/ www.extron.com 200 0 0 11192 5
2025-05-08 07:00:12 10.1.0.50 GET /api/v1/Article/Get articlehandle=menuproducts&lang=1&region=2&loggedin=true 443 alexander.hermansson@informationsteknik.se 10.1.16.1 Mozilla/5.0+(Windows+NT+10.0;+Win64;+x64)+AppleWebKit/537.36+(KHTML,+like+Gecko)+Chrome/136.0.0.0+Safari/537.36 region=2;+lang=1;+.AspNet.Cookies=wtJ-C8r3vdnkPR1Aw1qzuyO0NV6Z74nKn2CeelxjHwsmhhAB6D9cqcH_Dhy34aW7wWBQoXjW7N63kxonahltPZ-jcrmaKoOM134-OT7-fza7mXHqKwjxrOWhBVFvVrb0vVl4xW6hGIzUNdWzEd5Eo_lm2HGowC_rXWb_YJ7IDbePcyyb1vS7AkgGAnGDFA-m8I-BHOJZs0F4eAWyU9bOhoxtjSJYB4u5OPHwnuvSEupyliuJB2WHI2rAKzuMcN7TdLmZrf8ug3HGbPkV4w8hpUukej2c8NMN7yefycgqbRBy_6W013dOD84roJuTo4fkJuQv5I1EDTHFL0R9haWr12Ejr4nQlCcXAxjU6wmSHDTJbQWWf3kYPN-1YWCP7H-9yOZ7R7KotSCCHmqI4GznIasdkE2K99YuhIfQLXdfEvRVh12x9Ef2ZunJA1a7X7d857dMvA;+ASP.NET_SessionId=kjuj034pqztdozgqslo2kn3a;+username=alexander.hermansson@informationsteknik.se;+PriceClass=26;+PriceList=EURS3+;+__RequestVerificationToken=jWmp1PELHc1Hb5W-j-xwFnm--3BkN2yvqBQbE54V1HHGm0m8LH4TjMMe3xN8YjYTOkAoegD8zLPo5XDn8kz605kRA4g1;+BIGipServerextron.com_443_pool=!I6oNOffSsY3+eF8MjvaJwiHEDz8tIOEnyqqQNmiOpvQubiTGHhBKSxOs/NdI0x5hO4sW/wzZdj9YtQ==;+_gid=GA1.2.1481421227.1746687589;+_gat_UA-130285241-1=1;+_clck=2ar2tt%7C2%7Cfvq%7C0%7C1938;+_ga_DP5ZZ9VH84=GS2.1.s1746687589$o15$g1$t1746687591$j58$l0$h0;+_ga=GA1.1.1242613871.1745311648;+_clsk=1wqke2q%7C1746687592121%7C2%7C1%7Ce.clarity.ms%2Fcollect https://www.extron.com/training/ www.extron.com 200 0 0 9469 5
2025-05-08 07:00:12 10.1.0.50 GET /api/v1/Article/Get articlehandle=menutraining&lang=1&region=2&loggedin=true 443 alexander.hermansson@informationsteknik.se 10.1.16.1 Mozilla/5.0+(Windows+NT+10.0;+Win64;+x64)+AppleWebKit/537.36+(KHTML,+like+Gecko)+Chrome/136.0.0.0+Safari/537.36 region=2;+lang=1;+.AspNet.Cookies=wtJ-C8r3vdnkPR1Aw1qzuyO0NV6Z74nKn2CeelxjHwsmhhAB6D9cqcH_Dhy34aW7wWBQoXjW7N63kxonahltPZ-jcrmaKoOM134-OT7-fza7mXHqKwjxrOWhBVFvVrb0vVl4xW6hGIzUNdWzEd5Eo_lm2HGowC_rXWb_YJ7IDbePcyyb1vS7AkgGAnGDFA-m8I-BHOJZs0F4eAWyU9bOhoxtjSJYB4u5OPHwnuvSEupyliuJB2WHI2rAKzuMcN7TdLmZrf8ug3HGbPkV4w8hpUukej2c8NMN7yefycgqbRBy_6W013dOD84roJuTo4fkJuQv5I1EDTHFL0R9haWr12Ejr4nQlCcXAxjU6wmSHDTJbQWWf3kYPN-1YWCP7H-9yOZ7R7KotSCCHmqI4GznIasdkE2K99YuhIfQLXdfEvRVh12x9Ef2ZunJA1a7X7d857dMvA;+ASP.NET_SessionId=kjuj034pqztdozgqslo2kn3a;+username=alexander.hermansson@informationsteknik.se;+PriceClass=26;+PriceList=EURS3+;+__RequestVerificationToken=jWmp1PELHc1Hb5W-j-xwFnm--3BkN2yvqBQbE54V1HHGm0m8LH4TjMMe3xN8YjYTOkAoegD8zLPo5XDn8kz605kRA4g1;+BIGipServerextron.com_443_pool=!I6oNOffSsY3+eF8MjvaJwiHEDz8tIOEnyqqQNmiOpvQubiTGHhBKSxOs/NdI0x5hO4sW/wzZdj9YtQ==;+_gid=GA1.2.1481421227.1746687589;+_gat_UA-130285241-1=1;+_clck=2ar2tt%7C2%7Cfvq%7C0%7C1938;+_ga_DP5ZZ9VH84=GS2.1.s1746687589$o15$g1$t1746687591$j58$l0$h0;+_ga=GA1.1.1242613871.1745311648;+_clsk=1wqke2q%7C1746687592121%7C2%7C1%7Ce.clarity.ms%2Fcollect https://www.extron.com/training/ www.extron.com 200 0 0 7554 6
2025-05-08 07:00:12 10.1.0.50 GET /api/v1/Article/Get articlehandle=menudownload&lang=1&region=2&loggedin=true 443 alexander.hermansson@informationsteknik.se 10.1.16.1 Mozilla/5.0+(Windows+NT+10.0;+Win64;+x64)+AppleWebKit/537.36+(KHTML,+like+Gecko)+Chrome/136.0.0.0+Safari/537.36 region=2;+lang=1;+.AspNet.Cookies=wtJ-C8r3vdnkPR1Aw1qzuyO0NV6Z74nKn2CeelxjHwsmhhAB6D9cqcH_Dhy34aW7wWBQoXjW7N63kxonahltPZ-jcrmaKoOM134-OT7-fza7mXHqKwjxrOWhBVFvVrb0vVl4xW6hGIzUNdWzEd5Eo_lm2HGowC_rXWb_YJ7IDbePcyyb1vS7AkgGAnGDFA-m8I-BHOJZs0F4eAWyU9bOhoxtjSJYB4u5OPHwnuvSEupyliuJB2WHI2rAKzuMcN7TdLmZrf8ug3HGbPkV4w8hpUukej2c8NMN7yefycgqbRBy_6W013dOD84roJuTo4fkJuQv5I1EDTHFL0R9haWr12Ejr4nQlCcXAxjU6wmSHDTJbQWWf3kYPN-1YWCP7H-9yOZ7R7KotSCCHmqI4GznIasdkE2K99YuhIfQLXdfEvRVh12x9Ef2ZunJA1a7X7d857dMvA;+ASP.NET_SessionId=kjuj034pqztdozgqslo2kn3a;+username=alexander.hermansson@informationsteknik.se;+PriceClass=26;+PriceList=EURS3+;+__RequestVerificationToken=jWmp1PELHc1Hb5W-j-xwFnm--3BkN2yvqBQbE54V1HHGm0m8LH4TjMMe3xN8YjYTOkAoegD8zLPo5XDn8kz605kRA4g1;+BIGipServerextron.com_443_pool=!I6oNOffSsY3+eF8MjvaJwiHEDz8tIOEnyqqQNmiOpvQubiTGHhBKSxOs/NdI0x5hO4sW/wzZdj9YtQ==;+_gid=GA1.2.1481421227.1746687589;+_gat_UA-130285241-1=1;+_clck=2ar2tt%7C2%7Cfvq%7C0%7C1938;+_ga_DP5ZZ9VH84=GS2.1.s1746687589$o15$g1$t1746687591$j58$l0$h0;+_ga=GA1.1.1242613871.1745311648;+_clsk=1wqke2q%7C1746687592121%7C2%7C1%7Ce.clarity.ms%2Fcollect https://www.extron.com/training/ www.extron.com 200 0 0 6665 5
2025-05-08 07:00:12 10.1.0.50 GET /api/v1/Article/Get articlehandle=menucompany&lang=1&region=2&loggedin=true 443 alexander.hermansson@informationsteknik.se 10.1.16.1 Mozilla/5.0+(Windows+NT+10.0;+Win64;+x64)+AppleWebKit/537.36+(KHTML,+like+Gecko)+Chrome/136.0.0.0+Safari/537.36 region=2;+lang=1;+.AspNet.Cookies=wtJ-C8r3vdnkPR1Aw1qzuyO0NV6Z74nKn2CeelxjHwsmhhAB6D9cqcH_Dhy34aW7wWBQoXjW7N63kxonahltPZ-jcrmaKoOM134-OT7-fza7mXHqKwjxrOWhBVFvVrb0vVl4xW6hGIzUNdWzEd5Eo_lm2HGowC_rXWb_YJ7IDbePcyyb1vS7AkgGAnGDFA-m8I-BHOJZs0F4eAWyU9bOhoxtjSJYB4u5OPHwnuvSEupyliuJB2WHI2rAKzuMcN7TdLmZrf8ug3HGbPkV4w8hpUukej2c8NMN7yefycgqbRBy_6W013dOD84roJuTo4fkJuQv5I1EDTHFL0R9haWr12Ejr4nQlCcXAxjU6wmSHDTJbQWWf3kYPN-1YWCP7H-9yOZ7R7KotSCCHmqI4GznIasdkE2K99YuhIfQLXdfEvRVh12x9Ef2ZunJA1a7X7d857dMvA;+ASP.NET_SessionId=kjuj034pqztdozgqslo2kn3a;+username=alexander.hermansson@informationsteknik.se;+PriceClass=26;+PriceList=EURS3+;+__RequestVerificationToken=jWmp1PELHc1Hb5W-j-xwFnm--3BkN2yvqBQbE54V1HHGm0m8LH4TjMMe3xN8YjYTOkAoegD8zLPo5XDn8kz605kRA4g1;+BIGipServerextron.com_443_pool=!I6oNOffSsY3+eF8MjvaJwiHEDz8tIOEnyqqQNmiOpvQubiTGHhBKSxOs/NdI0x5hO4sW/wzZdj9YtQ==;+_gid=GA1.2.1481421227.1746687589;+_gat_UA-130285241-1=1;+_clck=2ar2tt%7C2%7Cfvq%7C0%7C1938;+_ga_DP5ZZ9VH84=GS2.1.s1746687589$o15$g1$t1746687591$j58$l0$h0;+_ga=GA1.1.1242613871.1745311648;+_clsk=1wqke2q%7C1746687592121%7C2%7C1%7Ce.clarity.ms%2Fcollect https://www.extron.com/training/ www.extron.com 200 0 0 9077 6
2025-05-08 07:00:12 10.1.0.50 GET /site.webmanifest v=20180420 443 - 10.1.16.1 Mozilla/5.0+(Windows+NT+10.0;+Win64;+x64)+AppleWebKit/537.36+(KHTML,+like+Gecko)+Chrome/136.0.0.0+Safari/537.36 - https://www.extron.com/training/ www.extron.com 304 0 0 1705 1
2025-05-08 07:00:12 10.1.0.50 GET /favicon.ico v=20180420 443 alexander.hermansson@informationsteknik.se 10.1.16.1 Mozilla/5.0+(Windows+NT+10.0;+Win64;+x64)+AppleWebKit/537.36+(KHTML,+like+Gecko)+Chrome/136.0.0.0+Safari/537.36 region=2;+lang=1;+.AspNet.Cookies=wtJ-C8r3vdnkPR1Aw1qzuyO0NV6Z74nKn2CeelxjHwsmhhAB6D9cqcH_Dhy34aW7wWBQoXjW7N63kxonahltPZ-jcrmaKoOM134-OT7-fza7mXHqKwjxrOWhBVFvVrb0vVl4xW6hGIzUNdWzEd5Eo_lm2HGowC_rXWb_YJ7IDbePcyyb1vS7AkgGAnGDFA-m8I-BHOJZs0F4eAWyU9bOhoxtjSJYB4u5OPHwnuvSEupyliuJB2WHI2rAKzuMcN7TdLmZrf8ug3HGbPkV4w8hpUukej2c8NMN7yefycgqbRBy_6W013dOD84roJuTo4fkJuQv5I1EDTHFL0R9haWr12Ejr4nQlCcXAxjU6wmSHDTJbQWWf3kYPN-1YWCP7H-9yOZ7R7KotSCCHmqI4GznIasdkE2K99YuhIfQLXdfEvRVh12x9Ef2ZunJA1a7X7d857dMvA;+ASP.NET_SessionId=kjuj034pqztdozgqslo2kn3a;+username=alexander.hermansson@informationsteknik.se;+PriceClass=26;+PriceList=EURS3+;+__RequestVerificationToken=jWmp1PELHc1Hb5W-j-xwFnm--3BkN2yvqBQbE54V1HHGm0m8LH4TjMMe3xN8YjYTOkAoegD8zLPo5XDn8kz605kRA4g1;+BIGipServerextron.com_443_pool=!I6oNOffSsY3+eF8MjvaJwiHEDz8tIOEnyqqQNmiOpvQubiTGHhBKSxOs/NdI0x5hO4sW/wzZdj9YtQ==;+_gid=GA1.2.1481421227.1746687589;+_gat_UA-130285241-1=1;+_clck=2ar2tt%7C2%7Cfvq%7C0%7C1938;+_clsk=1wqke2q%7C1746687592121%7C2%7C1%7Ce.clarity.ms%2Fcollect;+_ga=GA1.2.1242613871.1745311648;+_ga_DP5ZZ9VH84=GS2.1.s1746687589$o15$g1$t1746687592$j57$l0$h0 https://www.extron.com/training/ www.extron.com 200 0 0 9197 1
2025-05-08 07:00:12 10.1.0.50 GET /product/vlockwallassembly subtype=176 443 - 10.1.16.1 Mozilla/5.0+(Linux;+Android+7.0;)+AppleWebKit/537.36+(KHTML,+like+Gecko)+Mobile+Safari/537.36+(compatible;+PetalBot;+https://webmaster.petalsearch.com/site/petalbot) - https://www.extron.it/Accessories/prodsubtype-176 www.extron.it 200 0 0 111280 482
2025-05-08 07:00:12 10.1.0.50 POST /services/membership/index.asmx - 443 - 10.1.16.1 Mozilla/4.0+(compatible;+MSIE+6.0;+MS+Web+Services+Client+Protocol+4.0.30319.42000) - - www.extron.com 200 0 0 2406 89
2025-05-08 07:00:12 10.1.0.50 GET / - 80 - 10.1.15.85 - - - - 200 0 64 0 847
2025-05-08 07:00:13 10.1.0.50 GET /矩阵切换器/prodtype-3 t=matrix 443 chaoran.su@budee.cn 10.1.16.1 Mozilla/5.0+(Windows+NT+10.0;+Win64;+x64;+rv:138.0)+Gecko/20100101+Firefox/138.0 region=5;+lang=7;+_ga_DP5ZZ9VH84=GS2.1.s1746680441$o83$g1$t1746687557$j56$l0$h0;+_ga=GA1.1.444436739.1734077477;+_clck=s0prz4%7C2%7Cfvq%7C0%7C1808;+ExtronRecViewProd=xtpthwp1014k,xtptusw1034k,xtptuwp2024k,xtpthd4k,xtptfb2024k,xtpiifr4018k,xtpsfrhd4k,xtpsrhd4k,xtprhd4k,xtpiift4028k,dxphd4kplus,dmsseries;+.AspNet.Cookies=JryJMvXfNQW7QZoVV-_9wRoSrtSHZEns8B8aHiLw3-ZntIFE1A9Hov0sht8VrSfo33FpRd92nxhG890R36e38Hz0QPXZP5ajF6temGKnVTmN-_gDHoIOYPTMMgjOhpJvTwQZ_Snwt0JJAGcOF-HedDizfZvpZpDUhzFeFJioZiaXkrKU4TxXuL79zKypyX92Zl8EujabhLeqIKssqJwnqpzqpm369Ic_JwJ1T2uvleiOZV2bnp7nUm9MU5iQ9_eFcLP2geKMPPgey1gfXxeir77qDpYWcIKkOxXlSwUS6axNmPybZ64tcgmlPcZq1r3IMs5HcgK9fdMMWGcnVdE5Wn971w8QPyUee1EbvUvaOe2iTsEFf7vaiOnmg6bIy22IPk8JFlXMUTY0dGJUnQHTubGmLG0z4Uri_qsRMnoikZnml1N9MSafWsF3O6_bI3H3eOSbWA;+_gid=GA1.2.1296537085.1746578326;+_clsk=975iy8%7C1746687558365%7C81%7C1%7Cl.clarity.ms%2Fcollect;+ASP.NET_SessionId=iszdwelhaw5katw5o0m1ycqp;+username=chaoran.su@budee.cn;+PriceClass=60;+PriceList=CNYEU;+__RequestVerificationToken=TF9CKQ-8Xxy89kQaPXku0GZVMWHL48MKOdvHV22VbWbRr_sGluhYDMr9C85fgZ0unv6pO1yDJq2xR8GK9BSxxwsajOE1;+BIGipServerextron.com_443_pool=!3gS1AZAjvNPHfdcMjvaJwiHEDz8tIAQ0o5sGoRZdOFJVVpuFT2pv+7hK3/FDvOMAzSOC8rBYJFFLYA==;+view_prodhome=Basic;+_gat_UA-130285241-1=1 https://www.extron.cn/product/ www.extron.cn 200 0 0 1205889 243
2025-05-08 07:00:13 10.1.0.50 GET / - 80 - 10.1.15.86 - - - - 200 0 64 0 743
2025-05-08 07:00:13 10.1.0.50 GET /Content/vendor/js-cookie/js.cookie-2.2.0.js - 443 - 10.1.16.1 Mozilla/5.0+(Windows+NT+6.1;+Win64;+x64)+AppleWebKit/537.36+(KHTML,+like+Gecko)+Chrome/109.0.0.0+Safari/537.36+Edg/109.0.1518.140 ASP.NET_SessionId=v4sr0zkzacze3mouncia1scm;+region=1;+lang=1;+__RequestVerificationToken=RH9ezm4kZ2-wwmjtjTuL-ZymLaimkPkviC8qf2ASEc-aWXAHS-MNG30m0PRb9di0VwUkJf40jZYILZ9eCiVBvKI0n2Q1;+BIGipServerextron.com_443_pool=!5S7tXiqUToJ84EkMjvaJwiHEDz8tIOwI4vIgmb+T3iRLDhxjUlXRW8D7J2Ep1r4KmhNFrjzB9hUcEg== https://www.extron.com/article/loudnesscontrol_ts www.extron.com 200 0 0 5852 1
2025-05-08 07:00:13 10.1.0.50 GET /technology/literature.aspx s=rmm&s=rmm&s=rmm&s=rmm&s=rmm&s=rmm&s=rmm&s=rmm&s=rmm&s=rmm&s=rmm&s=rmm&s=rmm&s=rmm&s=rmm&s=rmm&filetype=6&lang=3&tabid=5&id=All&filetype=81&lang=1&tabid=3&id=L&filetype=81&lang=1&tabid=3&id=L&filetype=102&lang=3&tabid=4&id=D&filetype=4&lang=3&tabid=1&id=Q&filetype=6&lang=3&tabid=5&id=M&filetype=6&lang=3&tabid=5&id=All&filetype=4&lang=3&tabid=1&id=N&filetype=81&lang=1&tabid=3&id=X&filetype=6&lang=3&tabid=5&id=R&filetype=81&lang=1&tabid=3&id=S&filetype=81&lang=1&tabid=3&id=K&filetype=4&lang=3&tabid=1&id=All&filetype=4&lang=3&tabid=1&id=A&filetype=81&lang=1&tabid=3&id=Y&filetype=4&lang=3&tabid=1&id=D 443 - 10.1.16.1 Mozilla/5.0+AppleWebKit/537.36+(KHTML,+like+Gecko;+compatible;+bingbot/2.0;++http://www.bing.com/bingbot.htm)+Chrome/116.0.1938.76+Safari/537.36 - - www.extron.fr 200 0 0 166075 1169
2025-05-08 07:00:13 10.1.0.50 GET /technology/literature.aspx tabid=1&tabid=1&tabid=3&tabid=1&tabid=1&tabid=1&filetype=81&lang=1&tabid=3&id=m&tabid=1&tabid=1&filetype=4&lang=7&tabid=1&id=v&filetype=81&lang=1&tabid=3&id=m&filetype=4&lang=7&tabid=1&id=0&filetype=81&lang=1&tabid=3&id=t&tabid=1&tabid=3&tabid=1&tabid=1&filetype=4&lang=7&tabid=1&id=v&filetype=81&lang=1&tabid=3&id=m&filetype=4&lang=7&tabid=1&id=0&tabid=1&tabid=1&filetype=81&lang=1&tabid=3&id=m&tabid=1&tabid=1&filetype=4&lang=7&tabid=1&id=v&filetype=81&lang=1&tabid=3&id=m&filetype=4&lang=7&tabid=1&id=0&filetype=81&lang=1&tabid=3&id=t&filetype=4&lang=7&tabid=1&id=A&filetype=4&lang=7&tabid=1&id=D&filetype=4&lang=7&tabid=1&id=N 443 - 10.1.16.1 Mozilla/5.0+AppleWebKit/537.36+(KHTML,+like+Gecko;+compatible;+bingbot/2.0;++http://www.bing.com/bingbot.htm)+Chrome/116.0.1938.76+Safari/537.36 - - www.extron.com.au 200 0 0 172766 844
2025-05-08 07:00:13 10.1.0.50 POST /Product/GetProductTabs/ - 443 - 10.1.16.1 Mozilla/5.0+(Windows+NT+10.0;+Win64;+x64)+AppleWebKit/537.36+(KHTML,+like+Gecko;+compatible;+Yeti/1.1;++https://naver.me/spd)+Chrome/133.0.0.0+Safari/537.36 ASP.NET_SessionId=nal0s5v24ybgjehxnam2aikg;+BIGipServerextron.com_443_pool=838861066.47873.0000;+ExtronRecViewProd=dtptuwp4k232d;+__RequestVerificationToken=hWqklc_HJM1hV9vxXTX4fzEzImEinrN2Gnr5CAQoYP15aYpqNEfX7ceWhLM418aYx_wHtdRQex3zWqfHKGYQMQ-_q381;+lang=9;+region=3 https://www.extron.com/product/dtptuwp4k232d?subtype=618 www.extron.com 200 0 0 1845 6
2025-05-08 07:00:13 10.1.0.50 GET /tools/signage id=4ksignage 443 - 10.1.16.1 - - - www.extron.com 200 0 0 17926 7
2025-05-08 07:00:13 10.1.0.50 POST /product/ProdModels/dtptuwp4k232d - 443 - 10.1.16.1 Mozilla/5.0+(Windows+NT+10.0;+Win64;+x64)+AppleWebKit/537.36+(KHTML,+like+Gecko;+compatible;+Yeti/1.1;++https://naver.me/spd)+Chrome/133.0.0.0+Safari/537.36 ASP.NET_SessionId=nal0s5v24ybgjehxnam2aikg;+BIGipServerextron.com_443_pool=838861066.47873.0000;+ExtronRecViewProd=dtptuwp4k232d;+__RequestVerificationToken=hWqklc_HJM1hV9vxXTX4fzEzImEinrN2Gnr5CAQoYP15aYpqNEfX7ceWhLM418aYx_wHtdRQex3zWqfHKGYQMQ-_q381;+lang=9;+region=3 https://www.extron.com/product/dtptuwp4k232d?subtype=618 www.extron.com 200 0 0 7371 14
2025-05-08 07:00:13 10.1.0.50 POST /product/Firmware/dtptuwp4k232d prodid=16356 443 - 10.1.16.1 Mozilla/5.0+(Windows+NT+10.0;+Win64;+x64)+AppleWebKit/537.36+(KHTML,+like+Gecko;+compatible;+Yeti/1.1;++https://naver.me/spd)+Chrome/133.0.0.0+Safari/537.36 ASP.NET_SessionId=nal0s5v24ybgjehxnam2aikg;+BIGipServerextron.com_443_pool=838861066.47873.0000;+ExtronRecViewProd=dtptuwp4k232d;+__RequestVerificationToken=hWqklc_HJM1hV9vxXTX4fzEzImEinrN2Gnr5CAQoYP15aYpqNEfX7ceWhLM418aYx_wHtdRQex3zWqfHKGYQMQ-_q381;+lang=9;+region=3 https://www.extron.com/product/dtptuwp4k232d?subtype=618 www.extron.com 200 0 0 1718 7
2025-05-08 07:00:13 10.1.0.50 GET /Receivers/prodsubtype-617 - 443 lnah@extron.com 10.1.16.1 Mozilla/5.0+(Windows+NT+10.0;+Win64;+x64)+AppleWebKit/537.36+(KHTML,+like+Gecko)+Chrome/135.0.0.0+Safari/537.36 lang=1;+region=3;+_gid=GA1.2.1420396670.1746408377;+ASP.NET_SessionId=4cye422eix0321wiv0qjrafu;+__RequestVerificationToken=fANlzh5QNg8shi1SxcPj7FFjmKKwNY4bojEfgz6ZggvrRlYzXJlbLi4XACv6ZGCJrkPfj_ST7MR6VGxxmUO4DkrgbA41;+_clck=fc8qsr%7C2%7Cfvq%7C0%7C1783;+username=lnah@extron.com;+PriceClass=60;+PriceList=S3+;+.AspNet.Cookies=Ql8qoVFqiXHZrY3Z1gIARaU2JRd_bwi_g3v6CHQWA3qPMDJWiJ6DqK5Waw8lyfF60Yxn91lJ8BrDEihsalGopDHyxV0klnawrUdLcifjM3ZGDXhRVYMRGFsLi9gEYvMlamUqnl6QoyEpSBAOCbbmWEeKXmft_Hxhx1dae7CpGHGdx3LSl1wDVQi-aOLbYmCA0Y_IfXhnEnO6oJSQqoNN_n7zik-lAzUd1SAyny4RQYHHv0bfu2_0fo2eJJfslN0qkzp9-vCP8WSqS4zGXApM9Xl0bg_c_Z9fEDXYuEGRR7L0tVdzXlkaT44CUFfRKyyHLZPQLQpkPdkrWK3aAshOGfCqMZ4TBqPW0NyUt2FELR_DSP6ZJHrZjtKOGhdkeZr3XvdYuVBzuaH9U-CGUb--oCA78YvA3f-Ve_gzLD4zktJysjSJ;+_gat_UA-130285241-1=1;+ExtronRecViewProd=dmp44xi,cablecubby202,xtpiicphd4kplusio,nave111dtp3,dtp3crosspoint622,ssp200,dtp3r201,dtphdmi330rx,dtp3t202,dtphdmi330tx,dtpthd24k330,dtp2t211;+_clsk=ruq57m%7C1746687559281%7C15%7C1%7Cb.clarity.ms%2Fcollect;+_ga=GA1.2.630089218.1731903416;+_ga_DP5ZZ9VH84=GS2.1.s1746686336$o431$g1$t1746687564$j43$l0$h0 https://www.extron.com/product/dtp2t211 www.extron.com 200 0 0 1226785 916
2025-05-08 07:00:13 10.1.0.50 GET / - 443 - 10.1.15.85 - - - - 200 0 64 0 538
2025-05-08 07:00:13 10.1.0.50 GET / - 443 - 10.1.15.86 - - - - 200 0 0 107504 452
2025-05-08 07:00:13 10.1.0.50 GET /Content/vendor/jqueryui/themes/smoothness/jquery-1.12.0-ui.css - 443 chaoran.su@budee.cn 10.1.16.1 Mozilla/5.0+(Windows+NT+10.0;+Win64;+x64;+rv:138.0)+Gecko/20100101+Firefox/138.0 region=5;+lang=7;+_ga_DP5ZZ9VH84=GS2.1.s1746680441$o83$g1$t1746687593$j20$l0$h0;+_ga=GA1.1.444436739.1734077477;+_clck=s0prz4%7C2%7Cfvq%7C0%7C1808;+ExtronRecViewProd=xtpthwp1014k,xtptusw1034k,xtptuwp2024k,xtpthd4k,xtptfb2024k,xtpiifr4018k,xtpsfrhd4k,xtpsrhd4k,xtprhd4k,xtpiift4028k,dxphd4kplus,dmsseries;+.AspNet.Cookies=JryJMvXfNQW7QZoVV-_9wRoSrtSHZEns8B8aHiLw3-ZntIFE1A9Hov0sht8VrSfo33FpRd92nxhG890R36e38Hz0QPXZP5ajF6temGKnVTmN-_gDHoIOYPTMMgjOhpJvTwQZ_Snwt0JJAGcOF-HedDizfZvpZpDUhzFeFJioZiaXkrKU4TxXuL79zKypyX92Zl8EujabhLeqIKssqJwnqpzqpm369Ic_JwJ1T2uvleiOZV2bnp7nUm9MU5iQ9_eFcLP2geKMPPgey1gfXxeir77qDpYWcIKkOxXlSwUS6axNmPybZ64tcgmlPcZq1r3IMs5HcgK9fdMMWGcnVdE5Wn971w8QPyUee1EbvUvaOe2iTsEFf7vaiOnmg6bIy22IPk8JFlXMUTY0dGJUnQHTubGmLG0z4Uri_qsRMnoikZnml1N9MSafWsF3O6_bI3H3eOSbWA;+_gid=GA1.2.1296537085.1746578326;+_clsk=975iy8%7C1746687558365%7C81%7C1%7Cl.clarity.ms%2Fcollect;+ASP.NET_SessionId=iszdwelhaw5katw5o0m1ycqp;+username=chaoran.su@budee.cn;+PriceClass=60;+PriceList=CNYEU;+__RequestVerificationToken=TF9CKQ-8Xxy89kQaPXku0GZVMWHL48MKOdvHV22VbWbRr_sGluhYDMr9C85fgZ0unv6pO1yDJq2xR8GK9BSxxwsajOE1;+BIGipServerextron.com_443_pool=!3gS1AZAjvNPHfdcMjvaJwiHEDz8tIAQ0o5sGoRZdOFJVVpuFT2pv+7hK3/FDvOMAzSOC8rBYJFFLYA==;+view_prodhome=Basic;+_gat_UA-130285241-1=1 https://www.extron.cn/%e7%9f%a9%e9%98%b5%e5%88%87%e6%8d%a2%e5%99%a8/prodtype-3?t=matrix www.extron.cn 304 0 0 1705 2
2025-05-08 07:00:13 10.1.0.50 GET /Content/vendor/bs-offcanvas/dist/css/bootstrap.offcanvas.css - 443 chaoran.su@budee.cn 10.1.16.1 Mozilla/5.0+(Windows+NT+10.0;+Win64;+x64;+rv:138.0)+Gecko/20100101+Firefox/138.0 region=5;+lang=7;+_ga_DP5ZZ9VH84=GS2.1.s1746680441$o83$g1$t1746687593$j20$l0$h0;+_ga=GA1.1.444436739.1734077477;+_clck=s0prz4%7C2%7Cfvq%7C0%7C1808;+ExtronRecViewProd=xtpthwp1014k,xtptusw1034k,xtptuwp2024k,xtpthd4k,xtptfb2024k,xtpiifr4018k,xtpsfrhd4k,xtpsrhd4k,xtprhd4k,xtpiift4028k,dxphd4kplus,dmsseries;+.AspNet.Cookies=JryJMvXfNQW7QZoVV-_9wRoSrtSHZEns8B8aHiLw3-ZntIFE1A9Hov0sht8VrSfo33FpRd92nxhG890R36e38Hz0QPXZP5ajF6temGKnVTmN-_gDHoIOYPTMMgjOhpJvTwQZ_Snwt0JJAGcOF-HedDizfZvpZpDUhzFeFJioZiaXkrKU4TxXuL79zKypyX92Zl8EujabhLeqIKssqJwnqpzqpm369Ic_JwJ1T2uvleiOZV2bnp7nUm9MU5iQ9_eFcLP2geKMPPgey1gfXxeir77qDpYWcIKkOxXlSwUS6axNmPybZ64tcgmlPcZq1r3IMs5HcgK9fdMMWGcnVdE5Wn971w8QPyUee1EbvUvaOe2iTsEFf7vaiOnmg6bIy22IPk8JFlXMUTY0dGJUnQHTubGmLG0z4Uri_qsRMnoikZnml1N9MSafWsF3O6_bI3H3eOSbWA;+_gid=GA1.2.1296537085.1746578326;+_clsk=975iy8%7C1746687558365%7C81%7C1%7Cl.clarity.ms%2Fcollect;+ASP.NET_SessionId=iszdwelhaw5katw5o0m1ycqp;+username=chaoran.su@budee.cn;+PriceClass=60;+PriceList=CNYEU;+__RequestVerificationToken=TF9CKQ-8Xxy89kQaPXku0GZVMWHL48MKOdvHV22VbWbRr_sGluhYDMr9C85fgZ0unv6pO1yDJq2xR8GK9BSxxwsajOE1;+BIGipServerextron.com_443_pool=!3gS1AZAjvNPHfdcMjvaJwiHEDz8tIAQ0o5sGoRZdOFJVVpuFT2pv+7hK3/FDvOMAzSOC8rBYJFFLYA==;+view_prodhome=Basic;+_gat_UA-130285241-1=1 https://www.extron.cn/%e7%9f%a9%e9%98%b5%e5%88%87%e6%8d%a2%e5%99%a8/prodtype-3?t=matrix www.extron.cn 304 0 0 1705 1
2025-05-08 07:00:13 10.1.0.50 GET /Content/vendor/fancybox-3.5.7/dist/jquery.fancybox.css - 443 chaoran.su@budee.cn 10.1.16.1 Mozilla/5.0+(Windows+NT+10.0;+Win64;+x64;+rv:138.0)+Gecko/20100101+Firefox/138.0 region=5;+lang=7;+_ga_DP5ZZ9VH84=GS2.1.s1746680441$o83$g1$t1746687593$j20$l0$h0;+_ga=GA1.1.444436739.1734077477;+_clck=s0prz4%7C2%7Cfvq%7C0%7C1808;+ExtronRecViewProd=xtpthwp1014k,xtptusw1034k,xtptuwp2024k,xtpthd4k,xtptfb2024k,xtpiifr4018k,xtpsfrhd4k,xtpsrhd4k,xtprhd4k,xtpiift4028k,dxphd4kplus,dmsseries;+.AspNet.Cookies=JryJMvXfNQW7QZoVV-_9wRoSrtSHZEns8B8aHiLw3-ZntIFE1A9Hov0sht8VrSfo33FpRd92nxhG890R36e38Hz0QPXZP5ajF6temGKnVTmN-_gDHoIOYPTMMgjOhpJvTwQZ_Snwt0JJAGcOF-HedDizfZvpZpDUhzFeFJioZiaXkrKU4TxXuL79zKypyX92Zl8EujabhLeqIKssqJwnqpzqpm369Ic_JwJ1T2uvleiOZV2bnp7nUm9MU5iQ9_eFcLP2geKMPPgey1gfXxeir77qDpYWcIKkOxXlSwUS6axNmPybZ64tcgmlPcZq1r3IMs5HcgK9fdMMWGcnVdE5Wn971w8QPyUee1EbvUvaOe2iTsEFf7vaiOnmg6bIy22IPk8JFlXMUTY0dGJUnQHTubGmLG0z4Uri_qsRMnoikZnml1N9MSafWsF3O6_bI3H3eOSbWA;+_gid=GA1.2.1296537085.1746578326;+_clsk=975iy8%7C1746687558365%7C81%7C1%7Cl.clarity.ms%2Fcollect;+ASP.NET_SessionId=iszdwelhaw5katw5o0m1ycqp;+username=chaoran.su@budee.cn;+PriceClass=60;+PriceList=CNYEU;+__RequestVerificationToken=TF9CKQ-8Xxy89kQaPXku0GZVMWHL48MKOdvHV22VbWbRr_sGluhYDMr9C85fgZ0unv6pO1yDJq2xR8GK9BSxxwsajOE1;+BIGipServerextron.com_443_pool=!3gS1AZAjvNPHfdcMjvaJwiHEDz8tIAQ0o5sGoRZdOFJVVpuFT2pv+7hK3/FDvOMAzSOC8rBYJFFLYA==;+view_prodhome=Basic;+_gat_UA-130285241-1=1 https://www.extron.cn/%e7%9f%a9%e9%98%b5%e5%88%87%e6%8d%a2%e5%99%a8/prodtype-3?t=matrix www.extron.cn 304 0 0 1705 1
2025-05-08 07:00:13 10.1.0.50 GET /Content/css/Shared/extron_bs5.css - 443 chaoran.su@budee.cn 10.1.16.1 Mozilla/5.0+(Windows+NT+10.0;+Win64;+x64;+rv:138.0)+Gecko/20100101+Firefox/138.0 region=5;+lang=7;+_ga_DP5ZZ9VH84=GS2.1.s1746680441$o83$g1$t1746687593$j20$l0$h0;+_ga=GA1.1.444436739.1734077477;+_clck=s0prz4%7C2%7Cfvq%7C0%7C1808;+ExtronRecViewProd=xtpthwp1014k,xtptusw1034k,xtptuwp2024k,xtpthd4k,xtptfb2024k,xtpiifr4018k,xtpsfrhd4k,xtpsrhd4k,xtprhd4k,xtpiift4028k,dxphd4kplus,dmsseries;+.AspNet.Cookies=JryJMvXfNQW7QZoVV-_9wRoSrtSHZEns8B8aHiLw3-ZntIFE1A9Hov0sht8VrSfo33FpRd92nxhG890R36e38Hz0QPXZP5ajF6temGKnVTmN-_gDHoIOYPTMMgjOhpJvTwQZ_Snwt0JJAGcOF-HedDizfZvpZpDUhzFeFJioZiaXkrKU4TxXuL79zKypyX92Zl8EujabhLeqIKssqJwnqpzqpm369Ic_JwJ1T2uvleiOZV2bnp7nUm9MU5iQ9_eFcLP2geKMPPgey1gfXxeir77qDpYWcIKkOxXlSwUS6axNmPybZ64tcgmlPcZq1r3IMs5HcgK9fdMMWGcnVdE5Wn971w8QPyUee1EbvUvaOe2iTsEFf7vaiOnmg6bIy22IPk8JFlXMUTY0dGJUnQHTubGmLG0z4Uri_qsRMnoikZnml1N9MSafWsF3O6_bI3H3eOSbWA;+_gid=GA1.2.1296537085.1746578326;+_clsk=975iy8%7C1746687558365%7C81%7C1%7Cl.clarity.ms%2Fcollect;+ASP.NET_SessionId=iszdwelhaw5katw5o0m1ycqp;+username=chaoran.su@budee.cn;+PriceClass=60;+PriceList=CNYEU;+__RequestVerificationToken=TF9CKQ-8Xxy89kQaPXku0GZVMWHL48MKOdvHV22VbWbRr_sGluhYDMr9C85fgZ0unv6pO1yDJq2xR8GK9BSxxwsajOE1;+BIGipServerextron.com_443_pool=!3gS1AZAjvNPHfdcMjvaJwiHEDz8tIAQ0o5sGoRZdOFJVVpuFT2pv+7hK3/FDvOMAzSOC8rBYJFFLYA==;+view_prodhome=Basic;+_gat_UA-130285241-1=1 https://www.extron.cn/%e7%9f%a9%e9%98%b5%e5%88%87%e6%8d%a2%e5%99%a8/prodtype-3?t=matrix www.extron.cn 304 0 0 1703 1
2025-05-08 07:00:13 10.1.0.50 GET /Content/vendor/fontawesome/css/all.min.css - 443 chaoran.su@budee.cn 10.1.16.1 Mozilla/5.0+(Windows+NT+10.0;+Win64;+x64;+rv:138.0)+Gecko/20100101+Firefox/138.0 region=5;+lang=7;+_ga_DP5ZZ9VH84=GS2.1.s1746680441$o83$g1$t1746687593$j20$l0$h0;+_ga=GA1.1.444436739.1734077477;+_clck=s0prz4%7C2%7Cfvq%7C0%7C1808;+ExtronRecViewProd=xtpthwp1014k,xtptusw1034k,xtptuwp2024k,xtpthd4k,xtptfb2024k,xtpiifr4018k,xtpsfrhd4k,xtpsrhd4k,xtprhd4k,xtpiift4028k,dxphd4kplus,dmsseries;+.AspNet.Cookies=JryJMvXfNQW7QZoVV-_9wRoSrtSHZEns8B8aHiLw3-ZntIFE1A9Hov0sht8VrSfo33FpRd92nxhG890R36e38Hz0QPXZP5ajF6temGKnVTmN-_gDHoIOYPTMMgjOhpJvTwQZ_Snwt0JJAGcOF-HedDizfZvpZpDUhzFeFJioZiaXkrKU4TxXuL79zKypyX92Zl8EujabhLeqIKssqJwnqpzqpm369Ic_JwJ1T2uvleiOZV2bnp7nUm9MU5iQ9_eFcLP2geKMPPgey1gfXxeir77qDpYWcIKkOxXlSwUS6axNmPybZ64tcgmlPcZq1r3IMs5HcgK9fdMMWGcnVdE5Wn971w8QPyUee1EbvUvaOe2iTsEFf7vaiOnmg6bIy22IPk8JFlXMUTY0dGJUnQHTubGmLG0z4Uri_qsRMnoikZnml1N9MSafWsF3O6_bI3H3eOSbWA;+_gid=GA1.2.1296537085.1746578326;+_clsk=975iy8%7C1746687558365%7C81%7C1%7Cl.clarity.ms%2Fcollect;+ASP.NET_SessionId=iszdwelhaw5katw5o0m1ycqp;+username=chaoran.su@budee.cn;+PriceClass=60;+PriceList=CNYEU;+__RequestVerificationToken=TF9CKQ-8Xxy89kQaPXku0GZVMWHL48MKOdvHV22VbWbRr_sGluhYDMr9C85fgZ0unv6pO1yDJq2xR8GK9BSxxwsajOE1;+BIGipServerextron.com_443_pool=!3gS1AZAjvNPHfdcMjvaJwiHEDz8tIAQ0o5sGoRZdOFJVVpuFT2pv+7hK3/FDvOMAzSOC8rBYJFFLYA==;+view_prodhome=Basic;+_gat_UA-130285241-1=1 https://www.extron.cn/%e7%9f%a9%e9%98%b5%e5%88%87%e6%8d%a2%e5%99%a8/prodtype-3?t=matrix www.extron.cn 304 0 0 1703 2
2025-05-08 07:00:13 10.1.0.50 GET /Content/css/Shared/cookies.css - 443 chaoran.su@budee.cn 10.1.16.1 Mozilla/5.0+(Windows+NT+10.0;+Win64;+x64;+rv:138.0)+Gecko/20100101+Firefox/138.0 region=5;+lang=7;+_ga_DP5ZZ9VH84=GS2.1.s1746680441$o83$g1$t1746687593$j20$l0$h0;+_ga=GA1.1.444436739.1734077477;+_clck=s0prz4%7C2%7Cfvq%7C0%7C1808;+ExtronRecViewProd=xtpthwp1014k,xtptusw1034k,xtptuwp2024k,xtpthd4k,xtptfb2024k,xtpiifr4018k,xtpsfrhd4k,xtpsrhd4k,xtprhd4k,xtpiift4028k,dxphd4kplus,dmsseries;+.AspNet.Cookies=JryJMvXfNQW7QZoVV-_9wRoSrtSHZEns8B8aHiLw3-ZntIFE1A9Hov0sht8VrSfo33FpRd92nxhG890R36e38Hz0QPXZP5ajF6temGKnVTmN-_gDHoIOYPTMMgjOhpJvTwQZ_Snwt0JJAGcOF-HedDizfZvpZpDUhzFeFJioZiaXkrKU4TxXuL79zKypyX92Zl8EujabhLeqIKssqJwnqpzqpm369Ic_JwJ1T2uvleiOZV2bnp7nUm9MU5iQ9_eFcLP2geKMPPgey1gfXxeir77qDpYWcIKkOxXlSwUS6axNmPybZ64tcgmlPcZq1r3IMs5HcgK9fdMMWGcnVdE5Wn971w8QPyUee1EbvUvaOe2iTsEFf7vaiOnmg6bIy22IPk8JFlXMUTY0dGJUnQHTubGmLG0z4Uri_qsRMnoikZnml1N9MSafWsF3O6_bI3H3eOSbWA;+_gid=GA1.2.1296537085.1746578326;+_clsk=975iy8%7C1746687558365%7C81%7C1%7Cl.clarity.ms%2Fcollect;+ASP.NET_SessionId=iszdwelhaw5katw5o0m1ycqp;+username=chaoran.su@budee.cn;+PriceClass=60;+PriceList=CNYEU;+__RequestVerificationToken=TF9CKQ-8Xxy89kQaPXku0GZVMWHL48MKOdvHV22VbWbRr_sGluhYDMr9C85fgZ0unv6pO1yDJq2xR8GK9BSxxwsajOE1;+BIGipServerextron.com_443_pool=!3gS1AZAjvNPHfdcMjvaJwiHEDz8tIAQ0o5sGoRZdOFJVVpuFT2pv+7hK3/FDvOMAzSOC8rBYJFFLYA==;+view_prodhome=Basic;+_gat_UA-130285241-1=1 https://www.extron.cn/%e7%9f%a9%e9%98%b5%e5%88%87%e6%8d%a2%e5%99%a8/prodtype-3?t=matrix www.extron.cn 304 0 0 1705 2
2025-05-08 07:00:13 10.1.0.50 GET /Content/vendor/bs-offcanvas/dist/css/bootstrap.offcanvas.css - 443 lnah@extron.com 10.1.16.1 Mozilla/5.0+(Windows+NT+10.0;+Win64;+x64)+AppleWebKit/537.36+(KHTML,+like+Gecko)+Chrome/135.0.0.0+Safari/537.36 lang=1;+region=3;+_gid=GA1.2.1420396670.1746408377;+ASP.NET_SessionId=4cye422eix0321wiv0qjrafu;+__RequestVerificationToken=fANlzh5QNg8shi1SxcPj7FFjmKKwNY4bojEfgz6ZggvrRlYzXJlbLi4XACv6ZGCJrkPfj_ST7MR6VGxxmUO4DkrgbA41;+_clck=fc8qsr%7C2%7Cfvq%7C0%7C1783;+username=lnah@extron.com;+PriceClass=60;+PriceList=S3+;+.AspNet.Cookies=Ql8qoVFqiXHZrY3Z1gIARaU2JRd_bwi_g3v6CHQWA3qPMDJWiJ6DqK5Waw8lyfF60Yxn91lJ8BrDEihsalGopDHyxV0klnawrUdLcifjM3ZGDXhRVYMRGFsLi9gEYvMlamUqnl6QoyEpSBAOCbbmWEeKXmft_Hxhx1dae7CpGHGdx3LSl1wDVQi-aOLbYmCA0Y_IfXhnEnO6oJSQqoNN_n7zik-lAzUd1SAyny4RQYHHv0bfu2_0fo2eJJfslN0qkzp9-vCP8WSqS4zGXApM9Xl0bg_c_Z9fEDXYuEGRR7L0tVdzXlkaT44CUFfRKyyHLZPQLQpkPdkrWK3aAshOGfCqMZ4TBqPW0NyUt2FELR_DSP6ZJHrZjtKOGhdkeZr3XvdYuVBzuaH9U-CGUb--oCA78YvA3f-Ve_gzLD4zktJysjSJ;+_gat_UA-130285241-1=1;+ExtronRecViewProd=dmp44xi,cablecubby202,xtpiicphd4kplusio,nave111dtp3,dtp3crosspoint622,ssp200,dtp3r201,dtphdmi330rx,dtp3t202,dtphdmi330tx,dtpthd24k330,dtp2t211;+_clsk=ruq57m%7C1746687559281%7C15%7C1%7Cb.clarity.ms%2Fcollect;+_ga=GA1.2.630089218.1731903416;+_ga_DP5ZZ9VH84=GS2.1.s1746686336$o431$g1$t1746687593$j14$l0$h0 https://www.extron.com/Receivers/prodsubtype-617 www.extron.com 304 0 0 1705 1
2025-05-08 07:00:13 10.1.0.50 GET /Content/vendor/fancybox-3.5.7/dist/jquery.fancybox.css - 443 lnah@extron.com 10.1.16.1 Mozilla/5.0+(Windows+NT+10.0;+Win64;+x64)+AppleWebKit/537.36+(KHTML,+like+Gecko)+Chrome/135.0.0.0+Safari/537.36 lang=1;+region=3;+_gid=GA1.2.1420396670.1746408377;+ASP.NET_SessionId=4cye422eix0321wiv0qjrafu;+__RequestVerificationToken=fANlzh5QNg8shi1SxcPj7FFjmKKwNY4bojEfgz6ZggvrRlYzXJlbLi4XACv6ZGCJrkPfj_ST7MR6VGxxmUO4DkrgbA41;+_clck=fc8qsr%7C2%7Cfvq%7C0%7C1783;+username=lnah@extron.com;+PriceClass=60;+PriceList=S3+;+.AspNet.Cookies=Ql8qoVFqiXHZrY3Z1gIARaU2JRd_bwi_g3v6CHQWA3qPMDJWiJ6DqK5Waw8lyfF60Yxn91lJ8BrDEihsalGopDHyxV0klnawrUdLcifjM3ZGDXhRVYMRGFsLi9gEYvMlamUqnl6QoyEpSBAOCbbmWEeKXmft_Hxhx1dae7CpGHGdx3LSl1wDVQi-aOLbYmCA0Y_IfXhnEnO6oJSQqoNN_n7zik-lAzUd1SAyny4RQYHHv0bfu2_0fo2eJJfslN0qkzp9-vCP8WSqS4zGXApM9Xl0bg_c_Z9fEDXYuEGRR7L0tVdzXlkaT44CUFfRKyyHLZPQLQpkPdkrWK3aAshOGfCqMZ4TBqPW0NyUt2FELR_DSP6ZJHrZjtKOGhdkeZr3XvdYuVBzuaH9U-CGUb--oCA78YvA3f-Ve_gzLD4zktJysjSJ;+_gat_UA-130285241-1=1;+ExtronRecViewProd=dmp44xi,cablecubby202,xtpiicphd4kplusio,nave111dtp3,dtp3crosspoint622,ssp200,dtp3r201,dtphdmi330rx,dtp3t202,dtphdmi330tx,dtpthd24k330,dtp2t211;+_clsk=ruq57m%7C1746687559281%7C15%7C1%7Cb.clarity.ms%2Fcollect;+_ga=GA1.2.630089218.1731903416;+_ga_DP5ZZ9VH84=GS2.1.s1746686336$o431$g1$t1746687593$j14$l0$h0 https://www.extron.com/Receivers/prodsubtype-617 www.extron.com 304 0 0 1705 1
2025-05-08 07:00:13 10.1.0.50 GET /Content/vendor/fontawesome/css/all.min.css - 443 lnah@extron.com 10.1.16.1 Mozilla/5.0+(Windows+NT+10.0;+Win64;+x64)+AppleWebKit/537.36+(KHTML,+like+Gecko)+Chrome/135.0.0.0+Safari/537.36 lang=1;+region=3;+_gid=GA1.2.1420396670.1746408377;+ASP.NET_SessionId=4cye422eix0321wiv0qjrafu;+__RequestVerificationToken=fANlzh5QNg8shi1SxcPj7FFjmKKwNY4bojEfgz6ZggvrRlYzXJlbLi4XACv6ZGCJrkPfj_ST7MR6VGxxmUO4DkrgbA41;+_clck=fc8qsr%7C2%7Cfvq%7C0%7C1783;+username=lnah@extron.com;+PriceClass=60;+PriceList=S3+;+.AspNet.Cookies=Ql8qoVFqiXHZrY3Z1gIARaU2JRd_bwi_g3v6CHQWA3qPMDJWiJ6DqK5Waw8lyfF60Yxn91lJ8BrDEihsalGopDHyxV0klnawrUdLcifjM3ZGDXhRVYMRGFsLi9gEYvMlamUqnl6QoyEpSBAOCbbmWEeKXmft_Hxhx1dae7CpGHGdx3LSl1wDVQi-aOLbYmCA0Y_IfXhnEnO6oJSQqoNN_n7zik-lAzUd1SAyny4RQYHHv0bfu2_0fo2eJJfslN0qkzp9-vCP8WSqS4zGXApM9Xl0bg_c_Z9fEDXYuEGRR7L0tVdzXlkaT44CUFfRKyyHLZPQLQpkPdkrWK3aAshOGfCqMZ4TBqPW0NyUt2FELR_DSP6ZJHrZjtKOGhdkeZr3XvdYuVBzuaH9U-CGUb--oCA78YvA3f-Ve_gzLD4zktJysjSJ;+_gat_UA-130285241-1=1;+ExtronRecViewProd=dmp44xi,cablecubby202,xtpiicphd4kplusio,nave111dtp3,dtp3crosspoint622,ssp200,dtp3r201,dtphdmi330rx,dtp3t202,dtphdmi330tx,dtpthd24k330,dtp2t211;+_clsk=ruq57m%7C1746687559281%7C15%7C1%7Cb.clarity.ms%2Fcollect;+_ga=GA1.2.630089218.1731903416;+_ga_DP5ZZ9VH84=GS2.1.s1746686336$o431$g1$t1746687593$j14$l0$h0 https://www.extron.com/Receivers/prodsubtype-617 www.extron.com 304 0 0 1703 2
2025-05-08 07:00:13 10.1.0.50 GET /Content/vendor/jqueryui/themes/smoothness/jquery-1.12.0-ui.css - 443 lnah@extron.com 10.1.16.1 Mozilla/5.0+(Windows+NT+10.0;+Win64;+x64)+AppleWebKit/537.36+(KHTML,+like+Gecko)+Chrome/135.0.0.0+Safari/537.36 lang=1;+region=3;+_gid=GA1.2.1420396670.1746408377;+ASP.NET_SessionId=4cye422eix0321wiv0qjrafu;+__RequestVerificationToken=fANlzh5QNg8shi1SxcPj7FFjmKKwNY4bojEfgz6ZggvrRlYzXJlbLi4XACv6ZGCJrkPfj_ST7MR6VGxxmUO4DkrgbA41;+_clck=fc8qsr%7C2%7Cfvq%7C0%7C1783;+username=lnah@extron.com;+PriceClass=60;+PriceList=S3+;+.AspNet.Cookies=Ql8qoVFqiXHZrY3Z1gIARaU2JRd_bwi_g3v6CHQWA3qPMDJWiJ6DqK5Waw8lyfF60Yxn91lJ8BrDEihsalGopDHyxV0klnawrUdLcifjM3ZGDXhRVYMRGFsLi9gEYvMlamUqnl6QoyEpSBAOCbbmWEeKXmft_Hxhx1dae7CpGHGdx3LSl1wDVQi-aOLbYmCA0Y_IfXhnEnO6oJSQqoNN_n7zik-lAzUd1SAyny4RQYHHv0bfu2_0fo2eJJfslN0qkzp9-vCP8WSqS4zGXApM9Xl0bg_c_Z9fEDXYuEGRR7L0tVdzXlkaT44CUFfRKyyHLZPQLQpkPdkrWK3aAshOGfCqMZ4TBqPW0NyUt2FELR_DSP6ZJHrZjtKOGhdkeZr3XvdYuVBzuaH9U-CGUb--oCA78YvA3f-Ve_gzLD4zktJysjSJ;+_gat_UA-130285241-1=1;+ExtronRecViewProd=dmp44xi,cablecubby202,xtpiicphd4kplusio,nave111dtp3,dtp3crosspoint622,ssp200,dtp3r201,dtphdmi330rx,dtp3t202,dtphdmi330tx,dtpthd24k330,dtp2t211;+_clsk=ruq57m%7C1746687559281%7C15%7C1%7Cb.clarity.ms%2Fcollect;+_ga=GA1.2.630089218.1731903416;+_ga_DP5ZZ9VH84=GS2.1.s1746686336$o431$g1$t1746687593$j14$l0$h0 https://www.extron.com/Receivers/prodsubtype-617 www.extron.com 304 0 0 1705 1
2025-05-08 07:00:13 10.1.0.50 GET /Content/css/Shared/extron.css - 443 lnah@extron.com 10.1.16.1 Mozilla/5.0+(Windows+NT+10.0;+Win64;+x64)+AppleWebKit/537.36+(KHTML,+like+Gecko)+Chrome/135.0.0.0+Safari/537.36 lang=1;+region=3;+_gid=GA1.2.1420396670.1746408377;+ASP.NET_SessionId=4cye422eix0321wiv0qjrafu;+__RequestVerificationToken=fANlzh5QNg8shi1SxcPj7FFjmKKwNY4bojEfgz6ZggvrRlYzXJlbLi4XACv6ZGCJrkPfj_ST7MR6VGxxmUO4DkrgbA41;+_clck=fc8qsr%7C2%7Cfvq%7C0%7C1783;+username=lnah@extron.com;+PriceClass=60;+PriceList=S3+;+.AspNet.Cookies=Ql8qoVFqiXHZrY3Z1gIARaU2JRd_bwi_g3v6CHQWA3qPMDJWiJ6DqK5Waw8lyfF60Yxn91lJ8BrDEihsalGopDHyxV0klnawrUdLcifjM3ZGDXhRVYMRGFsLi9gEYvMlamUqnl6QoyEpSBAOCbbmWEeKXmft_Hxhx1dae7CpGHGdx3LSl1wDVQi-aOLbYmCA0Y_IfXhnEnO6oJSQqoNN_n7zik-lAzUd1SAyny4RQYHHv0bfu2_0fo2eJJfslN0qkzp9-vCP8WSqS4zGXApM9Xl0bg_c_Z9fEDXYuEGRR7L0tVdzXlkaT44CUFfRKyyHLZPQLQpkPdkrWK3aAshOGfCqMZ4TBqPW0NyUt2FELR_DSP6ZJHrZjtKOGhdkeZr3XvdYuVBzuaH9U-CGUb--oCA78YvA3f-Ve_gzLD4zktJysjSJ;+_gat_UA-130285241-1=1;+ExtronRecViewProd=dmp44xi,cablecubby202,xtpiicphd4kplusio,nave111dtp3,dtp3crosspoint622,ssp200,dtp3r201,dtphdmi330rx,dtp3t202,dtphdmi330tx,dtpthd24k330,dtp2t211;+_clsk=ruq57m%7C1746687559281%7C15%7C1%7Cb.clarity.ms%2Fcollect;+_ga=GA1.2.630089218.1731903416;+_ga_DP5ZZ9VH84=GS2.1.s1746686336$o431$g1$t1746687593$j14$l0$h0 https://www.extron.com/Receivers/prodsubtype-617 www.extron.com 304 0 0 1703 1
2025-05-08 07:00:13 10.1.0.50 GET /Content/vendor/jquery/jquery-3.3.1.min.js - 443 chaoran.su@budee.cn 10.1.16.1 Mozilla/5.0+(Windows+NT+10.0;+Win64;+x64;+rv:138.0)+Gecko/20100101+Firefox/138.0 region=5;+lang=7;+_ga_DP5ZZ9VH84=GS2.1.s1746680441$o83$g1$t1746687593$j20$l0$h0;+_ga=GA1.1.444436739.1734077477;+_clck=s0prz4%7C2%7Cfvq%7C0%7C1808;+ExtronRecViewProd=xtpthwp1014k,xtptusw1034k,xtptuwp2024k,xtpthd4k,xtptfb2024k,xtpiifr4018k,xtpsfrhd4k,xtpsrhd4k,xtprhd4k,xtpiift4028k,dxphd4kplus,dmsseries;+.AspNet.Cookies=JryJMvXfNQW7QZoVV-_9wRoSrtSHZEns8B8aHiLw3-ZntIFE1A9Hov0sht8VrSfo33FpRd92nxhG890R36e38Hz0QPXZP5ajF6temGKnVTmN-_gDHoIOYPTMMgjOhpJvTwQZ_Snwt0JJAGcOF-HedDizfZvpZpDUhzFeFJioZiaXkrKU4TxXuL79zKypyX92Zl8EujabhLeqIKssqJwnqpzqpm369Ic_JwJ1T2uvleiOZV2bnp7nUm9MU5iQ9_eFcLP2geKMPPgey1gfXxeir77qDpYWcIKkOxXlSwUS6axNmPybZ64tcgmlPcZq1r3IMs5HcgK9fdMMWGcnVdE5Wn971w8QPyUee1EbvUvaOe2iTsEFf7vaiOnmg6bIy22IPk8JFlXMUTY0dGJUnQHTubGmLG0z4Uri_qsRMnoikZnml1N9MSafWsF3O6_bI3H3eOSbWA;+_gid=GA1.2.1296537085.1746578326;+_clsk=975iy8%7C1746687558365%7C81%7C1%7Cl.clarity.ms%2Fcollect;+ASP.NET_SessionId=iszdwelhaw5katw5o0m1ycqp;+username=chaoran.su@budee.cn;+PriceClass=60;+PriceList=CNYEU;+__RequestVerificationToken=TF9CKQ-8Xxy89kQaPXku0GZVMWHL48MKOdvHV22VbWbRr_sGluhYDMr9C85fgZ0unv6pO1yDJq2xR8GK9BSxxwsajOE1;+BIGipServerextron.com_443_pool=!3gS1AZAjvNPHfdcMjvaJwiHEDz8tIAQ0o5sGoRZdOFJVVpuFT2pv+7hK3/FDvOMAzSOC8rBYJFFLYA==;+view_prodhome=Basic;+_gat_UA-130285241-1=1 https://www.extron.cn/%e7%9f%a9%e9%98%b5%e5%88%87%e6%8d%a2%e5%99%a8/prodtype-3?t=matrix www.extron.cn 304 0 0 1705 1
2025-05-08 07:00:13 10.1.0.50 GET /Content/vendor/jqueryui/jquery-1.12.0-ui.min.js - 443 chaoran.su@budee.cn 10.1.16.1 Mozilla/5.0+(Windows+NT+10.0;+Win64;+x64;+rv:138.0)+Gecko/20100101+Firefox/138.0 region=5;+lang=7;+_ga_DP5ZZ9VH84=GS2.1.s1746680441$o83$g1$t1746687593$j20$l0$h0;+_ga=GA1.1.444436739.1734077477;+_clck=s0prz4%7C2%7Cfvq%7C0%7C1808;+ExtronRecViewProd=xtpthwp1014k,xtptusw1034k,xtptuwp2024k,xtpthd4k,xtptfb2024k,xtpiifr4018k,xtpsfrhd4k,xtpsrhd4k,xtprhd4k,xtpiift4028k,dxphd4kplus,dmsseries;+.AspNet.Cookies=JryJMvXfNQW7QZoVV-_9wRoSrtSHZEns8B8aHiLw3-ZntIFE1A9Hov0sht8VrSfo33FpRd92nxhG890R36e38Hz0QPXZP5ajF6temGKnVTmN-_gDHoIOYPTMMgjOhpJvTwQZ_Snwt0JJAGcOF-HedDizfZvpZpDUhzFeFJioZiaXkrKU4TxXuL79zKypyX92Zl8EujabhLeqIKssqJwnqpzqpm369Ic_JwJ1T2uvleiOZV2bnp7nUm9MU5iQ9_eFcLP2geKMPPgey1gfXxeir77qDpYWcIKkOxXlSwUS6axNmPybZ64tcgmlPcZq1r3IMs5HcgK9fdMMWGcnVdE5Wn971w8QPyUee1EbvUvaOe2iTsEFf7vaiOnmg6bIy22IPk8JFlXMUTY0dGJUnQHTubGmLG0z4Uri_qsRMnoikZnml1N9MSafWsF3O6_bI3H3eOSbWA;+_gid=GA1.2.1296537085.1746578326;+_clsk=975iy8%7C1746687558365%7C81%7C1%7Cl.clarity.ms%2Fcollect;+ASP.NET_SessionId=iszdwelhaw5katw5o0m1ycqp;+username=chaoran.su@budee.cn;+PriceClass=60;+PriceList=CNYEU;+__RequestVerificationToken=TF9CKQ-8Xxy89kQaPXku0GZVMWHL48MKOdvHV22VbWbRr_sGluhYDMr9C85fgZ0unv6pO1yDJq2xR8GK9BSxxwsajOE1;+BIGipServerextron.com_443_pool=!3gS1AZAjvNPHfdcMjvaJwiHEDz8tIAQ0o5sGoRZdOFJVVpuFT2pv+7hK3/FDvOMAzSOC8rBYJFFLYA==;+view_prodhome=Basic;+_gat_UA-130285241-1=1 https://www.extron.cn/%e7%9f%a9%e9%98%b5%e5%88%87%e6%8d%a2%e5%99%a8/prodtype-3?t=matrix www.extron.cn 304 0 0 1705 1
2025-05-08 07:00:13 10.1.0.50 GET /product/product.aspx id=flex55superplate&m=en1608as 80 - 10.1.16.1 Mozilla/5.0+(compatible;+DotBot/1.2;++https://opensiteexplorer.org/dotbot;+help@moz.com) - - www.extron.com 301 0 0 1819 1
2025-05-08 07:00:13 10.1.0.50 GET /Content/vendor/jquery-unobtrusive-ajax/jquery.unobtrusive-ajax.js - 443 chaoran.su@budee.cn 10.1.16.1 Mozilla/5.0+(Windows+NT+10.0;+Win64;+x64;+rv:138.0)+Gecko/20100101+Firefox/138.0 region=5;+lang=7;+_ga_DP5ZZ9VH84=GS2.1.s1746680441$o83$g1$t1746687593$j20$l0$h0;+_ga=GA1.1.444436739.1734077477;+_clck=s0prz4%7C2%7Cfvq%7C0%7C1808;+ExtronRecViewProd=xtpthwp1014k,xtptusw1034k,xtptuwp2024k,xtpthd4k,xtptfb2024k,xtpiifr4018k,xtpsfrhd4k,xtpsrhd4k,xtprhd4k,xtpiift4028k,dxphd4kplus,dmsseries;+.AspNet.Cookies=JryJMvXfNQW7QZoVV-_9wRoSrtSHZEns8B8aHiLw3-ZntIFE1A9Hov0sht8VrSfo33FpRd92nxhG890R36e38Hz0QPXZP5ajF6temGKnVTmN-_gDHoIOYPTMMgjOhpJvTwQZ_Snwt0JJAGcOF-HedDizfZvpZpDUhzFeFJioZiaXkrKU4TxXuL79zKypyX92Zl8EujabhLeqIKssqJwnqpzqpm369Ic_JwJ1T2uvleiOZV2bnp7nUm9MU5iQ9_eFcLP2geKMPPgey1gfXxeir77qDpYWcIKkOxXlSwUS6axNmPybZ64tcgmlPcZq1r3IMs5HcgK9fdMMWGcnVdE5Wn971w8QPyUee1EbvUvaOe2iTsEFf7vaiOnmg6bIy22IPk8JFlXMUTY0dGJUnQHTubGmLG0z4Uri_qsRMnoikZnml1N9MSafWsF3O6_bI3H3eOSbWA;+_gid=GA1.2.1296537085.1746578326;+_clsk=975iy8%7C1746687558365%7C81%7C1%7Cl.clarity.ms%2Fcollect;+ASP.NET_SessionId=iszdwelhaw5katw5o0m1ycqp;+username=chaoran.su@budee.cn;+PriceClass=60;+PriceList=CNYEU;+__RequestVerificationToken=TF9CKQ-8Xxy89kQaPXku0GZVMWHL48MKOdvHV22VbWbRr_sGluhYDMr9C85fgZ0unv6pO1yDJq2xR8GK9BSxxwsajOE1;+BIGipServerextron.com_443_pool=!3gS1AZAjvNPHfdcMjvaJwiHEDz8tIAQ0o5sGoRZdOFJVVpuFT2pv+7hK3/FDvOMAzSOC8rBYJFFLYA==;+view_prodhome=Basic;+_gat_UA-130285241-1=1 https://www.extron.cn/%e7%9f%a9%e9%98%b5%e5%88%87%e6%8d%a2%e5%99%a8/prodtype-3?t=matrix www.extron.cn 304 0 0 1705 1
2025-05-08 07:00:13 10.1.0.50 GET /Content/css/Shared/prodsidebar/prodsidebar.css nocache=01232019 443 chaoran.su@budee.cn 10.1.16.1 Mozilla/5.0+(Windows+NT+10.0;+Win64;+x64;+rv:138.0)+Gecko/20100101+Firefox/138.0 region=5;+lang=7;+_ga_DP5ZZ9VH84=GS2.1.s1746680441$o83$g1$t1746687593$j20$l0$h0;+_ga=GA1.1.444436739.1734077477;+_clck=s0prz4%7C2%7Cfvq%7C0%7C1808;+ExtronRecViewProd=xtpthwp1014k,xtptusw1034k,xtptuwp2024k,xtpthd4k,xtptfb2024k,xtpiifr4018k,xtpsfrhd4k,xtpsrhd4k,xtprhd4k,xtpiift4028k,dxphd4kplus,dmsseries;+.AspNet.Cookies=JryJMvXfNQW7QZoVV-_9wRoSrtSHZEns8B8aHiLw3-ZntIFE1A9Hov0sht8VrSfo33FpRd92nxhG890R36e38Hz0QPXZP5ajF6temGKnVTmN-_gDHoIOYPTMMgjOhpJvTwQZ_Snwt0JJAGcOF-HedDizfZvpZpDUhzFeFJioZiaXkrKU4TxXuL79zKypyX92Zl8EujabhLeqIKssqJwnqpzqpm369Ic_JwJ1T2uvleiOZV2bnp7nUm9MU5iQ9_eFcLP2geKMPPgey1gfXxeir77qDpYWcIKkOxXlSwUS6axNmPybZ64tcgmlPcZq1r3IMs5HcgK9fdMMWGcnVdE5Wn971w8QPyUee1EbvUvaOe2iTsEFf7vaiOnmg6bIy22IPk8JFlXMUTY0dGJUnQHTubGmLG0z4Uri_qsRMnoikZnml1N9MSafWsF3O6_bI3H3eOSbWA;+_gid=GA1.2.1296537085.1746578326;+_clsk=975iy8%7C1746687558365%7C81%7C1%7Cl.clarity.ms%2Fcollect;+ASP.NET_SessionId=iszdwelhaw5katw5o0m1ycqp;+username=chaoran.su@budee.cn;+PriceClass=60;+PriceList=CNYEU;+__RequestVerificationToken=TF9CKQ-8Xxy89kQaPXku0GZVMWHL48MKOdvHV22VbWbRr_sGluhYDMr9C85fgZ0unv6pO1yDJq2xR8GK9BSxxwsajOE1;+BIGipServerextron.com_443_pool=!3gS1AZAjvNPHfdcMjvaJwiHEDz8tIAQ0o5sGoRZdOFJVVpuFT2pv+7hK3/FDvOMAzSOC8rBYJFFLYA==;+view_prodhome=Basic;+_gat_UA-130285241-1=1 https://www.extron.cn/%e7%9f%a9%e9%98%b5%e5%88%87%e6%8d%a2%e5%99%a8/prodtype-3?t=matrix www.extron.cn 304 0 0 1705 1
2025-05-08 07:00:13 10.1.0.50 GET /Content/vendor/bootstrap/bootstrap.bundle_5.js - 443 chaoran.su@budee.cn 10.1.16.1 Mozilla/5.0+(Windows+NT+10.0;+Win64;+x64;+rv:138.0)+Gecko/20100101+Firefox/138.0 region=5;+lang=7;+_ga_DP5ZZ9VH84=GS2.1.s1746680441$o83$g1$t1746687593$j20$l0$h0;+_ga=GA1.1.444436739.1734077477;+_clck=s0prz4%7C2%7Cfvq%7C0%7C1808;+ExtronRecViewProd=xtpthwp1014k,xtptusw1034k,xtptuwp2024k,xtpthd4k,xtptfb2024k,xtpiifr4018k,xtpsfrhd4k,xtpsrhd4k,xtprhd4k,xtpiift4028k,dxphd4kplus,dmsseries;+.AspNet.Cookies=JryJMvXfNQW7QZoVV-_9wRoSrtSHZEns8B8aHiLw3-ZntIFE1A9Hov0sht8VrSfo33FpRd92nxhG890R36e38Hz0QPXZP5ajF6temGKnVTmN-_gDHoIOYPTMMgjOhpJvTwQZ_Snwt0JJAGcOF-HedDizfZvpZpDUhzFeFJioZiaXkrKU4TxXuL79zKypyX92Zl8EujabhLeqIKssqJwnqpzqpm369Ic_JwJ1T2uvleiOZV2bnp7nUm9MU5iQ9_eFcLP2geKMPPgey1gfXxeir77qDpYWcIKkOxXlSwUS6axNmPybZ64tcgmlPcZq1r3IMs5HcgK9fdMMWGcnVdE5Wn971w8QPyUee1EbvUvaOe2iTsEFf7vaiOnmg6bIy22IPk8JFlXMUTY0dGJUnQHTubGmLG0z4Uri_qsRMnoikZnml1N9MSafWsF3O6_bI3H3eOSbWA;+_gid=GA1.2.1296537085.1746578326;+_clsk=975iy8%7C1746687558365%7C81%7C1%7Cl.clarity.ms%2Fcollect;+ASP.NET_SessionId=iszdwelhaw5katw5o0m1ycqp;+username=chaoran.su@budee.cn;+PriceClass=60;+PriceList=CNYEU;+__RequestVerificationToken=TF9CKQ-8Xxy89kQaPXku0GZVMWHL48MKOdvHV22VbWbRr_sGluhYDMr9C85fgZ0unv6pO1yDJq2xR8GK9BSxxwsajOE1;+BIGipServerextron.com_443_pool=!3gS1AZAjvNPHfdcMjvaJwiHEDz8tIAQ0o5sGoRZdOFJVVpuFT2pv+7hK3/FDvOMAzSOC8rBYJFFLYA==;+view_prodhome=Basic;+_gat_UA-130285241-1=1 https://www.extron.cn/%e7%9f%a9%e9%98%b5%e5%88%87%e6%8d%a2%e5%99%a8/prodtype-3?t=matrix www.extron.cn 304 0 0 1705 2
2025-05-08 07:00:13 10.1.0.50 GET /product/builders/teamwork/views/switcher-options.aspx - 443 - 10.1.16.1 - ASP.NET_SessionId=a2g44z13vvtu1vomwcsal2oa;+region=1;+lang=1;+__RequestVerificationToken=wGrbbRSeuOHIVGaRUCvncNyge4QKMx9l_KifrD5ECZQ5-WPyeETRzZX0Y2EYCYoAVjiqWFpb3ZzYUYSQEcfYmYwWjko1;+BIGipServerextron.com_443_pool=!VqkhuakZaZU07asMjvaJwiHEDz8tIHbmQoQyIljfFVxGYrt62qzqz824/FwwTLWvxnAgQ89K31wkdQ== - www.extron.com 302 0 0 2022 4509
2025-05-08 07:00:13 10.1.0.50 GET /404.aspx aspxerrorpath=%2fproduct%2fbuilders%2fteamwork%2fviews%2fswitcher-options.aspx 443 - 10.1.16.1 - ASP.NET_SessionId=a2g44z13vvtu1vomwcsal2oa;+region=1;+lang=1;+__RequestVerificationToken=wGrbbRSeuOHIVGaRUCvncNyge4QKMx9l_KifrD5ECZQ5-WPyeETRzZX0Y2EYCYoAVjiqWFpb3ZzYUYSQEcfYmYwWjko1;+BIGipServerextron.com_443_pool=!VqkhuakZaZU07asMjvaJwiHEDz8tIHbmQoQyIljfFVxGYrt62qzqz824/FwwTLWvxnAgQ89K31wkdQ== - www.extron.com 404 0 0 54371 10
2025-05-08 07:00:13 10.1.0.50 GET /product/builders/teamwork/views/showme.aspx - 80 - 10.1.16.1 - - - www.extron.com 301 0 0 1799 1
2025-05-08 07:00:13 10.1.0.50 GET /Content/css/Shared/cookies.css - 443 lnah@extron.com 10.1.16.1 Mozilla/5.0+(Windows+NT+10.0;+Win64;+x64)+AppleWebKit/537.36+(KHTML,+like+Gecko)+Chrome/135.0.0.0+Safari/537.36 lang=1;+region=3;+_gid=GA1.2.1420396670.1746408377;+ASP.NET_SessionId=4cye422eix0321wiv0qjrafu;+__RequestVerificationToken=fANlzh5QNg8shi1SxcPj7FFjmKKwNY4bojEfgz6ZggvrRlYzXJlbLi4XACv6ZGCJrkPfj_ST7MR6VGxxmUO4DkrgbA41;+_clck=fc8qsr%7C2%7Cfvq%7C0%7C1783;+username=lnah@extron.com;+PriceClass=60;+PriceList=S3+;+.AspNet.Cookies=Ql8qoVFqiXHZrY3Z1gIARaU2JRd_bwi_g3v6CHQWA3qPMDJWiJ6DqK5Waw8lyfF60Yxn91lJ8BrDEihsalGopDHyxV0klnawrUdLcifjM3ZGDXhRVYMRGFsLi9gEYvMlamUqnl6QoyEpSBAOCbbmWEeKXmft_Hxhx1dae7CpGHGdx3LSl1wDVQi-aOLbYmCA0Y_IfXhnEnO6oJSQqoNN_n7zik-lAzUd1SAyny4RQYHHv0bfu2_0fo2eJJfslN0qkzp9-vCP8WSqS4zGXApM9Xl0bg_c_Z9fEDXYuEGRR7L0tVdzXlkaT44CUFfRKyyHLZPQLQpkPdkrWK3aAshOGfCqMZ4TBqPW0NyUt2FELR_DSP6ZJHrZjtKOGhdkeZr3XvdYuVBzuaH9U-CGUb--oCA78YvA3f-Ve_gzLD4zktJysjSJ;+_gat_UA-130285241-1=1;+ExtronRecViewProd=dmp44xi,cablecubby202,xtpiicphd4kplusio,nave111dtp3,dtp3crosspoint622,ssp200,dtp3r201,dtphdmi330rx,dtp3t202,dtphdmi330tx,dtpthd24k330,dtp2t211;+_clsk=ruq57m%7C1746687559281%7C15%7C1%7Cb.clarity.ms%2Fcollect;+_ga=GA1.2.630089218.1731903416;+_ga_DP5ZZ9VH84=GS2.1.s1746686336$o431$g1$t1746687593$j14$l0$h0 https://www.extron.com/Receivers/prodsubtype-617 www.extron.com 304 0 0 1705 2
2025-05-08 07:00:13 10.1.0.50 GET /Content/css/Shared/prodsidebar/prodsidebar.css nocache=01232019 443 lnah@extron.com 10.1.16.1 Mozilla/5.0+(Windows+NT+10.0;+Win64;+x64)+AppleWebKit/537.36+(KHTML,+like+Gecko)+Chrome/135.0.0.0+Safari/537.36 lang=1;+region=3;+_gid=GA1.2.1420396670.1746408377;+ASP.NET_SessionId=4cye422eix0321wiv0qjrafu;+__RequestVerificationToken=fANlzh5QNg8shi1SxcPj7FFjmKKwNY4bojEfgz6ZggvrRlYzXJlbLi4XACv6ZGCJrkPfj_ST7MR6VGxxmUO4DkrgbA41;+_clck=fc8qsr%7C2%7Cfvq%7C0%7C1783;+username=lnah@extron.com;+PriceClass=60;+PriceList=S3+;+.AspNet.Cookies=Ql8qoVFqiXHZrY3Z1gIARaU2JRd_bwi_g3v6CHQWA3qPMDJWiJ6DqK5Waw8lyfF60Yxn91lJ8BrDEihsalGopDHyxV0klnawrUdLcifjM3ZGDXhRVYMRGFsLi9gEYvMlamUqnl6QoyEpSBAOCbbmWEeKXmft_Hxhx1dae7CpGHGdx3LSl1wDVQi-aOLbYmCA0Y_IfXhnEnO6oJSQqoNN_n7zik-lAzUd1SAyny4RQYHHv0bfu2_0fo2eJJfslN0qkzp9-vCP8WSqS4zGXApM9Xl0bg_c_Z9fEDXYuEGRR7L0tVdzXlkaT44CUFfRKyyHLZPQLQpkPdkrWK3aAshOGfCqMZ4TBqPW0NyUt2FELR_DSP6ZJHrZjtKOGhdkeZr3XvdYuVBzuaH9U-CGUb--oCA78YvA3f-Ve_gzLD4zktJysjSJ;+_gat_UA-130285241-1=1;+ExtronRecViewProd=dmp44xi,cablecubby202,xtpiicphd4kplusio,nave111dtp3,dtp3crosspoint622,ssp200,dtp3r201,dtphdmi330rx,dtp3t202,dtphdmi330tx,dtpthd24k330,dtp2t211;+_clsk=ruq57m%7C1746687559281%7C15%7C1%7Cb.clarity.ms%2Fcollect;+_ga=GA1.2.630089218.1731903416;+_ga_DP5ZZ9VH84=GS2.1.s1746686336$o431$g1$t1746687593$j14$l0$h0 https://www.extron.com/Receivers/prodsubtype-617 www.extron.com 304 0 0 1705 1
2025-05-08 07:00:13 10.1.0.50 GET /Content/vendor/bs-offcanvas/dist/js/bootstrap.offcanvas.js - 443 chaoran.su@budee.cn 10.1.16.1 Mozilla/5.0+(Windows+NT+10.0;+Win64;+x64;+rv:138.0)+Gecko/20100101+Firefox/138.0 region=5;+lang=7;+_ga_DP5ZZ9VH84=GS2.1.s1746680441$o83$g1$t1746687593$j20$l0$h0;+_ga=GA1.1.444436739.1734077477;+_clck=s0prz4%7C2%7Cfvq%7C0%7C1808;+ExtronRecViewProd=xtpthwp1014k,xtptusw1034k,xtptuwp2024k,xtpthd4k,xtptfb2024k,xtpiifr4018k,xtpsfrhd4k,xtpsrhd4k,xtprhd4k,xtpiift4028k,dxphd4kplus,dmsseries;+.AspNet.Cookies=JryJMvXfNQW7QZoVV-_9wRoSrtSHZEns8B8aHiLw3-ZntIFE1A9Hov0sht8VrSfo33FpRd92nxhG890R36e38Hz0QPXZP5ajF6temGKnVTmN-_gDHoIOYPTMMgjOhpJvTwQZ_Snwt0JJAGcOF-HedDizfZvpZpDUhzFeFJioZiaXkrKU4TxXuL79zKypyX92Zl8EujabhLeqIKssqJwnqpzqpm369Ic_JwJ1T2uvleiOZV2bnp7nUm9MU5iQ9_eFcLP2geKMPPgey1gfXxeir77qDpYWcIKkOxXlSwUS6axNmPybZ64tcgmlPcZq1r3IMs5HcgK9fdMMWGcnVdE5Wn971w8QPyUee1EbvUvaOe2iTsEFf7vaiOnmg6bIy22IPk8JFlXMUTY0dGJUnQHTubGmLG0z4Uri_qsRMnoikZnml1N9MSafWsF3O6_bI3H3eOSbWA;+_gid=GA1.2.1296537085.1746578326;+_clsk=975iy8%7C1746687558365%7C81%7C1%7Cl.clarity.ms%2Fcollect;+ASP.NET_SessionId=iszdwelhaw5katw5o0m1ycqp;+username=chaoran.su@budee.cn;+PriceClass=60;+PriceList=CNYEU;+__RequestVerificationToken=TF9CKQ-8Xxy89kQaPXku0GZVMWHL48MKOdvHV22VbWbRr_sGluhYDMr9C85fgZ0unv6pO1yDJq2xR8GK9BSxxwsajOE1;+BIGipServerextron.com_443_pool=!3gS1AZAjvNPHfdcMjvaJwiHEDz8tIAQ0o5sGoRZdOFJVVpuFT2pv+7hK3/FDvOMAzSOC8rBYJFFLYA==;+view_prodhome=Basic;+_gat_UA-130285241-1=1 https://www.extron.cn/%e7%9f%a9%e9%98%b5%e5%88%87%e6%8d%a2%e5%99%a8/prodtype-3?t=matrix www.extron.cn 304 0 0 1705 1
2025-05-08 07:00:13 10.1.0.50 GET /Content/vendor/hoverintent/jquery.hoverIntent.js - 443 chaoran.su@budee.cn 10.1.16.1 Mozilla/5.0+(Windows+NT+10.0;+Win64;+x64;+rv:138.0)+Gecko/20100101+Firefox/138.0 region=5;+lang=7;+_ga_DP5ZZ9VH84=GS2.1.s1746680441$o83$g1$t1746687593$j20$l0$h0;+_ga=GA1.1.444436739.1734077477;+_clck=s0prz4%7C2%7Cfvq%7C0%7C1808;+ExtronRecViewProd=xtpthwp1014k,xtptusw1034k,xtptuwp2024k,xtpthd4k,xtptfb2024k,xtpiifr4018k,xtpsfrhd4k,xtpsrhd4k,xtprhd4k,xtpiift4028k,dxphd4kplus,dmsseries;+.AspNet.Cookies=JryJMvXfNQW7QZoVV-_9wRoSrtSHZEns8B8aHiLw3-ZntIFE1A9Hov0sht8VrSfo33FpRd92nxhG890R36e38Hz0QPXZP5ajF6temGKnVTmN-_gDHoIOYPTMMgjOhpJvTwQZ_Snwt0JJAGcOF-HedDizfZvpZpDUhzFeFJioZiaXkrKU4TxXuL79zKypyX92Zl8EujabhLeqIKssqJwnqpzqpm369Ic_JwJ1T2uvleiOZV2bnp7nUm9MU5iQ9_eFcLP2geKMPPgey1gfXxeir77qDpYWcIKkOxXlSwUS6axNmPybZ64tcgmlPcZq1r3IMs5HcgK9fdMMWGcnVdE5Wn971w8QPyUee1EbvUvaOe2iTsEFf7vaiOnmg6bIy22IPk8JFlXMUTY0dGJUnQHTubGmLG0z4Uri_qsRMnoikZnml1N9MSafWsF3O6_bI3H3eOSbWA;+_gid=GA1.2.1296537085.1746578326;+_clsk=975iy8%7C1746687558365%7C81%7C1%7Cl.clarity.ms%2Fcollect;+ASP.NET_SessionId=iszdwelhaw5katw5o0m1ycqp;+username=chaoran.su@budee.cn;+PriceClass=60;+PriceList=CNYEU;+__RequestVerificationToken=TF9CKQ-8Xxy89kQaPXku0GZVMWHL48MKOdvHV22VbWbRr_sGluhYDMr9C85fgZ0unv6pO1yDJq2xR8GK9BSxxwsajOE1;+BIGipServerextron.com_443_pool=!3gS1AZAjvNPHfdcMjvaJwiHEDz8tIAQ0o5sGoRZdOFJVVpuFT2pv+7hK3/FDvOMAzSOC8rBYJFFLYA==;+view_prodhome=Basic;+_gat_UA-130285241-1=1 https://www.extron.cn/%e7%9f%a9%e9%98%b5%e5%88%87%e6%8d%a2%e5%99%a8/prodtype-3?t=matrix www.extron.cn 304 0 0 1705 2
2025-05-08 07:00:13 10.1.0.50 GET /Content/vendor/jquery-debounce/jquery.ba-throttle-debounce.js - 443 chaoran.su@budee.cn 10.1.16.1 Mozilla/5.0+(Windows+NT+10.0;+Win64;+x64;+rv:138.0)+Gecko/20100101+Firefox/138.0 region=5;+lang=7;+_ga_DP5ZZ9VH84=GS2.1.s1746680441$o83$g1$t1746687593$j20$l0$h0;+_ga=GA1.1.444436739.1734077477;+_clck=s0prz4%7C2%7Cfvq%7C0%7C1808;+ExtronRecViewProd=xtpthwp1014k,xtptusw1034k,xtptuwp2024k,xtpthd4k,xtptfb2024k,xtpiifr4018k,xtpsfrhd4k,xtpsrhd4k,xtprhd4k,xtpiift4028k,dxphd4kplus,dmsseries;+.AspNet.Cookies=JryJMvXfNQW7QZoVV-_9wRoSrtSHZEns8B8aHiLw3-ZntIFE1A9Hov0sht8VrSfo33FpRd92nxhG890R36e38Hz0QPXZP5ajF6temGKnVTmN-_gDHoIOYPTMMgjOhpJvTwQZ_Snwt0JJAGcOF-HedDizfZvpZpDUhzFeFJioZiaXkrKU4TxXuL79zKypyX92Zl8EujabhLeqIKssqJwnqpzqpm369Ic_JwJ1T2uvleiOZV2bnp7nUm9MU5iQ9_eFcLP2geKMPPgey1gfXxeir77qDpYWcIKkOxXlSwUS6axNmPybZ64tcgmlPcZq1r3IMs5HcgK9fdMMWGcnVdE5Wn971w8QPyUee1EbvUvaOe2iTsEFf7vaiOnmg6bIy22IPk8JFlXMUTY0dGJUnQHTubGmLG0z4Uri_qsRMnoikZnml1N9MSafWsF3O6_bI3H3eOSbWA;+_gid=GA1.2.1296537085.1746578326;+_clsk=975iy8%7C1746687558365%7C81%7C1%7Cl.clarity.ms%2Fcollect;+ASP.NET_SessionId=iszdwelhaw5katw5o0m1ycqp;+username=chaoran.su@budee.cn;+PriceClass=60;+PriceList=CNYEU;+__RequestVerificationToken=TF9CKQ-8Xxy89kQaPXku0GZVMWHL48MKOdvHV22VbWbRr_sGluhYDMr9C85fgZ0unv6pO1yDJq2xR8GK9BSxxwsajOE1;+BIGipServerextron.com_443_pool=!3gS1AZAjvNPHfdcMjvaJwiHEDz8tIAQ0o5sGoRZdOFJVVpuFT2pv+7hK3/FDvOMAzSOC8rBYJFFLYA==;+view_prodhome=Basic;+_gat_UA-130285241-1=1 https://www.extron.cn/%e7%9f%a9%e9%98%b5%e5%88%87%e6%8d%a2%e5%99%a8/prodtype-3?t=matrix www.extron.cn 304 0 0 1705 1
2025-05-08 07:00:13 10.1.0.50 GET /Content/vendor/fancybox-3.5.7/dist/jquery.fancybox.js - 443 chaoran.su@budee.cn 10.1.16.1 Mozilla/5.0+(Windows+NT+10.0;+Win64;+x64;+rv:138.0)+Gecko/20100101+Firefox/138.0 region=5;+lang=7;+_ga_DP5ZZ9VH84=GS2.1.s1746680441$o83$g1$t1746687593$j20$l0$h0;+_ga=GA1.1.444436739.1734077477;+_clck=s0prz4%7C2%7Cfvq%7C0%7C1808;+ExtronRecViewProd=xtpthwp1014k,xtptusw1034k,xtptuwp2024k,xtpthd4k,xtptfb2024k,xtpiifr4018k,xtpsfrhd4k,xtpsrhd4k,xtprhd4k,xtpiift4028k,dxphd4kplus,dmsseries;+.AspNet.Cookies=JryJMvXfNQW7QZoVV-_9wRoSrtSHZEns8B8aHiLw3-ZntIFE1A9Hov0sht8VrSfo33FpRd92nxhG890R36e38Hz0QPXZP5ajF6temGKnVTmN-_gDHoIOYPTMMgjOhpJvTwQZ_Snwt0JJAGcOF-HedDizfZvpZpDUhzFeFJioZiaXkrKU4TxXuL79zKypyX92Zl8EujabhLeqIKssqJwnqpzqpm369Ic_JwJ1T2uvleiOZV2bnp7nUm9MU5iQ9_eFcLP2geKMPPgey1gfXxeir77qDpYWcIKkOxXlSwUS6axNmPybZ64tcgmlPcZq1r3IMs5HcgK9fdMMWGcnVdE5Wn971w8QPyUee1EbvUvaOe2iTsEFf7vaiOnmg6bIy22IPk8JFlXMUTY0dGJUnQHTubGmLG0z4Uri_qsRMnoikZnml1N9MSafWsF3O6_bI3H3eOSbWA;+_gid=GA1.2.1296537085.1746578326;+_clsk=975iy8%7C1746687558365%7C81%7C1%7Cl.clarity.ms%2Fcollect;+ASP.NET_SessionId=iszdwelhaw5katw5o0m1ycqp;+username=chaoran.su@budee.cn;+PriceClass=60;+PriceList=CNYEU;+__RequestVerificationToken=TF9CKQ-8Xxy89kQaPXku0GZVMWHL48MKOdvHV22VbWbRr_sGluhYDMr9C85fgZ0unv6pO1yDJq2xR8GK9BSxxwsajOE1;+BIGipServerextron.com_443_pool=!3gS1AZAjvNPHfdcMjvaJwiHEDz8tIAQ0o5sGoRZdOFJVVpuFT2pv+7hK3/FDvOMAzSOC8rBYJFFLYA==;+view_prodhome=Basic;+_gat_UA-130285241-1=1 https://www.extron.cn/%e7%9f%a9%e9%98%b5%e5%88%87%e6%8d%a2%e5%99%a8/prodtype-3?t=matrix www.extron.cn 304 0 0 1705 2
2025-05-08 07:00:13 10.1.0.50 GET /Content/vendor/jquery-mobile-events/jquery.mobile-events.js - 443 chaoran.su@budee.cn 10.1.16.1 Mozilla/5.0+(Windows+NT+10.0;+Win64;+x64;+rv:138.0)+Gecko/20100101+Firefox/138.0 region=5;+lang=7;+_ga_DP5ZZ9VH84=GS2.1.s1746680441$o83$g1$t1746687593$j20$l0$h0;+_ga=GA1.1.444436739.1734077477;+_clck=s0prz4%7C2%7Cfvq%7C0%7C1808;+ExtronRecViewProd=xtpthwp1014k,xtptusw1034k,xtptuwp2024k,xtpthd4k,xtptfb2024k,xtpiifr4018k,xtpsfrhd4k,xtpsrhd4k,xtprhd4k,xtpiift4028k,dxphd4kplus,dmsseries;+.AspNet.Cookies=JryJMvXfNQW7QZoVV-_9wRoSrtSHZEns8B8aHiLw3-ZntIFE1A9Hov0sht8VrSfo33FpRd92nxhG890R36e38Hz0QPXZP5ajF6temGKnVTmN-_gDHoIOYPTMMgjOhpJvTwQZ_Snwt0JJAGcOF-HedDizfZvpZpDUhzFeFJioZiaXkrKU4TxXuL79zKypyX92Zl8EujabhLeqIKssqJwnqpzqpm369Ic_JwJ1T2uvleiOZV2bnp7nUm9MU5iQ9_eFcLP2geKMPPgey1gfXxeir77qDpYWcIKkOxXlSwUS6axNmPybZ64tcgmlPcZq1r3IMs5HcgK9fdMMWGcnVdE5Wn971w8QPyUee1EbvUvaOe2iTsEFf7vaiOnmg6bIy22IPk8JFlXMUTY0dGJUnQHTubGmLG0z4Uri_qsRMnoikZnml1N9MSafWsF3O6_bI3H3eOSbWA;+_gid=GA1.2.1296537085.1746578326;+_clsk=975iy8%7C1746687558365%7C81%7C1%7Cl.clarity.ms%2Fcollect;+ASP.NET_SessionId=iszdwelhaw5katw5o0m1ycqp;+username=chaoran.su@budee.cn;+PriceClass=60;+PriceList=CNYEU;+__RequestVerificationToken=TF9CKQ-8Xxy89kQaPXku0GZVMWHL48MKOdvHV22VbWbRr_sGluhYDMr9C85fgZ0unv6pO1yDJq2xR8GK9BSxxwsajOE1;+BIGipServerextron.com_443_pool=!3gS1AZAjvNPHfdcMjvaJwiHEDz8tIAQ0o5sGoRZdOFJVVpuFT2pv+7hK3/FDvOMAzSOC8rBYJFFLYA==;+view_prodhome=Basic;+_gat_UA-130285241-1=1 https://www.extron.cn/%e7%9f%a9%e9%98%b5%e5%88%87%e6%8d%a2%e5%99%a8/prodtype-3?t=matrix www.extron.cn 304 0 0 1705 1
2025-05-08 07:00:13 10.1.0.50 GET /Content/vendor/prependaround/prependaround.js - 443 - 10.1.16.1 Mozilla/5.0+(Windows+NT+6.1;+Win64;+x64)+AppleWebKit/537.36+(KHTML,+like+Gecko)+Chrome/109.0.0.0+Safari/537.36+Edg/109.0.1518.140 ASP.NET_SessionId=v4sr0zkzacze3mouncia1scm;+region=1;+lang=1;+__RequestVerificationToken=RH9ezm4kZ2-wwmjtjTuL-ZymLaimkPkviC8qf2ASEc-aWXAHS-MNG30m0PRb9di0VwUkJf40jZYILZ9eCiVBvKI0n2Q1;+BIGipServerextron.com_443_pool=!5S7tXiqUToJ84EkMjvaJwiHEDz8tIOwI4vIgmb+T3iRLDhxjUlXRW8D7J2Ep1r4KmhNFrjzB9hUcEg== https://www.extron.com/article/loudnesscontrol_ts www.extron.com 200 0 0 3451 1
2025-05-08 07:00:13 10.1.0.50 GET /Content/vendor/js-cookie/js.cookie-2.2.0.js - 443 chaoran.su@budee.cn 10.1.16.1 Mozilla/5.0+(Windows+NT+10.0;+Win64;+x64;+rv:138.0)+Gecko/20100101+Firefox/138.0 region=5;+lang=7;+_ga_DP5ZZ9VH84=GS2.1.s1746680441$o83$g1$t1746687593$j20$l0$h0;+_ga=GA1.1.444436739.1734077477;+_clck=s0prz4%7C2%7Cfvq%7C0%7C1808;+ExtronRecViewProd=xtpthwp1014k,xtptusw1034k,xtptuwp2024k,xtpthd4k,xtptfb2024k,xtpiifr4018k,xtpsfrhd4k,xtpsrhd4k,xtprhd4k,xtpiift4028k,dxphd4kplus,dmsseries;+.AspNet.Cookies=JryJMvXfNQW7QZoVV-_9wRoSrtSHZEns8B8aHiLw3-ZntIFE1A9Hov0sht8VrSfo33FpRd92nxhG890R36e38Hz0QPXZP5ajF6temGKnVTmN-_gDHoIOYPTMMgjOhpJvTwQZ_Snwt0JJAGcOF-HedDizfZvpZpDUhzFeFJioZiaXkrKU4TxXuL79zKypyX92Zl8EujabhLeqIKssqJwnqpzqpm369Ic_JwJ1T2uvleiOZV2bnp7nUm9MU5iQ9_eFcLP2geKMPPgey1gfXxeir77qDpYWcIKkOxXlSwUS6axNmPybZ64tcgmlPcZq1r3IMs5HcgK9fdMMWGcnVdE5Wn971w8QPyUee1EbvUvaOe2iTsEFf7vaiOnmg6bIy22IPk8JFlXMUTY0dGJUnQHTubGmLG0z4Uri_qsRMnoikZnml1N9MSafWsF3O6_bI3H3eOSbWA;+_gid=GA1.2.1296537085.1746578326;+_clsk=975iy8%7C1746687558365%7C81%7C1%7Cl.clarity.ms%2Fcollect;+ASP.NET_SessionId=iszdwelhaw5katw5o0m1ycqp;+username=chaoran.su@budee.cn;+PriceClass=60;+PriceList=CNYEU;+__RequestVerificationToken=TF9CKQ-8Xxy89kQaPXku0GZVMWHL48MKOdvHV22VbWbRr_sGluhYDMr9C85fgZ0unv6pO1yDJq2xR8GK9BSxxwsajOE1;+BIGipServerextron.com_443_pool=!3gS1AZAjvNPHfdcMjvaJwiHEDz8tIAQ0o5sGoRZdOFJVVpuFT2pv+7hK3/FDvOMAzSOC8rBYJFFLYA==;+view_prodhome=Basic;+_gat_UA-130285241-1=1 https://www.extron.cn/%e7%9f%a9%e9%98%b5%e5%88%87%e6%8d%a2%e5%99%a8/prodtype-3?t=matrix www.extron.cn 304 0 0 1705 1
2025-05-08 07:00:13 10.1.0.50 POST /product/Related/dtptuwp4k232d - 443 - 10.1.16.1 Mozilla/5.0+(Windows+NT+10.0;+Win64;+x64)+AppleWebKit/537.36+(KHTML,+like+Gecko;+compatible;+Yeti/1.1;++https://naver.me/spd)+Chrome/133.0.0.0+Safari/537.36 ASP.NET_SessionId=nal0s5v24ybgjehxnam2aikg;+BIGipServerextron.com_443_pool=838861066.47873.0000;+ExtronRecViewProd=dtptuwp4k232d;+__RequestVerificationToken=hWqklc_HJM1hV9vxXTX4fzEzImEinrN2Gnr5CAQoYP15aYpqNEfX7ceWhLM418aYx_wHtdRQex3zWqfHKGYQMQ-_q381;+lang=9;+region=3 https://www.extron.com/product/dtptuwp4k232d?subtype=618 www.extron.com 200 0 0 88915 555
2025-05-08 07:00:13 10.1.0.50 GET /Content/vendor/slick/slick.js - 443 - 10.1.16.1 Mozilla/5.0+(Windows+NT+6.1;+Win64;+x64)+AppleWebKit/537.36+(KHTML,+like+Gecko)+Chrome/109.0.0.0+Safari/537.36+Edg/109.0.1518.140 ASP.NET_SessionId=v4sr0zkzacze3mouncia1scm;+region=1;+lang=1;+__RequestVerificationToken=RH9ezm4kZ2-wwmjtjTuL-ZymLaimkPkviC8qf2ASEc-aWXAHS-MNG30m0PRb9di0VwUkJf40jZYILZ9eCiVBvKI0n2Q1;+BIGipServerextron.com_443_pool=!5S7tXiqUToJ84EkMjvaJwiHEDz8tIOwI4vIgmb+T3iRLDhxjUlXRW8D7J2Ep1r4KmhNFrjzB9hUcEg== https://www.extron.com/article/loudnesscontrol_ts www.extron.com 200 0 0 93556 1
2025-05-08 07:00:13 10.1.0.50 GET /Content/vendor/jqueryui/jquery-1.12.0-ui.min.js - 443 lnah@extron.com 10.1.16.1 Mozilla/5.0+(Windows+NT+10.0;+Win64;+x64)+AppleWebKit/537.36+(KHTML,+like+Gecko)+Chrome/135.0.0.0+Safari/537.36 lang=1;+region=3;+_gid=GA1.2.1420396670.1746408377;+ASP.NET_SessionId=4cye422eix0321wiv0qjrafu;+__RequestVerificationToken=fANlzh5QNg8shi1SxcPj7FFjmKKwNY4bojEfgz6ZggvrRlYzXJlbLi4XACv6ZGCJrkPfj_ST7MR6VGxxmUO4DkrgbA41;+_clck=fc8qsr%7C2%7Cfvq%7C0%7C1783;+username=lnah@extron.com;+PriceClass=60;+PriceList=S3+;+.AspNet.Cookies=Ql8qoVFqiXHZrY3Z1gIARaU2JRd_bwi_g3v6CHQWA3qPMDJWiJ6DqK5Waw8lyfF60Yxn91lJ8BrDEihsalGopDHyxV0klnawrUdLcifjM3ZGDXhRVYMRGFsLi9gEYvMlamUqnl6QoyEpSBAOCbbmWEeKXmft_Hxhx1dae7CpGHGdx3LSl1wDVQi-aOLbYmCA0Y_IfXhnEnO6oJSQqoNN_n7zik-lAzUd1SAyny4RQYHHv0bfu2_0fo2eJJfslN0qkzp9-vCP8WSqS4zGXApM9Xl0bg_c_Z9fEDXYuEGRR7L0tVdzXlkaT44CUFfRKyyHLZPQLQpkPdkrWK3aAshOGfCqMZ4TBqPW0NyUt2FELR_DSP6ZJHrZjtKOGhdkeZr3XvdYuVBzuaH9U-CGUb--oCA78YvA3f-Ve_gzLD4zktJysjSJ;+_gat_UA-130285241-1=1;+ExtronRecViewProd=dmp44xi,cablecubby202,xtpiicphd4kplusio,nave111dtp3,dtp3crosspoint622,ssp200,dtp3r201,dtphdmi330rx,dtp3t202,dtphdmi330tx,dtpthd24k330,dtp2t211;+_clsk=ruq57m%7C1746687559281%7C15%7C1%7Cb.clarity.ms%2Fcollect;+_ga=GA1.2.630089218.1731903416;+_ga_DP5ZZ9VH84=GS2.1.s1746686336$o431$g1$t1746687593$j14$l0$h0 https://www.extron.com/Receivers/prodsubtype-617 www.extron.com 304 0 0 1705 2
2025-05-08 07:00:13 10.1.0.50 GET /Content/vendor/jquery/jquery-3.3.1.min.js - 443 lnah@extron.com 10.1.16.1 Mozilla/5.0+(Windows+NT+10.0;+Win64;+x64)+AppleWebKit/537.36+(KHTML,+like+Gecko)+Chrome/135.0.0.0+Safari/537.36 lang=1;+region=3;+_gid=GA1.2.1420396670.1746408377;+ASP.NET_SessionId=4cye422eix0321wiv0qjrafu;+__RequestVerificationToken=fANlzh5QNg8shi1SxcPj7FFjmKKwNY4bojEfgz6ZggvrRlYzXJlbLi4XACv6ZGCJrkPfj_ST7MR6VGxxmUO4DkrgbA41;+_clck=fc8qsr%7C2%7Cfvq%7C0%7C1783;+username=lnah@extron.com;+PriceClass=60;+PriceList=S3+;+.AspNet.Cookies=Ql8qoVFqiXHZrY3Z1gIARaU2JRd_bwi_g3v6CHQWA3qPMDJWiJ6DqK5Waw8lyfF60Yxn91lJ8BrDEihsalGopDHyxV0klnawrUdLcifjM3ZGDXhRVYMRGFsLi9gEYvMlamUqnl6QoyEpSBAOCbbmWEeKXmft_Hxhx1dae7CpGHGdx3LSl1wDVQi-aOLbYmCA0Y_IfXhnEnO6oJSQqoNN_n7zik-lAzUd1SAyny4RQYHHv0bfu2_0fo2eJJfslN0qkzp9-vCP8WSqS4zGXApM9Xl0bg_c_Z9fEDXYuEGRR7L0tVdzXlkaT44CUFfRKyyHLZPQLQpkPdkrWK3aAshOGfCqMZ4TBqPW0NyUt2FELR_DSP6ZJHrZjtKOGhdkeZr3XvdYuVBzuaH9U-CGUb--oCA78YvA3f-Ve_gzLD4zktJysjSJ;+_gat_UA-130285241-1=1;+ExtronRecViewProd=dmp44xi,cablecubby202,xtpiicphd4kplusio,nave111dtp3,dtp3crosspoint622,ssp200,dtp3r201,dtphdmi330rx,dtp3t202,dtphdmi330tx,dtpthd24k330,dtp2t211;+_clsk=ruq57m%7C1746687559281%7C15%7C1%7Cb.clarity.ms%2Fcollect;+_ga=GA1.2.630089218.1731903416;+_ga_DP5ZZ9VH84=GS2.1.s1746686336$o431$g1$t1746687593$j14$l0$h0 https://www.extron.com/Receivers/prodsubtype-617 www.extron.com 304 0 0 1705 2
2025-05-08 07:00:13 10.1.0.50 GET /Content/vendor/prependaround/prependaround.js - 443 chaoran.su@budee.cn 10.1.16.1 Mozilla/5.0+(Windows+NT+10.0;+Win64;+x64;+rv:138.0)+Gecko/20100101+Firefox/138.0 region=5;+lang=7;+_ga_DP5ZZ9VH84=GS2.1.s1746680441$o83$g1$t1746687593$j20$l0$h0;+_ga=GA1.1.444436739.1734077477;+_clck=s0prz4%7C2%7Cfvq%7C0%7C1808;+ExtronRecViewProd=xtpthwp1014k,xtptusw1034k,xtptuwp2024k,xtpthd4k,xtptfb2024k,xtpiifr4018k,xtpsfrhd4k,xtpsrhd4k,xtprhd4k,xtpiift4028k,dxphd4kplus,dmsseries;+.AspNet.Cookies=JryJMvXfNQW7QZoVV-_9wRoSrtSHZEns8B8aHiLw3-ZntIFE1A9Hov0sht8VrSfo33FpRd92nxhG890R36e38Hz0QPXZP5ajF6temGKnVTmN-_gDHoIOYPTMMgjOhpJvTwQZ_Snwt0JJAGcOF-HedDizfZvpZpDUhzFeFJioZiaXkrKU4TxXuL79zKypyX92Zl8EujabhLeqIKssqJwnqpzqpm369Ic_JwJ1T2uvleiOZV2bnp7nUm9MU5iQ9_eFcLP2geKMPPgey1gfXxeir77qDpYWcIKkOxXlSwUS6axNmPybZ64tcgmlPcZq1r3IMs5HcgK9fdMMWGcnVdE5Wn971w8QPyUee1EbvUvaOe2iTsEFf7vaiOnmg6bIy22IPk8JFlXMUTY0dGJUnQHTubGmLG0z4Uri_qsRMnoikZnml1N9MSafWsF3O6_bI3H3eOSbWA;+_gid=GA1.2.1296537085.1746578326;+_clsk=975iy8%7C1746687558365%7C81%7C1%7Cl.clarity.ms%2Fcollect;+ASP.NET_SessionId=iszdwelhaw5katw5o0m1ycqp;+username=chaoran.su@budee.cn;+PriceClass=60;+PriceList=CNYEU;+__RequestVerificationToken=TF9CKQ-8Xxy89kQaPXku0GZVMWHL48MKOdvHV22VbWbRr_sGluhYDMr9C85fgZ0unv6pO1yDJq2xR8GK9BSxxwsajOE1;+BIGipServerextron.com_443_pool=!3gS1AZAjvNPHfdcMjvaJwiHEDz8tIAQ0o5sGoRZdOFJVVpuFT2pv+7hK3/FDvOMAzSOC8rBYJFFLYA==;+view_prodhome=Basic;+_gat_UA-130285241-1=1 https://www.extron.cn/%e7%9f%a9%e9%98%b5%e5%88%87%e6%8d%a2%e5%99%a8/prodtype-3?t=matrix www.extron.cn 304 0 0 1705 2
2025-05-08 07:00:13 10.1.0.50 GET /Content/vendor/bootstrap/bootstrap.bundle.min.js - 443 lnah@extron.com 10.1.16.1 Mozilla/5.0+(Windows+NT+10.0;+Win64;+x64)+AppleWebKit/537.36+(KHTML,+like+Gecko)+Chrome/135.0.0.0+Safari/537.36 lang=1;+region=3;+_gid=GA1.2.1420396670.1746408377;+ASP.NET_SessionId=4cye422eix0321wiv0qjrafu;+__RequestVerificationToken=fANlzh5QNg8shi1SxcPj7FFjmKKwNY4bojEfgz6ZggvrRlYzXJlbLi4XACv6ZGCJrkPfj_ST7MR6VGxxmUO4DkrgbA41;+_clck=fc8qsr%7C2%7Cfvq%7C0%7C1783;+username=lnah@extron.com;+PriceClass=60;+PriceList=S3+;+.AspNet.Cookies=Ql8qoVFqiXHZrY3Z1gIARaU2JRd_bwi_g3v6CHQWA3qPMDJWiJ6DqK5Waw8lyfF60Yxn91lJ8BrDEihsalGopDHyxV0klnawrUdLcifjM3ZGDXhRVYMRGFsLi9gEYvMlamUqnl6QoyEpSBAOCbbmWEeKXmft_Hxhx1dae7CpGHGdx3LSl1wDVQi-aOLbYmCA0Y_IfXhnEnO6oJSQqoNN_n7zik-lAzUd1SAyny4RQYHHv0bfu2_0fo2eJJfslN0qkzp9-vCP8WSqS4zGXApM9Xl0bg_c_Z9fEDXYuEGRR7L0tVdzXlkaT44CUFfRKyyHLZPQLQpkPdkrWK3aAshOGfCqMZ4TBqPW0NyUt2FELR_DSP6ZJHrZjtKOGhdkeZr3XvdYuVBzuaH9U-CGUb--oCA78YvA3f-Ve_gzLD4zktJysjSJ;+_gat_UA-130285241-1=1;+ExtronRecViewProd=dmp44xi,cablecubby202,xtpiicphd4kplusio,nave111dtp3,dtp3crosspoint622,ssp200,dtp3r201,dtphdmi330rx,dtp3t202,dtphdmi330tx,dtpthd24k330,dtp2t211;+_clsk=ruq57m%7C1746687559281%7C15%7C1%7Cb.clarity.ms%2Fcollect;+_ga=GA1.2.630089218.1731903416;+_ga_DP5ZZ9VH84=GS2.1.s1746686336$o431$g1$t1746687593$j14$l0$h0 https://www.extron.com/Receivers/prodsubtype-617 www.extron.com 304 0 0 1705 1
2025-05-08 07:00:13 10.1.0.50 GET /Content/vendor/jquery-unobtrusive-ajax/jquery.unobtrusive-ajax.js - 443 lnah@extron.com 10.1.16.1 Mozilla/5.0+(Windows+NT+10.0;+Win64;+x64)+AppleWebKit/537.36+(KHTML,+like+Gecko)+Chrome/135.0.0.0+Safari/537.36 lang=1;+region=3;+_gid=GA1.2.1420396670.1746408377;+ASP.NET_SessionId=4cye422eix0321wiv0qjrafu;+__RequestVerificationToken=fANlzh5QNg8shi1SxcPj7FFjmKKwNY4bojEfgz6ZggvrRlYzXJlbLi4XACv6ZGCJrkPfj_ST7MR6VGxxmUO4DkrgbA41;+_clck=fc8qsr%7C2%7Cfvq%7C0%7C1783;+username=lnah@extron.com;+PriceClass=60;+PriceList=S3+;+.AspNet.Cookies=Ql8qoVFqiXHZrY3Z1gIARaU2JRd_bwi_g3v6CHQWA3qPMDJWiJ6DqK5Waw8lyfF60Yxn91lJ8BrDEihsalGopDHyxV0klnawrUdLcifjM3ZGDXhRVYMRGFsLi9gEYvMlamUqnl6QoyEpSBAOCbbmWEeKXmft_Hxhx1dae7CpGHGdx3LSl1wDVQi-aOLbYmCA0Y_IfXhnEnO6oJSQqoNN_n7zik-lAzUd1SAyny4RQYHHv0bfu2_0fo2eJJfslN0qkzp9-vCP8WSqS4zGXApM9Xl0bg_c_Z9fEDXYuEGRR7L0tVdzXlkaT44CUFfRKyyHLZPQLQpkPdkrWK3aAshOGfCqMZ4TBqPW0NyUt2FELR_DSP6ZJHrZjtKOGhdkeZr3XvdYuVBzuaH9U-CGUb--oCA78YvA3f-Ve_gzLD4zktJysjSJ;+_gat_UA-130285241-1=1;+ExtronRecViewProd=dmp44xi,cablecubby202,xtpiicphd4kplusio,nave111dtp3,dtp3crosspoint622,ssp200,dtp3r201,dtphdmi330rx,dtp3t202,dtphdmi330tx,dtpthd24k330,dtp2t211;+_clsk=ruq57m%7C1746687559281%7C15%7C1%7Cb.clarity.ms%2Fcollect;+_ga=GA1.2.630089218.1731903416;+_ga_DP5ZZ9VH84=GS2.1.s1746686336$o431$g1$t1746687593$j14$l0$h0 https://www.extron.com/Receivers/prodsubtype-617 www.extron.com 304 0 0 1705 1
2025-05-08 07:00:13 10.1.0.50 GET /Content/vendor/fancybox-3.5.7/dist/jquery.fancybox.js - 443 lnah@extron.com 10.1.16.1 Mozilla/5.0+(Windows+NT+10.0;+Win64;+x64)+AppleWebKit/537.36+(KHTML,+like+Gecko)+Chrome/135.0.0.0+Safari/537.36 lang=1;+region=3;+_gid=GA1.2.1420396670.1746408377;+ASP.NET_SessionId=4cye422eix0321wiv0qjrafu;+__RequestVerificationToken=fANlzh5QNg8shi1SxcPj7FFjmKKwNY4bojEfgz6ZggvrRlYzXJlbLi4XACv6ZGCJrkPfj_ST7MR6VGxxmUO4DkrgbA41;+_clck=fc8qsr%7C2%7Cfvq%7C0%7C1783;+username=lnah@extron.com;+PriceClass=60;+PriceList=S3+;+.AspNet.Cookies=Ql8qoVFqiXHZrY3Z1gIARaU2JRd_bwi_g3v6CHQWA3qPMDJWiJ6DqK5Waw8lyfF60Yxn91lJ8BrDEihsalGopDHyxV0klnawrUdLcifjM3ZGDXhRVYMRGFsLi9gEYvMlamUqnl6QoyEpSBAOCbbmWEeKXmft_Hxhx1dae7CpGHGdx3LSl1wDVQi-aOLbYmCA0Y_IfXhnEnO6oJSQqoNN_n7zik-lAzUd1SAyny4RQYHHv0bfu2_0fo2eJJfslN0qkzp9-vCP8WSqS4zGXApM9Xl0bg_c_Z9fEDXYuEGRR7L0tVdzXlkaT44CUFfRKyyHLZPQLQpkPdkrWK3aAshOGfCqMZ4TBqPW0NyUt2FELR_DSP6ZJHrZjtKOGhdkeZr3XvdYuVBzuaH9U-CGUb--oCA78YvA3f-Ve_gzLD4zktJysjSJ;+_gat_UA-130285241-1=1;+ExtronRecViewProd=dmp44xi,cablecubby202,xtpiicphd4kplusio,nave111dtp3,dtp3crosspoint622,ssp200,dtp3r201,dtphdmi330rx,dtp3t202,dtphdmi330tx,dtpthd24k330,dtp2t211;+_clsk=ruq57m%7C1746687559281%7C15%7C1%7Cb.clarity.ms%2Fcollect;+_ga=GA1.2.630089218.1731903416;+_ga_DP5ZZ9VH84=GS2.1.s1746686336$o431$g1$t1746687593$j14$l0$h0 https://www.extron.com/Receivers/prodsubtype-617 www.extron.com 304 0 0 1705 1
2025-05-08 07:00:13 10.1.0.50 GET /Content/vendor/bs-offcanvas/dist/js/bootstrap.offcanvas.js - 443 lnah@extron.com 10.1.16.1 Mozilla/5.0+(Windows+NT+10.0;+Win64;+x64)+AppleWebKit/537.36+(KHTML,+like+Gecko)+Chrome/135.0.0.0+Safari/537.36 lang=1;+region=3;+_gid=GA1.2.1420396670.1746408377;+ASP.NET_SessionId=4cye422eix0321wiv0qjrafu;+__RequestVerificationToken=fANlzh5QNg8shi1SxcPj7FFjmKKwNY4bojEfgz6ZggvrRlYzXJlbLi4XACv6ZGCJrkPfj_ST7MR6VGxxmUO4DkrgbA41;+_clck=fc8qsr%7C2%7Cfvq%7C0%7C1783;+username=lnah@extron.com;+PriceClass=60;+PriceList=S3+;+.AspNet.Cookies=Ql8qoVFqiXHZrY3Z1gIARaU2JRd_bwi_g3v6CHQWA3qPMDJWiJ6DqK5Waw8lyfF60Yxn91lJ8BrDEihsalGopDHyxV0klnawrUdLcifjM3ZGDXhRVYMRGFsLi9gEYvMlamUqnl6QoyEpSBAOCbbmWEeKXmft_Hxhx1dae7CpGHGdx3LSl1wDVQi-aOLbYmCA0Y_IfXhnEnO6oJSQqoNN_n7zik-lAzUd1SAyny4RQYHHv0bfu2_0fo2eJJfslN0qkzp9-vCP8WSqS4zGXApM9Xl0bg_c_Z9fEDXYuEGRR7L0tVdzXlkaT44CUFfRKyyHLZPQLQpkPdkrWK3aAshOGfCqMZ4TBqPW0NyUt2FELR_DSP6ZJHrZjtKOGhdkeZr3XvdYuVBzuaH9U-CGUb--oCA78YvA3f-Ve_gzLD4zktJysjSJ;+_gat_UA-130285241-1=1;+ExtronRecViewProd=dmp44xi,cablecubby202,xtpiicphd4kplusio,nave111dtp3,dtp3crosspoint622,ssp200,dtp3r201,dtphdmi330rx,dtp3t202,dtphdmi330tx,dtpthd24k330,dtp2t211;+_clsk=ruq57m%7C1746687559281%7C15%7C1%7Cb.clarity.ms%2Fcollect;+_ga=GA1.2.630089218.1731903416;+_ga_DP5ZZ9VH84=GS2.1.s1746686336$o431$g1$t1746687593$j14$l0$h0 https://www.extron.com/Receivers/prodsubtype-617 www.extron.com 304 0 0 1705 1
2025-05-08 07:00:13 10.1.0.50 GET /Content/vendor/slick/slick.js - 443 chaoran.su@budee.cn 10.1.16.1 Mozilla/5.0+(Windows+NT+10.0;+Win64;+x64;+rv:138.0)+Gecko/20100101+Firefox/138.0 region=5;+lang=7;+_ga_DP5ZZ9VH84=GS2.1.s1746680441$o83$g1$t1746687593$j20$l0$h0;+_ga=GA1.1.444436739.1734077477;+_clck=s0prz4%7C2%7Cfvq%7C0%7C1808;+ExtronRecViewProd=xtpthwp1014k,xtptusw1034k,xtptuwp2024k,xtpthd4k,xtptfb2024k,xtpiifr4018k,xtpsfrhd4k,xtpsrhd4k,xtprhd4k,xtpiift4028k,dxphd4kplus,dmsseries;+.AspNet.Cookies=JryJMvXfNQW7QZoVV-_9wRoSrtSHZEns8B8aHiLw3-ZntIFE1A9Hov0sht8VrSfo33FpRd92nxhG890R36e38Hz0QPXZP5ajF6temGKnVTmN-_gDHoIOYPTMMgjOhpJvTwQZ_Snwt0JJAGcOF-HedDizfZvpZpDUhzFeFJioZiaXkrKU4TxXuL79zKypyX92Zl8EujabhLeqIKssqJwnqpzqpm369Ic_JwJ1T2uvleiOZV2bnp7nUm9MU5iQ9_eFcLP2geKMPPgey1gfXxeir77qDpYWcIKkOxXlSwUS6axNmPybZ64tcgmlPcZq1r3IMs5HcgK9fdMMWGcnVdE5Wn971w8QPyUee1EbvUvaOe2iTsEFf7vaiOnmg6bIy22IPk8JFlXMUTY0dGJUnQHTubGmLG0z4Uri_qsRMnoikZnml1N9MSafWsF3O6_bI3H3eOSbWA;+_gid=GA1.2.1296537085.1746578326;+_clsk=975iy8%7C1746687558365%7C81%7C1%7Cl.clarity.ms%2Fcollect;+ASP.NET_SessionId=iszdwelhaw5katw5o0m1ycqp;+username=chaoran.su@budee.cn;+PriceClass=60;+PriceList=CNYEU;+__RequestVerificationToken=TF9CKQ-8Xxy89kQaPXku0GZVMWHL48MKOdvHV22VbWbRr_sGluhYDMr9C85fgZ0unv6pO1yDJq2xR8GK9BSxxwsajOE1;+BIGipServerextron.com_443_pool=!3gS1AZAjvNPHfdcMjvaJwiHEDz8tIAQ0o5sGoRZdOFJVVpuFT2pv+7hK3/FDvOMAzSOC8rBYJFFLYA==;+view_prodhome=Basic;+_gat_UA-130285241-1=1 https://www.extron.cn/%e7%9f%a9%e9%98%b5%e5%88%87%e6%8d%a2%e5%99%a8/prodtype-3?t=matrix www.extron.cn 304 0 0 1705 8
2025-05-08 07:00:13 10.1.0.50 GET /Scripts/Shared/videoplayer.js - 443 chaoran.su@budee.cn 10.1.16.1 Mozilla/5.0+(Windows+NT+10.0;+Win64;+x64;+rv:138.0)+Gecko/20100101+Firefox/138.0 region=5;+lang=7;+_ga_DP5ZZ9VH84=GS2.1.s1746680441$o83$g1$t1746687593$j20$l0$h0;+_ga=GA1.1.444436739.1734077477;+_clck=s0prz4%7C2%7Cfvq%7C0%7C1808;+ExtronRecViewProd=xtpthwp1014k,xtptusw1034k,xtptuwp2024k,xtpthd4k,xtptfb2024k,xtpiifr4018k,xtpsfrhd4k,xtpsrhd4k,xtprhd4k,xtpiift4028k,dxphd4kplus,dmsseries;+.AspNet.Cookies=JryJMvXfNQW7QZoVV-_9wRoSrtSHZEns8B8aHiLw3-ZntIFE1A9Hov0sht8VrSfo33FpRd92nxhG890R36e38Hz0QPXZP5ajF6temGKnVTmN-_gDHoIOYPTMMgjOhpJvTwQZ_Snwt0JJAGcOF-HedDizfZvpZpDUhzFeFJioZiaXkrKU4TxXuL79zKypyX92Zl8EujabhLeqIKssqJwnqpzqpm369Ic_JwJ1T2uvleiOZV2bnp7nUm9MU5iQ9_eFcLP2geKMPPgey1gfXxeir77qDpYWcIKkOxXlSwUS6axNmPybZ64tcgmlPcZq1r3IMs5HcgK9fdMMWGcnVdE5Wn971w8QPyUee1EbvUvaOe2iTsEFf7vaiOnmg6bIy22IPk8JFlXMUTY0dGJUnQHTubGmLG0z4Uri_qsRMnoikZnml1N9MSafWsF3O6_bI3H3eOSbWA;+_gid=GA1.2.1296537085.1746578326;+_clsk=975iy8%7C1746687558365%7C81%7C1%7Cl.clarity.ms%2Fcollect;+ASP.NET_SessionId=iszdwelhaw5katw5o0m1ycqp;+username=chaoran.su@budee.cn;+PriceClass=60;+PriceList=CNYEU;+__RequestVerificationToken=TF9CKQ-8Xxy89kQaPXku0GZVMWHL48MKOdvHV22VbWbRr_sGluhYDMr9C85fgZ0unv6pO1yDJq2xR8GK9BSxxwsajOE1;+BIGipServerextron.com_443_pool=!3gS1AZAjvNPHfdcMjvaJwiHEDz8tIAQ0o5sGoRZdOFJVVpuFT2pv+7hK3/FDvOMAzSOC8rBYJFFLYA==;+view_prodhome=Basic;+_gat_UA-130285241-1=1 https://www.extron.cn/%e7%9f%a9%e9%98%b5%e5%88%87%e6%8d%a2%e5%99%a8/prodtype-3?t=matrix www.extron.cn 304 0 0 1705 7
2025-05-08 07:00:13 10.1.0.50 GET /Scripts/Shared/autohide.js - 443 chaoran.su@budee.cn 10.1.16.1 Mozilla/5.0+(Windows+NT+10.0;+Win64;+x64;+rv:138.0)+Gecko/20100101+Firefox/138.0 region=5;+lang=7;+_ga_DP5ZZ9VH84=GS2.1.s1746680441$o83$g1$t1746687593$j20$l0$h0;+_ga=GA1.1.444436739.1734077477;+_clck=s0prz4%7C2%7Cfvq%7C0%7C1808;+ExtronRecViewProd=xtpthwp1014k,xtptusw1034k,xtptuwp2024k,xtpthd4k,xtptfb2024k,xtpiifr4018k,xtpsfrhd4k,xtpsrhd4k,xtprhd4k,xtpiift4028k,dxphd4kplus,dmsseries;+.AspNet.Cookies=JryJMvXfNQW7QZoVV-_9wRoSrtSHZEns8B8aHiLw3-ZntIFE1A9Hov0sht8VrSfo33FpRd92nxhG890R36e38Hz0QPXZP5ajF6temGKnVTmN-_gDHoIOYPTMMgjOhpJvTwQZ_Snwt0JJAGcOF-HedDizfZvpZpDUhzFeFJioZiaXkrKU4TxXuL79zKypyX92Zl8EujabhLeqIKssqJwnqpzqpm369Ic_JwJ1T2uvleiOZV2bnp7nUm9MU5iQ9_eFcLP2geKMPPgey1gfXxeir77qDpYWcIKkOxXlSwUS6axNmPybZ64tcgmlPcZq1r3IMs5HcgK9fdMMWGcnVdE5Wn971w8QPyUee1EbvUvaOe2iTsEFf7vaiOnmg6bIy22IPk8JFlXMUTY0dGJUnQHTubGmLG0z4Uri_qsRMnoikZnml1N9MSafWsF3O6_bI3H3eOSbWA;+_gid=GA1.2.1296537085.1746578326;+_clsk=975iy8%7C1746687558365%7C81%7C1%7Cl.clarity.ms%2Fcollect;+ASP.NET_SessionId=iszdwelhaw5katw5o0m1ycqp;+username=chaoran.su@budee.cn;+PriceClass=60;+PriceList=CNYEU;+__RequestVerificationToken=TF9CKQ-8Xxy89kQaPXku0GZVMWHL48MKOdvHV22VbWbRr_sGluhYDMr9C85fgZ0unv6pO1yDJq2xR8GK9BSxxwsajOE1;+BIGipServerextron.com_443_pool=!3gS1AZAjvNPHfdcMjvaJwiHEDz8tIAQ0o5sGoRZdOFJVVpuFT2pv+7hK3/FDvOMAzSOC8rBYJFFLYA==;+view_prodhome=Basic;+_gat_UA-130285241-1=1 https://www.extron.cn/%e7%9f%a9%e9%98%b5%e5%88%87%e6%8d%a2%e5%99%a8/prodtype-3?t=matrix www.extron.cn 304 0 0 1705 4
2025-05-08 07:00:13 10.1.0.50 GET /Scripts/Shared/main.js 20240613 443 chaoran.su@budee.cn 10.1.16.1 Mozilla/5.0+(Windows+NT+10.0;+Win64;+x64;+rv:138.0)+Gecko/20100101+Firefox/138.0 region=5;+lang=7;+_ga_DP5ZZ9VH84=GS2.1.s1746680441$o83$g1$t1746687593$j20$l0$h0;+_ga=GA1.1.444436739.1734077477;+_clck=s0prz4%7C2%7Cfvq%7C0%7C1808;+ExtronRecViewProd=xtpthwp1014k,xtptusw1034k,xtptuwp2024k,xtpthd4k,xtptfb2024k,xtpiifr4018k,xtpsfrhd4k,xtpsrhd4k,xtprhd4k,xtpiift4028k,dxphd4kplus,dmsseries;+.AspNet.Cookies=JryJMvXfNQW7QZoVV-_9wRoSrtSHZEns8B8aHiLw3-ZntIFE1A9Hov0sht8VrSfo33FpRd92nxhG890R36e38Hz0QPXZP5ajF6temGKnVTmN-_gDHoIOYPTMMgjOhpJvTwQZ_Snwt0JJAGcOF-HedDizfZvpZpDUhzFeFJioZiaXkrKU4TxXuL79zKypyX92Zl8EujabhLeqIKssqJwnqpzqpm369Ic_JwJ1T2uvleiOZV2bnp7nUm9MU5iQ9_eFcLP2geKMPPgey1gfXxeir77qDpYWcIKkOxXlSwUS6axNmPybZ64tcgmlPcZq1r3IMs5HcgK9fdMMWGcnVdE5Wn971w8QPyUee1EbvUvaOe2iTsEFf7vaiOnmg6bIy22IPk8JFlXMUTY0dGJUnQHTubGmLG0z4Uri_qsRMnoikZnml1N9MSafWsF3O6_bI3H3eOSbWA;+_gid=GA1.2.1296537085.1746578326;+_clsk=975iy8%7C1746687558365%7C81%7C1%7Cl.clarity.ms%2Fcollect;+ASP.NET_SessionId=iszdwelhaw5katw5o0m1ycqp;+username=chaoran.su@budee.cn;+PriceClass=60;+PriceList=CNYEU;+__RequestVerificationToken=TF9CKQ-8Xxy89kQaPXku0GZVMWHL48MKOdvHV22VbWbRr_sGluhYDMr9C85fgZ0unv6pO1yDJq2xR8GK9BSxxwsajOE1;+BIGipServerextron.com_443_pool=!3gS1AZAjvNPHfdcMjvaJwiHEDz8tIAQ0o5sGoRZdOFJVVpuFT2pv+7hK3/FDvOMAzSOC8rBYJFFLYA==;+view_prodhome=Basic;+_gat_UA-130285241-1=1 https://www.extron.cn/%e7%9f%a9%e9%98%b5%e5%88%87%e6%8d%a2%e5%99%a8/prodtype-3?t=matrix www.extron.cn 304 0 0 1705 1
2025-05-08 07:00:13 10.1.0.50 GET /technology/literature.aspx filetype=4&lang=1&tabid=1&id=p&filetype=81&lang=1&tabid=3&id=m&filetype=4&lang=1&tabid=1&id=H&filetype=4&lang=1&tabid=1&id=N&filetype=6&lang=1&tabid=5&id=Y&filetype=6&lang=1&tabid=5&id=E&filetype=6&lang=1&tabid=5&id=T&filetype=81&lang=1&tabid=3&id=L 443 - 10.1.16.1 Mozilla/5.0+AppleWebKit/537.36+(KHTML,+like+Gecko;+compatible;+bingbot/2.0;++http://www.bing.com/bingbot.htm)+Chrome/116.0.1938.76+Safari/537.36 - - www.extron.cn 200 0 0 144813 2002
2025-05-08 07:00:13 10.1.0.50 GET /Scripts/Shared/videoplayer.js - 443 - 10.1.16.1 Mozilla/5.0+(Windows+NT+6.1;+Win64;+x64)+AppleWebKit/537.36+(KHTML,+like+Gecko)+Chrome/109.0.0.0+Safari/537.36+Edg/109.0.1518.140 ASP.NET_SessionId=v4sr0zkzacze3mouncia1scm;+region=1;+lang=1;+__RequestVerificationToken=RH9ezm4kZ2-wwmjtjTuL-ZymLaimkPkviC8qf2ASEc-aWXAHS-MNG30m0PRb9di0VwUkJf40jZYILZ9eCiVBvKI0n2Q1;+BIGipServerextron.com_443_pool=!5S7tXiqUToJ84EkMjvaJwiHEDz8tIOwI4vIgmb+T3iRLDhxjUlXRW8D7J2Ep1r4KmhNFrjzB9hUcEg== https://www.extron.com/article/loudnesscontrol_ts www.extron.com 200 0 0 36749 1
2025-05-08 07:00:13 10.1.0.50 GET /Scripts/Shared/autohide.js - 443 - 10.1.16.1 Mozilla/5.0+(Windows+NT+6.1;+Win64;+x64)+AppleWebKit/537.36+(KHTML,+like+Gecko)+Chrome/109.0.0.0+Safari/537.36+Edg/109.0.1518.140 ASP.NET_SessionId=v4sr0zkzacze3mouncia1scm;+region=1;+lang=1;+__RequestVerificationToken=RH9ezm4kZ2-wwmjtjTuL-ZymLaimkPkviC8qf2ASEc-aWXAHS-MNG30m0PRb9di0VwUkJf40jZYILZ9eCiVBvKI0n2Q1;+BIGipServerextron.com_443_pool=!5S7tXiqUToJ84EkMjvaJwiHEDz8tIOwI4vIgmb+T3iRLDhxjUlXRW8D7J2Ep1r4KmhNFrjzB9hUcEg== https://www.extron.com/article/loudnesscontrol_ts www.extron.com 200 0 0 8272 0
2025-05-08 07:00:13 10.1.0.50 GET /Scripts/Shared/main.js 20240613 443 - 10.1.16.1 Mozilla/5.0+(Windows+NT+6.1;+Win64;+x64)+AppleWebKit/537.36+(KHTML,+like+Gecko)+Chrome/109.0.0.0+Safari/537.36+Edg/109.0.1518.140 ASP.NET_SessionId=v4sr0zkzacze3mouncia1scm;+region=1;+lang=1;+__RequestVerificationToken=RH9ezm4kZ2-wwmjtjTuL-ZymLaimkPkviC8qf2ASEc-aWXAHS-MNG30m0PRb9di0VwUkJf40jZYILZ9eCiVBvKI0n2Q1;+BIGipServerextron.com_443_pool=!5S7tXiqUToJ84EkMjvaJwiHEDz8tIOwI4vIgmb+T3iRLDhxjUlXRW8D7J2Ep1r4KmhNFrjzB9hUcEg== https://www.extron.com/article/loudnesscontrol_ts www.extron.com 200 0 0 63254 1
2025-05-08 07:00:13 10.1.0.50 GET /Scripts/Shared/login.js 20210406 443 chaoran.su@budee.cn 10.1.16.1 Mozilla/5.0+(Windows+NT+10.0;+Win64;+x64;+rv:138.0)+Gecko/20100101+Firefox/138.0 region=5;+lang=7;+_ga_DP5ZZ9VH84=GS2.1.s1746680441$o83$g1$t1746687593$j20$l0$h0;+_ga=GA1.1.444436739.1734077477;+_clck=s0prz4%7C2%7Cfvq%7C0%7C1808;+ExtronRecViewProd=xtpthwp1014k,xtptusw1034k,xtptuwp2024k,xtpthd4k,xtptfb2024k,xtpiifr4018k,xtpsfrhd4k,xtpsrhd4k,xtprhd4k,xtpiift4028k,dxphd4kplus,dmsseries;+.AspNet.Cookies=JryJMvXfNQW7QZoVV-_9wRoSrtSHZEns8B8aHiLw3-ZntIFE1A9Hov0sht8VrSfo33FpRd92nxhG890R36e38Hz0QPXZP5ajF6temGKnVTmN-_gDHoIOYPTMMgjOhpJvTwQZ_Snwt0JJAGcOF-HedDizfZvpZpDUhzFeFJioZiaXkrKU4TxXuL79zKypyX92Zl8EujabhLeqIKssqJwnqpzqpm369Ic_JwJ1T2uvleiOZV2bnp7nUm9MU5iQ9_eFcLP2geKMPPgey1gfXxeir77qDpYWcIKkOxXlSwUS6axNmPybZ64tcgmlPcZq1r3IMs5HcgK9fdMMWGcnVdE5Wn971w8QPyUee1EbvUvaOe2iTsEFf7vaiOnmg6bIy22IPk8JFlXMUTY0dGJUnQHTubGmLG0z4Uri_qsRMnoikZnml1N9MSafWsF3O6_bI3H3eOSbWA;+_gid=GA1.2.1296537085.1746578326;+_clsk=975iy8%7C1746687558365%7C81%7C1%7Cl.clarity.ms%2Fcollect;+ASP.NET_SessionId=iszdwelhaw5katw5o0m1ycqp;+username=chaoran.su@budee.cn;+PriceClass=60;+PriceList=CNYEU;+__RequestVerificationToken=TF9CKQ-8Xxy89kQaPXku0GZVMWHL48MKOdvHV22VbWbRr_sGluhYDMr9C85fgZ0unv6pO1yDJq2xR8GK9BSxxwsajOE1;+BIGipServerextron.com_443_pool=!3gS1AZAjvNPHfdcMjvaJwiHEDz8tIAQ0o5sGoRZdOFJVVpuFT2pv+7hK3/FDvOMAzSOC8rBYJFFLYA==;+view_prodhome=Basic;+_gat_UA-130285241-1=1 https://www.extron.cn/%e7%9f%a9%e9%98%b5%e5%88%87%e6%8d%a2%e5%99%a8/prodtype-3?t=matrix www.extron.cn 304 0 0 1705 2
2025-05-08 07:00:13 10.1.0.50 GET /Content/vendor/fontawesome/webfonts/fa-solid-900.woff2 - 443 lnah@extron.com 10.1.16.1 Mozilla/5.0+(Windows+NT+10.0;+Win64;+x64)+AppleWebKit/537.36+(KHTML,+like+Gecko)+Chrome/135.0.0.0+Safari/537.36 lang=1;+region=3;+_gid=GA1.2.1420396670.1746408377;+ASP.NET_SessionId=4cye422eix0321wiv0qjrafu;+__RequestVerificationToken=fANlzh5QNg8shi1SxcPj7FFjmKKwNY4bojEfgz6ZggvrRlYzXJlbLi4XACv6ZGCJrkPfj_ST7MR6VGxxmUO4DkrgbA41;+_clck=fc8qsr%7C2%7Cfvq%7C0%7C1783;+username=lnah@extron.com;+PriceClass=60;+PriceList=S3+;+.AspNet.Cookies=Ql8qoVFqiXHZrY3Z1gIARaU2JRd_bwi_g3v6CHQWA3qPMDJWiJ6DqK5Waw8lyfF60Yxn91lJ8BrDEihsalGopDHyxV0klnawrUdLcifjM3ZGDXhRVYMRGFsLi9gEYvMlamUqnl6QoyEpSBAOCbbmWEeKXmft_Hxhx1dae7CpGHGdx3LSl1wDVQi-aOLbYmCA0Y_IfXhnEnO6oJSQqoNN_n7zik-lAzUd1SAyny4RQYHHv0bfu2_0fo2eJJfslN0qkzp9-vCP8WSqS4zGXApM9Xl0bg_c_Z9fEDXYuEGRR7L0tVdzXlkaT44CUFfRKyyHLZPQLQpkPdkrWK3aAshOGfCqMZ4TBqPW0NyUt2FELR_DSP6ZJHrZjtKOGhdkeZr3XvdYuVBzuaH9U-CGUb--oCA78YvA3f-Ve_gzLD4zktJysjSJ;+_gat_UA-130285241-1=1;+ExtronRecViewProd=dmp44xi,cablecubby202,xtpiicphd4kplusio,nave111dtp3,dtp3crosspoint622,ssp200,dtp3r201,dtphdmi330rx,dtp3t202,dtphdmi330tx,dtpthd24k330,dtp2t211;+_clsk=ruq57m%7C1746687559281%7C15%7C1%7Cb.clarity.ms%2Fcollect;+_ga=GA1.2.630089218.1731903416;+_ga_DP5ZZ9VH84=GS2.1.s1746686336$o431$g1$t1746687593$j14$l0$h0 https://www.extron.com/Content/vendor/fontawesome/css/all.min.css www.extron.com 304 0 0 1703 1
2025-05-08 07:00:13 10.1.0.50 GET /Content/vendor/fontawesome/webfonts/fa-regular-400.woff2 - 443 lnah@extron.com 10.1.16.1 Mozilla/5.0+(Windows+NT+10.0;+Win64;+x64)+AppleWebKit/537.36+(KHTML,+like+Gecko)+Chrome/135.0.0.0+Safari/537.36 lang=1;+region=3;+_gid=GA1.2.1420396670.1746408377;+ASP.NET_SessionId=4cye422eix0321wiv0qjrafu;+__RequestVerificationToken=fANlzh5QNg8shi1SxcPj7FFjmKKwNY4bojEfgz6ZggvrRlYzXJlbLi4XACv6ZGCJrkPfj_ST7MR6VGxxmUO4DkrgbA41;+_clck=fc8qsr%7C2%7Cfvq%7C0%7C1783;+username=lnah@extron.com;+PriceClass=60;+PriceList=S3+;+.AspNet.Cookies=Ql8qoVFqiXHZrY3Z1gIARaU2JRd_bwi_g3v6CHQWA3qPMDJWiJ6DqK5Waw8lyfF60Yxn91lJ8BrDEihsalGopDHyxV0klnawrUdLcifjM3ZGDXhRVYMRGFsLi9gEYvMlamUqnl6QoyEpSBAOCbbmWEeKXmft_Hxhx1dae7CpGHGdx3LSl1wDVQi-aOLbYmCA0Y_IfXhnEnO6oJSQqoNN_n7zik-lAzUd1SAyny4RQYHHv0bfu2_0fo2eJJfslN0qkzp9-vCP8WSqS4zGXApM9Xl0bg_c_Z9fEDXYuEGRR7L0tVdzXlkaT44CUFfRKyyHLZPQLQpkPdkrWK3aAshOGfCqMZ4TBqPW0NyUt2FELR_DSP6ZJHrZjtKOGhdkeZr3XvdYuVBzuaH9U-CGUb--oCA78YvA3f-Ve_gzLD4zktJysjSJ;+_gat_UA-130285241-1=1;+ExtronRecViewProd=dmp44xi,cablecubby202,xtpiicphd4kplusio,nave111dtp3,dtp3crosspoint622,ssp200,dtp3r201,dtphdmi330rx,dtp3t202,dtphdmi330tx,dtpthd24k330,dtp2t211;+_clsk=ruq57m%7C1746687559281%7C15%7C1%7Cb.clarity.ms%2Fcollect;+_ga=GA1.2.630089218.1731903416;+_ga_DP5ZZ9VH84=GS2.1.s1746686336$o431$g1$t1746687593$j14$l0$h0 https://www.extron.com/Content/vendor/fontawesome/css/all.min.css www.extron.com 304 0 0 1703 1
2025-05-08 07:00:13 10.1.0.50 GET /Product/TabOverview/dtptuwp4k232d tab=over&nocache=1746687593922 443 - 10.1.16.1 Mozilla/5.0+(Windows+NT+10.0;+Win64;+x64)+AppleWebKit/537.36+(KHTML,+like+Gecko;+compatible;+Yeti/1.1;++https://naver.me/spd)+Chrome/133.0.0.0+Safari/537.36 ASP.NET_SessionId=nal0s5v24ybgjehxnam2aikg;+BIGipServerextron.com_443_pool=838861066.47873.0000;+ExtronRecViewProd=dtptuwp4k232d;+__RequestVerificationToken=hWqklc_HJM1hV9vxXTX4fzEzImEinrN2Gnr5CAQoYP15aYpqNEfX7ceWhLM418aYx_wHtdRQex3zWqfHKGYQMQ-_q381;+lang=9;+region=3 https://www.extron.com/product/dtptuwp4k232d?subtype=618 www.extron.com 200 0 0 27247 12
2025-05-08 07:00:13 10.1.0.50 GET /product/ebpvc1mk allparts=1 443 - 10.1.16.1 Mozilla/5.0+AppleWebKit/537.36+(KHTML,+like+Gecko;+compatible;+bingbot/2.0;++http://www.bing.com/bingbot.htm)+Chrome/116.0.1938.76+Safari/537.36 - - www.extron.co.jp 200 0 0 110904 287
2025-05-08 07:00:13 10.1.0.50 GET /Scripts/ProdSidebar/prodsidebar.js nocache=06232021 443 chaoran.su@budee.cn 10.1.16.1 Mozilla/5.0+(Windows+NT+10.0;+Win64;+x64;+rv:138.0)+Gecko/20100101+Firefox/138.0 region=5;+lang=7;+_ga_DP5ZZ9VH84=GS2.1.s1746680441$o83$g1$t1746687593$j20$l0$h0;+_ga=GA1.1.444436739.1734077477;+_clck=s0prz4%7C2%7Cfvq%7C0%7C1808;+ExtronRecViewProd=xtpthwp1014k,xtptusw1034k,xtptuwp2024k,xtpthd4k,xtptfb2024k,xtpiifr4018k,xtpsfrhd4k,xtpsrhd4k,xtprhd4k,xtpiift4028k,dxphd4kplus,dmsseries;+.AspNet.Cookies=JryJMvXfNQW7QZoVV-_9wRoSrtSHZEns8B8aHiLw3-ZntIFE1A9Hov0sht8VrSfo33FpRd92nxhG890R36e38Hz0QPXZP5ajF6temGKnVTmN-_gDHoIOYPTMMgjOhpJvTwQZ_Snwt0JJAGcOF-HedDizfZvpZpDUhzFeFJioZiaXkrKU4TxXuL79zKypyX92Zl8EujabhLeqIKssqJwnqpzqpm369Ic_JwJ1T2uvleiOZV2bnp7nUm9MU5iQ9_eFcLP2geKMPPgey1gfXxeir77qDpYWcIKkOxXlSwUS6axNmPybZ64tcgmlPcZq1r3IMs5HcgK9fdMMWGcnVdE5Wn971w8QPyUee1EbvUvaOe2iTsEFf7vaiOnmg6bIy22IPk8JFlXMUTY0dGJUnQHTubGmLG0z4Uri_qsRMnoikZnml1N9MSafWsF3O6_bI3H3eOSbWA;+_gid=GA1.2.1296537085.1746578326;+_clsk=975iy8%7C1746687558365%7C81%7C1%7Cl.clarity.ms%2Fcollect;+ASP.NET_SessionId=iszdwelhaw5katw5o0m1ycqp;+username=chaoran.su@budee.cn;+PriceClass=60;+PriceList=CNYEU;+__RequestVerificationToken=TF9CKQ-8Xxy89kQaPXku0GZVMWHL48MKOdvHV22VbWbRr_sGluhYDMr9C85fgZ0unv6pO1yDJq2xR8GK9BSxxwsajOE1;+BIGipServerextron.com_443_pool=!3gS1AZAjvNPHfdcMjvaJwiHEDz8tIAQ0o5sGoRZdOFJVVpuFT2pv+7hK3/FDvOMAzSOC8rBYJFFLYA==;+view_prodhome=Basic;+_gat_UA-130285241-1=1 https://www.extron.cn/%e7%9f%a9%e9%98%b5%e5%88%87%e6%8d%a2%e5%99%a8/prodtype-3?t=matrix www.extron.cn 304 0 0 1705 2
2025-05-08 07:00:13 10.1.0.50 GET /Content/vendor/fontawesome/webfonts/fa-brands-400.woff2 - 443 lnah@extron.com 10.1.16.1 Mozilla/5.0+(Windows+NT+10.0;+Win64;+x64)+AppleWebKit/537.36+(KHTML,+like+Gecko)+Chrome/135.0.0.0+Safari/537.36 lang=1;+region=3;+_gid=GA1.2.1420396670.1746408377;+ASP.NET_SessionId=4cye422eix0321wiv0qjrafu;+__RequestVerificationToken=fANlzh5QNg8shi1SxcPj7FFjmKKwNY4bojEfgz6ZggvrRlYzXJlbLi4XACv6ZGCJrkPfj_ST7MR6VGxxmUO4DkrgbA41;+_clck=fc8qsr%7C2%7Cfvq%7C0%7C1783;+username=lnah@extron.com;+PriceClass=60;+PriceList=S3+;+.AspNet.Cookies=Ql8qoVFqiXHZrY3Z1gIARaU2JRd_bwi_g3v6CHQWA3qPMDJWiJ6DqK5Waw8lyfF60Yxn91lJ8BrDEihsalGopDHyxV0klnawrUdLcifjM3ZGDXhRVYMRGFsLi9gEYvMlamUqnl6QoyEpSBAOCbbmWEeKXmft_Hxhx1dae7CpGHGdx3LSl1wDVQi-aOLbYmCA0Y_IfXhnEnO6oJSQqoNN_n7zik-lAzUd1SAyny4RQYHHv0bfu2_0fo2eJJfslN0qkzp9-vCP8WSqS4zGXApM9Xl0bg_c_Z9fEDXYuEGRR7L0tVdzXlkaT44CUFfRKyyHLZPQLQpkPdkrWK3aAshOGfCqMZ4TBqPW0NyUt2FELR_DSP6ZJHrZjtKOGhdkeZr3XvdYuVBzuaH9U-CGUb--oCA78YvA3f-Ve_gzLD4zktJysjSJ;+_gat_UA-130285241-1=1;+ExtronRecViewProd=dmp44xi,cablecubby202,xtpiicphd4kplusio,nave111dtp3,dtp3crosspoint622,ssp200,dtp3r201,dtphdmi330rx,dtp3t202,dtphdmi330tx,dtpthd24k330,dtp2t211;+_clsk=ruq57m%7C1746687559281%7C15%7C1%7Cb.clarity.ms%2Fcollect;+_ga=GA1.2.630089218.1731903416;+_ga_DP5ZZ9VH84=GS2.1.s1746686336$o431$g1$t1746687593$j14$l0$h0 https://www.extron.com/Content/vendor/fontawesome/css/all.min.css www.extron.com 304 0 0 1705 1
2025-05-08 07:00:13 10.1.0.50 GET /Content/vendor/hoverintent/jquery.hoverIntent.js - 443 lnah@extron.com 10.1.16.1 Mozilla/5.0+(Windows+NT+10.0;+Win64;+x64)+AppleWebKit/537.36+(KHTML,+like+Gecko)+Chrome/135.0.0.0+Safari/537.36 lang=1;+region=3;+_gid=GA1.2.1420396670.1746408377;+ASP.NET_SessionId=4cye422eix0321wiv0qjrafu;+__RequestVerificationToken=fANlzh5QNg8shi1SxcPj7FFjmKKwNY4bojEfgz6ZggvrRlYzXJlbLi4XACv6ZGCJrkPfj_ST7MR6VGxxmUO4DkrgbA41;+_clck=fc8qsr%7C2%7Cfvq%7C0%7C1783;+username=lnah@extron.com;+PriceClass=60;+PriceList=S3+;+.AspNet.Cookies=Ql8qoVFqiXHZrY3Z1gIARaU2JRd_bwi_g3v6CHQWA3qPMDJWiJ6DqK5Waw8lyfF60Yxn91lJ8BrDEihsalGopDHyxV0klnawrUdLcifjM3ZGDXhRVYMRGFsLi9gEYvMlamUqnl6QoyEpSBAOCbbmWEeKXmft_Hxhx1dae7CpGHGdx3LSl1wDVQi-aOLbYmCA0Y_IfXhnEnO6oJSQqoNN_n7zik-lAzUd1SAyny4RQYHHv0bfu2_0fo2eJJfslN0qkzp9-vCP8WSqS4zGXApM9Xl0bg_c_Z9fEDXYuEGRR7L0tVdzXlkaT44CUFfRKyyHLZPQLQpkPdkrWK3aAshOGfCqMZ4TBqPW0NyUt2FELR_DSP6ZJHrZjtKOGhdkeZr3XvdYuVBzuaH9U-CGUb--oCA78YvA3f-Ve_gzLD4zktJysjSJ;+_gat_UA-130285241-1=1;+ExtronRecViewProd=dmp44xi,cablecubby202,xtpiicphd4kplusio,nave111dtp3,dtp3crosspoint622,ssp200,dtp3r201,dtphdmi330rx,dtp3t202,dtphdmi330tx,dtpthd24k330,dtp2t211;+_clsk=ruq57m%7C1746687559281%7C15%7C1%7Cb.clarity.ms%2Fcollect;+_ga=GA1.2.630089218.1731903416;+_ga_DP5ZZ9VH84=GS2.1.s1746686336$o431$g1$t1746687593$j14$l0$h0 https://www.extron.com/Receivers/prodsubtype-617 www.extron.com 304 0 0 1705 2
2025-05-08 07:00:14 10.1.0.50 GET /Scripts/Featured/featured.js - 443 chaoran.su@budee.cn 10.1.16.1 Mozilla/5.0+(Windows+NT+10.0;+Win64;+x64;+rv:138.0)+Gecko/20100101+Firefox/138.0 region=5;+lang=7;+_ga_DP5ZZ9VH84=GS2.1.s1746680441$o83$g1$t1746687593$j20$l0$h0;+_ga=GA1.1.444436739.1734077477;+_clck=s0prz4%7C2%7Cfvq%7C0%7C1808;+ExtronRecViewProd=xtpthwp1014k,xtptusw1034k,xtptuwp2024k,xtpthd4k,xtptfb2024k,xtpiifr4018k,xtpsfrhd4k,xtpsrhd4k,xtprhd4k,xtpiift4028k,dxphd4kplus,dmsseries;+.AspNet.Cookies=JryJMvXfNQW7QZoVV-_9wRoSrtSHZEns8B8aHiLw3-ZntIFE1A9Hov0sht8VrSfo33FpRd92nxhG890R36e38Hz0QPXZP5ajF6temGKnVTmN-_gDHoIOYPTMMgjOhpJvTwQZ_Snwt0JJAGcOF-HedDizfZvpZpDUhzFeFJioZiaXkrKU4TxXuL79zKypyX92Zl8EujabhLeqIKssqJwnqpzqpm369Ic_JwJ1T2uvleiOZV2bnp7nUm9MU5iQ9_eFcLP2geKMPPgey1gfXxeir77qDpYWcIKkOxXlSwUS6axNmPybZ64tcgmlPcZq1r3IMs5HcgK9fdMMWGcnVdE5Wn971w8QPyUee1EbvUvaOe2iTsEFf7vaiOnmg6bIy22IPk8JFlXMUTY0dGJUnQHTubGmLG0z4Uri_qsRMnoikZnml1N9MSafWsF3O6_bI3H3eOSbWA;+_gid=GA1.2.1296537085.1746578326;+_clsk=975iy8%7C1746687558365%7C81%7C1%7Cl.clarity.ms%2Fcollect;+ASP.NET_SessionId=iszdwelhaw5katw5o0m1ycqp;+username=chaoran.su@budee.cn;+PriceClass=60;+PriceList=CNYEU;+__RequestVerificationToken=TF9CKQ-8Xxy89kQaPXku0GZVMWHL48MKOdvHV22VbWbRr_sGluhYDMr9C85fgZ0unv6pO1yDJq2xR8GK9BSxxwsajOE1;+BIGipServerextron.com_443_pool=!3gS1AZAjvNPHfdcMjvaJwiHEDz8tIAQ0o5sGoRZdOFJVVpuFT2pv+7hK3/FDvOMAzSOC8rBYJFFLYA==;+view_prodhome=Basic;+_gat_UA-130285241-1=1 https://www.extron.cn/%e7%9f%a9%e9%98%b5%e5%88%87%e6%8d%a2%e5%99%a8/prodtype-3?t=matrix www.extron.cn 304 0 0 1703 4
2025-05-08 07:00:14 10.1.0.50 GET /Content/vendor/jquery-debounce/jquery.ba-throttle-debounce.js - 443 lnah@extron.com 10.1.16.1 Mozilla/5.0+(Windows+NT+10.0;+Win64;+x64)+AppleWebKit/537.36+(KHTML,+like+Gecko)+Chrome/135.0.0.0+Safari/537.36 lang=1;+region=3;+_gid=GA1.2.1420396670.1746408377;+ASP.NET_SessionId=4cye422eix0321wiv0qjrafu;+__RequestVerificationToken=fANlzh5QNg8shi1SxcPj7FFjmKKwNY4bojEfgz6ZggvrRlYzXJlbLi4XACv6ZGCJrkPfj_ST7MR6VGxxmUO4DkrgbA41;+_clck=fc8qsr%7C2%7Cfvq%7C0%7C1783;+username=lnah@extron.com;+PriceClass=60;+PriceList=S3+;+.AspNet.Cookies=Ql8qoVFqiXHZrY3Z1gIARaU2JRd_bwi_g3v6CHQWA3qPMDJWiJ6DqK5Waw8lyfF60Yxn91lJ8BrDEihsalGopDHyxV0klnawrUdLcifjM3ZGDXhRVYMRGFsLi9gEYvMlamUqnl6QoyEpSBAOCbbmWEeKXmft_Hxhx1dae7CpGHGdx3LSl1wDVQi-aOLbYmCA0Y_IfXhnEnO6oJSQqoNN_n7zik-lAzUd1SAyny4RQYHHv0bfu2_0fo2eJJfslN0qkzp9-vCP8WSqS4zGXApM9Xl0bg_c_Z9fEDXYuEGRR7L0tVdzXlkaT44CUFfRKyyHLZPQLQpkPdkrWK3aAshOGfCqMZ4TBqPW0NyUt2FELR_DSP6ZJHrZjtKOGhdkeZr3XvdYuVBzuaH9U-CGUb--oCA78YvA3f-Ve_gzLD4zktJysjSJ;+_gat_UA-130285241-1=1;+ExtronRecViewProd=dmp44xi,cablecubby202,xtpiicphd4kplusio,nave111dtp3,dtp3crosspoint622,ssp200,dtp3r201,dtphdmi330rx,dtp3t202,dtphdmi330tx,dtpthd24k330,dtp2t211;+_clsk=ruq57m%7C1746687559281%7C15%7C1%7Cb.clarity.ms%2Fcollect;+_ga=GA1.2.630089218.1731903416;+_ga_DP5ZZ9VH84=GS2.1.s1746686336$o431$g1$t1746687593$j14$l0$h0 https://www.extron.com/Receivers/prodsubtype-617 www.extron.com 304 0 0 1705 2
2025-05-08 07:00:14 10.1.0.50 GET /Content/vendor/prependaround/prependaround.js - 443 lnah@extron.com 10.1.16.1 Mozilla/5.0+(Windows+NT+10.0;+Win64;+x64)+AppleWebKit/537.36+(KHTML,+like+Gecko)+Chrome/135.0.0.0+Safari/537.36 lang=1;+region=3;+_gid=GA1.2.1420396670.1746408377;+ASP.NET_SessionId=4cye422eix0321wiv0qjrafu;+__RequestVerificationToken=fANlzh5QNg8shi1SxcPj7FFjmKKwNY4bojEfgz6ZggvrRlYzXJlbLi4XACv6ZGCJrkPfj_ST7MR6VGxxmUO4DkrgbA41;+_clck=fc8qsr%7C2%7Cfvq%7C0%7C1783;+username=lnah@extron.com;+PriceClass=60;+PriceList=S3+;+.AspNet.Cookies=Ql8qoVFqiXHZrY3Z1gIARaU2JRd_bwi_g3v6CHQWA3qPMDJWiJ6DqK5Waw8lyfF60Yxn91lJ8BrDEihsalGopDHyxV0klnawrUdLcifjM3ZGDXhRVYMRGFsLi9gEYvMlamUqnl6QoyEpSBAOCbbmWEeKXmft_Hxhx1dae7CpGHGdx3LSl1wDVQi-aOLbYmCA0Y_IfXhnEnO6oJSQqoNN_n7zik-lAzUd1SAyny4RQYHHv0bfu2_0fo2eJJfslN0qkzp9-vCP8WSqS4zGXApM9Xl0bg_c_Z9fEDXYuEGRR7L0tVdzXlkaT44CUFfRKyyHLZPQLQpkPdkrWK3aAshOGfCqMZ4TBqPW0NyUt2FELR_DSP6ZJHrZjtKOGhdkeZr3XvdYuVBzuaH9U-CGUb--oCA78YvA3f-Ve_gzLD4zktJysjSJ;+_gat_UA-130285241-1=1;+ExtronRecViewProd=dmp44xi,cablecubby202,xtpiicphd4kplusio,nave111dtp3,dtp3crosspoint622,ssp200,dtp3r201,dtphdmi330rx,dtp3t202,dtphdmi330tx,dtpthd24k330,dtp2t211;+_clsk=ruq57m%7C1746687559281%7C15%7C1%7Cb.clarity.ms%2Fcollect;+_ga=GA1.2.630089218.1731903416;+_ga_DP5ZZ9VH84=GS2.1.s1746686336$o431$g1$t1746687593$j14$l0$h0 https://www.extron.com/Receivers/prodsubtype-617 www.extron.com 304 0 0 1705 2
2025-05-08 07:00:14 10.1.0.50 GET /Content/vendor/jquery-mobile-events/jquery.mobile-events.js - 443 lnah@extron.com 10.1.16.1 Mozilla/5.0+(Windows+NT+10.0;+Win64;+x64)+AppleWebKit/537.36+(KHTML,+like+Gecko)+Chrome/135.0.0.0+Safari/537.36 lang=1;+region=3;+_gid=GA1.2.1420396670.1746408377;+ASP.NET_SessionId=4cye422eix0321wiv0qjrafu;+__RequestVerificationToken=fANlzh5QNg8shi1SxcPj7FFjmKKwNY4bojEfgz6ZggvrRlYzXJlbLi4XACv6ZGCJrkPfj_ST7MR6VGxxmUO4DkrgbA41;+_clck=fc8qsr%7C2%7Cfvq%7C0%7C1783;+username=lnah@extron.com;+PriceClass=60;+PriceList=S3+;+.AspNet.Cookies=Ql8qoVFqiXHZrY3Z1gIARaU2JRd_bwi_g3v6CHQWA3qPMDJWiJ6DqK5Waw8lyfF60Yxn91lJ8BrDEihsalGopDHyxV0klnawrUdLcifjM3ZGDXhRVYMRGFsLi9gEYvMlamUqnl6QoyEpSBAOCbbmWEeKXmft_Hxhx1dae7CpGHGdx3LSl1wDVQi-aOLbYmCA0Y_IfXhnEnO6oJSQqoNN_n7zik-lAzUd1SAyny4RQYHHv0bfu2_0fo2eJJfslN0qkzp9-vCP8WSqS4zGXApM9Xl0bg_c_Z9fEDXYuEGRR7L0tVdzXlkaT44CUFfRKyyHLZPQLQpkPdkrWK3aAshOGfCqMZ4TBqPW0NyUt2FELR_DSP6ZJHrZjtKOGhdkeZr3XvdYuVBzuaH9U-CGUb--oCA78YvA3f-Ve_gzLD4zktJysjSJ;+_gat_UA-130285241-1=1;+ExtronRecViewProd=dmp44xi,cablecubby202,xtpiicphd4kplusio,nave111dtp3,dtp3crosspoint622,ssp200,dtp3r201,dtphdmi330rx,dtp3t202,dtphdmi330tx,dtpthd24k330,dtp2t211;+_clsk=ruq57m%7C1746687559281%7C15%7C1%7Cb.clarity.ms%2Fcollect;+_ga=GA1.2.630089218.1731903416;+_ga_DP5ZZ9VH84=GS2.1.s1746686336$o431$g1$t1746687593$j14$l0$h0 https://www.extron.com/Receivers/prodsubtype-617 www.extron.com 304 0 0 1705 1
2025-05-08 07:00:14 10.1.0.50 GET /Content/vendor/js-cookie/js.cookie-2.2.0.js - 443 lnah@extron.com 10.1.16.1 Mozilla/5.0+(Windows+NT+10.0;+Win64;+x64)+AppleWebKit/537.36+(KHTML,+like+Gecko)+Chrome/135.0.0.0+Safari/537.36 lang=1;+region=3;+_gid=GA1.2.1420396670.1746408377;+ASP.NET_SessionId=4cye422eix0321wiv0qjrafu;+__RequestVerificationToken=fANlzh5QNg8shi1SxcPj7FFjmKKwNY4bojEfgz6ZggvrRlYzXJlbLi4XACv6ZGCJrkPfj_ST7MR6VGxxmUO4DkrgbA41;+_clck=fc8qsr%7C2%7Cfvq%7C0%7C1783;+username=lnah@extron.com;+PriceClass=60;+PriceList=S3+;+.AspNet.Cookies=Ql8qoVFqiXHZrY3Z1gIARaU2JRd_bwi_g3v6CHQWA3qPMDJWiJ6DqK5Waw8lyfF60Yxn91lJ8BrDEihsalGopDHyxV0klnawrUdLcifjM3ZGDXhRVYMRGFsLi9gEYvMlamUqnl6QoyEpSBAOCbbmWEeKXmft_Hxhx1dae7CpGHGdx3LSl1wDVQi-aOLbYmCA0Y_IfXhnEnO6oJSQqoNN_n7zik-lAzUd1SAyny4RQYHHv0bfu2_0fo2eJJfslN0qkzp9-vCP8WSqS4zGXApM9Xl0bg_c_Z9fEDXYuEGRR7L0tVdzXlkaT44CUFfRKyyHLZPQLQpkPdkrWK3aAshOGfCqMZ4TBqPW0NyUt2FELR_DSP6ZJHrZjtKOGhdkeZr3XvdYuVBzuaH9U-CGUb--oCA78YvA3f-Ve_gzLD4zktJysjSJ;+_gat_UA-130285241-1=1;+ExtronRecViewProd=dmp44xi,cablecubby202,xtpiicphd4kplusio,nave111dtp3,dtp3crosspoint622,ssp200,dtp3r201,dtphdmi330rx,dtp3t202,dtphdmi330tx,dtpthd24k330,dtp2t211;+_clsk=ruq57m%7C1746687559281%7C15%7C1%7Cb.clarity.ms%2Fcollect;+_ga=GA1.2.630089218.1731903416;+_ga_DP5ZZ9VH84=GS2.1.s1746686336$o431$g1$t1746687593$j14$l0$h0 https://www.extron.com/Receivers/prodsubtype-617 www.extron.com 304 0 0 1705 2
2025-05-08 07:00:14 10.1.0.50 GET /api/v1/Article/Get articlehandle=menuproducts&lang=7&region=5&loggedin=true 443 chaoran.su@budee.cn 10.1.16.1 Mozilla/5.0+(Windows+NT+10.0;+Win64;+x64;+rv:138.0)+Gecko/20100101+Firefox/138.0 region=5;+lang=7;+_ga_DP5ZZ9VH84=GS2.1.s1746680441$o83$g1$t1746687593$j20$l0$h0;+_ga=GA1.1.444436739.1734077477;+_clck=s0prz4%7C2%7Cfvq%7C0%7C1808;+ExtronRecViewProd=xtpthwp1014k,xtptusw1034k,xtptuwp2024k,xtpthd4k,xtptfb2024k,xtpiifr4018k,xtpsfrhd4k,xtpsrhd4k,xtprhd4k,xtpiift4028k,dxphd4kplus,dmsseries;+.AspNet.Cookies=JryJMvXfNQW7QZoVV-_9wRoSrtSHZEns8B8aHiLw3-ZntIFE1A9Hov0sht8VrSfo33FpRd92nxhG890R36e38Hz0QPXZP5ajF6temGKnVTmN-_gDHoIOYPTMMgjOhpJvTwQZ_Snwt0JJAGcOF-HedDizfZvpZpDUhzFeFJioZiaXkrKU4TxXuL79zKypyX92Zl8EujabhLeqIKssqJwnqpzqpm369Ic_JwJ1T2uvleiOZV2bnp7nUm9MU5iQ9_eFcLP2geKMPPgey1gfXxeir77qDpYWcIKkOxXlSwUS6axNmPybZ64tcgmlPcZq1r3IMs5HcgK9fdMMWGcnVdE5Wn971w8QPyUee1EbvUvaOe2iTsEFf7vaiOnmg6bIy22IPk8JFlXMUTY0dGJUnQHTubGmLG0z4Uri_qsRMnoikZnml1N9MSafWsF3O6_bI3H3eOSbWA;+_gid=GA1.2.1296537085.1746578326;+_clsk=975iy8%7C1746687558365%7C81%7C1%7Cl.clarity.ms%2Fcollect;+ASP.NET_SessionId=iszdwelhaw5katw5o0m1ycqp;+username=chaoran.su@budee.cn;+PriceClass=60;+PriceList=CNYEU;+__RequestVerificationToken=TF9CKQ-8Xxy89kQaPXku0GZVMWHL48MKOdvHV22VbWbRr_sGluhYDMr9C85fgZ0unv6pO1yDJq2xR8GK9BSxxwsajOE1;+BIGipServerextron.com_443_pool=!3gS1AZAjvNPHfdcMjvaJwiHEDz8tIAQ0o5sGoRZdOFJVVpuFT2pv+7hK3/FDvOMAzSOC8rBYJFFLYA==;+view_prodhome=Basic;+_gat_UA-130285241-1=1 https://www.extron.cn/%e7%9f%a9%e9%98%b5%e5%88%87%e6%8d%a2%e5%99%a8/prodtype-3?t=matrix www.extron.cn 200 0 0 11045 7
2025-05-08 07:00:14 10.1.0.50 GET /api/v1/Article/Get articlehandle=menutraining&lang=7&region=5&loggedin=true 443 chaoran.su@budee.cn 10.1.16.1 Mozilla/5.0+(Windows+NT+10.0;+Win64;+x64;+rv:138.0)+Gecko/20100101+Firefox/138.0 region=5;+lang=7;+_ga_DP5ZZ9VH84=GS2.1.s1746680441$o83$g1$t1746687593$j20$l0$h0;+_ga=GA1.1.444436739.1734077477;+_clck=s0prz4%7C2%7Cfvq%7C0%7C1808;+ExtronRecViewProd=xtpthwp1014k,xtptusw1034k,xtptuwp2024k,xtpthd4k,xtptfb2024k,xtpiifr4018k,xtpsfrhd4k,xtpsrhd4k,xtprhd4k,xtpiift4028k,dxphd4kplus,dmsseries;+.AspNet.Cookies=JryJMvXfNQW7QZoVV-_9wRoSrtSHZEns8B8aHiLw3-ZntIFE1A9Hov0sht8VrSfo33FpRd92nxhG890R36e38Hz0QPXZP5ajF6temGKnVTmN-_gDHoIOYPTMMgjOhpJvTwQZ_Snwt0JJAGcOF-HedDizfZvpZpDUhzFeFJioZiaXkrKU4TxXuL79zKypyX92Zl8EujabhLeqIKssqJwnqpzqpm369Ic_JwJ1T2uvleiOZV2bnp7nUm9MU5iQ9_eFcLP2geKMPPgey1gfXxeir77qDpYWcIKkOxXlSwUS6axNmPybZ64tcgmlPcZq1r3IMs5HcgK9fdMMWGcnVdE5Wn971w8QPyUee1EbvUvaOe2iTsEFf7vaiOnmg6bIy22IPk8JFlXMUTY0dGJUnQHTubGmLG0z4Uri_qsRMnoikZnml1N9MSafWsF3O6_bI3H3eOSbWA;+_gid=GA1.2.1296537085.1746578326;+_clsk=975iy8%7C1746687558365%7C81%7C1%7Cl.clarity.ms%2Fcollect;+ASP.NET_SessionId=iszdwelhaw5katw5o0m1ycqp;+username=chaoran.su@budee.cn;+PriceClass=60;+PriceList=CNYEU;+__RequestVerificationToken=TF9CKQ-8Xxy89kQaPXku0GZVMWHL48MKOdvHV22VbWbRr_sGluhYDMr9C85fgZ0unv6pO1yDJq2xR8GK9BSxxwsajOE1;+BIGipServerextron.com_443_pool=!3gS1AZAjvNPHfdcMjvaJwiHEDz8tIAQ0o5sGoRZdOFJVVpuFT2pv+7hK3/FDvOMAzSOC8rBYJFFLYA==;+view_prodhome=Basic;+_gat_UA-130285241-1=1 https://www.extron.cn/%e7%9f%a9%e9%98%b5%e5%88%87%e6%8d%a2%e5%99%a8/prodtype-3?t=matrix www.extron.cn 200 0 0 7127 5
2025-05-08 07:00:14 10.1.0.50 GET /api/v1/Article/Get articlehandle=menuresources&lang=7&region=5&loggedin=true 443 chaoran.su@budee.cn 10.1.16.1 Mozilla/5.0+(Windows+NT+10.0;+Win64;+x64;+rv:138.0)+Gecko/20100101+Firefox/138.0 region=5;+lang=7;+_ga_DP5ZZ9VH84=GS2.1.s1746680441$o83$g1$t1746687593$j20$l0$h0;+_ga=GA1.1.444436739.1734077477;+_clck=s0prz4%7C2%7Cfvq%7C0%7C1808;+ExtronRecViewProd=xtpthwp1014k,xtptusw1034k,xtptuwp2024k,xtpthd4k,xtptfb2024k,xtpiifr4018k,xtpsfrhd4k,xtpsrhd4k,xtprhd4k,xtpiift4028k,dxphd4kplus,dmsseries;+.AspNet.Cookies=JryJMvXfNQW7QZoVV-_9wRoSrtSHZEns8B8aHiLw3-ZntIFE1A9Hov0sht8VrSfo33FpRd92nxhG890R36e38Hz0QPXZP5ajF6temGKnVTmN-_gDHoIOYPTMMgjOhpJvTwQZ_Snwt0JJAGcOF-HedDizfZvpZpDUhzFeFJioZiaXkrKU4TxXuL79zKypyX92Zl8EujabhLeqIKssqJwnqpzqpm369Ic_JwJ1T2uvleiOZV2bnp7nUm9MU5iQ9_eFcLP2geKMPPgey1gfXxeir77qDpYWcIKkOxXlSwUS6axNmPybZ64tcgmlPcZq1r3IMs5HcgK9fdMMWGcnVdE5Wn971w8QPyUee1EbvUvaOe2iTsEFf7vaiOnmg6bIy22IPk8JFlXMUTY0dGJUnQHTubGmLG0z4Uri_qsRMnoikZnml1N9MSafWsF3O6_bI3H3eOSbWA;+_gid=GA1.2.1296537085.1746578326;+_clsk=975iy8%7C1746687558365%7C81%7C1%7Cl.clarity.ms%2Fcollect;+ASP.NET_SessionId=iszdwelhaw5katw5o0m1ycqp;+username=chaoran.su@budee.cn;+PriceClass=60;+PriceList=CNYEU;+__RequestVerificationToken=TF9CKQ-8Xxy89kQaPXku0GZVMWHL48MKOdvHV22VbWbRr_sGluhYDMr9C85fgZ0unv6pO1yDJq2xR8GK9BSxxwsajOE1;+BIGipServerextron.com_443_pool=!3gS1AZAjvNPHfdcMjvaJwiHEDz8tIAQ0o5sGoRZdOFJVVpuFT2pv+7hK3/FDvOMAzSOC8rBYJFFLYA==;+view_prodhome=Basic;+_gat_UA-130285241-1=1 https://www.extron.cn/%e7%9f%a9%e9%98%b5%e5%88%87%e6%8d%a2%e5%99%a8/prodtype-3?t=matrix www.extron.cn 200 0 0 10868 5
2025-05-08 07:00:14 10.1.0.50 GET /api/v1/Article/Get articlehandle=menudownload&lang=7&region=5&loggedin=true 443 chaoran.su@budee.cn 10.1.16.1 Mozilla/5.0+(Windows+NT+10.0;+Win64;+x64;+rv:138.0)+Gecko/20100101+Firefox/138.0 region=5;+lang=7;+_ga_DP5ZZ9VH84=GS2.1.s1746680441$o83$g1$t1746687593$j20$l0$h0;+_ga=GA1.1.444436739.1734077477;+_clck=s0prz4%7C2%7Cfvq%7C0%7C1808;+ExtronRecViewProd=xtpthwp1014k,xtptusw1034k,xtptuwp2024k,xtpthd4k,xtptfb2024k,xtpiifr4018k,xtpsfrhd4k,xtpsrhd4k,xtprhd4k,xtpiift4028k,dxphd4kplus,dmsseries;+.AspNet.Cookies=JryJMvXfNQW7QZoVV-_9wRoSrtSHZEns8B8aHiLw3-ZntIFE1A9Hov0sht8VrSfo33FpRd92nxhG890R36e38Hz0QPXZP5ajF6temGKnVTmN-_gDHoIOYPTMMgjOhpJvTwQZ_Snwt0JJAGcOF-HedDizfZvpZpDUhzFeFJioZiaXkrKU4TxXuL79zKypyX92Zl8EujabhLeqIKssqJwnqpzqpm369Ic_JwJ1T2uvleiOZV2bnp7nUm9MU5iQ9_eFcLP2geKMPPgey1gfXxeir77qDpYWcIKkOxXlSwUS6axNmPybZ64tcgmlPcZq1r3IMs5HcgK9fdMMWGcnVdE5Wn971w8QPyUee1EbvUvaOe2iTsEFf7vaiOnmg6bIy22IPk8JFlXMUTY0dGJUnQHTubGmLG0z4Uri_qsRMnoikZnml1N9MSafWsF3O6_bI3H3eOSbWA;+_gid=GA1.2.1296537085.1746578326;+_clsk=975iy8%7C1746687558365%7C81%7C1%7Cl.clarity.ms%2Fcollect;+ASP.NET_SessionId=iszdwelhaw5katw5o0m1ycqp;+username=chaoran.su@budee.cn;+PriceClass=60;+PriceList=CNYEU;+__RequestVerificationToken=TF9CKQ-8Xxy89kQaPXku0GZVMWHL48MKOdvHV22VbWbRr_sGluhYDMr9C85fgZ0unv6pO1yDJq2xR8GK9BSxxwsajOE1;+BIGipServerextron.com_443_pool=!3gS1AZAjvNPHfdcMjvaJwiHEDz8tIAQ0o5sGoRZdOFJVVpuFT2pv+7hK3/FDvOMAzSOC8rBYJFFLYA==;+view_prodhome=Basic;+_gat_UA-130285241-1=1 https://www.extron.cn/%e7%9f%a9%e9%98%b5%e5%88%87%e6%8d%a2%e5%99%a8/prodtype-3?t=matrix www.extron.cn 200 0 0 6268 4
2025-05-08 07:00:14 10.1.0.50 GET /api/v1/Article/Get articlehandle=menucompany&lang=7&region=5&loggedin=true 443 chaoran.su@budee.cn 10.1.16.1 Mozilla/5.0+(Windows+NT+10.0;+Win64;+x64;+rv:138.0)+Gecko/20100101+Firefox/138.0 region=5;+lang=7;+_ga_DP5ZZ9VH84=GS2.1.s1746680441$o83$g1$t1746687593$j20$l0$h0;+_ga=GA1.1.444436739.1734077477;+_clck=s0prz4%7C2%7Cfvq%7C0%7C1808;+ExtronRecViewProd=xtpthwp1014k,xtptusw1034k,xtptuwp2024k,xtpthd4k,xtptfb2024k,xtpiifr4018k,xtpsfrhd4k,xtpsrhd4k,xtprhd4k,xtpiift4028k,dxphd4kplus,dmsseries;+.AspNet.Cookies=JryJMvXfNQW7QZoVV-_9wRoSrtSHZEns8B8aHiLw3-ZntIFE1A9Hov0sht8VrSfo33FpRd92nxhG890R36e38Hz0QPXZP5ajF6temGKnVTmN-_gDHoIOYPTMMgjOhpJvTwQZ_Snwt0JJAGcOF-HedDizfZvpZpDUhzFeFJioZiaXkrKU4TxXuL79zKypyX92Zl8EujabhLeqIKssqJwnqpzqpm369Ic_JwJ1T2uvleiOZV2bnp7nUm9MU5iQ9_eFcLP2geKMPPgey1gfXxeir77qDpYWcIKkOxXlSwUS6axNmPybZ64tcgmlPcZq1r3IMs5HcgK9fdMMWGcnVdE5Wn971w8QPyUee1EbvUvaOe2iTsEFf7vaiOnmg6bIy22IPk8JFlXMUTY0dGJUnQHTubGmLG0z4Uri_qsRMnoikZnml1N9MSafWsF3O6_bI3H3eOSbWA;+_gid=GA1.2.1296537085.1746578326;+_clsk=975iy8%7C1746687558365%7C81%7C1%7Cl.clarity.ms%2Fcollect;+ASP.NET_SessionId=iszdwelhaw5katw5o0m1ycqp;+username=chaoran.su@budee.cn;+PriceClass=60;+PriceList=CNYEU;+__RequestVerificationToken=TF9CKQ-8Xxy89kQaPXku0GZVMWHL48MKOdvHV22VbWbRr_sGluhYDMr9C85fgZ0unv6pO1yDJq2xR8GK9BSxxwsajOE1;+BIGipServerextron.com_443_pool=!3gS1AZAjvNPHfdcMjvaJwiHEDz8tIAQ0o5sGoRZdOFJVVpuFT2pv+7hK3/FDvOMAzSOC8rBYJFFLYA==;+view_prodhome=Basic;+_gat_UA-130285241-1=1 https://www.extron.cn/%e7%9f%a9%e9%98%b5%e5%88%87%e6%8d%a2%e5%99%a8/prodtype-3?t=matrix www.extron.cn 200 0 0 9139 6
2025-05-08 07:00:14 10.1.0.50 GET /img/product-minus.svg - 443 - 10.1.16.1 Mozilla/5.0+(Windows+NT+10.0;+Win64;+x64;+rv:138.0)+Gecko/20100101+Firefox/138.0 region=5;+lang=7;+_ga_DP5ZZ9VH84=GS2.1.s1746680441$o83$g1$t1746687593$j20$l0$h0;+_ga=GA1.1.444436739.1734077477;+_clck=s0prz4%7C2%7Cfvq%7C0%7C1808;+ExtronRecViewProd=xtpthwp1014k,xtptusw1034k,xtptuwp2024k,xtpthd4k,xtptfb2024k,xtpiifr4018k,xtpsfrhd4k,xtpsrhd4k,xtprhd4k,xtpiift4028k,dxphd4kplus,dmsseries;+.AspNet.Cookies=JryJMvXfNQW7QZoVV-_9wRoSrtSHZEns8B8aHiLw3-ZntIFE1A9Hov0sht8VrSfo33FpRd92nxhG890R36e38Hz0QPXZP5ajF6temGKnVTmN-_gDHoIOYPTMMgjOhpJvTwQZ_Snwt0JJAGcOF-HedDizfZvpZpDUhzFeFJioZiaXkrKU4TxXuL79zKypyX92Zl8EujabhLeqIKssqJwnqpzqpm369Ic_JwJ1T2uvleiOZV2bnp7nUm9MU5iQ9_eFcLP2geKMPPgey1gfXxeir77qDpYWcIKkOxXlSwUS6axNmPybZ64tcgmlPcZq1r3IMs5HcgK9fdMMWGcnVdE5Wn971w8QPyUee1EbvUvaOe2iTsEFf7vaiOnmg6bIy22IPk8JFlXMUTY0dGJUnQHTubGmLG0z4Uri_qsRMnoikZnml1N9MSafWsF3O6_bI3H3eOSbWA;+_gid=GA1.2.1296537085.1746578326;+_clsk=975iy8%7C1746687558365%7C81%7C1%7Cl.clarity.ms%2Fcollect;+ASP.NET_SessionId=iszdwelhaw5katw5o0m1ycqp;+username=chaoran.su@budee.cn;+PriceClass=60;+PriceList=CNYEU;+__RequestVerificationToken=TF9CKQ-8Xxy89kQaPXku0GZVMWHL48MKOdvHV22VbWbRr_sGluhYDMr9C85fgZ0unv6pO1yDJq2xR8GK9BSxxwsajOE1;+BIGipServerextron.com_443_pool=!3gS1AZAjvNPHfdcMjvaJwiHEDz8tIAQ0o5sGoRZdOFJVVpuFT2pv+7hK3/FDvOMAzSOC8rBYJFFLYA==;+view_prodhome=Basic;+_gat_UA-130285241-1=1 https://www.extron.cn/%e7%9f%a9%e9%98%b5%e5%88%87%e6%8d%a2%e5%99%a8/prodtype-3?t=matrix www.extron.cn 302 0 0 1816 1
2025-05-08 07:00:14 10.1.0.50 GET /Content/vendor/slick/slick.js - 443 lnah@extron.com 10.1.16.1 Mozilla/5.0+(Windows+NT+10.0;+Win64;+x64)+AppleWebKit/537.36+(KHTML,+like+Gecko)+Chrome/135.0.0.0+Safari/537.36 lang=1;+region=3;+_gid=GA1.2.1420396670.1746408377;+ASP.NET_SessionId=4cye422eix0321wiv0qjrafu;+__RequestVerificationToken=fANlzh5QNg8shi1SxcPj7FFjmKKwNY4bojEfgz6ZggvrRlYzXJlbLi4XACv6ZGCJrkPfj_ST7MR6VGxxmUO4DkrgbA41;+_clck=fc8qsr%7C2%7Cfvq%7C0%7C1783;+username=lnah@extron.com;+PriceClass=60;+PriceList=S3+;+.AspNet.Cookies=Ql8qoVFqiXHZrY3Z1gIARaU2JRd_bwi_g3v6CHQWA3qPMDJWiJ6DqK5Waw8lyfF60Yxn91lJ8BrDEihsalGopDHyxV0klnawrUdLcifjM3ZGDXhRVYMRGFsLi9gEYvMlamUqnl6QoyEpSBAOCbbmWEeKXmft_Hxhx1dae7CpGHGdx3LSl1wDVQi-aOLbYmCA0Y_IfXhnEnO6oJSQqoNN_n7zik-lAzUd1SAyny4RQYHHv0bfu2_0fo2eJJfslN0qkzp9-vCP8WSqS4zGXApM9Xl0bg_c_Z9fEDXYuEGRR7L0tVdzXlkaT44CUFfRKyyHLZPQLQpkPdkrWK3aAshOGfCqMZ4TBqPW0NyUt2FELR_DSP6ZJHrZjtKOGhdkeZr3XvdYuVBzuaH9U-CGUb--oCA78YvA3f-Ve_gzLD4zktJysjSJ;+_gat_UA-130285241-1=1;+ExtronRecViewProd=dmp44xi,cablecubby202,xtpiicphd4kplusio,nave111dtp3,dtp3crosspoint622,ssp200,dtp3r201,dtphdmi330rx,dtp3t202,dtphdmi330tx,dtpthd24k330,dtp2t211;+_clsk=ruq57m%7C1746687559281%7C15%7C1%7Cb.clarity.ms%2Fcollect;+_ga=GA1.2.630089218.1731903416;+_ga_DP5ZZ9VH84=GS2.1.s1746686336$o431$g1$t1746687593$j14$l0$h0 https://www.extron.com/Receivers/prodsubtype-617 www.extron.com 304 0 0 1705 1
2025-05-08 07:00:14 10.1.0.50 GET /Scripts/Shared/main.js 20240613 443 lnah@extron.com 10.1.16.1 Mozilla/5.0+(Windows+NT+10.0;+Win64;+x64)+AppleWebKit/537.36+(KHTML,+like+Gecko)+Chrome/135.0.0.0+Safari/537.36 lang=1;+region=3;+_gid=GA1.2.1420396670.1746408377;+ASP.NET_SessionId=4cye422eix0321wiv0qjrafu;+__RequestVerificationToken=fANlzh5QNg8shi1SxcPj7FFjmKKwNY4bojEfgz6ZggvrRlYzXJlbLi4XACv6ZGCJrkPfj_ST7MR6VGxxmUO4DkrgbA41;+_clck=fc8qsr%7C2%7Cfvq%7C0%7C1783;+username=lnah@extron.com;+PriceClass=60;+PriceList=S3+;+.AspNet.Cookies=Ql8qoVFqiXHZrY3Z1gIARaU2JRd_bwi_g3v6CHQWA3qPMDJWiJ6DqK5Waw8lyfF60Yxn91lJ8BrDEihsalGopDHyxV0klnawrUdLcifjM3ZGDXhRVYMRGFsLi9gEYvMlamUqnl6QoyEpSBAOCbbmWEeKXmft_Hxhx1dae7CpGHGdx3LSl1wDVQi-aOLbYmCA0Y_IfXhnEnO6oJSQqoNN_n7zik-lAzUd1SAyny4RQYHHv0bfu2_0fo2eJJfslN0qkzp9-vCP8WSqS4zGXApM9Xl0bg_c_Z9fEDXYuEGRR7L0tVdzXlkaT44CUFfRKyyHLZPQLQpkPdkrWK3aAshOGfCqMZ4TBqPW0NyUt2FELR_DSP6ZJHrZjtKOGhdkeZr3XvdYuVBzuaH9U-CGUb--oCA78YvA3f-Ve_gzLD4zktJysjSJ;+_gat_UA-130285241-1=1;+ExtronRecViewProd=dmp44xi,cablecubby202,xtpiicphd4kplusio,nave111dtp3,dtp3crosspoint622,ssp200,dtp3r201,dtphdmi330rx,dtp3t202,dtphdmi330tx,dtpthd24k330,dtp2t211;+_clsk=ruq57m%7C1746687559281%7C15%7C1%7Cb.clarity.ms%2Fcollect;+_ga=GA1.2.630089218.1731903416;+_ga_DP5ZZ9VH84=GS2.1.s1746686336$o431$g1$t1746687593$j14$l0$h0 https://www.extron.com/Receivers/prodsubtype-617 www.extron.com 304 0 0 1705 1
2025-05-08 07:00:14 10.1.0.50 GET /Scripts/Shared/autohide.js - 443 lnah@extron.com 10.1.16.1 Mozilla/5.0+(Windows+NT+10.0;+Win64;+x64)+AppleWebKit/537.36+(KHTML,+like+Gecko)+Chrome/135.0.0.0+Safari/537.36 lang=1;+region=3;+_gid=GA1.2.1420396670.1746408377;+ASP.NET_SessionId=4cye422eix0321wiv0qjrafu;+__RequestVerificationToken=fANlzh5QNg8shi1SxcPj7FFjmKKwNY4bojEfgz6ZggvrRlYzXJlbLi4XACv6ZGCJrkPfj_ST7MR6VGxxmUO4DkrgbA41;+_clck=fc8qsr%7C2%7Cfvq%7C0%7C1783;+username=lnah@extron.com;+PriceClass=60;+PriceList=S3+;+.AspNet.Cookies=Ql8qoVFqiXHZrY3Z1gIARaU2JRd_bwi_g3v6CHQWA3qPMDJWiJ6DqK5Waw8lyfF60Yxn91lJ8BrDEihsalGopDHyxV0klnawrUdLcifjM3ZGDXhRVYMRGFsLi9gEYvMlamUqnl6QoyEpSBAOCbbmWEeKXmft_Hxhx1dae7CpGHGdx3LSl1wDVQi-aOLbYmCA0Y_IfXhnEnO6oJSQqoNN_n7zik-lAzUd1SAyny4RQYHHv0bfu2_0fo2eJJfslN0qkzp9-vCP8WSqS4zGXApM9Xl0bg_c_Z9fEDXYuEGRR7L0tVdzXlkaT44CUFfRKyyHLZPQLQpkPdkrWK3aAshOGfCqMZ4TBqPW0NyUt2FELR_DSP6ZJHrZjtKOGhdkeZr3XvdYuVBzuaH9U-CGUb--oCA78YvA3f-Ve_gzLD4zktJysjSJ;+_gat_UA-130285241-1=1;+ExtronRecViewProd=dmp44xi,cablecubby202,xtpiicphd4kplusio,nave111dtp3,dtp3crosspoint622,ssp200,dtp3r201,dtphdmi330rx,dtp3t202,dtphdmi330tx,dtpthd24k330,dtp2t211;+_clsk=ruq57m%7C1746687559281%7C15%7C1%7Cb.clarity.ms%2Fcollect;+_ga=GA1.2.630089218.1731903416;+_ga_DP5ZZ9VH84=GS2.1.s1746686336$o431$g1$t1746687593$j14$l0$h0 https://www.extron.com/Receivers/prodsubtype-617 www.extron.com 304 0 0 1705 1
2025-05-08 07:00:14 10.1.0.50 GET /Scripts/Shared/videoplayer.js - 443 lnah@extron.com 10.1.16.1 Mozilla/5.0+(Windows+NT+10.0;+Win64;+x64)+AppleWebKit/537.36+(KHTML,+like+Gecko)+Chrome/135.0.0.0+Safari/537.36 lang=1;+region=3;+_gid=GA1.2.1420396670.1746408377;+ASP.NET_SessionId=4cye422eix0321wiv0qjrafu;+__RequestVerificationToken=fANlzh5QNg8shi1SxcPj7FFjmKKwNY4bojEfgz6ZggvrRlYzXJlbLi4XACv6ZGCJrkPfj_ST7MR6VGxxmUO4DkrgbA41;+_clck=fc8qsr%7C2%7Cfvq%7C0%7C1783;+username=lnah@extron.com;+PriceClass=60;+PriceList=S3+;+.AspNet.Cookies=Ql8qoVFqiXHZrY3Z1gIARaU2JRd_bwi_g3v6CHQWA3qPMDJWiJ6DqK5Waw8lyfF60Yxn91lJ8BrDEihsalGopDHyxV0klnawrUdLcifjM3ZGDXhRVYMRGFsLi9gEYvMlamUqnl6QoyEpSBAOCbbmWEeKXmft_Hxhx1dae7CpGHGdx3LSl1wDVQi-aOLbYmCA0Y_IfXhnEnO6oJSQqoNN_n7zik-lAzUd1SAyny4RQYHHv0bfu2_0fo2eJJfslN0qkzp9-vCP8WSqS4zGXApM9Xl0bg_c_Z9fEDXYuEGRR7L0tVdzXlkaT44CUFfRKyyHLZPQLQpkPdkrWK3aAshOGfCqMZ4TBqPW0NyUt2FELR_DSP6ZJHrZjtKOGhdkeZr3XvdYuVBzuaH9U-CGUb--oCA78YvA3f-Ve_gzLD4zktJysjSJ;+_gat_UA-130285241-1=1;+ExtronRecViewProd=dmp44xi,cablecubby202,xtpiicphd4kplusio,nave111dtp3,dtp3crosspoint622,ssp200,dtp3r201,dtphdmi330rx,dtp3t202,dtphdmi330tx,dtpthd24k330,dtp2t211;+_clsk=ruq57m%7C1746687559281%7C15%7C1%7Cb.clarity.ms%2Fcollect;+_ga=GA1.2.630089218.1731903416;+_ga_DP5ZZ9VH84=GS2.1.s1746686336$o431$g1$t1746687593$j14$l0$h0 https://www.extron.com/Receivers/prodsubtype-617 www.extron.com 304 0 0 1705 2
2025-05-08 07:00:14 10.1.0.50 GET /Training/LearningGuide/TrainingLibrary - 443 alexander.hermansson@informationsteknik.se 10.1.16.1 Mozilla/5.0+(Windows+NT+10.0;+Win64;+x64)+AppleWebKit/537.36+(KHTML,+like+Gecko)+Chrome/136.0.0.0+Safari/537.36 region=2;+lang=1;+.AspNet.Cookies=wtJ-C8r3vdnkPR1Aw1qzuyO0NV6Z74nKn2CeelxjHwsmhhAB6D9cqcH_Dhy34aW7wWBQoXjW7N63kxonahltPZ-jcrmaKoOM134-OT7-fza7mXHqKwjxrOWhBVFvVrb0vVl4xW6hGIzUNdWzEd5Eo_lm2HGowC_rXWb_YJ7IDbePcyyb1vS7AkgGAnGDFA-m8I-BHOJZs0F4eAWyU9bOhoxtjSJYB4u5OPHwnuvSEupyliuJB2WHI2rAKzuMcN7TdLmZrf8ug3HGbPkV4w8hpUukej2c8NMN7yefycgqbRBy_6W013dOD84roJuTo4fkJuQv5I1EDTHFL0R9haWr12Ejr4nQlCcXAxjU6wmSHDTJbQWWf3kYPN-1YWCP7H-9yOZ7R7KotSCCHmqI4GznIasdkE2K99YuhIfQLXdfEvRVh12x9Ef2ZunJA1a7X7d857dMvA;+ASP.NET_SessionId=kjuj034pqztdozgqslo2kn3a;+username=alexander.hermansson@informationsteknik.se;+PriceClass=26;+PriceList=EURS3+;+__RequestVerificationToken=jWmp1PELHc1Hb5W-j-xwFnm--3BkN2yvqBQbE54V1HHGm0m8LH4TjMMe3xN8YjYTOkAoegD8zLPo5XDn8kz605kRA4g1;+BIGipServerextron.com_443_pool=!I6oNOffSsY3+eF8MjvaJwiHEDz8tIOEnyqqQNmiOpvQubiTGHhBKSxOs/NdI0x5hO4sW/wzZdj9YtQ==;+_gid=GA1.2.1481421227.1746687589;+_gat_UA-130285241-1=1;+_clck=2ar2tt%7C2%7Cfvq%7C0%7C1938;+_clsk=1wqke2q%7C1746687592121%7C2%7C1%7Ce.clarity.ms%2Fcollect;+_ga=GA1.2.1242613871.1745311648;+_ga_DP5ZZ9VH84=GS2.1.s1746687589$o15$g1$t1746687592$j57$l0$h0 https://www.extron.com/training/ www.extron.com 200 0 0 198622 88
2025-05-08 07:00:14 10.1.0.50 GET /Scripts/Shared/login.js 20210406 443 - 10.1.16.1 Mozilla/5.0+(Windows+NT+6.1;+Win64;+x64)+AppleWebKit/537.36+(KHTML,+like+Gecko)+Chrome/109.0.0.0+Safari/537.36+Edg/109.0.1518.140 ASP.NET_SessionId=v4sr0zkzacze3mouncia1scm;+region=1;+lang=1;+__RequestVerificationToken=RH9ezm4kZ2-wwmjtjTuL-ZymLaimkPkviC8qf2ASEc-aWXAHS-MNG30m0PRb9di0VwUkJf40jZYILZ9eCiVBvKI0n2Q1;+BIGipServerextron.com_443_pool=!5S7tXiqUToJ84EkMjvaJwiHEDz8tIOwI4vIgmb+T3iRLDhxjUlXRW8D7J2Ep1r4KmhNFrjzB9hUcEg== https://www.extron.com/article/loudnesscontrol_ts www.extron.com 200 0 0 10163 1
2025-05-08 07:00:14 10.1.0.50 GET /Scripts/Shared/login.js 20210406 443 lnah@extron.com 10.1.16.1 Mozilla/5.0+(Windows+NT+10.0;+Win64;+x64)+AppleWebKit/537.36+(KHTML,+like+Gecko)+Chrome/135.0.0.0+Safari/537.36 lang=1;+region=3;+_gid=GA1.2.1420396670.1746408377;+ASP.NET_SessionId=4cye422eix0321wiv0qjrafu;+__RequestVerificationToken=fANlzh5QNg8shi1SxcPj7FFjmKKwNY4bojEfgz6ZggvrRlYzXJlbLi4XACv6ZGCJrkPfj_ST7MR6VGxxmUO4DkrgbA41;+_clck=fc8qsr%7C2%7Cfvq%7C0%7C1783;+username=lnah@extron.com;+PriceClass=60;+PriceList=S3+;+.AspNet.Cookies=Ql8qoVFqiXHZrY3Z1gIARaU2JRd_bwi_g3v6CHQWA3qPMDJWiJ6DqK5Waw8lyfF60Yxn91lJ8BrDEihsalGopDHyxV0klnawrUdLcifjM3ZGDXhRVYMRGFsLi9gEYvMlamUqnl6QoyEpSBAOCbbmWEeKXmft_Hxhx1dae7CpGHGdx3LSl1wDVQi-aOLbYmCA0Y_IfXhnEnO6oJSQqoNN_n7zik-lAzUd1SAyny4RQYHHv0bfu2_0fo2eJJfslN0qkzp9-vCP8WSqS4zGXApM9Xl0bg_c_Z9fEDXYuEGRR7L0tVdzXlkaT44CUFfRKyyHLZPQLQpkPdkrWK3aAshOGfCqMZ4TBqPW0NyUt2FELR_DSP6ZJHrZjtKOGhdkeZr3XvdYuVBzuaH9U-CGUb--oCA78YvA3f-Ve_gzLD4zktJysjSJ;+_gat_UA-130285241-1=1;+ExtronRecViewProd=dmp44xi,cablecubby202,xtpiicphd4kplusio,nave111dtp3,dtp3crosspoint622,ssp200,dtp3r201,dtphdmi330rx,dtp3t202,dtphdmi330tx,dtpthd24k330,dtp2t211;+_clsk=ruq57m%7C1746687559281%7C15%7C1%7Cb.clarity.ms%2Fcollect;+_ga=GA1.2.630089218.1731903416;+_ga_DP5ZZ9VH84=GS2.1.s1746686336$o431$g1$t1746687593$j14$l0$h0 https://www.extron.com/Receivers/prodsubtype-617 www.extron.com 304 0 0 1705 2
2025-05-08 07:00:14 10.1.0.50 GET /Scripts/ProdSidebar/prodsidebar.js nocache=06232021 443 lnah@extron.com 10.1.16.1 Mozilla/5.0+(Windows+NT+10.0;+Win64;+x64)+AppleWebKit/537.36+(KHTML,+like+Gecko)+Chrome/135.0.0.0+Safari/537.36 lang=1;+region=3;+_gid=GA1.2.1420396670.1746408377;+ASP.NET_SessionId=4cye422eix0321wiv0qjrafu;+__RequestVerificationToken=fANlzh5QNg8shi1SxcPj7FFjmKKwNY4bojEfgz6ZggvrRlYzXJlbLi4XACv6ZGCJrkPfj_ST7MR6VGxxmUO4DkrgbA41;+_clck=fc8qsr%7C2%7Cfvq%7C0%7C1783;+username=lnah@extron.com;+PriceClass=60;+PriceList=S3+;+.AspNet.Cookies=Ql8qoVFqiXHZrY3Z1gIARaU2JRd_bwi_g3v6CHQWA3qPMDJWiJ6DqK5Waw8lyfF60Yxn91lJ8BrDEihsalGopDHyxV0klnawrUdLcifjM3ZGDXhRVYMRGFsLi9gEYvMlamUqnl6QoyEpSBAOCbbmWEeKXmft_Hxhx1dae7CpGHGdx3LSl1wDVQi-aOLbYmCA0Y_IfXhnEnO6oJSQqoNN_n7zik-lAzUd1SAyny4RQYHHv0bfu2_0fo2eJJfslN0qkzp9-vCP8WSqS4zGXApM9Xl0bg_c_Z9fEDXYuEGRR7L0tVdzXlkaT44CUFfRKyyHLZPQLQpkPdkrWK3aAshOGfCqMZ4TBqPW0NyUt2FELR_DSP6ZJHrZjtKOGhdkeZr3XvdYuVBzuaH9U-CGUb--oCA78YvA3f-Ve_gzLD4zktJysjSJ;+_gat_UA-130285241-1=1;+ExtronRecViewProd=dmp44xi,cablecubby202,xtpiicphd4kplusio,nave111dtp3,dtp3crosspoint622,ssp200,dtp3r201,dtphdmi330rx,dtp3t202,dtphdmi330tx,dtpthd24k330,dtp2t211;+_clsk=ruq57m%7C1746687559281%7C15%7C1%7Cb.clarity.ms%2Fcollect;+_ga=GA1.2.630089218.1731903416;+_ga_DP5ZZ9VH84=GS2.1.s1746686336$o431$g1$t1746687593$j14$l0$h0 https://www.extron.com/Receivers/prodsubtype-617 www.extron.com 304 0 0 1705 2
2025-05-08 07:00:14 10.1.0.50 GET /Content/featured/vendors/viewportchecker/jquery.viewportchecker.js - 443 - 10.1.16.1 Mozilla/5.0+(Windows+NT+6.1;+Win64;+x64)+AppleWebKit/537.36+(KHTML,+like+Gecko)+Chrome/109.0.0.0+Safari/537.36+Edg/109.0.1518.140 ASP.NET_SessionId=v4sr0zkzacze3mouncia1scm;+region=1;+lang=1;+__RequestVerificationToken=RH9ezm4kZ2-wwmjtjTuL-ZymLaimkPkviC8qf2ASEc-aWXAHS-MNG30m0PRb9di0VwUkJf40jZYILZ9eCiVBvKI0n2Q1;+BIGipServerextron.com_443_pool=!5S7tXiqUToJ84EkMjvaJwiHEDz8tIOwI4vIgmb+T3iRLDhxjUlXRW8D7J2Ep1r4KmhNFrjzB9hUcEg== https://www.extron.com/article/loudnesscontrol_ts www.extron.com 200 0 0 9680 1
2025-05-08 07:00:14 10.1.0.50 GET /Content/vendor/jqueryui/themes/smoothness/jquery-1.12.0-ui.css - 443 alexander.hermansson@informationsteknik.se 10.1.16.1 Mozilla/5.0+(Windows+NT+10.0;+Win64;+x64)+AppleWebKit/537.36+(KHTML,+like+Gecko)+Chrome/136.0.0.0+Safari/537.36 region=2;+lang=1;+.AspNet.Cookies=wtJ-C8r3vdnkPR1Aw1qzuyO0NV6Z74nKn2CeelxjHwsmhhAB6D9cqcH_Dhy34aW7wWBQoXjW7N63kxonahltPZ-jcrmaKoOM134-OT7-fza7mXHqKwjxrOWhBVFvVrb0vVl4xW6hGIzUNdWzEd5Eo_lm2HGowC_rXWb_YJ7IDbePcyyb1vS7AkgGAnGDFA-m8I-BHOJZs0F4eAWyU9bOhoxtjSJYB4u5OPHwnuvSEupyliuJB2WHI2rAKzuMcN7TdLmZrf8ug3HGbPkV4w8hpUukej2c8NMN7yefycgqbRBy_6W013dOD84roJuTo4fkJuQv5I1EDTHFL0R9haWr12Ejr4nQlCcXAxjU6wmSHDTJbQWWf3kYPN-1YWCP7H-9yOZ7R7KotSCCHmqI4GznIasdkE2K99YuhIfQLXdfEvRVh12x9Ef2ZunJA1a7X7d857dMvA;+ASP.NET_SessionId=kjuj034pqztdozgqslo2kn3a;+username=alexander.hermansson@informationsteknik.se;+PriceClass=26;+PriceList=EURS3+;+__RequestVerificationToken=jWmp1PELHc1Hb5W-j-xwFnm--3BkN2yvqBQbE54V1HHGm0m8LH4TjMMe3xN8YjYTOkAoegD8zLPo5XDn8kz605kRA4g1;+BIGipServerextron.com_443_pool=!I6oNOffSsY3+eF8MjvaJwiHEDz8tIOEnyqqQNmiOpvQubiTGHhBKSxOs/NdI0x5hO4sW/wzZdj9YtQ==;+_gid=GA1.2.1481421227.1746687589;+_gat_UA-130285241-1=1;+_clck=2ar2tt%7C2%7Cfvq%7C0%7C1938;+_clsk=1wqke2q%7C1746687592121%7C2%7C1%7Ce.clarity.ms%2Fcollect;+_ga=GA1.2.1242613871.1745311648;+_ga_DP5ZZ9VH84=GS2.1.s1746687589$o15$g1$t1746687594$j55$l0$h0 https://www.extron.com/Training/LearningGuide/TrainingLibrary www.extron.com 304 0 0 1705 2
2025-05-08 07:00:14 10.1.0.50 GET /Content/vendor/fancybox-3.5.7/dist/jquery.fancybox.css - 443 alexander.hermansson@informationsteknik.se 10.1.16.1 Mozilla/5.0+(Windows+NT+10.0;+Win64;+x64)+AppleWebKit/537.36+(KHTML,+like+Gecko)+Chrome/136.0.0.0+Safari/537.36 region=2;+lang=1;+.AspNet.Cookies=wtJ-C8r3vdnkPR1Aw1qzuyO0NV6Z74nKn2CeelxjHwsmhhAB6D9cqcH_Dhy34aW7wWBQoXjW7N63kxonahltPZ-jcrmaKoOM134-OT7-fza7mXHqKwjxrOWhBVFvVrb0vVl4xW6hGIzUNdWzEd5Eo_lm2HGowC_rXWb_YJ7IDbePcyyb1vS7AkgGAnGDFA-m8I-BHOJZs0F4eAWyU9bOhoxtjSJYB4u5OPHwnuvSEupyliuJB2WHI2rAKzuMcN7TdLmZrf8ug3HGbPkV4w8hpUukej2c8NMN7yefycgqbRBy_6W013dOD84roJuTo4fkJuQv5I1EDTHFL0R9haWr12Ejr4nQlCcXAxjU6wmSHDTJbQWWf3kYPN-1YWCP7H-9yOZ7R7KotSCCHmqI4GznIasdkE2K99YuhIfQLXdfEvRVh12x9Ef2ZunJA1a7X7d857dMvA;+ASP.NET_SessionId=kjuj034pqztdozgqslo2kn3a;+username=alexander.hermansson@informationsteknik.se;+PriceClass=26;+PriceList=EURS3+;+__RequestVerificationToken=jWmp1PELHc1Hb5W-j-xwFnm--3BkN2yvqBQbE54V1HHGm0m8LH4TjMMe3xN8YjYTOkAoegD8zLPo5XDn8kz605kRA4g1;+BIGipServerextron.com_443_pool=!I6oNOffSsY3+eF8MjvaJwiHEDz8tIOEnyqqQNmiOpvQubiTGHhBKSxOs/NdI0x5hO4sW/wzZdj9YtQ==;+_gid=GA1.2.1481421227.1746687589;+_gat_UA-130285241-1=1;+_clck=2ar2tt%7C2%7Cfvq%7C0%7C1938;+_clsk=1wqke2q%7C1746687592121%7C2%7C1%7Ce.clarity.ms%2Fcollect;+_ga=GA1.2.1242613871.1745311648;+_ga_DP5ZZ9VH84=GS2.1.s1746687589$o15$g1$t1746687594$j55$l0$h0 https://www.extron.com/Training/LearningGuide/TrainingLibrary www.extron.com 304 0 0 1705 1
2025-05-08 07:00:14 10.1.0.50 GET /Content/vendor/bs-offcanvas/dist/css/bootstrap.offcanvas.css - 443 alexander.hermansson@informationsteknik.se 10.1.16.1 Mozilla/5.0+(Windows+NT+10.0;+Win64;+x64)+AppleWebKit/537.36+(KHTML,+like+Gecko)+Chrome/136.0.0.0+Safari/537.36 region=2;+lang=1;+.AspNet.Cookies=wtJ-C8r3vdnkPR1Aw1qzuyO0NV6Z74nKn2CeelxjHwsmhhAB6D9cqcH_Dhy34aW7wWBQoXjW7N63kxonahltPZ-jcrmaKoOM134-OT7-fza7mXHqKwjxrOWhBVFvVrb0vVl4xW6hGIzUNdWzEd5Eo_lm2HGowC_rXWb_YJ7IDbePcyyb1vS7AkgGAnGDFA-m8I-BHOJZs0F4eAWyU9bOhoxtjSJYB4u5OPHwnuvSEupyliuJB2WHI2rAKzuMcN7TdLmZrf8ug3HGbPkV4w8hpUukej2c8NMN7yefycgqbRBy_6W013dOD84roJuTo4fkJuQv5I1EDTHFL0R9haWr12Ejr4nQlCcXAxjU6wmSHDTJbQWWf3kYPN-1YWCP7H-9yOZ7R7KotSCCHmqI4GznIasdkE2K99YuhIfQLXdfEvRVh12x9Ef2ZunJA1a7X7d857dMvA;+ASP.NET_SessionId=kjuj034pqztdozgqslo2kn3a;+username=alexander.hermansson@informationsteknik.se;+PriceClass=26;+PriceList=EURS3+;+__RequestVerificationToken=jWmp1PELHc1Hb5W-j-xwFnm--3BkN2yvqBQbE54V1HHGm0m8LH4TjMMe3xN8YjYTOkAoegD8zLPo5XDn8kz605kRA4g1;+BIGipServerextron.com_443_pool=!I6oNOffSsY3+eF8MjvaJwiHEDz8tIOEnyqqQNmiOpvQubiTGHhBKSxOs/NdI0x5hO4sW/wzZdj9YtQ==;+_gid=GA1.2.1481421227.1746687589;+_gat_UA-130285241-1=1;+_clck=2ar2tt%7C2%7Cfvq%7C0%7C1938;+_clsk=1wqke2q%7C1746687592121%7C2%7C1%7Ce.clarity.ms%2Fcollect;+_ga=GA1.2.1242613871.1745311648;+_ga_DP5ZZ9VH84=GS2.1.s1746687589$o15$g1$t1746687594$j55$l0$h0 https://www.extron.com/Training/LearningGuide/TrainingLibrary www.extron.com 304 0 0 1705 1
2025-05-08 07:00:14 10.1.0.50 GET /Content/vendor/fontawesome/css/all.min.css - 443 alexander.hermansson@informationsteknik.se 10.1.16.1 Mozilla/5.0+(Windows+NT+10.0;+Win64;+x64)+AppleWebKit/537.36+(KHTML,+like+Gecko)+Chrome/136.0.0.0+Safari/537.36 region=2;+lang=1;+.AspNet.Cookies=wtJ-C8r3vdnkPR1Aw1qzuyO0NV6Z74nKn2CeelxjHwsmhhAB6D9cqcH_Dhy34aW7wWBQoXjW7N63kxonahltPZ-jcrmaKoOM134-OT7-fza7mXHqKwjxrOWhBVFvVrb0vVl4xW6hGIzUNdWzEd5Eo_lm2HGowC_rXWb_YJ7IDbePcyyb1vS7AkgGAnGDFA-m8I-BHOJZs0F4eAWyU9bOhoxtjSJYB4u5OPHwnuvSEupyliuJB2WHI2rAKzuMcN7TdLmZrf8ug3HGbPkV4w8hpUukej2c8NMN7yefycgqbRBy_6W013dOD84roJuTo4fkJuQv5I1EDTHFL0R9haWr12Ejr4nQlCcXAxjU6wmSHDTJbQWWf3kYPN-1YWCP7H-9yOZ7R7KotSCCHmqI4GznIasdkE2K99YuhIfQLXdfEvRVh12x9Ef2ZunJA1a7X7d857dMvA;+ASP.NET_SessionId=kjuj034pqztdozgqslo2kn3a;+username=alexander.hermansson@informationsteknik.se;+PriceClass=26;+PriceList=EURS3+;+__RequestVerificationToken=jWmp1PELHc1Hb5W-j-xwFnm--3BkN2yvqBQbE54V1HHGm0m8LH4TjMMe3xN8YjYTOkAoegD8zLPo5XDn8kz605kRA4g1;+BIGipServerextron.com_443_pool=!I6oNOffSsY3+eF8MjvaJwiHEDz8tIOEnyqqQNmiOpvQubiTGHhBKSxOs/NdI0x5hO4sW/wzZdj9YtQ==;+_gid=GA1.2.1481421227.1746687589;+_gat_UA-130285241-1=1;+_clck=2ar2tt%7C2%7Cfvq%7C0%7C1938;+_clsk=1wqke2q%7C1746687592121%7C2%7C1%7Ce.clarity.ms%2Fcollect;+_ga=GA1.2.1242613871.1745311648;+_ga_DP5ZZ9VH84=GS2.1.s1746687589$o15$g1$t1746687594$j55$l0$h0 https://www.extron.com/Training/LearningGuide/TrainingLibrary www.extron.com 304 0 0 1703 1
2025-05-08 07:00:14 10.1.0.50 GET /Content/css/Shared/cookies.css - 443 alexander.hermansson@informationsteknik.se 10.1.16.1 Mozilla/5.0+(Windows+NT+10.0;+Win64;+x64)+AppleWebKit/537.36+(KHTML,+like+Gecko)+Chrome/136.0.0.0+Safari/537.36 region=2;+lang=1;+.AspNet.Cookies=wtJ-C8r3vdnkPR1Aw1qzuyO0NV6Z74nKn2CeelxjHwsmhhAB6D9cqcH_Dhy34aW7wWBQoXjW7N63kxonahltPZ-jcrmaKoOM134-OT7-fza7mXHqKwjxrOWhBVFvVrb0vVl4xW6hGIzUNdWzEd5Eo_lm2HGowC_rXWb_YJ7IDbePcyyb1vS7AkgGAnGDFA-m8I-BHOJZs0F4eAWyU9bOhoxtjSJYB4u5OPHwnuvSEupyliuJB2WHI2rAKzuMcN7TdLmZrf8ug3HGbPkV4w8hpUukej2c8NMN7yefycgqbRBy_6W013dOD84roJuTo4fkJuQv5I1EDTHFL0R9haWr12Ejr4nQlCcXAxjU6wmSHDTJbQWWf3kYPN-1YWCP7H-9yOZ7R7KotSCCHmqI4GznIasdkE2K99YuhIfQLXdfEvRVh12x9Ef2ZunJA1a7X7d857dMvA;+ASP.NET_SessionId=kjuj034pqztdozgqslo2kn3a;+username=alexander.hermansson@informationsteknik.se;+PriceClass=26;+PriceList=EURS3+;+__RequestVerificationToken=jWmp1PELHc1Hb5W-j-xwFnm--3BkN2yvqBQbE54V1HHGm0m8LH4TjMMe3xN8YjYTOkAoegD8zLPo5XDn8kz605kRA4g1;+BIGipServerextron.com_443_pool=!I6oNOffSsY3+eF8MjvaJwiHEDz8tIOEnyqqQNmiOpvQubiTGHhBKSxOs/NdI0x5hO4sW/wzZdj9YtQ==;+_gid=GA1.2.1481421227.1746687589;+_gat_UA-130285241-1=1;+_clck=2ar2tt%7C2%7Cfvq%7C0%7C1938;+_clsk=1wqke2q%7C1746687592121%7C2%7C1%7Ce.clarity.ms%2Fcollect;+_ga=GA1.2.1242613871.1745311648;+_ga_DP5ZZ9VH84=GS2.1.s1746687589$o15$g1$t1746687594$j55$l0$h0 https://www.extron.com/Training/LearningGuide/TrainingLibrary www.extron.com 304 0 0 1705 1
2025-05-08 07:00:14 10.1.0.50 GET /Content/css/Shared/extron_bs5.css - 443 alexander.hermansson@informationsteknik.se 10.1.16.1 Mozilla/5.0+(Windows+NT+10.0;+Win64;+x64)+AppleWebKit/537.36+(KHTML,+like+Gecko)+Chrome/136.0.0.0+Safari/537.36 region=2;+lang=1;+.AspNet.Cookies=wtJ-C8r3vdnkPR1Aw1qzuyO0NV6Z74nKn2CeelxjHwsmhhAB6D9cqcH_Dhy34aW7wWBQoXjW7N63kxonahltPZ-jcrmaKoOM134-OT7-fza7mXHqKwjxrOWhBVFvVrb0vVl4xW6hGIzUNdWzEd5Eo_lm2HGowC_rXWb_YJ7IDbePcyyb1vS7AkgGAnGDFA-m8I-BHOJZs0F4eAWyU9bOhoxtjSJYB4u5OPHwnuvSEupyliuJB2WHI2rAKzuMcN7TdLmZrf8ug3HGbPkV4w8hpUukej2c8NMN7yefycgqbRBy_6W013dOD84roJuTo4fkJuQv5I1EDTHFL0R9haWr12Ejr4nQlCcXAxjU6wmSHDTJbQWWf3kYPN-1YWCP7H-9yOZ7R7KotSCCHmqI4GznIasdkE2K99YuhIfQLXdfEvRVh12x9Ef2ZunJA1a7X7d857dMvA;+ASP.NET_SessionId=kjuj034pqztdozgqslo2kn3a;+username=alexander.hermansson@informationsteknik.se;+PriceClass=26;+PriceList=EURS3+;+__RequestVerificationToken=jWmp1PELHc1Hb5W-j-xwFnm--3BkN2yvqBQbE54V1HHGm0m8LH4TjMMe3xN8YjYTOkAoegD8zLPo5XDn8kz605kRA4g1;+BIGipServerextron.com_443_pool=!I6oNOffSsY3+eF8MjvaJwiHEDz8tIOEnyqqQNmiOpvQubiTGHhBKSxOs/NdI0x5hO4sW/wzZdj9YtQ==;+_gid=GA1.2.1481421227.1746687589;+_gat_UA-130285241-1=1;+_clck=2ar2tt%7C2%7Cfvq%7C0%7C1938;+_clsk=1wqke2q%7C1746687592121%7C2%7C1%7Ce.clarity.ms%2Fcollect;+_ga=GA1.2.1242613871.1745311648;+_ga_DP5ZZ9VH84=GS2.1.s1746687589$o15$g1$t1746687594$j55$l0$h0 https://www.extron.com/Training/LearningGuide/TrainingLibrary www.extron.com 200 0 0 999925 5
2025-05-08 07:00:14 10.1.0.50 GET /api/v1/Article/Get articlehandle=menudownload&lang=1&region=3&loggedin=true 443 lnah@extron.com 10.1.16.1 Mozilla/5.0+(Windows+NT+10.0;+Win64;+x64)+AppleWebKit/537.36+(KHTML,+like+Gecko)+Chrome/135.0.0.0+Safari/537.36 lang=1;+region=3;+_gid=GA1.2.1420396670.1746408377;+ASP.NET_SessionId=4cye422eix0321wiv0qjrafu;+__RequestVerificationToken=fANlzh5QNg8shi1SxcPj7FFjmKKwNY4bojEfgz6ZggvrRlYzXJlbLi4XACv6ZGCJrkPfj_ST7MR6VGxxmUO4DkrgbA41;+_clck=fc8qsr%7C2%7Cfvq%7C0%7C1783;+username=lnah@extron.com;+PriceClass=60;+PriceList=S3+;+.AspNet.Cookies=Ql8qoVFqiXHZrY3Z1gIARaU2JRd_bwi_g3v6CHQWA3qPMDJWiJ6DqK5Waw8lyfF60Yxn91lJ8BrDEihsalGopDHyxV0klnawrUdLcifjM3ZGDXhRVYMRGFsLi9gEYvMlamUqnl6QoyEpSBAOCbbmWEeKXmft_Hxhx1dae7CpGHGdx3LSl1wDVQi-aOLbYmCA0Y_IfXhnEnO6oJSQqoNN_n7zik-lAzUd1SAyny4RQYHHv0bfu2_0fo2eJJfslN0qkzp9-vCP8WSqS4zGXApM9Xl0bg_c_Z9fEDXYuEGRR7L0tVdzXlkaT44CUFfRKyyHLZPQLQpkPdkrWK3aAshOGfCqMZ4TBqPW0NyUt2FELR_DSP6ZJHrZjtKOGhdkeZr3XvdYuVBzuaH9U-CGUb--oCA78YvA3f-Ve_gzLD4zktJysjSJ;+_gat_UA-130285241-1=1;+ExtronRecViewProd=dmp44xi,cablecubby202,xtpiicphd4kplusio,nave111dtp3,dtp3crosspoint622,ssp200,dtp3r201,dtphdmi330rx,dtp3t202,dtphdmi330tx,dtpthd24k330,dtp2t211;+_clsk=ruq57m%7C1746687559281%7C15%7C1%7Cb.clarity.ms%2Fcollect;+_ga=GA1.2.630089218.1731903416;+_ga_DP5ZZ9VH84=GS2.1.s1746686336$o431$g1$t1746687593$j14$l0$h0 https://www.extron.com/Receivers/prodsubtype-617 www.extron.com 200 0 0 6354 5
2025-05-08 07:00:14 10.1.0.50 GET /api/v1/Article/Get articlehandle=menutraining&lang=1&region=3&loggedin=true 443 lnah@extron.com 10.1.16.1 Mozilla/5.0+(Windows+NT+10.0;+Win64;+x64)+AppleWebKit/537.36+(KHTML,+like+Gecko)+Chrome/135.0.0.0+Safari/537.36 lang=1;+region=3;+_gid=GA1.2.1420396670.1746408377;+ASP.NET_SessionId=4cye422eix0321wiv0qjrafu;+__RequestVerificationToken=fANlzh5QNg8shi1SxcPj7FFjmKKwNY4bojEfgz6ZggvrRlYzXJlbLi4XACv6ZGCJrkPfj_ST7MR6VGxxmUO4DkrgbA41;+_clck=fc8qsr%7C2%7Cfvq%7C0%7C1783;+username=lnah@extron.com;+PriceClass=60;+PriceList=S3+;+.AspNet.Cookies=Ql8qoVFqiXHZrY3Z1gIARaU2JRd_bwi_g3v6CHQWA3qPMDJWiJ6DqK5Waw8lyfF60Yxn91lJ8BrDEihsalGopDHyxV0klnawrUdLcifjM3ZGDXhRVYMRGFsLi9gEYvMlamUqnl6QoyEpSBAOCbbmWEeKXmft_Hxhx1dae7CpGHGdx3LSl1wDVQi-aOLbYmCA0Y_IfXhnEnO6oJSQqoNN_n7zik-lAzUd1SAyny4RQYHHv0bfu2_0fo2eJJfslN0qkzp9-vCP8WSqS4zGXApM9Xl0bg_c_Z9fEDXYuEGRR7L0tVdzXlkaT44CUFfRKyyHLZPQLQpkPdkrWK3aAshOGfCqMZ4TBqPW0NyUt2FELR_DSP6ZJHrZjtKOGhdkeZr3XvdYuVBzuaH9U-CGUb--oCA78YvA3f-Ve_gzLD4zktJysjSJ;+_gat_UA-130285241-1=1;+ExtronRecViewProd=dmp44xi,cablecubby202,xtpiicphd4kplusio,nave111dtp3,dtp3crosspoint622,ssp200,dtp3r201,dtphdmi330rx,dtp3t202,dtphdmi330tx,dtpthd24k330,dtp2t211;+_clsk=ruq57m%7C1746687559281%7C15%7C1%7Cb.clarity.ms%2Fcollect;+_ga=GA1.2.630089218.1731903416;+_ga_DP5ZZ9VH84=GS2.1.s1746686336$o431$g1$t1746687593$j14$l0$h0 https://www.extron.com/Receivers/prodsubtype-617 www.extron.com 200 0 0 7426 7
2025-05-08 07:00:14 10.1.0.50 GET /Content/vendor/fontawesome/webfonts/fa-light-300.woff2 - 443 lnah@extron.com 10.1.16.1 Mozilla/5.0+(Windows+NT+10.0;+Win64;+x64)+AppleWebKit/537.36+(KHTML,+like+Gecko)+Chrome/135.0.0.0+Safari/537.36 lang=1;+region=3;+_gid=GA1.2.1420396670.1746408377;+ASP.NET_SessionId=4cye422eix0321wiv0qjrafu;+__RequestVerificationToken=fANlzh5QNg8shi1SxcPj7FFjmKKwNY4bojEfgz6ZggvrRlYzXJlbLi4XACv6ZGCJrkPfj_ST7MR6VGxxmUO4DkrgbA41;+_clck=fc8qsr%7C2%7Cfvq%7C0%7C1783;+username=lnah@extron.com;+PriceClass=60;+PriceList=S3+;+.AspNet.Cookies=Ql8qoVFqiXHZrY3Z1gIARaU2JRd_bwi_g3v6CHQWA3qPMDJWiJ6DqK5Waw8lyfF60Yxn91lJ8BrDEihsalGopDHyxV0klnawrUdLcifjM3ZGDXhRVYMRGFsLi9gEYvMlamUqnl6QoyEpSBAOCbbmWEeKXmft_Hxhx1dae7CpGHGdx3LSl1wDVQi-aOLbYmCA0Y_IfXhnEnO6oJSQqoNN_n7zik-lAzUd1SAyny4RQYHHv0bfu2_0fo2eJJfslN0qkzp9-vCP8WSqS4zGXApM9Xl0bg_c_Z9fEDXYuEGRR7L0tVdzXlkaT44CUFfRKyyHLZPQLQpkPdkrWK3aAshOGfCqMZ4TBqPW0NyUt2FELR_DSP6ZJHrZjtKOGhdkeZr3XvdYuVBzuaH9U-CGUb--oCA78YvA3f-Ve_gzLD4zktJysjSJ;+_gat_UA-130285241-1=1;+ExtronRecViewProd=dmp44xi,cablecubby202,xtpiicphd4kplusio,nave111dtp3,dtp3crosspoint622,ssp200,dtp3r201,dtphdmi330rx,dtp3t202,dtphdmi330tx,dtpthd24k330,dtp2t211;+_clsk=ruq57m%7C1746687559281%7C15%7C1%7Cb.clarity.ms%2Fcollect;+_ga=GA1.2.630089218.1731903416;+_ga_DP5ZZ9VH84=GS2.1.s1746686336$o431$g1$t1746687593$j14$l0$h0 https://www.extron.com/Content/vendor/fontawesome/css/all.min.css www.extron.com 304 0 0 1703 1
2025-05-08 07:00:14 10.1.0.50 GET /api/v1/Article/Get articlehandle=menuresources&lang=1&region=3&loggedin=true 443 lnah@extron.com 10.1.16.1 Mozilla/5.0+(Windows+NT+10.0;+Win64;+x64)+AppleWebKit/537.36+(KHTML,+like+Gecko)+Chrome/135.0.0.0+Safari/537.36 lang=1;+region=3;+_gid=GA1.2.1420396670.1746408377;+ASP.NET_SessionId=4cye422eix0321wiv0qjrafu;+__RequestVerificationToken=fANlzh5QNg8shi1SxcPj7FFjmKKwNY4bojEfgz6ZggvrRlYzXJlbLi4XACv6ZGCJrkPfj_ST7MR6VGxxmUO4DkrgbA41;+_clck=fc8qsr%7C2%7Cfvq%7C0%7C1783;+username=lnah@extron.com;+PriceClass=60;+PriceList=S3+;+.AspNet.Cookies=Ql8qoVFqiXHZrY3Z1gIARaU2JRd_bwi_g3v6CHQWA3qPMDJWiJ6DqK5Waw8lyfF60Yxn91lJ8BrDEihsalGopDHyxV0klnawrUdLcifjM3ZGDXhRVYMRGFsLi9gEYvMlamUqnl6QoyEpSBAOCbbmWEeKXmft_Hxhx1dae7CpGHGdx3LSl1wDVQi-aOLbYmCA0Y_IfXhnEnO6oJSQqoNN_n7zik-lAzUd1SAyny4RQYHHv0bfu2_0fo2eJJfslN0qkzp9-vCP8WSqS4zGXApM9Xl0bg_c_Z9fEDXYuEGRR7L0tVdzXlkaT44CUFfRKyyHLZPQLQpkPdkrWK3aAshOGfCqMZ4TBqPW0NyUt2FELR_DSP6ZJHrZjtKOGhdkeZr3XvdYuVBzuaH9U-CGUb--oCA78YvA3f-Ve_gzLD4zktJysjSJ;+_gat_UA-130285241-1=1;+ExtronRecViewProd=dmp44xi,cablecubby202,xtpiicphd4kplusio,nave111dtp3,dtp3crosspoint622,ssp200,dtp3r201,dtphdmi330rx,dtp3t202,dtphdmi330tx,dtpthd24k330,dtp2t211;+_clsk=ruq57m%7C1746687559281%7C15%7C1%7Cb.clarity.ms%2Fcollect;+_ga=GA1.2.630089218.1731903416;+_ga_DP5ZZ9VH84=GS2.1.s1746686336$o431$g1$t1746687593$j14$l0$h0 https://www.extron.com/Receivers/prodsubtype-617 www.extron.com 200 0 0 11192 4
2025-05-08 07:00:14 10.1.0.50 GET /api/v1/Article/Get articlehandle=menuproducts&lang=1&region=3&loggedin=true 443 lnah@extron.com 10.1.16.1 Mozilla/5.0+(Windows+NT+10.0;+Win64;+x64)+AppleWebKit/537.36+(KHTML,+like+Gecko)+Chrome/135.0.0.0+Safari/537.36 lang=1;+region=3;+_gid=GA1.2.1420396670.1746408377;+ASP.NET_SessionId=4cye422eix0321wiv0qjrafu;+__RequestVerificationToken=fANlzh5QNg8shi1SxcPj7FFjmKKwNY4bojEfgz6ZggvrRlYzXJlbLi4XACv6ZGCJrkPfj_ST7MR6VGxxmUO4DkrgbA41;+_clck=fc8qsr%7C2%7Cfvq%7C0%7C1783;+username=lnah@extron.com;+PriceClass=60;+PriceList=S3+;+.AspNet.Cookies=Ql8qoVFqiXHZrY3Z1gIARaU2JRd_bwi_g3v6CHQWA3qPMDJWiJ6DqK5Waw8lyfF60Yxn91lJ8BrDEihsalGopDHyxV0klnawrUdLcifjM3ZGDXhRVYMRGFsLi9gEYvMlamUqnl6QoyEpSBAOCbbmWEeKXmft_Hxhx1dae7CpGHGdx3LSl1wDVQi-aOLbYmCA0Y_IfXhnEnO6oJSQqoNN_n7zik-lAzUd1SAyny4RQYHHv0bfu2_0fo2eJJfslN0qkzp9-vCP8WSqS4zGXApM9Xl0bg_c_Z9fEDXYuEGRR7L0tVdzXlkaT44CUFfRKyyHLZPQLQpkPdkrWK3aAshOGfCqMZ4TBqPW0NyUt2FELR_DSP6ZJHrZjtKOGhdkeZr3XvdYuVBzuaH9U-CGUb--oCA78YvA3f-Ve_gzLD4zktJysjSJ;+_gat_UA-130285241-1=1;+ExtronRecViewProd=dmp44xi,cablecubby202,xtpiicphd4kplusio,nave111dtp3,dtp3crosspoint622,ssp200,dtp3r201,dtphdmi330rx,dtp3t202,dtphdmi330tx,dtpthd24k330,dtp2t211;+_clsk=ruq57m%7C1746687559281%7C15%7C1%7Cb.clarity.ms%2Fcollect;+_ga=GA1.2.630089218.1731903416;+_ga_DP5ZZ9VH84=GS2.1.s1746686336$o431$g1$t1746687593$j14$l0$h0 https://www.extron.com/Receivers/prodsubtype-617 www.extron.com 200 0 0 9469 4
2025-05-08 07:00:14 10.1.0.50 GET /api/v1/Article/Get articlehandle=menucompany&lang=1&region=3&loggedin=true 443 lnah@extron.com 10.1.16.1 Mozilla/5.0+(Windows+NT+10.0;+Win64;+x64)+AppleWebKit/537.36+(KHTML,+like+Gecko)+Chrome/135.0.0.0+Safari/537.36 lang=1;+region=3;+_gid=GA1.2.1420396670.1746408377;+ASP.NET_SessionId=4cye422eix0321wiv0qjrafu;+__RequestVerificationToken=fANlzh5QNg8shi1SxcPj7FFjmKKwNY4bojEfgz6ZggvrRlYzXJlbLi4XACv6ZGCJrkPfj_ST7MR6VGxxmUO4DkrgbA41;+_clck=fc8qsr%7C2%7Cfvq%7C0%7C1783;+username=lnah@extron.com;+PriceClass=60;+PriceList=S3+;+.AspNet.Cookies=Ql8qoVFqiXHZrY3Z1gIARaU2JRd_bwi_g3v6CHQWA3qPMDJWiJ6DqK5Waw8lyfF60Yxn91lJ8BrDEihsalGopDHyxV0klnawrUdLcifjM3ZGDXhRVYMRGFsLi9gEYvMlamUqnl6QoyEpSBAOCbbmWEeKXmft_Hxhx1dae7CpGHGdx3LSl1wDVQi-aOLbYmCA0Y_IfXhnEnO6oJSQqoNN_n7zik-lAzUd1SAyny4RQYHHv0bfu2_0fo2eJJfslN0qkzp9-vCP8WSqS4zGXApM9Xl0bg_c_Z9fEDXYuEGRR7L0tVdzXlkaT44CUFfRKyyHLZPQLQpkPdkrWK3aAshOGfCqMZ4TBqPW0NyUt2FELR_DSP6ZJHrZjtKOGhdkeZr3XvdYuVBzuaH9U-CGUb--oCA78YvA3f-Ve_gzLD4zktJysjSJ;+_gat_UA-130285241-1=1;+ExtronRecViewProd=dmp44xi,cablecubby202,xtpiicphd4kplusio,nave111dtp3,dtp3crosspoint622,ssp200,dtp3r201,dtphdmi330rx,dtp3t202,dtphdmi330tx,dtpthd24k330,dtp2t211;+_clsk=ruq57m%7C1746687559281%7C15%7C1%7Cb.clarity.ms%2Fcollect;+_ga=GA1.2.630089218.1731903416;+_ga_DP5ZZ9VH84=GS2.1.s1746686336$o431$g1$t1746687593$j14$l0$h0 https://www.extron.com/Receivers/prodsubtype-617 www.extron.com 200 0 0 9075 4
2025-05-08 07:00:14 10.1.0.50 GET /Content/css/Training/LearningGuide/filter.css - 443 alexander.hermansson@informationsteknik.se 10.1.16.1 Mozilla/5.0+(Windows+NT+10.0;+Win64;+x64)+AppleWebKit/537.36+(KHTML,+like+Gecko)+Chrome/136.0.0.0+Safari/537.36 region=2;+lang=1;+.AspNet.Cookies=wtJ-C8r3vdnkPR1Aw1qzuyO0NV6Z74nKn2CeelxjHwsmhhAB6D9cqcH_Dhy34aW7wWBQoXjW7N63kxonahltPZ-jcrmaKoOM134-OT7-fza7mXHqKwjxrOWhBVFvVrb0vVl4xW6hGIzUNdWzEd5Eo_lm2HGowC_rXWb_YJ7IDbePcyyb1vS7AkgGAnGDFA-m8I-BHOJZs0F4eAWyU9bOhoxtjSJYB4u5OPHwnuvSEupyliuJB2WHI2rAKzuMcN7TdLmZrf8ug3HGbPkV4w8hpUukej2c8NMN7yefycgqbRBy_6W013dOD84roJuTo4fkJuQv5I1EDTHFL0R9haWr12Ejr4nQlCcXAxjU6wmSHDTJbQWWf3kYPN-1YWCP7H-9yOZ7R7KotSCCHmqI4GznIasdkE2K99YuhIfQLXdfEvRVh12x9Ef2ZunJA1a7X7d857dMvA;+ASP.NET_SessionId=kjuj034pqztdozgqslo2kn3a;+username=alexander.hermansson@informationsteknik.se;+PriceClass=26;+PriceList=EURS3+;+__RequestVerificationToken=jWmp1PELHc1Hb5W-j-xwFnm--3BkN2yvqBQbE54V1HHGm0m8LH4TjMMe3xN8YjYTOkAoegD8zLPo5XDn8kz605kRA4g1;+BIGipServerextron.com_443_pool=!I6oNOffSsY3+eF8MjvaJwiHEDz8tIOEnyqqQNmiOpvQubiTGHhBKSxOs/NdI0x5hO4sW/wzZdj9YtQ==;+_gid=GA1.2.1481421227.1746687589;+_gat_UA-130285241-1=1;+_clck=2ar2tt%7C2%7Cfvq%7C0%7C1938;+_clsk=1wqke2q%7C1746687592121%7C2%7C1%7Ce.clarity.ms%2Fcollect;+_ga=GA1.2.1242613871.1745311648;+_ga_DP5ZZ9VH84=GS2.1.s1746687589$o15$g1$t1746687594$j55$l0$h0 https://www.extron.com/Training/LearningGuide/TrainingLibrary www.extron.com 200 0 0 5687 4
2025-05-08 07:00:14 10.1.0.50 GET /Content/css/Training/LearningGuide/learning-guide.css - 443 alexander.hermansson@informationsteknik.se 10.1.16.1 Mozilla/5.0+(Windows+NT+10.0;+Win64;+x64)+AppleWebKit/537.36+(KHTML,+like+Gecko)+Chrome/136.0.0.0+Safari/537.36 region=2;+lang=1;+.AspNet.Cookies=wtJ-C8r3vdnkPR1Aw1qzuyO0NV6Z74nKn2CeelxjHwsmhhAB6D9cqcH_Dhy34aW7wWBQoXjW7N63kxonahltPZ-jcrmaKoOM134-OT7-fza7mXHqKwjxrOWhBVFvVrb0vVl4xW6hGIzUNdWzEd5Eo_lm2HGowC_rXWb_YJ7IDbePcyyb1vS7AkgGAnGDFA-m8I-BHOJZs0F4eAWyU9bOhoxtjSJYB4u5OPHwnuvSEupyliuJB2WHI2rAKzuMcN7TdLmZrf8ug3HGbPkV4w8hpUukej2c8NMN7yefycgqbRBy_6W013dOD84roJuTo4fkJuQv5I1EDTHFL0R9haWr12Ejr4nQlCcXAxjU6wmSHDTJbQWWf3kYPN-1YWCP7H-9yOZ7R7KotSCCHmqI4GznIasdkE2K99YuhIfQLXdfEvRVh12x9Ef2ZunJA1a7X7d857dMvA;+ASP.NET_SessionId=kjuj034pqztdozgqslo2kn3a;+username=alexander.hermansson@informationsteknik.se;+PriceClass=26;+PriceList=EURS3+;+__RequestVerificationToken=jWmp1PELHc1Hb5W-j-xwFnm--3BkN2yvqBQbE54V1HHGm0m8LH4TjMMe3xN8YjYTOkAoegD8zLPo5XDn8kz605kRA4g1;+BIGipServerextron.com_443_pool=!I6oNOffSsY3+eF8MjvaJwiHEDz8tIOEnyqqQNmiOpvQubiTGHhBKSxOs/NdI0x5hO4sW/wzZdj9YtQ==;+_gid=GA1.2.1481421227.1746687589;+_gat_UA-130285241-1=1;+_clck=2ar2tt%7C2%7Cfvq%7C0%7C1938;+_clsk=1wqke2q%7C1746687592121%7C2%7C1%7Ce.clarity.ms%2Fcollect;+_ga=GA1.2.1242613871.1745311648;+_ga_DP5ZZ9VH84=GS2.1.s1746687589$o15$g1$t1746687594$j55$l0$h0 https://www.extron.com/Training/LearningGuide/TrainingLibrary www.extron.com 200 0 0 12849 3
2025-05-08 07:00:14 10.1.0.50 GET /Content/vendor/jquery/jquery-3.3.1.min.js - 443 alexander.hermansson@informationsteknik.se 10.1.16.1 Mozilla/5.0+(Windows+NT+10.0;+Win64;+x64)+AppleWebKit/537.36+(KHTML,+like+Gecko)+Chrome/136.0.0.0+Safari/537.36 region=2;+lang=1;+.AspNet.Cookies=wtJ-C8r3vdnkPR1Aw1qzuyO0NV6Z74nKn2CeelxjHwsmhhAB6D9cqcH_Dhy34aW7wWBQoXjW7N63kxonahltPZ-jcrmaKoOM134-OT7-fza7mXHqKwjxrOWhBVFvVrb0vVl4xW6hGIzUNdWzEd5Eo_lm2HGowC_rXWb_YJ7IDbePcyyb1vS7AkgGAnGDFA-m8I-BHOJZs0F4eAWyU9bOhoxtjSJYB4u5OPHwnuvSEupyliuJB2WHI2rAKzuMcN7TdLmZrf8ug3HGbPkV4w8hpUukej2c8NMN7yefycgqbRBy_6W013dOD84roJuTo4fkJuQv5I1EDTHFL0R9haWr12Ejr4nQlCcXAxjU6wmSHDTJbQWWf3kYPN-1YWCP7H-9yOZ7R7KotSCCHmqI4GznIasdkE2K99YuhIfQLXdfEvRVh12x9Ef2ZunJA1a7X7d857dMvA;+ASP.NET_SessionId=kjuj034pqztdozgqslo2kn3a;+username=alexander.hermansson@informationsteknik.se;+PriceClass=26;+PriceList=EURS3+;+__RequestVerificationToken=jWmp1PELHc1Hb5W-j-xwFnm--3BkN2yvqBQbE54V1HHGm0m8LH4TjMMe3xN8YjYTOkAoegD8zLPo5XDn8kz605kRA4g1;+BIGipServerextron.com_443_pool=!I6oNOffSsY3+eF8MjvaJwiHEDz8tIOEnyqqQNmiOpvQubiTGHhBKSxOs/NdI0x5hO4sW/wzZdj9YtQ==;+_gid=GA1.2.1481421227.1746687589;+_gat_UA-130285241-1=1;+_clck=2ar2tt%7C2%7Cfvq%7C0%7C1938;+_clsk=1wqke2q%7C1746687592121%7C2%7C1%7Ce.clarity.ms%2Fcollect;+_ga=GA1.2.1242613871.1745311648;+_ga_DP5ZZ9VH84=GS2.1.s1746687589$o15$g1$t1746687594$j55$l0$h0 https://www.extron.com/Training/LearningGuide/TrainingLibrary www.extron.com 304 0 0 1705 1
2025-05-08 07:00:14 10.1.0.50 GET /Content/vendor/jqueryui/jquery-1.12.0-ui.min.js - 443 alexander.hermansson@informationsteknik.se 10.1.16.1 Mozilla/5.0+(Windows+NT+10.0;+Win64;+x64)+AppleWebKit/537.36+(KHTML,+like+Gecko)+Chrome/136.0.0.0+Safari/537.36 region=2;+lang=1;+.AspNet.Cookies=wtJ-C8r3vdnkPR1Aw1qzuyO0NV6Z74nKn2CeelxjHwsmhhAB6D9cqcH_Dhy34aW7wWBQoXjW7N63kxonahltPZ-jcrmaKoOM134-OT7-fza7mXHqKwjxrOWhBVFvVrb0vVl4xW6hGIzUNdWzEd5Eo_lm2HGowC_rXWb_YJ7IDbePcyyb1vS7AkgGAnGDFA-m8I-BHOJZs0F4eAWyU9bOhoxtjSJYB4u5OPHwnuvSEupyliuJB2WHI2rAKzuMcN7TdLmZrf8ug3HGbPkV4w8hpUukej2c8NMN7yefycgqbRBy_6W013dOD84roJuTo4fkJuQv5I1EDTHFL0R9haWr12Ejr4nQlCcXAxjU6wmSHDTJbQWWf3kYPN-1YWCP7H-9yOZ7R7KotSCCHmqI4GznIasdkE2K99YuhIfQLXdfEvRVh12x9Ef2ZunJA1a7X7d857dMvA;+ASP.NET_SessionId=kjuj034pqztdozgqslo2kn3a;+username=alexander.hermansson@informationsteknik.se;+PriceClass=26;+PriceList=EURS3+;+__RequestVerificationToken=jWmp1PELHc1Hb5W-j-xwFnm--3BkN2yvqBQbE54V1HHGm0m8LH4TjMMe3xN8YjYTOkAoegD8zLPo5XDn8kz605kRA4g1;+BIGipServerextron.com_443_pool=!I6oNOffSsY3+eF8MjvaJwiHEDz8tIOEnyqqQNmiOpvQubiTGHhBKSxOs/NdI0x5hO4sW/wzZdj9YtQ==;+_gid=GA1.2.1481421227.1746687589;+_gat_UA-130285241-1=1;+_clck=2ar2tt%7C2%7Cfvq%7C0%7C1938;+_clsk=1wqke2q%7C1746687592121%7C2%7C1%7Ce.clarity.ms%2Fcollect;+_ga=GA1.2.1242613871.1745311648;+_ga_DP5ZZ9VH84=GS2.1.s1746687589$o15$g1$t1746687594$j55$l0$h0 https://www.extron.com/Training/LearningGuide/TrainingLibrary www.extron.com 304 0 0 1705 1
2025-05-08 07:00:14 10.1.0.50 POST /services/Membership/index.asmx - 443 - 10.1.16.1 - - - www.extron.com 200 0 0 2042 6
2025-05-08 07:00:15 10.1.0.50 GET /Content/vendor/jquery-unobtrusive-ajax/jquery.unobtrusive-ajax.js - 443 alexander.hermansson@informationsteknik.se 10.1.16.1 Mozilla/5.0+(Windows+NT+10.0;+Win64;+x64)+AppleWebKit/537.36+(KHTML,+like+Gecko)+Chrome/136.0.0.0+Safari/537.36 region=2;+lang=1;+.AspNet.Cookies=wtJ-C8r3vdnkPR1Aw1qzuyO0NV6Z74nKn2CeelxjHwsmhhAB6D9cqcH_Dhy34aW7wWBQoXjW7N63kxonahltPZ-jcrmaKoOM134-OT7-fza7mXHqKwjxrOWhBVFvVrb0vVl4xW6hGIzUNdWzEd5Eo_lm2HGowC_rXWb_YJ7IDbePcyyb1vS7AkgGAnGDFA-m8I-BHOJZs0F4eAWyU9bOhoxtjSJYB4u5OPHwnuvSEupyliuJB2WHI2rAKzuMcN7TdLmZrf8ug3HGbPkV4w8hpUukej2c8NMN7yefycgqbRBy_6W013dOD84roJuTo4fkJuQv5I1EDTHFL0R9haWr12Ejr4nQlCcXAxjU6wmSHDTJbQWWf3kYPN-1YWCP7H-9yOZ7R7KotSCCHmqI4GznIasdkE2K99YuhIfQLXdfEvRVh12x9Ef2ZunJA1a7X7d857dMvA;+ASP.NET_SessionId=kjuj034pqztdozgqslo2kn3a;+username=alexander.hermansson@informationsteknik.se;+PriceClass=26;+PriceList=EURS3+;+__RequestVerificationToken=jWmp1PELHc1Hb5W-j-xwFnm--3BkN2yvqBQbE54V1HHGm0m8LH4TjMMe3xN8YjYTOkAoegD8zLPo5XDn8kz605kRA4g1;+BIGipServerextron.com_443_pool=!I6oNOffSsY3+eF8MjvaJwiHEDz8tIOEnyqqQNmiOpvQubiTGHhBKSxOs/NdI0x5hO4sW/wzZdj9YtQ==;+_gid=GA1.2.1481421227.1746687589;+_gat_UA-130285241-1=1;+_clck=2ar2tt%7C2%7Cfvq%7C0%7C1938;+_clsk=1wqke2q%7C1746687592121%7C2%7C1%7Ce.clarity.ms%2Fcollect;+_ga=GA1.2.1242613871.1745311648;+_ga_DP5ZZ9VH84=GS2.1.s1746687589$o15$g1$t1746687594$j55$l0$h0 https://www.extron.com/Training/LearningGuide/TrainingLibrary www.extron.com 304 0 0 1705 2
2025-05-08 07:00:15 10.1.0.50 GET /Content/vendor/bs-offcanvas/dist/js/bootstrap.offcanvas.js - 443 alexander.hermansson@informationsteknik.se 10.1.16.1 Mozilla/5.0+(Windows+NT+10.0;+Win64;+x64)+AppleWebKit/537.36+(KHTML,+like+Gecko)+Chrome/136.0.0.0+Safari/537.36 region=2;+lang=1;+.AspNet.Cookies=wtJ-C8r3vdnkPR1Aw1qzuyO0NV6Z74nKn2CeelxjHwsmhhAB6D9cqcH_Dhy34aW7wWBQoXjW7N63kxonahltPZ-jcrmaKoOM134-OT7-fza7mXHqKwjxrOWhBVFvVrb0vVl4xW6hGIzUNdWzEd5Eo_lm2HGowC_rXWb_YJ7IDbePcyyb1vS7AkgGAnGDFA-m8I-BHOJZs0F4eAWyU9bOhoxtjSJYB4u5OPHwnuvSEupyliuJB2WHI2rAKzuMcN7TdLmZrf8ug3HGbPkV4w8hpUukej2c8NMN7yefycgqbRBy_6W013dOD84roJuTo4fkJuQv5I1EDTHFL0R9haWr12Ejr4nQlCcXAxjU6wmSHDTJbQWWf3kYPN-1YWCP7H-9yOZ7R7KotSCCHmqI4GznIasdkE2K99YuhIfQLXdfEvRVh12x9Ef2ZunJA1a7X7d857dMvA;+ASP.NET_SessionId=kjuj034pqztdozgqslo2kn3a;+username=alexander.hermansson@informationsteknik.se;+PriceClass=26;+PriceList=EURS3+;+__RequestVerificationToken=jWmp1PELHc1Hb5W-j-xwFnm--3BkN2yvqBQbE54V1HHGm0m8LH4TjMMe3xN8YjYTOkAoegD8zLPo5XDn8kz605kRA4g1;+BIGipServerextron.com_443_pool=!I6oNOffSsY3+eF8MjvaJwiHEDz8tIOEnyqqQNmiOpvQubiTGHhBKSxOs/NdI0x5hO4sW/wzZdj9YtQ==;+_gid=GA1.2.1481421227.1746687589;+_gat_UA-130285241-1=1;+_clck=2ar2tt%7C2%7Cfvq%7C0%7C1938;+_clsk=1wqke2q%7C1746687592121%7C2%7C1%7Ce.clarity.ms%2Fcollect;+_ga=GA1.2.1242613871.1745311648;+_ga_DP5ZZ9VH84=GS2.1.s1746687589$o15$g1$t1746687594$j55$l0$h0 https://www.extron.com/Training/LearningGuide/TrainingLibrary www.extron.com 304 0 0 1705 2
2025-05-08 07:00:15 10.1.0.50 GET /Content/vendor/hoverintent/jquery.hoverIntent.js - 443 alexander.hermansson@informationsteknik.se 10.1.16.1 Mozilla/5.0+(Windows+NT+10.0;+Win64;+x64)+AppleWebKit/537.36+(KHTML,+like+Gecko)+Chrome/136.0.0.0+Safari/537.36 region=2;+lang=1;+.AspNet.Cookies=wtJ-C8r3vdnkPR1Aw1qzuyO0NV6Z74nKn2CeelxjHwsmhhAB6D9cqcH_Dhy34aW7wWBQoXjW7N63kxonahltPZ-jcrmaKoOM134-OT7-fza7mXHqKwjxrOWhBVFvVrb0vVl4xW6hGIzUNdWzEd5Eo_lm2HGowC_rXWb_YJ7IDbePcyyb1vS7AkgGAnGDFA-m8I-BHOJZs0F4eAWyU9bOhoxtjSJYB4u5OPHwnuvSEupyliuJB2WHI2rAKzuMcN7TdLmZrf8ug3HGbPkV4w8hpUukej2c8NMN7yefycgqbRBy_6W013dOD84roJuTo4fkJuQv5I1EDTHFL0R9haWr12Ejr4nQlCcXAxjU6wmSHDTJbQWWf3kYPN-1YWCP7H-9yOZ7R7KotSCCHmqI4GznIasdkE2K99YuhIfQLXdfEvRVh12x9Ef2ZunJA1a7X7d857dMvA;+ASP.NET_SessionId=kjuj034pqztdozgqslo2kn3a;+username=alexander.hermansson@informationsteknik.se;+PriceClass=26;+PriceList=EURS3+;+__RequestVerificationToken=jWmp1PELHc1Hb5W-j-xwFnm--3BkN2yvqBQbE54V1HHGm0m8LH4TjMMe3xN8YjYTOkAoegD8zLPo5XDn8kz605kRA4g1;+BIGipServerextron.com_443_pool=!I6oNOffSsY3+eF8MjvaJwiHEDz8tIOEnyqqQNmiOpvQubiTGHhBKSxOs/NdI0x5hO4sW/wzZdj9YtQ==;+_gid=GA1.2.1481421227.1746687589;+_gat_UA-130285241-1=1;+_clck=2ar2tt%7C2%7Cfvq%7C0%7C1938;+_clsk=1wqke2q%7C1746687592121%7C2%7C1%7Ce.clarity.ms%2Fcollect;+_ga=GA1.2.1242613871.1745311648;+_ga_DP5ZZ9VH84=GS2.1.s1746687589$o15$g1$t1746687594$j55$l0$h0 https://www.extron.com/Training/LearningGuide/TrainingLibrary www.extron.com 304 0 0 1705 1
2025-05-08 07:00:15 10.1.0.50 GET /Content/vendor/fancybox-3.5.7/dist/jquery.fancybox.js - 443 alexander.hermansson@informationsteknik.se 10.1.16.1 Mozilla/5.0+(Windows+NT+10.0;+Win64;+x64)+AppleWebKit/537.36+(KHTML,+like+Gecko)+Chrome/136.0.0.0+Safari/537.36 region=2;+lang=1;+.AspNet.Cookies=wtJ-C8r3vdnkPR1Aw1qzuyO0NV6Z74nKn2CeelxjHwsmhhAB6D9cqcH_Dhy34aW7wWBQoXjW7N63kxonahltPZ-jcrmaKoOM134-OT7-fza7mXHqKwjxrOWhBVFvVrb0vVl4xW6hGIzUNdWzEd5Eo_lm2HGowC_rXWb_YJ7IDbePcyyb1vS7AkgGAnGDFA-m8I-BHOJZs0F4eAWyU9bOhoxtjSJYB4u5OPHwnuvSEupyliuJB2WHI2rAKzuMcN7TdLmZrf8ug3HGbPkV4w8hpUukej2c8NMN7yefycgqbRBy_6W013dOD84roJuTo4fkJuQv5I1EDTHFL0R9haWr12Ejr4nQlCcXAxjU6wmSHDTJbQWWf3kYPN-1YWCP7H-9yOZ7R7KotSCCHmqI4GznIasdkE2K99YuhIfQLXdfEvRVh12x9Ef2ZunJA1a7X7d857dMvA;+ASP.NET_SessionId=kjuj034pqztdozgqslo2kn3a;+username=alexander.hermansson@informationsteknik.se;+PriceClass=26;+PriceList=EURS3+;+__RequestVerificationToken=jWmp1PELHc1Hb5W-j-xwFnm--3BkN2yvqBQbE54V1HHGm0m8LH4TjMMe3xN8YjYTOkAoegD8zLPo5XDn8kz605kRA4g1;+BIGipServerextron.com_443_pool=!I6oNOffSsY3+eF8MjvaJwiHEDz8tIOEnyqqQNmiOpvQubiTGHhBKSxOs/NdI0x5hO4sW/wzZdj9YtQ==;+_gid=GA1.2.1481421227.1746687589;+_gat_UA-130285241-1=1;+_clck=2ar2tt%7C2%7Cfvq%7C0%7C1938;+_clsk=1wqke2q%7C1746687592121%7C2%7C1%7Ce.clarity.ms%2Fcollect;+_ga=GA1.2.1242613871.1745311648;+_ga_DP5ZZ9VH84=GS2.1.s1746687589$o15$g1$t1746687594$j55$l0$h0 https://www.extron.com/Training/LearningGuide/TrainingLibrary www.extron.com 304 0 0 1705 1
2025-05-08 07:00:15 10.1.0.50 GET /Content/vendor/jquery-debounce/jquery.ba-throttle-debounce.js - 443 alexander.hermansson@informationsteknik.se 10.1.16.1 Mozilla/5.0+(Windows+NT+10.0;+Win64;+x64)+AppleWebKit/537.36+(KHTML,+like+Gecko)+Chrome/136.0.0.0+Safari/537.36 region=2;+lang=1;+.AspNet.Cookies=wtJ-C8r3vdnkPR1Aw1qzuyO0NV6Z74nKn2CeelxjHwsmhhAB6D9cqcH_Dhy34aW7wWBQoXjW7N63kxonahltPZ-jcrmaKoOM134-OT7-fza7mXHqKwjxrOWhBVFvVrb0vVl4xW6hGIzUNdWzEd5Eo_lm2HGowC_rXWb_YJ7IDbePcyyb1vS7AkgGAnGDFA-m8I-BHOJZs0F4eAWyU9bOhoxtjSJYB4u5OPHwnuvSEupyliuJB2WHI2rAKzuMcN7TdLmZrf8ug3HGbPkV4w8hpUukej2c8NMN7yefycgqbRBy_6W013dOD84roJuTo4fkJuQv5I1EDTHFL0R9haWr12Ejr4nQlCcXAxjU6wmSHDTJbQWWf3kYPN-1YWCP7H-9yOZ7R7KotSCCHmqI4GznIasdkE2K99YuhIfQLXdfEvRVh12x9Ef2ZunJA1a7X7d857dMvA;+ASP.NET_SessionId=kjuj034pqztdozgqslo2kn3a;+username=alexander.hermansson@informationsteknik.se;+PriceClass=26;+PriceList=EURS3+;+__RequestVerificationToken=jWmp1PELHc1Hb5W-j-xwFnm--3BkN2yvqBQbE54V1HHGm0m8LH4TjMMe3xN8YjYTOkAoegD8zLPo5XDn8kz605kRA4g1;+BIGipServerextron.com_443_pool=!I6oNOffSsY3+eF8MjvaJwiHEDz8tIOEnyqqQNmiOpvQubiTGHhBKSxOs/NdI0x5hO4sW/wzZdj9YtQ==;+_gid=GA1.2.1481421227.1746687589;+_gat_UA-130285241-1=1;+_clck=2ar2tt%7C2%7Cfvq%7C0%7C1938;+_clsk=1wqke2q%7C1746687592121%7C2%7C1%7Ce.clarity.ms%2Fcollect;+_ga=GA1.2.1242613871.1745311648;+_ga_DP5ZZ9VH84=GS2.1.s1746687589$o15$g1$t1746687594$j55$l0$h0 https://www.extron.com/Training/LearningGuide/TrainingLibrary www.extron.com 304 0 0 1705 1
2025-05-08 07:00:15 10.1.0.50 GET /Content/vendor/bootstrap/bootstrap.bundle_5.js - 443 alexander.hermansson@informationsteknik.se 10.1.16.1 Mozilla/5.0+(Windows+NT+10.0;+Win64;+x64)+AppleWebKit/537.36+(KHTML,+like+Gecko)+Chrome/136.0.0.0+Safari/537.36 region=2;+lang=1;+.AspNet.Cookies=wtJ-C8r3vdnkPR1Aw1qzuyO0NV6Z74nKn2CeelxjHwsmhhAB6D9cqcH_Dhy34aW7wWBQoXjW7N63kxonahltPZ-jcrmaKoOM134-OT7-fza7mXHqKwjxrOWhBVFvVrb0vVl4xW6hGIzUNdWzEd5Eo_lm2HGowC_rXWb_YJ7IDbePcyyb1vS7AkgGAnGDFA-m8I-BHOJZs0F4eAWyU9bOhoxtjSJYB4u5OPHwnuvSEupyliuJB2WHI2rAKzuMcN7TdLmZrf8ug3HGbPkV4w8hpUukej2c8NMN7yefycgqbRBy_6W013dOD84roJuTo4fkJuQv5I1EDTHFL0R9haWr12Ejr4nQlCcXAxjU6wmSHDTJbQWWf3kYPN-1YWCP7H-9yOZ7R7KotSCCHmqI4GznIasdkE2K99YuhIfQLXdfEvRVh12x9Ef2ZunJA1a7X7d857dMvA;+ASP.NET_SessionId=kjuj034pqztdozgqslo2kn3a;+username=alexander.hermansson@informationsteknik.se;+PriceClass=26;+PriceList=EURS3+;+__RequestVerificationToken=jWmp1PELHc1Hb5W-j-xwFnm--3BkN2yvqBQbE54V1HHGm0m8LH4TjMMe3xN8YjYTOkAoegD8zLPo5XDn8kz605kRA4g1;+BIGipServerextron.com_443_pool=!I6oNOffSsY3+eF8MjvaJwiHEDz8tIOEnyqqQNmiOpvQubiTGHhBKSxOs/NdI0x5hO4sW/wzZdj9YtQ==;+_gid=GA1.2.1481421227.1746687589;+_gat_UA-130285241-1=1;+_clck=2ar2tt%7C2%7Cfvq%7C0%7C1938;+_clsk=1wqke2q%7C1746687592121%7C2%7C1%7Ce.clarity.ms%2Fcollect;+_ga=GA1.2.1242613871.1745311648;+_ga_DP5ZZ9VH84=GS2.1.s1746687589$o15$g1$t1746687594$j55$l0$h0 https://www.extron.com/Training/LearningGuide/TrainingLibrary www.extron.com 200 0 0 216313 2
2025-05-08 07:00:15 10.1.0.50 GET /img/product-minus.svg - 443 - 10.1.16.1 Mozilla/5.0+(Windows+NT+10.0;+Win64;+x64)+AppleWebKit/537.36+(KHTML,+like+Gecko)+Chrome/135.0.0.0+Safari/537.36 lang=1;+region=3;+_gid=GA1.2.1420396670.1746408377;+ASP.NET_SessionId=4cye422eix0321wiv0qjrafu;+__RequestVerificationToken=fANlzh5QNg8shi1SxcPj7FFjmKKwNY4bojEfgz6ZggvrRlYzXJlbLi4XACv6ZGCJrkPfj_ST7MR6VGxxmUO4DkrgbA41;+_clck=fc8qsr%7C2%7Cfvq%7C0%7C1783;+username=lnah@extron.com;+PriceClass=60;+PriceList=S3+;+.AspNet.Cookies=Ql8qoVFqiXHZrY3Z1gIARaU2JRd_bwi_g3v6CHQWA3qPMDJWiJ6DqK5Waw8lyfF60Yxn91lJ8BrDEihsalGopDHyxV0klnawrUdLcifjM3ZGDXhRVYMRGFsLi9gEYvMlamUqnl6QoyEpSBAOCbbmWEeKXmft_Hxhx1dae7CpGHGdx3LSl1wDVQi-aOLbYmCA0Y_IfXhnEnO6oJSQqoNN_n7zik-lAzUd1SAyny4RQYHHv0bfu2_0fo2eJJfslN0qkzp9-vCP8WSqS4zGXApM9Xl0bg_c_Z9fEDXYuEGRR7L0tVdzXlkaT44CUFfRKyyHLZPQLQpkPdkrWK3aAshOGfCqMZ4TBqPW0NyUt2FELR_DSP6ZJHrZjtKOGhdkeZr3XvdYuVBzuaH9U-CGUb--oCA78YvA3f-Ve_gzLD4zktJysjSJ;+_gat_UA-130285241-1=1;+ExtronRecViewProd=dmp44xi,cablecubby202,xtpiicphd4kplusio,nave111dtp3,dtp3crosspoint622,ssp200,dtp3r201,dtphdmi330rx,dtp3t202,dtphdmi330tx,dtpthd24k330,dtp2t211;+_clsk=ruq57m%7C1746687559281%7C15%7C1%7Cb.clarity.ms%2Fcollect;+_ga=GA1.2.630089218.1731903416;+_ga_DP5ZZ9VH84=GS2.1.s1746686336$o431$g1$t1746687593$j14$l0$h0 https://www.extron.com/Receivers/prodsubtype-617 www.extron.com 302 0 0 1816 1
2025-05-08 07:00:15 10.1.0.50 GET /Content/css/Shared/fonts/roboto-v18-cyrillic_latin-ext_latin_cyrillic-ext-700.woff2 - 443 lnah@extron.com 10.1.16.1 Mozilla/5.0+(Windows+NT+10.0;+Win64;+x64)+AppleWebKit/537.36+(KHTML,+like+Gecko)+Chrome/135.0.0.0+Safari/537.36 lang=1;+region=3;+_gid=GA1.2.1420396670.1746408377;+ASP.NET_SessionId=4cye422eix0321wiv0qjrafu;+__RequestVerificationToken=fANlzh5QNg8shi1SxcPj7FFjmKKwNY4bojEfgz6ZggvrRlYzXJlbLi4XACv6ZGCJrkPfj_ST7MR6VGxxmUO4DkrgbA41;+_clck=fc8qsr%7C2%7Cfvq%7C0%7C1783;+username=lnah@extron.com;+PriceClass=60;+PriceList=S3+;+.AspNet.Cookies=Ql8qoVFqiXHZrY3Z1gIARaU2JRd_bwi_g3v6CHQWA3qPMDJWiJ6DqK5Waw8lyfF60Yxn91lJ8BrDEihsalGopDHyxV0klnawrUdLcifjM3ZGDXhRVYMRGFsLi9gEYvMlamUqnl6QoyEpSBAOCbbmWEeKXmft_Hxhx1dae7CpGHGdx3LSl1wDVQi-aOLbYmCA0Y_IfXhnEnO6oJSQqoNN_n7zik-lAzUd1SAyny4RQYHHv0bfu2_0fo2eJJfslN0qkzp9-vCP8WSqS4zGXApM9Xl0bg_c_Z9fEDXYuEGRR7L0tVdzXlkaT44CUFfRKyyHLZPQLQpkPdkrWK3aAshOGfCqMZ4TBqPW0NyUt2FELR_DSP6ZJHrZjtKOGhdkeZr3XvdYuVBzuaH9U-CGUb--oCA78YvA3f-Ve_gzLD4zktJysjSJ;+_gat_UA-130285241-1=1;+ExtronRecViewProd=dmp44xi,cablecubby202,xtpiicphd4kplusio,nave111dtp3,dtp3crosspoint622,ssp200,dtp3r201,dtphdmi330rx,dtp3t202,dtphdmi330tx,dtpthd24k330,dtp2t211;+_clsk=ruq57m%7C1746687559281%7C15%7C1%7Cb.clarity.ms%2Fcollect;+_ga=GA1.2.630089218.1731903416;+_ga_DP5ZZ9VH84=GS2.1.s1746686336$o431$g1$t1746687593$j14$l0$h0 https://www.extron.com/Content/css/Shared/extron.css www.extron.com 304 0 0 1705 2
2025-05-08 07:00:15 10.1.0.50 GET /tools/signage id=4ksignage 443 - 10.1.16.1 - - - www.extron.com 200 0 0 17926 6
2025-05-08 07:00:15 10.1.0.50 GET /Content/featured/vendors/semantic-ui/popup/popup.min.js - 443 - 10.1.16.1 Mozilla/5.0+(Windows+NT+6.1;+Win64;+x64)+AppleWebKit/537.36+(KHTML,+like+Gecko)+Chrome/109.0.0.0+Safari/537.36+Edg/109.0.1518.140 ASP.NET_SessionId=v4sr0zkzacze3mouncia1scm;+region=1;+lang=1;+__RequestVerificationToken=RH9ezm4kZ2-wwmjtjTuL-ZymLaimkPkviC8qf2ASEc-aWXAHS-MNG30m0PRb9di0VwUkJf40jZYILZ9eCiVBvKI0n2Q1;+BIGipServerextron.com_443_pool=!5S7tXiqUToJ84EkMjvaJwiHEDz8tIOwI4vIgmb+T3iRLDhxjUlXRW8D7J2Ep1r4KmhNFrjzB9hUcEg== https://www.extron.com/article/loudnesscontrol_ts www.extron.com 200 0 0 20470 1
2025-05-08 07:00:15 10.1.0.50 GET /Content/css/Shared/fonts/roboto-v18-cyrillic_latin-ext_latin_cyrillic-ext-regular.woff2 - 443 alexander.hermansson@informationsteknik.se 10.1.16.1 Mozilla/5.0+(Windows+NT+10.0;+Win64;+x64)+AppleWebKit/537.36+(KHTML,+like+Gecko)+Chrome/136.0.0.0+Safari/537.36 region=2;+lang=1;+.AspNet.Cookies=wtJ-C8r3vdnkPR1Aw1qzuyO0NV6Z74nKn2CeelxjHwsmhhAB6D9cqcH_Dhy34aW7wWBQoXjW7N63kxonahltPZ-jcrmaKoOM134-OT7-fza7mXHqKwjxrOWhBVFvVrb0vVl4xW6hGIzUNdWzEd5Eo_lm2HGowC_rXWb_YJ7IDbePcyyb1vS7AkgGAnGDFA-m8I-BHOJZs0F4eAWyU9bOhoxtjSJYB4u5OPHwnuvSEupyliuJB2WHI2rAKzuMcN7TdLmZrf8ug3HGbPkV4w8hpUukej2c8NMN7yefycgqbRBy_6W013dOD84roJuTo4fkJuQv5I1EDTHFL0R9haWr12Ejr4nQlCcXAxjU6wmSHDTJbQWWf3kYPN-1YWCP7H-9yOZ7R7KotSCCHmqI4GznIasdkE2K99YuhIfQLXdfEvRVh12x9Ef2ZunJA1a7X7d857dMvA;+ASP.NET_SessionId=kjuj034pqztdozgqslo2kn3a;+username=alexander.hermansson@informationsteknik.se;+PriceClass=26;+PriceList=EURS3+;+__RequestVerificationToken=jWmp1PELHc1Hb5W-j-xwFnm--3BkN2yvqBQbE54V1HHGm0m8LH4TjMMe3xN8YjYTOkAoegD8zLPo5XDn8kz605kRA4g1;+BIGipServerextron.com_443_pool=!I6oNOffSsY3+eF8MjvaJwiHEDz8tIOEnyqqQNmiOpvQubiTGHhBKSxOs/NdI0x5hO4sW/wzZdj9YtQ==;+_gid=GA1.2.1481421227.1746687589;+_gat_UA-130285241-1=1;+_clck=2ar2tt%7C2%7Cfvq%7C0%7C1938;+_clsk=1wqke2q%7C1746687592121%7C2%7C1%7Ce.clarity.ms%2Fcollect;+_ga=GA1.2.1242613871.1745311648;+_ga_DP5ZZ9VH84=GS2.1.s1746687589$o15$g1$t1746687594$j55$l0$h0 https://www.extron.com/Content/css/Shared/extron_bs5.css www.extron.com 304 0 0 1705 2
2025-05-08 07:00:15 10.1.0.50 GET /Content/vendor/fontawesome/webfonts/fa-solid-900.woff2 - 443 alexander.hermansson@informationsteknik.se 10.1.16.1 Mozilla/5.0+(Windows+NT+10.0;+Win64;+x64)+AppleWebKit/537.36+(KHTML,+like+Gecko)+Chrome/136.0.0.0+Safari/537.36 region=2;+lang=1;+.AspNet.Cookies=wtJ-C8r3vdnkPR1Aw1qzuyO0NV6Z74nKn2CeelxjHwsmhhAB6D9cqcH_Dhy34aW7wWBQoXjW7N63kxonahltPZ-jcrmaKoOM134-OT7-fza7mXHqKwjxrOWhBVFvVrb0vVl4xW6hGIzUNdWzEd5Eo_lm2HGowC_rXWb_YJ7IDbePcyyb1vS7AkgGAnGDFA-m8I-BHOJZs0F4eAWyU9bOhoxtjSJYB4u5OPHwnuvSEupyliuJB2WHI2rAKzuMcN7TdLmZrf8ug3HGbPkV4w8hpUukej2c8NMN7yefycgqbRBy_6W013dOD84roJuTo4fkJuQv5I1EDTHFL0R9haWr12Ejr4nQlCcXAxjU6wmSHDTJbQWWf3kYPN-1YWCP7H-9yOZ7R7KotSCCHmqI4GznIasdkE2K99YuhIfQLXdfEvRVh12x9Ef2ZunJA1a7X7d857dMvA;+ASP.NET_SessionId=kjuj034pqztdozgqslo2kn3a;+username=alexander.hermansson@informationsteknik.se;+PriceClass=26;+PriceList=EURS3+;+__RequestVerificationToken=jWmp1PELHc1Hb5W-j-xwFnm--3BkN2yvqBQbE54V1HHGm0m8LH4TjMMe3xN8YjYTOkAoegD8zLPo5XDn8kz605kRA4g1;+BIGipServerextron.com_443_pool=!I6oNOffSsY3+eF8MjvaJwiHEDz8tIOEnyqqQNmiOpvQubiTGHhBKSxOs/NdI0x5hO4sW/wzZdj9YtQ==;+_gid=GA1.2.1481421227.1746687589;+_gat_UA-130285241-1=1;+_clck=2ar2tt%7C2%7Cfvq%7C0%7C1938;+_clsk=1wqke2q%7C1746687592121%7C2%7C1%7Ce.clarity.ms%2Fcollect;+_ga=GA1.2.1242613871.1745311648;+_ga_DP5ZZ9VH84=GS2.1.s1746687589$o15$g1$t1746687594$j55$l0$h0 https://www.extron.com/Content/vendor/fontawesome/css/all.min.css www.extron.com 304 0 0 1703 2
2025-05-08 07:00:15 10.1.0.50 GET /Content/css/Shared/fonts/roboto-v18-cyrillic_latin-ext_latin_cyrillic-ext-700.woff2 - 443 alexander.hermansson@informationsteknik.se 10.1.16.1 Mozilla/5.0+(Windows+NT+10.0;+Win64;+x64)+AppleWebKit/537.36+(KHTML,+like+Gecko)+Chrome/136.0.0.0+Safari/537.36 region=2;+lang=1;+.AspNet.Cookies=wtJ-C8r3vdnkPR1Aw1qzuyO0NV6Z74nKn2CeelxjHwsmhhAB6D9cqcH_Dhy34aW7wWBQoXjW7N63kxonahltPZ-jcrmaKoOM134-OT7-fza7mXHqKwjxrOWhBVFvVrb0vVl4xW6hGIzUNdWzEd5Eo_lm2HGowC_rXWb_YJ7IDbePcyyb1vS7AkgGAnGDFA-m8I-BHOJZs0F4eAWyU9bOhoxtjSJYB4u5OPHwnuvSEupyliuJB2WHI2rAKzuMcN7TdLmZrf8ug3HGbPkV4w8hpUukej2c8NMN7yefycgqbRBy_6W013dOD84roJuTo4fkJuQv5I1EDTHFL0R9haWr12Ejr4nQlCcXAxjU6wmSHDTJbQWWf3kYPN-1YWCP7H-9yOZ7R7KotSCCHmqI4GznIasdkE2K99YuhIfQLXdfEvRVh12x9Ef2ZunJA1a7X7d857dMvA;+ASP.NET_SessionId=kjuj034pqztdozgqslo2kn3a;+username=alexander.hermansson@informationsteknik.se;+PriceClass=26;+PriceList=EURS3+;+__RequestVerificationToken=jWmp1PELHc1Hb5W-j-xwFnm--3BkN2yvqBQbE54V1HHGm0m8LH4TjMMe3xN8YjYTOkAoegD8zLPo5XDn8kz605kRA4g1;+BIGipServerextron.com_443_pool=!I6oNOffSsY3+eF8MjvaJwiHEDz8tIOEnyqqQNmiOpvQubiTGHhBKSxOs/NdI0x5hO4sW/wzZdj9YtQ==;+_gid=GA1.2.1481421227.1746687589;+_gat_UA-130285241-1=1;+_clck=2ar2tt%7C2%7Cfvq%7C0%7C1938;+_clsk=1wqke2q%7C1746687592121%7C2%7C1%7Ce.clarity.ms%2Fcollect;+_ga=GA1.2.1242613871.1745311648;+_ga_DP5ZZ9VH84=GS2.1.s1746687589$o15$g1$t1746687594$j55$l0$h0 https://www.extron.com/Content/css/Shared/extron_bs5.css www.extron.com 304 0 0 1705 1
2025-05-08 07:00:15 10.1.0.50 GET /Content/vendor/fontawesome/webfonts/fa-regular-400.woff2 - 443 alexander.hermansson@informationsteknik.se 10.1.16.1 Mozilla/5.0+(Windows+NT+10.0;+Win64;+x64)+AppleWebKit/537.36+(KHTML,+like+Gecko)+Chrome/136.0.0.0+Safari/537.36 region=2;+lang=1;+.AspNet.Cookies=wtJ-C8r3vdnkPR1Aw1qzuyO0NV6Z74nKn2CeelxjHwsmhhAB6D9cqcH_Dhy34aW7wWBQoXjW7N63kxonahltPZ-jcrmaKoOM134-OT7-fza7mXHqKwjxrOWhBVFvVrb0vVl4xW6hGIzUNdWzEd5Eo_lm2HGowC_rXWb_YJ7IDbePcyyb1vS7AkgGAnGDFA-m8I-BHOJZs0F4eAWyU9bOhoxtjSJYB4u5OPHwnuvSEupyliuJB2WHI2rAKzuMcN7TdLmZrf8ug3HGbPkV4w8hpUukej2c8NMN7yefycgqbRBy_6W013dOD84roJuTo4fkJuQv5I1EDTHFL0R9haWr12Ejr4nQlCcXAxjU6wmSHDTJbQWWf3kYPN-1YWCP7H-9yOZ7R7KotSCCHmqI4GznIasdkE2K99YuhIfQLXdfEvRVh12x9Ef2ZunJA1a7X7d857dMvA;+ASP.NET_SessionId=kjuj034pqztdozgqslo2kn3a;+username=alexander.hermansson@informationsteknik.se;+PriceClass=26;+PriceList=EURS3+;+__RequestVerificationToken=jWmp1PELHc1Hb5W-j-xwFnm--3BkN2yvqBQbE54V1HHGm0m8LH4TjMMe3xN8YjYTOkAoegD8zLPo5XDn8kz605kRA4g1;+BIGipServerextron.com_443_pool=!I6oNOffSsY3+eF8MjvaJwiHEDz8tIOEnyqqQNmiOpvQubiTGHhBKSxOs/NdI0x5hO4sW/wzZdj9YtQ==;+_gid=GA1.2.1481421227.1746687589;+_gat_UA-130285241-1=1;+_clck=2ar2tt%7C2%7Cfvq%7C0%7C1938;+_clsk=1wqke2q%7C1746687592121%7C2%7C1%7Ce.clarity.ms%2Fcollect;+_ga=GA1.2.1242613871.1745311648;+_ga_DP5ZZ9VH84=GS2.1.s1746687589$o15$g1$t1746687594$j55$l0$h0 https://www.extron.com/Content/vendor/fontawesome/css/all.min.css www.extron.com 304 0 0 1703 2
2025-05-08 07:00:15 10.1.0.50 GET /Content/vendor/fontawesome/webfonts/fa-brands-400.woff2 - 443 alexander.hermansson@informationsteknik.se 10.1.16.1 Mozilla/5.0+(Windows+NT+10.0;+Win64;+x64)+AppleWebKit/537.36+(KHTML,+like+Gecko)+Chrome/136.0.0.0+Safari/537.36 region=2;+lang=1;+.AspNet.Cookies=wtJ-C8r3vdnkPR1Aw1qzuyO0NV6Z74nKn2CeelxjHwsmhhAB6D9cqcH_Dhy34aW7wWBQoXjW7N63kxonahltPZ-jcrmaKoOM134-OT7-fza7mXHqKwjxrOWhBVFvVrb0vVl4xW6hGIzUNdWzEd5Eo_lm2HGowC_rXWb_YJ7IDbePcyyb1vS7AkgGAnGDFA-m8I-BHOJZs0F4eAWyU9bOhoxtjSJYB4u5OPHwnuvSEupyliuJB2WHI2rAKzuMcN7TdLmZrf8ug3HGbPkV4w8hpUukej2c8NMN7yefycgqbRBy_6W013dOD84roJuTo4fkJuQv5I1EDTHFL0R9haWr12Ejr4nQlCcXAxjU6wmSHDTJbQWWf3kYPN-1YWCP7H-9yOZ7R7KotSCCHmqI4GznIasdkE2K99YuhIfQLXdfEvRVh12x9Ef2ZunJA1a7X7d857dMvA;+ASP.NET_SessionId=kjuj034pqztdozgqslo2kn3a;+username=alexander.hermansson@informationsteknik.se;+PriceClass=26;+PriceList=EURS3+;+__RequestVerificationToken=jWmp1PELHc1Hb5W-j-xwFnm--3BkN2yvqBQbE54V1HHGm0m8LH4TjMMe3xN8YjYTOkAoegD8zLPo5XDn8kz605kRA4g1;+BIGipServerextron.com_443_pool=!I6oNOffSsY3+eF8MjvaJwiHEDz8tIOEnyqqQNmiOpvQubiTGHhBKSxOs/NdI0x5hO4sW/wzZdj9YtQ==;+_gid=GA1.2.1481421227.1746687589;+_gat_UA-130285241-1=1;+_clck=2ar2tt%7C2%7Cfvq%7C0%7C1938;+_clsk=1wqke2q%7C1746687592121%7C2%7C1%7Ce.clarity.ms%2Fcollect;+_ga=GA1.2.1242613871.1745311648;+_ga_DP5ZZ9VH84=GS2.1.s1746687589$o15$g1$t1746687594$j55$l0$h0 https://www.extron.com/Content/vendor/fontawesome/css/all.min.css www.extron.com 304 0 0 1705 13
2025-05-08 07:00:15 10.1.0.50 GET /Content/featured/vendors/semantic-ui/shared/transition.min.js - 443 - 10.1.16.1 Mozilla/5.0+(Windows+NT+6.1;+Win64;+x64)+AppleWebKit/537.36+(KHTML,+like+Gecko)+Chrome/109.0.0.0+Safari/537.36+Edg/109.0.1518.140 ASP.NET_SessionId=v4sr0zkzacze3mouncia1scm;+region=1;+lang=1;+__RequestVerificationToken=RH9ezm4kZ2-wwmjtjTuL-ZymLaimkPkviC8qf2ASEc-aWXAHS-MNG30m0PRb9di0VwUkJf40jZYILZ9eCiVBvKI0n2Q1;+BIGipServerextron.com_443_pool=!5S7tXiqUToJ84EkMjvaJwiHEDz8tIOwI4vIgmb+T3iRLDhxjUlXRW8D7J2Ep1r4KmhNFrjzB9hUcEg== https://www.extron.com/article/loudnesscontrol_ts www.extron.com 200 0 0 14810 2
2025-05-08 07:00:15 10.1.0.50 GET /Content/css/Shared/fonts/roboto-v18-cyrillic_latin-ext_latin_cyrillic-ext-500.woff2 - 443 lnah@extron.com 10.1.16.1 Mozilla/5.0+(Windows+NT+10.0;+Win64;+x64)+AppleWebKit/537.36+(KHTML,+like+Gecko)+Chrome/135.0.0.0+Safari/537.36 lang=1;+region=3;+_gid=GA1.2.1420396670.1746408377;+ASP.NET_SessionId=4cye422eix0321wiv0qjrafu;+__RequestVerificationToken=fANlzh5QNg8shi1SxcPj7FFjmKKwNY4bojEfgz6ZggvrRlYzXJlbLi4XACv6ZGCJrkPfj_ST7MR6VGxxmUO4DkrgbA41;+_clck=fc8qsr%7C2%7Cfvq%7C0%7C1783;+username=lnah@extron.com;+PriceClass=60;+PriceList=S3+;+.AspNet.Cookies=Ql8qoVFqiXHZrY3Z1gIARaU2JRd_bwi_g3v6CHQWA3qPMDJWiJ6DqK5Waw8lyfF60Yxn91lJ8BrDEihsalGopDHyxV0klnawrUdLcifjM3ZGDXhRVYMRGFsLi9gEYvMlamUqnl6QoyEpSBAOCbbmWEeKXmft_Hxhx1dae7CpGHGdx3LSl1wDVQi-aOLbYmCA0Y_IfXhnEnO6oJSQqoNN_n7zik-lAzUd1SAyny4RQYHHv0bfu2_0fo2eJJfslN0qkzp9-vCP8WSqS4zGXApM9Xl0bg_c_Z9fEDXYuEGRR7L0tVdzXlkaT44CUFfRKyyHLZPQLQpkPdkrWK3aAshOGfCqMZ4TBqPW0NyUt2FELR_DSP6ZJHrZjtKOGhdkeZr3XvdYuVBzuaH9U-CGUb--oCA78YvA3f-Ve_gzLD4zktJysjSJ;+_gat_UA-130285241-1=1;+ExtronRecViewProd=dmp44xi,cablecubby202,xtpiicphd4kplusio,nave111dtp3,dtp3crosspoint622,ssp200,dtp3r201,dtphdmi330rx,dtp3t202,dtphdmi330tx,dtpthd24k330,dtp2t211;+_clsk=ruq57m%7C1746687559281%7C15%7C1%7Cb.clarity.ms%2Fcollect;+_ga=GA1.2.630089218.1731903416;+_ga_DP5ZZ9VH84=GS2.1.s1746686336$o431$g1$t1746687593$j14$l0$h0 https://www.extron.com/Content/css/Shared/extron.css www.extron.com 304 0 0 1705 2
2025-05-08 07:00:15 10.1.0.50 GET /Content/css/Shared/fonts/icomoon.ttf d3z0n1 443 alexander.hermansson@informationsteknik.se 10.1.16.1 Mozilla/5.0+(Windows+NT+10.0;+Win64;+x64)+AppleWebKit/537.36+(KHTML,+like+Gecko)+Chrome/136.0.0.0+Safari/537.36 region=2;+lang=1;+.AspNet.Cookies=wtJ-C8r3vdnkPR1Aw1qzuyO0NV6Z74nKn2CeelxjHwsmhhAB6D9cqcH_Dhy34aW7wWBQoXjW7N63kxonahltPZ-jcrmaKoOM134-OT7-fza7mXHqKwjxrOWhBVFvVrb0vVl4xW6hGIzUNdWzEd5Eo_lm2HGowC_rXWb_YJ7IDbePcyyb1vS7AkgGAnGDFA-m8I-BHOJZs0F4eAWyU9bOhoxtjSJYB4u5OPHwnuvSEupyliuJB2WHI2rAKzuMcN7TdLmZrf8ug3HGbPkV4w8hpUukej2c8NMN7yefycgqbRBy_6W013dOD84roJuTo4fkJuQv5I1EDTHFL0R9haWr12Ejr4nQlCcXAxjU6wmSHDTJbQWWf3kYPN-1YWCP7H-9yOZ7R7KotSCCHmqI4GznIasdkE2K99YuhIfQLXdfEvRVh12x9Ef2ZunJA1a7X7d857dMvA;+ASP.NET_SessionId=kjuj034pqztdozgqslo2kn3a;+username=alexander.hermansson@informationsteknik.se;+PriceClass=26;+PriceList=EURS3+;+__RequestVerificationToken=jWmp1PELHc1Hb5W-j-xwFnm--3BkN2yvqBQbE54V1HHGm0m8LH4TjMMe3xN8YjYTOkAoegD8zLPo5XDn8kz605kRA4g1;+BIGipServerextron.com_443_pool=!I6oNOffSsY3+eF8MjvaJwiHEDz8tIOEnyqqQNmiOpvQubiTGHhBKSxOs/NdI0x5hO4sW/wzZdj9YtQ==;+_gid=GA1.2.1481421227.1746687589;+_gat_UA-130285241-1=1;+_clck=2ar2tt%7C2%7Cfvq%7C0%7C1938;+_clsk=1wqke2q%7C1746687592121%7C2%7C1%7Ce.clarity.ms%2Fcollect;+_ga=GA1.2.1242613871.1745311648;+_ga_DP5ZZ9VH84=GS2.1.s1746687589$o15$g1$t1746687594$j55$l0$h0 https://www.extron.com/Content/css/Shared/extron_bs5.css www.extron.com 200 0 0 60292 2
2025-05-08 07:00:15 10.1.0.50 GET /training/img/icon-instructor-led.svg - 443 - 10.1.16.1 Mozilla/5.0+(Windows+NT+10.0;+Win64;+x64)+AppleWebKit/537.36+(KHTML,+like+Gecko)+Chrome/136.0.0.0+Safari/537.36 region=2;+lang=1;+.AspNet.Cookies=wtJ-C8r3vdnkPR1Aw1qzuyO0NV6Z74nKn2CeelxjHwsmhhAB6D9cqcH_Dhy34aW7wWBQoXjW7N63kxonahltPZ-jcrmaKoOM134-OT7-fza7mXHqKwjxrOWhBVFvVrb0vVl4xW6hGIzUNdWzEd5Eo_lm2HGowC_rXWb_YJ7IDbePcyyb1vS7AkgGAnGDFA-m8I-BHOJZs0F4eAWyU9bOhoxtjSJYB4u5OPHwnuvSEupyliuJB2WHI2rAKzuMcN7TdLmZrf8ug3HGbPkV4w8hpUukej2c8NMN7yefycgqbRBy_6W013dOD84roJuTo4fkJuQv5I1EDTHFL0R9haWr12Ejr4nQlCcXAxjU6wmSHDTJbQWWf3kYPN-1YWCP7H-9yOZ7R7KotSCCHmqI4GznIasdkE2K99YuhIfQLXdfEvRVh12x9Ef2ZunJA1a7X7d857dMvA;+ASP.NET_SessionId=kjuj034pqztdozgqslo2kn3a;+username=alexander.hermansson@informationsteknik.se;+PriceClass=26;+PriceList=EURS3+;+__RequestVerificationToken=jWmp1PELHc1Hb5W-j-xwFnm--3BkN2yvqBQbE54V1HHGm0m8LH4TjMMe3xN8YjYTOkAoegD8zLPo5XDn8kz605kRA4g1;+BIGipServerextron.com_443_pool=!I6oNOffSsY3+eF8MjvaJwiHEDz8tIOEnyqqQNmiOpvQubiTGHhBKSxOs/NdI0x5hO4sW/wzZdj9YtQ==;+_gid=GA1.2.1481421227.1746687589;+_gat_UA-130285241-1=1;+_clck=2ar2tt%7C2%7Cfvq%7C0%7C1938;+_clsk=1wqke2q%7C1746687592121%7C2%7C1%7Ce.clarity.ms%2Fcollect;+_ga=GA1.2.1242613871.1745311648;+_ga_DP5ZZ9VH84=GS2.1.s1746687589$o15$g1$t1746687594$j55$l0$h0 https://www.extron.com/Content/css/Training/LearningGuide/learning-guide.css www.extron.com 302 0 0 1846 2
2025-05-08 07:00:15 10.1.0.50 GET /training/img/icon-self-paced.svg - 443 - 10.1.16.1 Mozilla/5.0+(Windows+NT+10.0;+Win64;+x64)+AppleWebKit/537.36+(KHTML,+like+Gecko)+Chrome/136.0.0.0+Safari/537.36 region=2;+lang=1;+.AspNet.Cookies=wtJ-C8r3vdnkPR1Aw1qzuyO0NV6Z74nKn2CeelxjHwsmhhAB6D9cqcH_Dhy34aW7wWBQoXjW7N63kxonahltPZ-jcrmaKoOM134-OT7-fza7mXHqKwjxrOWhBVFvVrb0vVl4xW6hGIzUNdWzEd5Eo_lm2HGowC_rXWb_YJ7IDbePcyyb1vS7AkgGAnGDFA-m8I-BHOJZs0F4eAWyU9bOhoxtjSJYB4u5OPHwnuvSEupyliuJB2WHI2rAKzuMcN7TdLmZrf8ug3HGbPkV4w8hpUukej2c8NMN7yefycgqbRBy_6W013dOD84roJuTo4fkJuQv5I1EDTHFL0R9haWr12Ejr4nQlCcXAxjU6wmSHDTJbQWWf3kYPN-1YWCP7H-9yOZ7R7KotSCCHmqI4GznIasdkE2K99YuhIfQLXdfEvRVh12x9Ef2ZunJA1a7X7d857dMvA;+ASP.NET_SessionId=kjuj034pqztdozgqslo2kn3a;+username=alexander.hermansson@informationsteknik.se;+PriceClass=26;+PriceList=EURS3+;+__RequestVerificationToken=jWmp1PELHc1Hb5W-j-xwFnm--3BkN2yvqBQbE54V1HHGm0m8LH4TjMMe3xN8YjYTOkAoegD8zLPo5XDn8kz605kRA4g1;+BIGipServerextron.com_443_pool=!I6oNOffSsY3+eF8MjvaJwiHEDz8tIOEnyqqQNmiOpvQubiTGHhBKSxOs/NdI0x5hO4sW/wzZdj9YtQ==;+_gid=GA1.2.1481421227.1746687589;+_gat_UA-130285241-1=1;+_clck=2ar2tt%7C2%7Cfvq%7C0%7C1938;+_clsk=1wqke2q%7C1746687592121%7C2%7C1%7Ce.clarity.ms%2Fcollect;+_ga=GA1.2.1242613871.1745311648;+_ga_DP5ZZ9VH84=GS2.1.s1746687589$o15$g1$t1746687594$j55$l0$h0 https://www.extron.com/Content/css/Training/LearningGuide/learning-guide.css www.extron.com 302 0 0 1838 1
2025-05-08 07:00:15 10.1.0.50 GET /Content/vendor/fontawesome/webfonts/fa-light-300.woff2 - 443 alexander.hermansson@informationsteknik.se 10.1.16.1 Mozilla/5.0+(Windows+NT+10.0;+Win64;+x64)+AppleWebKit/537.36+(KHTML,+like+Gecko)+Chrome/136.0.0.0+Safari/537.36 region=2;+lang=1;+.AspNet.Cookies=wtJ-C8r3vdnkPR1Aw1qzuyO0NV6Z74nKn2CeelxjHwsmhhAB6D9cqcH_Dhy34aW7wWBQoXjW7N63kxonahltPZ-jcrmaKoOM134-OT7-fza7mXHqKwjxrOWhBVFvVrb0vVl4xW6hGIzUNdWzEd5Eo_lm2HGowC_rXWb_YJ7IDbePcyyb1vS7AkgGAnGDFA-m8I-BHOJZs0F4eAWyU9bOhoxtjSJYB4u5OPHwnuvSEupyliuJB2WHI2rAKzuMcN7TdLmZrf8ug3HGbPkV4w8hpUukej2c8NMN7yefycgqbRBy_6W013dOD84roJuTo4fkJuQv5I1EDTHFL0R9haWr12Ejr4nQlCcXAxjU6wmSHDTJbQWWf3kYPN-1YWCP7H-9yOZ7R7KotSCCHmqI4GznIasdkE2K99YuhIfQLXdfEvRVh12x9Ef2ZunJA1a7X7d857dMvA;+ASP.NET_SessionId=kjuj034pqztdozgqslo2kn3a;+username=alexander.hermansson@informationsteknik.se;+PriceClass=26;+PriceList=EURS3+;+__RequestVerificationToken=jWmp1PELHc1Hb5W-j-xwFnm--3BkN2yvqBQbE54V1HHGm0m8LH4TjMMe3xN8YjYTOkAoegD8zLPo5XDn8kz605kRA4g1;+BIGipServerextron.com_443_pool=!I6oNOffSsY3+eF8MjvaJwiHEDz8tIOEnyqqQNmiOpvQubiTGHhBKSxOs/NdI0x5hO4sW/wzZdj9YtQ==;+_gid=GA1.2.1481421227.1746687589;+_gat_UA-130285241-1=1;+_clck=2ar2tt%7C2%7Cfvq%7C0%7C1938;+_clsk=1wqke2q%7C1746687592121%7C2%7C1%7Ce.clarity.ms%2Fcollect;+_ga=GA1.2.1242613871.1745311648;+_ga_DP5ZZ9VH84=GS2.1.s1746687589$o15$g1$t1746687594$j55$l0$h0 https://www.extron.com/Content/vendor/fontawesome/css/all.min.css www.extron.com 200 0 0 431967 3
2025-05-08 07:00:15 10.1.0.50 GET /training/img/icon-in-person.svg - 443 - 10.1.16.1 Mozilla/5.0+(Windows+NT+10.0;+Win64;+x64)+AppleWebKit/537.36+(KHTML,+like+Gecko)+Chrome/136.0.0.0+Safari/537.36 region=2;+lang=1;+.AspNet.Cookies=wtJ-C8r3vdnkPR1Aw1qzuyO0NV6Z74nKn2CeelxjHwsmhhAB6D9cqcH_Dhy34aW7wWBQoXjW7N63kxonahltPZ-jcrmaKoOM134-OT7-fza7mXHqKwjxrOWhBVFvVrb0vVl4xW6hGIzUNdWzEd5Eo_lm2HGowC_rXWb_YJ7IDbePcyyb1vS7AkgGAnGDFA-m8I-BHOJZs0F4eAWyU9bOhoxtjSJYB4u5OPHwnuvSEupyliuJB2WHI2rAKzuMcN7TdLmZrf8ug3HGbPkV4w8hpUukej2c8NMN7yefycgqbRBy_6W013dOD84roJuTo4fkJuQv5I1EDTHFL0R9haWr12Ejr4nQlCcXAxjU6wmSHDTJbQWWf3kYPN-1YWCP7H-9yOZ7R7KotSCCHmqI4GznIasdkE2K99YuhIfQLXdfEvRVh12x9Ef2ZunJA1a7X7d857dMvA;+ASP.NET_SessionId=kjuj034pqztdozgqslo2kn3a;+username=alexander.hermansson@informationsteknik.se;+PriceClass=26;+PriceList=EURS3+;+__RequestVerificationToken=jWmp1PELHc1Hb5W-j-xwFnm--3BkN2yvqBQbE54V1HHGm0m8LH4TjMMe3xN8YjYTOkAoegD8zLPo5XDn8kz605kRA4g1;+BIGipServerextron.com_443_pool=!I6oNOffSsY3+eF8MjvaJwiHEDz8tIOEnyqqQNmiOpvQubiTGHhBKSxOs/NdI0x5hO4sW/wzZdj9YtQ==;+_gid=GA1.2.1481421227.1746687589;+_gat_UA-130285241-1=1;+_clck=2ar2tt%7C2%7Cfvq%7C0%7C1938;+_clsk=1wqke2q%7C1746687592121%7C2%7C1%7Ce.clarity.ms%2Fcollect;+_ga=GA1.2.1242613871.1745311648;+_ga_DP5ZZ9VH84=GS2.1.s1746687589$o15$g1$t1746687594$j55$l0$h0 https://www.extron.com/Content/css/Training/LearningGuide/learning-guide.css www.extron.com 302 0 0 1836 2
2025-05-08 07:00:15 10.1.0.50 GET /Content/css/Shared/cookies.css - 443 - 10.1.16.1 Mozilla/5.0+(Windows+NT+10.0;+Win64;+x64)+AppleWebKit/537.36+(KHTML,+like+Gecko)+Chrome/136.0.0.0+Safari/537.36+Edg/136.0.0.0 _clck=yv86ir%7C2%7Cfmq%7C0%7C1560;+region=2;+lang=3;+ExtronRecViewProd=ipcppro250xi,dtp2t212,xtpdtp24series,dtpcp4k82;+_ga=GA1.1.1613182277.1712662822;+_ga_DP5ZZ9VH84=GS1.1.1744637157.7.0.1744637157.60.0.0;+ASP.NET_SessionId=nkgbywgpkcyekixp22ujgint;+__RequestVerificationToken=3xrHXuqkcAcXSyPA00j7AXJC4P507yIcAdJdzI2aC5ZndFLJG7YQj90M7C2361kvD0V2IQlqPSm9w8wIYrbYSCCri4E1;+BIGipServerextron.com_443_pool=838861066.47873.0000 https://www.extron.de/ www.extron.de 200 0 0 4051 1
2025-05-08 07:00:15 10.1.0.50 GET /Content/vendor/jqueryui/themes/smoothness/jquery-1.12.0-ui.css - 443 - 10.1.16.1 Mozilla/5.0+(Windows+NT+10.0;+Win64;+x64)+AppleWebKit/537.36+(KHTML,+like+Gecko)+Chrome/136.0.0.0+Safari/537.36+Edg/136.0.0.0 _clck=yv86ir%7C2%7Cfmq%7C0%7C1560;+region=2;+lang=3;+ExtronRecViewProd=ipcppro250xi,dtp2t212,xtpdtp24series,dtpcp4k82;+_ga=GA1.1.1613182277.1712662822;+_ga_DP5ZZ9VH84=GS1.1.1744637157.7.0.1744637157.60.0.0;+ASP.NET_SessionId=nkgbywgpkcyekixp22ujgint;+__RequestVerificationToken=3xrHXuqkcAcXSyPA00j7AXJC4P507yIcAdJdzI2aC5ZndFLJG7YQj90M7C2361kvD0V2IQlqPSm9w8wIYrbYSCCri4E1;+BIGipServerextron.com_443_pool=838861066.47873.0000 https://www.extron.de/ www.extron.de 200 0 0 39722 1
2025-05-08 07:00:15 10.1.0.50 GET /Content/vendor/bs-offcanvas/dist/css/bootstrap.offcanvas.css - 443 - 10.1.16.1 Mozilla/5.0+(Windows+NT+10.0;+Win64;+x64)+AppleWebKit/537.36+(KHTML,+like+Gecko)+Chrome/136.0.0.0+Safari/537.36+Edg/136.0.0.0 _clck=yv86ir%7C2%7Cfmq%7C0%7C1560;+region=2;+lang=3;+ExtronRecViewProd=ipcppro250xi,dtp2t212,xtpdtp24series,dtpcp4k82;+_ga=GA1.1.1613182277.1712662822;+_ga_DP5ZZ9VH84=GS1.1.1744637157.7.0.1744637157.60.0.0;+ASP.NET_SessionId=nkgbywgpkcyekixp22ujgint;+__RequestVerificationToken=3xrHXuqkcAcXSyPA00j7AXJC4P507yIcAdJdzI2aC5ZndFLJG7YQj90M7C2361kvD0V2IQlqPSm9w8wIYrbYSCCri4E1;+BIGipServerextron.com_443_pool=838861066.47873.0000 https://www.extron.de/ www.extron.de 200 0 0 5343 1
2025-05-08 07:00:15 10.1.0.50 GET /Content/vendor/jquery-mobile-events/jquery.mobile-events.js - 443 alexander.hermansson@informationsteknik.se 10.1.16.1 Mozilla/5.0+(Windows+NT+10.0;+Win64;+x64)+AppleWebKit/537.36+(KHTML,+like+Gecko)+Chrome/136.0.0.0+Safari/537.36 region=2;+lang=1;+.AspNet.Cookies=wtJ-C8r3vdnkPR1Aw1qzuyO0NV6Z74nKn2CeelxjHwsmhhAB6D9cqcH_Dhy34aW7wWBQoXjW7N63kxonahltPZ-jcrmaKoOM134-OT7-fza7mXHqKwjxrOWhBVFvVrb0vVl4xW6hGIzUNdWzEd5Eo_lm2HGowC_rXWb_YJ7IDbePcyyb1vS7AkgGAnGDFA-m8I-BHOJZs0F4eAWyU9bOhoxtjSJYB4u5OPHwnuvSEupyliuJB2WHI2rAKzuMcN7TdLmZrf8ug3HGbPkV4w8hpUukej2c8NMN7yefycgqbRBy_6W013dOD84roJuTo4fkJuQv5I1EDTHFL0R9haWr12Ejr4nQlCcXAxjU6wmSHDTJbQWWf3kYPN-1YWCP7H-9yOZ7R7KotSCCHmqI4GznIasdkE2K99YuhIfQLXdfEvRVh12x9Ef2ZunJA1a7X7d857dMvA;+ASP.NET_SessionId=kjuj034pqztdozgqslo2kn3a;+username=alexander.hermansson@informationsteknik.se;+PriceClass=26;+PriceList=EURS3+;+__RequestVerificationToken=jWmp1PELHc1Hb5W-j-xwFnm--3BkN2yvqBQbE54V1HHGm0m8LH4TjMMe3xN8YjYTOkAoegD8zLPo5XDn8kz605kRA4g1;+BIGipServerextron.com_443_pool=!I6oNOffSsY3+eF8MjvaJwiHEDz8tIOEnyqqQNmiOpvQubiTGHhBKSxOs/NdI0x5hO4sW/wzZdj9YtQ==;+_gid=GA1.2.1481421227.1746687589;+_gat_UA-130285241-1=1;+_clck=2ar2tt%7C2%7Cfvq%7C0%7C1938;+_ga_DP5ZZ9VH84=GS2.1.s1746687589$o15$g1$t1746687594$j55$l0$h0;+_ga=GA1.2.1242613871.1745311648;+_clsk=1wqke2q%7C1746687595313%7C3%7C1%7Ce.clarity.ms%2Fcollect https://www.extron.com/Training/LearningGuide/TrainingLibrary www.extron.com 304 0 0 1705 1
2025-05-08 07:00:15 10.1.0.50 GET /img/logo/extron-emailsig-logo-lg.png - 443 - 10.1.16.1 Mozilla/4.0+(compatible;+ms-office;+MSOffice+16) - - www.extron.com 302 0 0 1846 1
2025-05-08 07:00:15 10.1.0.50 GET /img/signature/2405_DTP3-CrossPoint-Series_450x180_en.png - 443 - 10.1.16.1 Mozilla/4.0+(compatible;+ms-office;+MSOffice+16) - - www.extron.com 302 0 0 1886 1
2025-05-08 07:00:15 10.1.0.50 GET /technology/literature.aspx filetype=6&lang=1&tabid=5&id=q&filetype=6&lang=1&tabid=5&id=0&id=i&filetype=4&lang=1&tabid=1&filetype=6&lang=1&tabid=5&id=0&filetype=6&lang=1&tabid=5&id=q&filetype=102&lang=1&tabid=4&id=All&filetype=81&lang=1&tabid=3&id=0&filetype=4&lang=1&tabid=1&id=Q 443 - 10.1.16.1 Mozilla/5.0+AppleWebKit/537.36+(KHTML,+like+Gecko;+compatible;+bingbot/2.0;++http://www.bing.com/bingbot.htm)+Chrome/116.0.1938.76+Safari/537.36 - - www.extron.cn 200 0 0 145146 1586
2025-05-08 07:00:15 10.1.0.50 GET /Content/vendor/js-cookie/js.cookie-2.2.0.js - 443 alexander.hermansson@informationsteknik.se 10.1.16.1 Mozilla/5.0+(Windows+NT+10.0;+Win64;+x64)+AppleWebKit/537.36+(KHTML,+like+Gecko)+Chrome/136.0.0.0+Safari/537.36 region=2;+lang=1;+.AspNet.Cookies=wtJ-C8r3vdnkPR1Aw1qzuyO0NV6Z74nKn2CeelxjHwsmhhAB6D9cqcH_Dhy34aW7wWBQoXjW7N63kxonahltPZ-jcrmaKoOM134-OT7-fza7mXHqKwjxrOWhBVFvVrb0vVl4xW6hGIzUNdWzEd5Eo_lm2HGowC_rXWb_YJ7IDbePcyyb1vS7AkgGAnGDFA-m8I-BHOJZs0F4eAWyU9bOhoxtjSJYB4u5OPHwnuvSEupyliuJB2WHI2rAKzuMcN7TdLmZrf8ug3HGbPkV4w8hpUukej2c8NMN7yefycgqbRBy_6W013dOD84roJuTo4fkJuQv5I1EDTHFL0R9haWr12Ejr4nQlCcXAxjU6wmSHDTJbQWWf3kYPN-1YWCP7H-9yOZ7R7KotSCCHmqI4GznIasdkE2K99YuhIfQLXdfEvRVh12x9Ef2ZunJA1a7X7d857dMvA;+ASP.NET_SessionId=kjuj034pqztdozgqslo2kn3a;+username=alexander.hermansson@informationsteknik.se;+PriceClass=26;+PriceList=EURS3+;+__RequestVerificationToken=jWmp1PELHc1Hb5W-j-xwFnm--3BkN2yvqBQbE54V1HHGm0m8LH4TjMMe3xN8YjYTOkAoegD8zLPo5XDn8kz605kRA4g1;+BIGipServerextron.com_443_pool=!I6oNOffSsY3+eF8MjvaJwiHEDz8tIOEnyqqQNmiOpvQubiTGHhBKSxOs/NdI0x5hO4sW/wzZdj9YtQ==;+_gid=GA1.2.1481421227.1746687589;+_gat_UA-130285241-1=1;+_clck=2ar2tt%7C2%7Cfvq%7C0%7C1938;+_ga_DP5ZZ9VH84=GS2.1.s1746687589$o15$g1$t1746687594$j55$l0$h0;+_ga=GA1.2.1242613871.1745311648;+_clsk=1wqke2q%7C1746687595313%7C3%7C1%7Ce.clarity.ms%2Fcollect https://www.extron.com/Training/LearningGuide/TrainingLibrary www.extron.com 304 0 0 1705 2
2025-05-08 07:00:15 10.1.0.50 GET /technology/literature.aspx game=call-of-duty-warzone&game=call-of-duty-warzone&game=call-of-duty-warzone&game=call-of-duty-warzone&tabid=1&id=Z&tabid=5&id=M&tabid=1&id=G&tabid=1&id=R 443 - 10.1.16.1 Mozilla/5.0+AppleWebKit/537.36+(KHTML,+like+Gecko;+compatible;+bingbot/2.0;++http://www.bing.com/bingbot.htm)+Chrome/116.0.1938.76+Safari/537.36 - - www.extron.com 200 0 0 122342 834
2025-05-08 07:00:15 10.1.0.50 GET /Content/vendor/prependaround/prependaround.js - 443 alexander.hermansson@informationsteknik.se 10.1.16.1 Mozilla/5.0+(Windows+NT+10.0;+Win64;+x64)+AppleWebKit/537.36+(KHTML,+like+Gecko)+Chrome/136.0.0.0+Safari/537.36 region=2;+lang=1;+.AspNet.Cookies=wtJ-C8r3vdnkPR1Aw1qzuyO0NV6Z74nKn2CeelxjHwsmhhAB6D9cqcH_Dhy34aW7wWBQoXjW7N63kxonahltPZ-jcrmaKoOM134-OT7-fza7mXHqKwjxrOWhBVFvVrb0vVl4xW6hGIzUNdWzEd5Eo_lm2HGowC_rXWb_YJ7IDbePcyyb1vS7AkgGAnGDFA-m8I-BHOJZs0F4eAWyU9bOhoxtjSJYB4u5OPHwnuvSEupyliuJB2WHI2rAKzuMcN7TdLmZrf8ug3HGbPkV4w8hpUukej2c8NMN7yefycgqbRBy_6W013dOD84roJuTo4fkJuQv5I1EDTHFL0R9haWr12Ejr4nQlCcXAxjU6wmSHDTJbQWWf3kYPN-1YWCP7H-9yOZ7R7KotSCCHmqI4GznIasdkE2K99YuhIfQLXdfEvRVh12x9Ef2ZunJA1a7X7d857dMvA;+ASP.NET_SessionId=kjuj034pqztdozgqslo2kn3a;+username=alexander.hermansson@informationsteknik.se;+PriceClass=26;+PriceList=EURS3+;+__RequestVerificationToken=jWmp1PELHc1Hb5W-j-xwFnm--3BkN2yvqBQbE54V1HHGm0m8LH4TjMMe3xN8YjYTOkAoegD8zLPo5XDn8kz605kRA4g1;+BIGipServerextron.com_443_pool=!I6oNOffSsY3+eF8MjvaJwiHEDz8tIOEnyqqQNmiOpvQubiTGHhBKSxOs/NdI0x5hO4sW/wzZdj9YtQ==;+_gid=GA1.2.1481421227.1746687589;+_gat_UA-130285241-1=1;+_clck=2ar2tt%7C2%7Cfvq%7C0%7C1938;+_ga_DP5ZZ9VH84=GS2.1.s1746687589$o15$g1$t1746687594$j55$l0$h0;+_ga=GA1.2.1242613871.1745311648;+_clsk=1wqke2q%7C1746687595313%7C3%7C1%7Ce.clarity.ms%2Fcollect https://www.extron.com/Training/LearningGuide/TrainingLibrary www.extron.com 304 0 0 1705 1
2025-05-08 07:00:15 10.1.0.50 GET /Content/vendor/slick/slick.js - 443 alexander.hermansson@informationsteknik.se 10.1.16.1 Mozilla/5.0+(Windows+NT+10.0;+Win64;+x64)+AppleWebKit/537.36+(KHTML,+like+Gecko)+Chrome/136.0.0.0+Safari/537.36 region=2;+lang=1;+.AspNet.Cookies=wtJ-C8r3vdnkPR1Aw1qzuyO0NV6Z74nKn2CeelxjHwsmhhAB6D9cqcH_Dhy34aW7wWBQoXjW7N63kxonahltPZ-jcrmaKoOM134-OT7-fza7mXHqKwjxrOWhBVFvVrb0vVl4xW6hGIzUNdWzEd5Eo_lm2HGowC_rXWb_YJ7IDbePcyyb1vS7AkgGAnGDFA-m8I-BHOJZs0F4eAWyU9bOhoxtjSJYB4u5OPHwnuvSEupyliuJB2WHI2rAKzuMcN7TdLmZrf8ug3HGbPkV4w8hpUukej2c8NMN7yefycgqbRBy_6W013dOD84roJuTo4fkJuQv5I1EDTHFL0R9haWr12Ejr4nQlCcXAxjU6wmSHDTJbQWWf3kYPN-1YWCP7H-9yOZ7R7KotSCCHmqI4GznIasdkE2K99YuhIfQLXdfEvRVh12x9Ef2ZunJA1a7X7d857dMvA;+ASP.NET_SessionId=kjuj034pqztdozgqslo2kn3a;+username=alexander.hermansson@informationsteknik.se;+PriceClass=26;+PriceList=EURS3+;+__RequestVerificationToken=jWmp1PELHc1Hb5W-j-xwFnm--3BkN2yvqBQbE54V1HHGm0m8LH4TjMMe3xN8YjYTOkAoegD8zLPo5XDn8kz605kRA4g1;+BIGipServerextron.com_443_pool=!I6oNOffSsY3+eF8MjvaJwiHEDz8tIOEnyqqQNmiOpvQubiTGHhBKSxOs/NdI0x5hO4sW/wzZdj9YtQ==;+_gid=GA1.2.1481421227.1746687589;+_gat_UA-130285241-1=1;+_clck=2ar2tt%7C2%7Cfvq%7C0%7C1938;+_ga_DP5ZZ9VH84=GS2.1.s1746687589$o15$g1$t1746687594$j55$l0$h0;+_ga=GA1.2.1242613871.1745311648;+_clsk=1wqke2q%7C1746687595313%7C3%7C1%7Ce.clarity.ms%2Fcollect https://www.extron.com/Training/LearningGuide/TrainingLibrary www.extron.com 304 0 0 1705 2
2025-05-08 07:00:15 10.1.0.50 GET /technology/literature.aspx tabid=3&id=S&tabid=3&id=V&tabid=1&id=0&tabid=3&id=V 443 - 10.1.16.1 Mozilla/5.0+AppleWebKit/537.36+(KHTML,+like+Gecko;+compatible;+bingbot/2.0;++http://www.bing.com/bingbot.htm)+Chrome/116.0.1938.76+Safari/537.36 - - www.extron.com 200 0 0 114033 778
2025-05-08 07:00:15 10.1.0.50 GET /Scripts/Shared/videoplayer.js - 443 alexander.hermansson@informationsteknik.se 10.1.16.1 Mozilla/5.0+(Windows+NT+10.0;+Win64;+x64)+AppleWebKit/537.36+(KHTML,+like+Gecko)+Chrome/136.0.0.0+Safari/537.36 region=2;+lang=1;+.AspNet.Cookies=wtJ-C8r3vdnkPR1Aw1qzuyO0NV6Z74nKn2CeelxjHwsmhhAB6D9cqcH_Dhy34aW7wWBQoXjW7N63kxonahltPZ-jcrmaKoOM134-OT7-fza7mXHqKwjxrOWhBVFvVrb0vVl4xW6hGIzUNdWzEd5Eo_lm2HGowC_rXWb_YJ7IDbePcyyb1vS7AkgGAnGDFA-m8I-BHOJZs0F4eAWyU9bOhoxtjSJYB4u5OPHwnuvSEupyliuJB2WHI2rAKzuMcN7TdLmZrf8ug3HGbPkV4w8hpUukej2c8NMN7yefycgqbRBy_6W013dOD84roJuTo4fkJuQv5I1EDTHFL0R9haWr12Ejr4nQlCcXAxjU6wmSHDTJbQWWf3kYPN-1YWCP7H-9yOZ7R7KotSCCHmqI4GznIasdkE2K99YuhIfQLXdfEvRVh12x9Ef2ZunJA1a7X7d857dMvA;+ASP.NET_SessionId=kjuj034pqztdozgqslo2kn3a;+username=alexander.hermansson@informationsteknik.se;+PriceClass=26;+PriceList=EURS3+;+__RequestVerificationToken=jWmp1PELHc1Hb5W-j-xwFnm--3BkN2yvqBQbE54V1HHGm0m8LH4TjMMe3xN8YjYTOkAoegD8zLPo5XDn8kz605kRA4g1;+BIGipServerextron.com_443_pool=!I6oNOffSsY3+eF8MjvaJwiHEDz8tIOEnyqqQNmiOpvQubiTGHhBKSxOs/NdI0x5hO4sW/wzZdj9YtQ==;+_gid=GA1.2.1481421227.1746687589;+_gat_UA-130285241-1=1;+_clck=2ar2tt%7C2%7Cfvq%7C0%7C1938;+_ga_DP5ZZ9VH84=GS2.1.s1746687589$o15$g1$t1746687594$j55$l0$h0;+_ga=GA1.2.1242613871.1745311648;+_clsk=1wqke2q%7C1746687595313%7C3%7C1%7Ce.clarity.ms%2Fcollect https://www.extron.com/Training/LearningGuide/TrainingLibrary www.extron.com 304 0 0 1705 1
2025-05-08 07:00:15 10.1.0.50 GET /Scripts/Shared/autohide.js - 443 alexander.hermansson@informationsteknik.se 10.1.16.1 Mozilla/5.0+(Windows+NT+10.0;+Win64;+x64)+AppleWebKit/537.36+(KHTML,+like+Gecko)+Chrome/136.0.0.0+Safari/537.36 region=2;+lang=1;+.AspNet.Cookies=wtJ-C8r3vdnkPR1Aw1qzuyO0NV6Z74nKn2CeelxjHwsmhhAB6D9cqcH_Dhy34aW7wWBQoXjW7N63kxonahltPZ-jcrmaKoOM134-OT7-fza7mXHqKwjxrOWhBVFvVrb0vVl4xW6hGIzUNdWzEd5Eo_lm2HGowC_rXWb_YJ7IDbePcyyb1vS7AkgGAnGDFA-m8I-BHOJZs0F4eAWyU9bOhoxtjSJYB4u5OPHwnuvSEupyliuJB2WHI2rAKzuMcN7TdLmZrf8ug3HGbPkV4w8hpUukej2c8NMN7yefycgqbRBy_6W013dOD84roJuTo4fkJuQv5I1EDTHFL0R9haWr12Ejr4nQlCcXAxjU6wmSHDTJbQWWf3kYPN-1YWCP7H-9yOZ7R7KotSCCHmqI4GznIasdkE2K99YuhIfQLXdfEvRVh12x9Ef2ZunJA1a7X7d857dMvA;+ASP.NET_SessionId=kjuj034pqztdozgqslo2kn3a;+username=alexander.hermansson@informationsteknik.se;+PriceClass=26;+PriceList=EURS3+;+__RequestVerificationToken=jWmp1PELHc1Hb5W-j-xwFnm--3BkN2yvqBQbE54V1HHGm0m8LH4TjMMe3xN8YjYTOkAoegD8zLPo5XDn8kz605kRA4g1;+BIGipServerextron.com_443_pool=!I6oNOffSsY3+eF8MjvaJwiHEDz8tIOEnyqqQNmiOpvQubiTGHhBKSxOs/NdI0x5hO4sW/wzZdj9YtQ==;+_gid=GA1.2.1481421227.1746687589;+_gat_UA-130285241-1=1;+_clck=2ar2tt%7C2%7Cfvq%7C0%7C1938;+_ga_DP5ZZ9VH84=GS2.1.s1746687589$o15$g1$t1746687594$j55$l0$h0;+_ga=GA1.2.1242613871.1745311648;+_clsk=1wqke2q%7C1746687595313%7C3%7C1%7Ce.clarity.ms%2Fcollect https://www.extron.com/Training/LearningGuide/TrainingLibrary www.extron.com 304 0 0 1705 2
2025-05-08 07:00:15 10.1.0.50 GET /Scripts/Shared/main.js 20240613 443 alexander.hermansson@informationsteknik.se 10.1.16.1 Mozilla/5.0+(Windows+NT+10.0;+Win64;+x64)+AppleWebKit/537.36+(KHTML,+like+Gecko)+Chrome/136.0.0.0+Safari/537.36 region=2;+lang=1;+.AspNet.Cookies=wtJ-C8r3vdnkPR1Aw1qzuyO0NV6Z74nKn2CeelxjHwsmhhAB6D9cqcH_Dhy34aW7wWBQoXjW7N63kxonahltPZ-jcrmaKoOM134-OT7-fza7mXHqKwjxrOWhBVFvVrb0vVl4xW6hGIzUNdWzEd5Eo_lm2HGowC_rXWb_YJ7IDbePcyyb1vS7AkgGAnGDFA-m8I-BHOJZs0F4eAWyU9bOhoxtjSJYB4u5OPHwnuvSEupyliuJB2WHI2rAKzuMcN7TdLmZrf8ug3HGbPkV4w8hpUukej2c8NMN7yefycgqbRBy_6W013dOD84roJuTo4fkJuQv5I1EDTHFL0R9haWr12Ejr4nQlCcXAxjU6wmSHDTJbQWWf3kYPN-1YWCP7H-9yOZ7R7KotSCCHmqI4GznIasdkE2K99YuhIfQLXdfEvRVh12x9Ef2ZunJA1a7X7d857dMvA;+ASP.NET_SessionId=kjuj034pqztdozgqslo2kn3a;+username=alexander.hermansson@informationsteknik.se;+PriceClass=26;+PriceList=EURS3+;+__RequestVerificationToken=jWmp1PELHc1Hb5W-j-xwFnm--3BkN2yvqBQbE54V1HHGm0m8LH4TjMMe3xN8YjYTOkAoegD8zLPo5XDn8kz605kRA4g1;+BIGipServerextron.com_443_pool=!I6oNOffSsY3+eF8MjvaJwiHEDz8tIOEnyqqQNmiOpvQubiTGHhBKSxOs/NdI0x5hO4sW/wzZdj9YtQ==;+_gid=GA1.2.1481421227.1746687589;+_gat_UA-130285241-1=1;+_clck=2ar2tt%7C2%7Cfvq%7C0%7C1938;+_ga_DP5ZZ9VH84=GS2.1.s1746687589$o15$g1$t1746687594$j55$l0$h0;+_ga=GA1.2.1242613871.1745311648;+_clsk=1wqke2q%7C1746687595313%7C3%7C1%7Ce.clarity.ms%2Fcollect https://www.extron.com/Training/LearningGuide/TrainingLibrary www.extron.com 304 0 0 1705 15
2025-05-08 07:00:16 10.1.0.50 GET /Scripts/Shared/login.js 20210406 443 alexander.hermansson@informationsteknik.se 10.1.16.1 Mozilla/5.0+(Windows+NT+10.0;+Win64;+x64)+AppleWebKit/537.36+(KHTML,+like+Gecko)+Chrome/136.0.0.0+Safari/537.36 region=2;+lang=1;+.AspNet.Cookies=wtJ-C8r3vdnkPR1Aw1qzuyO0NV6Z74nKn2CeelxjHwsmhhAB6D9cqcH_Dhy34aW7wWBQoXjW7N63kxonahltPZ-jcrmaKoOM134-OT7-fza7mXHqKwjxrOWhBVFvVrb0vVl4xW6hGIzUNdWzEd5Eo_lm2HGowC_rXWb_YJ7IDbePcyyb1vS7AkgGAnGDFA-m8I-BHOJZs0F4eAWyU9bOhoxtjSJYB4u5OPHwnuvSEupyliuJB2WHI2rAKzuMcN7TdLmZrf8ug3HGbPkV4w8hpUukej2c8NMN7yefycgqbRBy_6W013dOD84roJuTo4fkJuQv5I1EDTHFL0R9haWr12Ejr4nQlCcXAxjU6wmSHDTJbQWWf3kYPN-1YWCP7H-9yOZ7R7KotSCCHmqI4GznIasdkE2K99YuhIfQLXdfEvRVh12x9Ef2ZunJA1a7X7d857dMvA;+ASP.NET_SessionId=kjuj034pqztdozgqslo2kn3a;+username=alexander.hermansson@informationsteknik.se;+PriceClass=26;+PriceList=EURS3+;+__RequestVerificationToken=jWmp1PELHc1Hb5W-j-xwFnm--3BkN2yvqBQbE54V1HHGm0m8LH4TjMMe3xN8YjYTOkAoegD8zLPo5XDn8kz605kRA4g1;+BIGipServerextron.com_443_pool=!I6oNOffSsY3+eF8MjvaJwiHEDz8tIOEnyqqQNmiOpvQubiTGHhBKSxOs/NdI0x5hO4sW/wzZdj9YtQ==;+_gid=GA1.2.1481421227.1746687589;+_gat_UA-130285241-1=1;+_clck=2ar2tt%7C2%7Cfvq%7C0%7C1938;+_ga_DP5ZZ9VH84=GS2.1.s1746687589$o15$g1$t1746687594$j55$l0$h0;+_ga=GA1.2.1242613871.1745311648;+_clsk=1wqke2q%7C1746687595313%7C3%7C1%7Ce.clarity.ms%2Fcollect https://www.extron.com/Training/LearningGuide/TrainingLibrary www.extron.com 304 0 0 1705 2
2025-05-08 07:00:16 10.1.0.50 GET /Scripts/Training/LearningGuide/traininglibrary.js - 443 alexander.hermansson@informationsteknik.se 10.1.16.1 Mozilla/5.0+(Windows+NT+10.0;+Win64;+x64)+AppleWebKit/537.36+(KHTML,+like+Gecko)+Chrome/136.0.0.0+Safari/537.36 region=2;+lang=1;+.AspNet.Cookies=wtJ-C8r3vdnkPR1Aw1qzuyO0NV6Z74nKn2CeelxjHwsmhhAB6D9cqcH_Dhy34aW7wWBQoXjW7N63kxonahltPZ-jcrmaKoOM134-OT7-fza7mXHqKwjxrOWhBVFvVrb0vVl4xW6hGIzUNdWzEd5Eo_lm2HGowC_rXWb_YJ7IDbePcyyb1vS7AkgGAnGDFA-m8I-BHOJZs0F4eAWyU9bOhoxtjSJYB4u5OPHwnuvSEupyliuJB2WHI2rAKzuMcN7TdLmZrf8ug3HGbPkV4w8hpUukej2c8NMN7yefycgqbRBy_6W013dOD84roJuTo4fkJuQv5I1EDTHFL0R9haWr12Ejr4nQlCcXAxjU6wmSHDTJbQWWf3kYPN-1YWCP7H-9yOZ7R7KotSCCHmqI4GznIasdkE2K99YuhIfQLXdfEvRVh12x9Ef2ZunJA1a7X7d857dMvA;+ASP.NET_SessionId=kjuj034pqztdozgqslo2kn3a;+username=alexander.hermansson@informationsteknik.se;+PriceClass=26;+PriceList=EURS3+;+__RequestVerificationToken=jWmp1PELHc1Hb5W-j-xwFnm--3BkN2yvqBQbE54V1HHGm0m8LH4TjMMe3xN8YjYTOkAoegD8zLPo5XDn8kz605kRA4g1;+BIGipServerextron.com_443_pool=!I6oNOffSsY3+eF8MjvaJwiHEDz8tIOEnyqqQNmiOpvQubiTGHhBKSxOs/NdI0x5hO4sW/wzZdj9YtQ==;+_gid=GA1.2.1481421227.1746687589;+_gat_UA-130285241-1=1;+_clck=2ar2tt%7C2%7Cfvq%7C0%7C1938;+_ga_DP5ZZ9VH84=GS2.1.s1746687589$o15$g1$t1746687594$j55$l0$h0;+_ga=GA1.2.1242613871.1745311648;+_clsk=1wqke2q%7C1746687595313%7C3%7C1%7Ce.clarity.ms%2Fcollect https://www.extron.com/Training/LearningGuide/TrainingLibrary www.extron.com 200 0 0 17537 4
2025-05-08 07:00:16 10.1.0.50 GET /Scripts/Article/article.js nocache=20220816 443 - 10.1.16.1 Mozilla/5.0+(Windows+NT+6.1;+Win64;+x64)+AppleWebKit/537.36+(KHTML,+like+Gecko)+Chrome/109.0.0.0+Safari/537.36+Edg/109.0.1518.140 ASP.NET_SessionId=v4sr0zkzacze3mouncia1scm;+region=1;+lang=1;+__RequestVerificationToken=RH9ezm4kZ2-wwmjtjTuL-ZymLaimkPkviC8qf2ASEc-aWXAHS-MNG30m0PRb9di0VwUkJf40jZYILZ9eCiVBvKI0n2Q1;+BIGipServerextron.com_443_pool=!5S7tXiqUToJ84EkMjvaJwiHEDz8tIOwI4vIgmb+T3iRLDhxjUlXRW8D7J2Ep1r4KmhNFrjzB9hUcEg== https://www.extron.com/article/loudnesscontrol_ts www.extron.com 200 0 0 29329 2
2025-05-08 07:00:16 10.1.0.50 GET /MLC-Plus-200-Series/prodsubtype-639 - 443 - 10.1.16.1 Mozilla/5.0+(Windows+NT+10.0;+Win64;+x64;+rv:138.0)+Gecko/20100101+Firefox/138.0 ASP.NET_SessionId=j4455r3vqamqtcyucvqganrh;+region=1;+lang=1;+__RequestVerificationToken=OmekRpBuLjwllt2VjBYBDhFPFEHf-1SXjG_sBZzqRhH2C6746utbyzaGw91_JyZZP3pj4AKF59ftOGCZ6F54X4rhusk1;+BIGipServerextron.com_443_pool=!ADCTTCKedAc2+IkMjvaJwiHEDz8tIEcTCror+/E542zR2uD/A43PMQBvuCTR5YkCmQ0UdZlbaxq+2w==;+ExtronRecViewProd=nbp200 https://www.extron.com/MediaLink-Plus-Controllers/prodtype-80?subtype=csmlplus www.extron.com 200 0 0 1255315 430
2025-05-08 07:00:16 10.1.0.50 GET /site.webmanifest v=20180420 443 - 10.1.16.1 Mozilla/5.0+(Windows+NT+10.0;+Win64;+x64)+AppleWebKit/537.36+(KHTML,+like+Gecko)+Chrome/135.0.0.0+Safari/537.36 - https://www.extron.com/Receivers/prodsubtype-617 www.extron.com 304 0 0 1705 1
2025-05-08 07:00:16 10.1.0.50 GET /api/v1/Article/Get articlehandle=menuproducts&lang=1&region=2&loggedin=true 443 alexander.hermansson@informationsteknik.se 10.1.16.1 Mozilla/5.0+(Windows+NT+10.0;+Win64;+x64)+AppleWebKit/537.36+(KHTML,+like+Gecko)+Chrome/136.0.0.0+Safari/537.36 region=2;+lang=1;+.AspNet.Cookies=wtJ-C8r3vdnkPR1Aw1qzuyO0NV6Z74nKn2CeelxjHwsmhhAB6D9cqcH_Dhy34aW7wWBQoXjW7N63kxonahltPZ-jcrmaKoOM134-OT7-fza7mXHqKwjxrOWhBVFvVrb0vVl4xW6hGIzUNdWzEd5Eo_lm2HGowC_rXWb_YJ7IDbePcyyb1vS7AkgGAnGDFA-m8I-BHOJZs0F4eAWyU9bOhoxtjSJYB4u5OPHwnuvSEupyliuJB2WHI2rAKzuMcN7TdLmZrf8ug3HGbPkV4w8hpUukej2c8NMN7yefycgqbRBy_6W013dOD84roJuTo4fkJuQv5I1EDTHFL0R9haWr12Ejr4nQlCcXAxjU6wmSHDTJbQWWf3kYPN-1YWCP7H-9yOZ7R7KotSCCHmqI4GznIasdkE2K99YuhIfQLXdfEvRVh12x9Ef2ZunJA1a7X7d857dMvA;+ASP.NET_SessionId=kjuj034pqztdozgqslo2kn3a;+username=alexander.hermansson@informationsteknik.se;+PriceClass=26;+PriceList=EURS3+;+__RequestVerificationToken=jWmp1PELHc1Hb5W-j-xwFnm--3BkN2yvqBQbE54V1HHGm0m8LH4TjMMe3xN8YjYTOkAoegD8zLPo5XDn8kz605kRA4g1;+BIGipServerextron.com_443_pool=!I6oNOffSsY3+eF8MjvaJwiHEDz8tIOEnyqqQNmiOpvQubiTGHhBKSxOs/NdI0x5hO4sW/wzZdj9YtQ==;+_gid=GA1.2.1481421227.1746687589;+_gat_UA-130285241-1=1;+_clck=2ar2tt%7C2%7Cfvq%7C0%7C1938;+_ga_DP5ZZ9VH84=GS2.1.s1746687589$o15$g1$t1746687594$j55$l0$h0;+_ga=GA1.2.1242613871.1745311648;+_clsk=1wqke2q%7C1746687595313%7C3%7C1%7Ce.clarity.ms%2Fcollect https://www.extron.com/Training/LearningGuide/TrainingLibrary www.extron.com 200 0 0 9469 6
2025-05-08 07:00:16 10.1.0.50 GET /api/v1/Article/Get articlehandle=menucompany&lang=1&region=2&loggedin=true 443 alexander.hermansson@informationsteknik.se 10.1.16.1 Mozilla/5.0+(Windows+NT+10.0;+Win64;+x64)+AppleWebKit/537.36+(KHTML,+like+Gecko)+Chrome/136.0.0.0+Safari/537.36 region=2;+lang=1;+.AspNet.Cookies=wtJ-C8r3vdnkPR1Aw1qzuyO0NV6Z74nKn2CeelxjHwsmhhAB6D9cqcH_Dhy34aW7wWBQoXjW7N63kxonahltPZ-jcrmaKoOM134-OT7-fza7mXHqKwjxrOWhBVFvVrb0vVl4xW6hGIzUNdWzEd5Eo_lm2HGowC_rXWb_YJ7IDbePcyyb1vS7AkgGAnGDFA-m8I-BHOJZs0F4eAWyU9bOhoxtjSJYB4u5OPHwnuvSEupyliuJB2WHI2rAKzuMcN7TdLmZrf8ug3HGbPkV4w8hpUukej2c8NMN7yefycgqbRBy_6W013dOD84roJuTo4fkJuQv5I1EDTHFL0R9haWr12Ejr4nQlCcXAxjU6wmSHDTJbQWWf3kYPN-1YWCP7H-9yOZ7R7KotSCCHmqI4GznIasdkE2K99YuhIfQLXdfEvRVh12x9Ef2ZunJA1a7X7d857dMvA;+ASP.NET_SessionId=kjuj034pqztdozgqslo2kn3a;+username=alexander.hermansson@informationsteknik.se;+PriceClass=26;+PriceList=EURS3+;+__RequestVerificationToken=jWmp1PELHc1Hb5W-j-xwFnm--3BkN2yvqBQbE54V1HHGm0m8LH4TjMMe3xN8YjYTOkAoegD8zLPo5XDn8kz605kRA4g1;+BIGipServerextron.com_443_pool=!I6oNOffSsY3+eF8MjvaJwiHEDz8tIOEnyqqQNmiOpvQubiTGHhBKSxOs/NdI0x5hO4sW/wzZdj9YtQ==;+_gid=GA1.2.1481421227.1746687589;+_gat_UA-130285241-1=1;+_clck=2ar2tt%7C2%7Cfvq%7C0%7C1938;+_ga_DP5ZZ9VH84=GS2.1.s1746687589$o15$g1$t1746687594$j55$l0$h0;+_ga=GA1.2.1242613871.1745311648;+_clsk=1wqke2q%7C1746687595313%7C3%7C1%7Ce.clarity.ms%2Fcollect https://www.extron.com/Training/LearningGuide/TrainingLibrary www.extron.com 200 0 0 9077 6
2025-05-08 07:00:16 10.1.0.50 GET /api/v1/Article/Get articlehandle=menudownload&lang=1&region=2&loggedin=true 443 alexander.hermansson@informationsteknik.se 10.1.16.1 Mozilla/5.0+(Windows+NT+10.0;+Win64;+x64)+AppleWebKit/537.36+(KHTML,+like+Gecko)+Chrome/136.0.0.0+Safari/537.36 region=2;+lang=1;+.AspNet.Cookies=wtJ-C8r3vdnkPR1Aw1qzuyO0NV6Z74nKn2CeelxjHwsmhhAB6D9cqcH_Dhy34aW7wWBQoXjW7N63kxonahltPZ-jcrmaKoOM134-OT7-fza7mXHqKwjxrOWhBVFvVrb0vVl4xW6hGIzUNdWzEd5Eo_lm2HGowC_rXWb_YJ7IDbePcyyb1vS7AkgGAnGDFA-m8I-BHOJZs0F4eAWyU9bOhoxtjSJYB4u5OPHwnuvSEupyliuJB2WHI2rAKzuMcN7TdLmZrf8ug3HGbPkV4w8hpUukej2c8NMN7yefycgqbRBy_6W013dOD84roJuTo4fkJuQv5I1EDTHFL0R9haWr12Ejr4nQlCcXAxjU6wmSHDTJbQWWf3kYPN-1YWCP7H-9yOZ7R7KotSCCHmqI4GznIasdkE2K99YuhIfQLXdfEvRVh12x9Ef2ZunJA1a7X7d857dMvA;+ASP.NET_SessionId=kjuj034pqztdozgqslo2kn3a;+username=alexander.hermansson@informationsteknik.se;+PriceClass=26;+PriceList=EURS3+;+__RequestVerificationToken=jWmp1PELHc1Hb5W-j-xwFnm--3BkN2yvqBQbE54V1HHGm0m8LH4TjMMe3xN8YjYTOkAoegD8zLPo5XDn8kz605kRA4g1;+BIGipServerextron.com_443_pool=!I6oNOffSsY3+eF8MjvaJwiHEDz8tIOEnyqqQNmiOpvQubiTGHhBKSxOs/NdI0x5hO4sW/wzZdj9YtQ==;+_gid=GA1.2.1481421227.1746687589;+_gat_UA-130285241-1=1;+_clck=2ar2tt%7C2%7Cfvq%7C0%7C1938;+_ga_DP5ZZ9VH84=GS2.1.s1746687589$o15$g1$t1746687594$j55$l0$h0;+_ga=GA1.2.1242613871.1745311648;+_clsk=1wqke2q%7C1746687595313%7C3%7C1%7Ce.clarity.ms%2Fcollect https://www.extron.com/Training/LearningGuide/TrainingLibrary www.extron.com 200 0 0 6665 5
2025-05-08 07:00:16 10.1.0.50 GET /api/v1/Article/Get articlehandle=menutraining&lang=1&region=2&loggedin=true 443 alexander.hermansson@informationsteknik.se 10.1.16.1 Mozilla/5.0+(Windows+NT+10.0;+Win64;+x64)+AppleWebKit/537.36+(KHTML,+like+Gecko)+Chrome/136.0.0.0+Safari/537.36 region=2;+lang=1;+.AspNet.Cookies=wtJ-C8r3vdnkPR1Aw1qzuyO0NV6Z74nKn2CeelxjHwsmhhAB6D9cqcH_Dhy34aW7wWBQoXjW7N63kxonahltPZ-jcrmaKoOM134-OT7-fza7mXHqKwjxrOWhBVFvVrb0vVl4xW6hGIzUNdWzEd5Eo_lm2HGowC_rXWb_YJ7IDbePcyyb1vS7AkgGAnGDFA-m8I-BHOJZs0F4eAWyU9bOhoxtjSJYB4u5OPHwnuvSEupyliuJB2WHI2rAKzuMcN7TdLmZrf8ug3HGbPkV4w8hpUukej2c8NMN7yefycgqbRBy_6W013dOD84roJuTo4fkJuQv5I1EDTHFL0R9haWr12Ejr4nQlCcXAxjU6wmSHDTJbQWWf3kYPN-1YWCP7H-9yOZ7R7KotSCCHmqI4GznIasdkE2K99YuhIfQLXdfEvRVh12x9Ef2ZunJA1a7X7d857dMvA;+ASP.NET_SessionId=kjuj034pqztdozgqslo2kn3a;+username=alexander.hermansson@informationsteknik.se;+PriceClass=26;+PriceList=EURS3+;+__RequestVerificationToken=jWmp1PELHc1Hb5W-j-xwFnm--3BkN2yvqBQbE54V1HHGm0m8LH4TjMMe3xN8YjYTOkAoegD8zLPo5XDn8kz605kRA4g1;+BIGipServerextron.com_443_pool=!I6oNOffSsY3+eF8MjvaJwiHEDz8tIOEnyqqQNmiOpvQubiTGHhBKSxOs/NdI0x5hO4sW/wzZdj9YtQ==;+_gid=GA1.2.1481421227.1746687589;+_gat_UA-130285241-1=1;+_clck=2ar2tt%7C2%7Cfvq%7C0%7C1938;+_ga_DP5ZZ9VH84=GS2.1.s1746687589$o15$g1$t1746687594$j55$l0$h0;+_ga=GA1.2.1242613871.1745311648;+_clsk=1wqke2q%7C1746687595313%7C3%7C1%7Ce.clarity.ms%2Fcollect https://www.extron.com/Training/LearningGuide/TrainingLibrary www.extron.com 200 0 0 7554 6
2025-05-08 07:00:16 10.1.0.50 GET /api/v1/Article/Get articlehandle=menuresources&lang=1&region=2&loggedin=true 443 alexander.hermansson@informationsteknik.se 10.1.16.1 Mozilla/5.0+(Windows+NT+10.0;+Win64;+x64)+AppleWebKit/537.36+(KHTML,+like+Gecko)+Chrome/136.0.0.0+Safari/537.36 region=2;+lang=1;+.AspNet.Cookies=wtJ-C8r3vdnkPR1Aw1qzuyO0NV6Z74nKn2CeelxjHwsmhhAB6D9cqcH_Dhy34aW7wWBQoXjW7N63kxonahltPZ-jcrmaKoOM134-OT7-fza7mXHqKwjxrOWhBVFvVrb0vVl4xW6hGIzUNdWzEd5Eo_lm2HGowC_rXWb_YJ7IDbePcyyb1vS7AkgGAnGDFA-m8I-BHOJZs0F4eAWyU9bOhoxtjSJYB4u5OPHwnuvSEupyliuJB2WHI2rAKzuMcN7TdLmZrf8ug3HGbPkV4w8hpUukej2c8NMN7yefycgqbRBy_6W013dOD84roJuTo4fkJuQv5I1EDTHFL0R9haWr12Ejr4nQlCcXAxjU6wmSHDTJbQWWf3kYPN-1YWCP7H-9yOZ7R7KotSCCHmqI4GznIasdkE2K99YuhIfQLXdfEvRVh12x9Ef2ZunJA1a7X7d857dMvA;+ASP.NET_SessionId=kjuj034pqztdozgqslo2kn3a;+username=alexander.hermansson@informationsteknik.se;+PriceClass=26;+PriceList=EURS3+;+__RequestVerificationToken=jWmp1PELHc1Hb5W-j-xwFnm--3BkN2yvqBQbE54V1HHGm0m8LH4TjMMe3xN8YjYTOkAoegD8zLPo5XDn8kz605kRA4g1;+BIGipServerextron.com_443_pool=!I6oNOffSsY3+eF8MjvaJwiHEDz8tIOEnyqqQNmiOpvQubiTGHhBKSxOs/NdI0x5hO4sW/wzZdj9YtQ==;+_gid=GA1.2.1481421227.1746687589;+_gat_UA-130285241-1=1;+_clck=2ar2tt%7C2%7Cfvq%7C0%7C1938;+_ga_DP5ZZ9VH84=GS2.1.s1746687589$o15$g1$t1746687594$j55$l0$h0;+_ga=GA1.2.1242613871.1745311648;+_clsk=1wqke2q%7C1746687595313%7C3%7C1%7Ce.clarity.ms%2Fcollect https://www.extron.com/Training/LearningGuide/TrainingLibrary www.extron.com 200 0 0 11192 5
2025-05-08 07:00:16 10.1.0.50 GET /site.webmanifest v=20180420 443 - 10.1.16.1 Mozilla/5.0+(Windows+NT+10.0;+Win64;+x64)+AppleWebKit/537.36+(KHTML,+like+Gecko)+Chrome/136.0.0.0+Safari/537.36 - https://www.extron.com/Training/LearningGuide/TrainingLibrary www.extron.com 304 0 0 1705 1
2025-05-08 07:00:16 10.1.0.50 GET /Content/vendor/bs-offcanvas/dist/css/bootstrap.offcanvas.css - 443 - 10.1.16.1 Mozilla/5.0+(Windows+NT+10.0;+Win64;+x64;+rv:138.0)+Gecko/20100101+Firefox/138.0 ASP.NET_SessionId=j4455r3vqamqtcyucvqganrh;+region=1;+lang=1;+__RequestVerificationToken=OmekRpBuLjwllt2VjBYBDhFPFEHf-1SXjG_sBZzqRhH2C6746utbyzaGw91_JyZZP3pj4AKF59ftOGCZ6F54X4rhusk1;+BIGipServerextron.com_443_pool=!ADCTTCKedAc2+IkMjvaJwiHEDz8tIEcTCror+/E542zR2uD/A43PMQBvuCTR5YkCmQ0UdZlbaxq+2w==;+ExtronRecViewProd=nbp200 https://www.extron.com/MLC-Plus-200-Series/prodsubtype-639 www.extron.com 304 0 0 1705 0
2025-05-08 07:00:16 10.1.0.50 GET /Content/vendor/jqueryui/themes/smoothness/jquery-1.12.0-ui.css - 443 - 10.1.16.1 Mozilla/5.0+(Windows+NT+10.0;+Win64;+x64;+rv:138.0)+Gecko/20100101+Firefox/138.0 ASP.NET_SessionId=j4455r3vqamqtcyucvqganrh;+region=1;+lang=1;+__RequestVerificationToken=OmekRpBuLjwllt2VjBYBDhFPFEHf-1SXjG_sBZzqRhH2C6746utbyzaGw91_JyZZP3pj4AKF59ftOGCZ6F54X4rhusk1;+BIGipServerextron.com_443_pool=!ADCTTCKedAc2+IkMjvaJwiHEDz8tIEcTCror+/E542zR2uD/A43PMQBvuCTR5YkCmQ0UdZlbaxq+2w==;+ExtronRecViewProd=nbp200 https://www.extron.com/MLC-Plus-200-Series/prodsubtype-639 www.extron.com 200 0 0 39722 1
2025-05-08 07:00:16 10.1.0.50 GET /Content/vendor/fancybox-3.5.7/dist/jquery.fancybox.css - 443 - 10.1.16.1 Mozilla/5.0+(Windows+NT+10.0;+Win64;+x64;+rv:138.0)+Gecko/20100101+Firefox/138.0 ASP.NET_SessionId=j4455r3vqamqtcyucvqganrh;+region=1;+lang=1;+__RequestVerificationToken=OmekRpBuLjwllt2VjBYBDhFPFEHf-1SXjG_sBZzqRhH2C6746utbyzaGw91_JyZZP3pj4AKF59ftOGCZ6F54X4rhusk1;+BIGipServerextron.com_443_pool=!ADCTTCKedAc2+IkMjvaJwiHEDz8tIEcTCror+/E542zR2uD/A43PMQBvuCTR5YkCmQ0UdZlbaxq+2w==;+ExtronRecViewProd=nbp200 https://www.extron.com/MLC-Plus-200-Series/prodsubtype-639 www.extron.com 304 0 0 1705 0
2025-05-08 07:00:16 10.1.0.50 GET /Content/vendor/fontawesome/css/all.min.css - 443 - 10.1.16.1 Mozilla/5.0+(Windows+NT+10.0;+Win64;+x64;+rv:138.0)+Gecko/20100101+Firefox/138.0 ASP.NET_SessionId=j4455r3vqamqtcyucvqganrh;+region=1;+lang=1;+__RequestVerificationToken=OmekRpBuLjwllt2VjBYBDhFPFEHf-1SXjG_sBZzqRhH2C6746utbyzaGw91_JyZZP3pj4AKF59ftOGCZ6F54X4rhusk1;+BIGipServerextron.com_443_pool=!ADCTTCKedAc2+IkMjvaJwiHEDz8tIEcTCror+/E542zR2uD/A43PMQBvuCTR5YkCmQ0UdZlbaxq+2w==;+ExtronRecViewProd=nbp200 https://www.extron.com/MLC-Plus-200-Series/prodsubtype-639 www.extron.com 304 0 0 1703 1
2025-05-08 07:00:16 10.1.0.50 GET /Content/css/Shared/extron.css - 443 - 10.1.16.1 Mozilla/5.0+(Windows+NT+10.0;+Win64;+x64;+rv:138.0)+Gecko/20100101+Firefox/138.0 ASP.NET_SessionId=j4455r3vqamqtcyucvqganrh;+region=1;+lang=1;+__RequestVerificationToken=OmekRpBuLjwllt2VjBYBDhFPFEHf-1SXjG_sBZzqRhH2C6746utbyzaGw91_JyZZP3pj4AKF59ftOGCZ6F54X4rhusk1;+BIGipServerextron.com_443_pool=!ADCTTCKedAc2+IkMjvaJwiHEDz8tIEcTCror+/E542zR2uD/A43PMQBvuCTR5YkCmQ0UdZlbaxq+2w==;+ExtronRecViewProd=nbp200 https://www.extron.com/MLC-Plus-200-Series/prodsubtype-639 www.extron.com 304 0 0 1703 1
2025-05-08 07:00:16 10.1.0.50 GET /Content/css/Shared/cookies.css - 443 - 10.1.16.1 Mozilla/5.0+(Windows+NT+10.0;+Win64;+x64;+rv:138.0)+Gecko/20100101+Firefox/138.0 ASP.NET_SessionId=j4455r3vqamqtcyucvqganrh;+region=1;+lang=1;+__RequestVerificationToken=OmekRpBuLjwllt2VjBYBDhFPFEHf-1SXjG_sBZzqRhH2C6746utbyzaGw91_JyZZP3pj4AKF59ftOGCZ6F54X4rhusk1;+BIGipServerextron.com_443_pool=!ADCTTCKedAc2+IkMjvaJwiHEDz8tIEcTCror+/E542zR2uD/A43PMQBvuCTR5YkCmQ0UdZlbaxq+2w==;+ExtronRecViewProd=nbp200 https://www.extron.com/MLC-Plus-200-Series/prodsubtype-639 www.extron.com 304 0 0 1705 1
2025-05-08 07:00:16 10.1.0.50 GET /Content/vendor/jqueryui/jquery-1.12.0-ui.min.js - 443 - 10.1.16.1 Mozilla/5.0+(Windows+NT+10.0;+Win64;+x64;+rv:138.0)+Gecko/20100101+Firefox/138.0 ASP.NET_SessionId=j4455r3vqamqtcyucvqganrh;+region=1;+lang=1;+__RequestVerificationToken=OmekRpBuLjwllt2VjBYBDhFPFEHf-1SXjG_sBZzqRhH2C6746utbyzaGw91_JyZZP3pj4AKF59ftOGCZ6F54X4rhusk1;+BIGipServerextron.com_443_pool=!ADCTTCKedAc2+IkMjvaJwiHEDz8tIEcTCror+/E542zR2uD/A43PMQBvuCTR5YkCmQ0UdZlbaxq+2w==;+ExtronRecViewProd=nbp200 https://www.extron.com/MLC-Plus-200-Series/prodsubtype-639 www.extron.com 304 0 0 1705 0
2025-05-08 07:00:16 10.1.0.50 GET /Content/css/Shared/prodsidebar/prodsidebar.css nocache=01232019 443 - 10.1.16.1 Mozilla/5.0+(Windows+NT+10.0;+Win64;+x64;+rv:138.0)+Gecko/20100101+Firefox/138.0 ASP.NET_SessionId=j4455r3vqamqtcyucvqganrh;+region=1;+lang=1;+__RequestVerificationToken=OmekRpBuLjwllt2VjBYBDhFPFEHf-1SXjG_sBZzqRhH2C6746utbyzaGw91_JyZZP3pj4AKF59ftOGCZ6F54X4rhusk1;+BIGipServerextron.com_443_pool=!ADCTTCKedAc2+IkMjvaJwiHEDz8tIEcTCror+/E542zR2uD/A43PMQBvuCTR5YkCmQ0UdZlbaxq+2w==;+ExtronRecViewProd=nbp200 https://www.extron.com/MLC-Plus-200-Series/prodsubtype-639 www.extron.com 304 0 0 1705 1
2025-05-08 07:00:16 10.1.0.50 GET /Content/vendor/jquery/jquery-3.3.1.min.js - 443 - 10.1.16.1 Mozilla/5.0+(Windows+NT+10.0;+Win64;+x64;+rv:138.0)+Gecko/20100101+Firefox/138.0 ASP.NET_SessionId=j4455r3vqamqtcyucvqganrh;+region=1;+lang=1;+__RequestVerificationToken=OmekRpBuLjwllt2VjBYBDhFPFEHf-1SXjG_sBZzqRhH2C6746utbyzaGw91_JyZZP3pj4AKF59ftOGCZ6F54X4rhusk1;+BIGipServerextron.com_443_pool=!ADCTTCKedAc2+IkMjvaJwiHEDz8tIEcTCror+/E542zR2uD/A43PMQBvuCTR5YkCmQ0UdZlbaxq+2w==;+ExtronRecViewProd=nbp200 https://www.extron.com/MLC-Plus-200-Series/prodsubtype-639 www.extron.com 304 0 0 1705 1
2025-05-08 07:00:16 10.1.0.50 GET /Content/vendor/bootstrap/bootstrap.bundle.min.js - 443 - 10.1.16.1 Mozilla/5.0+(Windows+NT+10.0;+Win64;+x64;+rv:138.0)+Gecko/20100101+Firefox/138.0 ASP.NET_SessionId=j4455r3vqamqtcyucvqganrh;+region=1;+lang=1;+__RequestVerificationToken=OmekRpBuLjwllt2VjBYBDhFPFEHf-1SXjG_sBZzqRhH2C6746utbyzaGw91_JyZZP3pj4AKF59ftOGCZ6F54X4rhusk1;+BIGipServerextron.com_443_pool=!ADCTTCKedAc2+IkMjvaJwiHEDz8tIEcTCror+/E542zR2uD/A43PMQBvuCTR5YkCmQ0UdZlbaxq+2w==;+ExtronRecViewProd=nbp200 https://www.extron.com/MLC-Plus-200-Series/prodsubtype-639 www.extron.com 304 0 0 1705 0
2025-05-08 07:00:16 10.1.0.50 GET /Content/vendor/jquery-unobtrusive-ajax/jquery.unobtrusive-ajax.js - 443 - 10.1.16.1 Mozilla/5.0+(Windows+NT+10.0;+Win64;+x64;+rv:138.0)+Gecko/20100101+Firefox/138.0 ASP.NET_SessionId=j4455r3vqamqtcyucvqganrh;+region=1;+lang=1;+__RequestVerificationToken=OmekRpBuLjwllt2VjBYBDhFPFEHf-1SXjG_sBZzqRhH2C6746utbyzaGw91_JyZZP3pj4AKF59ftOGCZ6F54X4rhusk1;+BIGipServerextron.com_443_pool=!ADCTTCKedAc2+IkMjvaJwiHEDz8tIEcTCror+/E542zR2uD/A43PMQBvuCTR5YkCmQ0UdZlbaxq+2w==;+ExtronRecViewProd=nbp200 https://www.extron.com/MLC-Plus-200-Series/prodsubtype-639 www.extron.com 304 0 0 1705 0
2025-05-08 07:00:16 10.1.0.50 GET /Content/vendor/bs-offcanvas/dist/js/bootstrap.offcanvas.js - 443 - 10.1.16.1 Mozilla/5.0+(Windows+NT+10.0;+Win64;+x64;+rv:138.0)+Gecko/20100101+Firefox/138.0 ASP.NET_SessionId=j4455r3vqamqtcyucvqganrh;+region=1;+lang=1;+__RequestVerificationToken=OmekRpBuLjwllt2VjBYBDhFPFEHf-1SXjG_sBZzqRhH2C6746utbyzaGw91_JyZZP3pj4AKF59ftOGCZ6F54X4rhusk1;+BIGipServerextron.com_443_pool=!ADCTTCKedAc2+IkMjvaJwiHEDz8tIEcTCror+/E542zR2uD/A43PMQBvuCTR5YkCmQ0UdZlbaxq+2w==;+ExtronRecViewProd=nbp200 https://www.extron.com/MLC-Plus-200-Series/prodsubtype-639 www.extron.com 304 0 0 1705 1
2025-05-08 07:00:16 10.1.0.50 GET /Content/vendor/hoverintent/jquery.hoverIntent.js - 443 - 10.1.16.1 Mozilla/5.0+(Windows+NT+10.0;+Win64;+x64;+rv:138.0)+Gecko/20100101+Firefox/138.0 ASP.NET_SessionId=j4455r3vqamqtcyucvqganrh;+region=1;+lang=1;+__RequestVerificationToken=OmekRpBuLjwllt2VjBYBDhFPFEHf-1SXjG_sBZzqRhH2C6746utbyzaGw91_JyZZP3pj4AKF59ftOGCZ6F54X4rhusk1;+BIGipServerextron.com_443_pool=!ADCTTCKedAc2+IkMjvaJwiHEDz8tIEcTCror+/E542zR2uD/A43PMQBvuCTR5YkCmQ0UdZlbaxq+2w==;+ExtronRecViewProd=nbp200 https://www.extron.com/MLC-Plus-200-Series/prodsubtype-639 www.extron.com 304 0 0 1705 1
2025-05-08 07:00:16 10.1.0.50 GET /Content/vendor/jquery-debounce/jquery.ba-throttle-debounce.js - 443 - 10.1.16.1 Mozilla/5.0+(Windows+NT+10.0;+Win64;+x64;+rv:138.0)+Gecko/20100101+Firefox/138.0 ASP.NET_SessionId=j4455r3vqamqtcyucvqganrh;+region=1;+lang=1;+__RequestVerificationToken=OmekRpBuLjwllt2VjBYBDhFPFEHf-1SXjG_sBZzqRhH2C6746utbyzaGw91_JyZZP3pj4AKF59ftOGCZ6F54X4rhusk1;+BIGipServerextron.com_443_pool=!ADCTTCKedAc2+IkMjvaJwiHEDz8tIEcTCror+/E542zR2uD/A43PMQBvuCTR5YkCmQ0UdZlbaxq+2w==;+ExtronRecViewProd=nbp200 https://www.extron.com/MLC-Plus-200-Series/prodsubtype-639 www.extron.com 304 0 0 1705 1
2025-05-08 07:00:16 10.1.0.50 GET /Content/vendor/fancybox-3.5.7/dist/jquery.fancybox.js - 443 - 10.1.16.1 Mozilla/5.0+(Windows+NT+10.0;+Win64;+x64;+rv:138.0)+Gecko/20100101+Firefox/138.0 ASP.NET_SessionId=j4455r3vqamqtcyucvqganrh;+region=1;+lang=1;+__RequestVerificationToken=OmekRpBuLjwllt2VjBYBDhFPFEHf-1SXjG_sBZzqRhH2C6746utbyzaGw91_JyZZP3pj4AKF59ftOGCZ6F54X4rhusk1;+BIGipServerextron.com_443_pool=!ADCTTCKedAc2+IkMjvaJwiHEDz8tIEcTCror+/E542zR2uD/A43PMQBvuCTR5YkCmQ0UdZlbaxq+2w==;+ExtronRecViewProd=nbp200 https://www.extron.com/MLC-Plus-200-Series/prodsubtype-639 www.extron.com 304 0 0 1705 1
2025-05-08 07:00:16 10.1.0.50 GET /Content/vendor/jquery-mobile-events/jquery.mobile-events.js - 443 - 10.1.16.1 Mozilla/5.0+(Windows+NT+10.0;+Win64;+x64;+rv:138.0)+Gecko/20100101+Firefox/138.0 ASP.NET_SessionId=j4455r3vqamqtcyucvqganrh;+region=1;+lang=1;+__RequestVerificationToken=OmekRpBuLjwllt2VjBYBDhFPFEHf-1SXjG_sBZzqRhH2C6746utbyzaGw91_JyZZP3pj4AKF59ftOGCZ6F54X4rhusk1;+BIGipServerextron.com_443_pool=!ADCTTCKedAc2+IkMjvaJwiHEDz8tIEcTCror+/E542zR2uD/A43PMQBvuCTR5YkCmQ0UdZlbaxq+2w==;+ExtronRecViewProd=nbp200 https://www.extron.com/MLC-Plus-200-Series/prodsubtype-639 www.extron.com 304 0 0 1705 1
2025-05-08 07:00:16 10.1.0.50 GET /Content/vendor/js-cookie/js.cookie-2.2.0.js - 443 - 10.1.16.1 Mozilla/5.0+(Windows+NT+10.0;+Win64;+x64;+rv:138.0)+Gecko/20100101+Firefox/138.0 ASP.NET_SessionId=j4455r3vqamqtcyucvqganrh;+region=1;+lang=1;+__RequestVerificationToken=OmekRpBuLjwllt2VjBYBDhFPFEHf-1SXjG_sBZzqRhH2C6746utbyzaGw91_JyZZP3pj4AKF59ftOGCZ6F54X4rhusk1;+BIGipServerextron.com_443_pool=!ADCTTCKedAc2+IkMjvaJwiHEDz8tIEcTCror+/E542zR2uD/A43PMQBvuCTR5YkCmQ0UdZlbaxq+2w==;+ExtronRecViewProd=nbp200 https://www.extron.com/MLC-Plus-200-Series/prodsubtype-639 www.extron.com 304 0 0 1705 1
2025-05-08 07:00:16 10.1.0.50 GET /Content/vendor/prependaround/prependaround.js - 443 - 10.1.16.1 Mozilla/5.0+(Windows+NT+10.0;+Win64;+x64;+rv:138.0)+Gecko/20100101+Firefox/138.0 ASP.NET_SessionId=j4455r3vqamqtcyucvqganrh;+region=1;+lang=1;+__RequestVerificationToken=OmekRpBuLjwllt2VjBYBDhFPFEHf-1SXjG_sBZzqRhH2C6746utbyzaGw91_JyZZP3pj4AKF59ftOGCZ6F54X4rhusk1;+BIGipServerextron.com_443_pool=!ADCTTCKedAc2+IkMjvaJwiHEDz8tIEcTCror+/E542zR2uD/A43PMQBvuCTR5YkCmQ0UdZlbaxq+2w==;+ExtronRecViewProd=nbp200 https://www.extron.com/MLC-Plus-200-Series/prodsubtype-639 www.extron.com 304 0 0 1705 1
2025-05-08 07:00:16 10.1.0.50 GET /Scripts/Shared/login.js 20210406 443 - 10.1.16.1 Mozilla/5.0+(Windows+NT+10.0;+Win64;+x64;+rv:138.0)+Gecko/20100101+Firefox/138.0 ASP.NET_SessionId=j4455r3vqamqtcyucvqganrh;+region=1;+lang=1;+__RequestVerificationToken=OmekRpBuLjwllt2VjBYBDhFPFEHf-1SXjG_sBZzqRhH2C6746utbyzaGw91_JyZZP3pj4AKF59ftOGCZ6F54X4rhusk1;+BIGipServerextron.com_443_pool=!ADCTTCKedAc2+IkMjvaJwiHEDz8tIEcTCror+/E542zR2uD/A43PMQBvuCTR5YkCmQ0UdZlbaxq+2w==;+ExtronRecViewProd=nbp200 https://www.extron.com/MLC-Plus-200-Series/prodsubtype-639 www.extron.com 304 0 0 1705 1
2025-05-08 07:00:16 10.1.0.50 GET /Content/vendor/slick/slick.js - 443 - 10.1.16.1 Mozilla/5.0+(Windows+NT+10.0;+Win64;+x64;+rv:138.0)+Gecko/20100101+Firefox/138.0 ASP.NET_SessionId=j4455r3vqamqtcyucvqganrh;+region=1;+lang=1;+__RequestVerificationToken=OmekRpBuLjwllt2VjBYBDhFPFEHf-1SXjG_sBZzqRhH2C6746utbyzaGw91_JyZZP3pj4AKF59ftOGCZ6F54X4rhusk1;+BIGipServerextron.com_443_pool=!ADCTTCKedAc2+IkMjvaJwiHEDz8tIEcTCror+/E542zR2uD/A43PMQBvuCTR5YkCmQ0UdZlbaxq+2w==;+ExtronRecViewProd=nbp200 https://www.extron.com/MLC-Plus-200-Series/prodsubtype-639 www.extron.com 304 0 0 1705 1
2025-05-08 07:00:16 10.1.0.50 GET /Scripts/Shared/videoplayer.js - 443 - 10.1.16.1 Mozilla/5.0+(Windows+NT+10.0;+Win64;+x64;+rv:138.0)+Gecko/20100101+Firefox/138.0 ASP.NET_SessionId=j4455r3vqamqtcyucvqganrh;+region=1;+lang=1;+__RequestVerificationToken=OmekRpBuLjwllt2VjBYBDhFPFEHf-1SXjG_sBZzqRhH2C6746utbyzaGw91_JyZZP3pj4AKF59ftOGCZ6F54X4rhusk1;+BIGipServerextron.com_443_pool=!ADCTTCKedAc2+IkMjvaJwiHEDz8tIEcTCror+/E542zR2uD/A43PMQBvuCTR5YkCmQ0UdZlbaxq+2w==;+ExtronRecViewProd=nbp200 https://www.extron.com/MLC-Plus-200-Series/prodsubtype-639 www.extron.com 304 0 0 1705 1
2025-05-08 07:00:16 10.1.0.50 GET /Scripts/Shared/main.js 20240613 443 - 10.1.16.1 Mozilla/5.0+(Windows+NT+10.0;+Win64;+x64;+rv:138.0)+Gecko/20100101+Firefox/138.0 ASP.NET_SessionId=j4455r3vqamqtcyucvqganrh;+region=1;+lang=1;+__RequestVerificationToken=OmekRpBuLjwllt2VjBYBDhFPFEHf-1SXjG_sBZzqRhH2C6746utbyzaGw91_JyZZP3pj4AKF59ftOGCZ6F54X4rhusk1;+BIGipServerextron.com_443_pool=!ADCTTCKedAc2+IkMjvaJwiHEDz8tIEcTCror+/E542zR2uD/A43PMQBvuCTR5YkCmQ0UdZlbaxq+2w==;+ExtronRecViewProd=nbp200 https://www.extron.com/MLC-Plus-200-Series/prodsubtype-639 www.extron.com 304 0 0 1705 1
2025-05-08 07:00:16 10.1.0.50 GET /Scripts/Shared/autohide.js - 443 - 10.1.16.1 Mozilla/5.0+(Windows+NT+10.0;+Win64;+x64;+rv:138.0)+Gecko/20100101+Firefox/138.0 ASP.NET_SessionId=j4455r3vqamqtcyucvqganrh;+region=1;+lang=1;+__RequestVerificationToken=OmekRpBuLjwllt2VjBYBDhFPFEHf-1SXjG_sBZzqRhH2C6746utbyzaGw91_JyZZP3pj4AKF59ftOGCZ6F54X4rhusk1;+BIGipServerextron.com_443_pool=!ADCTTCKedAc2+IkMjvaJwiHEDz8tIEcTCror+/E542zR2uD/A43PMQBvuCTR5YkCmQ0UdZlbaxq+2w==;+ExtronRecViewProd=nbp200 https://www.extron.com/MLC-Plus-200-Series/prodsubtype-639 www.extron.com 304 0 0 1705 1
2025-05-08 07:00:16 10.1.0.50 GET /Content/css/Shared/fonts/roboto-v18-cyrillic_latin-ext_latin_cyrillic-ext-regular.woff2 - 443 - 10.1.16.1 Mozilla/5.0+(Windows+NT+6.1;+Win64;+x64)+AppleWebKit/537.36+(KHTML,+like+Gecko)+Chrome/109.0.0.0+Safari/537.36+Edg/109.0.1518.140 ASP.NET_SessionId=v4sr0zkzacze3mouncia1scm;+region=1;+lang=1;+__RequestVerificationToken=RH9ezm4kZ2-wwmjtjTuL-ZymLaimkPkviC8qf2ASEc-aWXAHS-MNG30m0PRb9di0VwUkJf40jZYILZ9eCiVBvKI0n2Q1;+BIGipServerextron.com_443_pool=!5S7tXiqUToJ84EkMjvaJwiHEDz8tIOwI4vIgmb+T3iRLDhxjUlXRW8D7J2Ep1r4KmhNFrjzB9hUcEg== https://www.extron.com/Content/css/Shared/extron.css www.extron.com 200 0 0 66538 1
2025-05-08 07:00:16 10.1.0.50 GET /technology/literature.aspx tabid=1&tabid=3&tabid=5&tabid=1&tabid=1&tabid=3&tabid=1&tabid=1&filetype=4&lang=7&tabid=1&id=v&filetype=81&lang=1&tabid=3&id=m&filetype=6&lang=7&tabid=5&id=all&filetype=4&lang=7&tabid=1&id=q&tabid=1&tabid=3&tabid=1&tabid=1&filetype=4&lang=7&tabid=1&id=v&filetype=81&lang=1&tabid=3&id=m&filetype=6&lang=7&tabid=5&id=all&tabid=1&tabid=1&filetype=81&lang=1&tabid=3&id=m&tabid=1&tabid=1&filetype=4&lang=7&tabid=1&id=v&filetype=81&lang=1&tabid=3&id=m&filetype=6&lang=7&tabid=5&id=all&filetype=4&lang=7&tabid=1&id=q&filetype=81&lang=1&tabid=3&id=D&filetype=102&lang=7&tabid=4&id=L&filetype=4&lang=7&tabid=1&id=R&filetype=4&lang=7&tabid=1&id=All 443 - 10.1.16.1 Mozilla/5.0+AppleWebKit/537.36+(KHTML,+like+Gecko;+compatible;+bingbot/2.0;++http://www.bing.com/bingbot.htm)+Chrome/116.0.1938.76+Safari/537.36 - - www.extron.com.au 200 0 0 173517 744
2025-05-08 07:00:16 10.1.0.50 GET /Scripts/ProdSidebar/prodsidebar.js nocache=06232021 443 - 10.1.16.1 Mozilla/5.0+(Windows+NT+10.0;+Win64;+x64;+rv:138.0)+Gecko/20100101+Firefox/138.0 ASP.NET_SessionId=j4455r3vqamqtcyucvqganrh;+region=1;+lang=1;+__RequestVerificationToken=OmekRpBuLjwllt2VjBYBDhFPFEHf-1SXjG_sBZzqRhH2C6746utbyzaGw91_JyZZP3pj4AKF59ftOGCZ6F54X4rhusk1;+BIGipServerextron.com_443_pool=!ADCTTCKedAc2+IkMjvaJwiHEDz8tIEcTCror+/E542zR2uD/A43PMQBvuCTR5YkCmQ0UdZlbaxq+2w==;+ExtronRecViewProd=nbp200 https://www.extron.com/MLC-Plus-200-Series/prodsubtype-639 www.extron.com 304 0 0 1705 1
2025-05-08 07:00:17 10.1.0.50 GET /api/v1/Article/Get articlehandle=menutraining&lang=1&region=1&loggedin=false 443 - 10.1.16.1 Mozilla/5.0+(Windows+NT+10.0;+Win64;+x64;+rv:138.0)+Gecko/20100101+Firefox/138.0 ASP.NET_SessionId=j4455r3vqamqtcyucvqganrh;+region=1;+lang=1;+__RequestVerificationToken=OmekRpBuLjwllt2VjBYBDhFPFEHf-1SXjG_sBZzqRhH2C6746utbyzaGw91_JyZZP3pj4AKF59ftOGCZ6F54X4rhusk1;+BIGipServerextron.com_443_pool=!ADCTTCKedAc2+IkMjvaJwiHEDz8tIEcTCror+/E542zR2uD/A43PMQBvuCTR5YkCmQ0UdZlbaxq+2w==;+ExtronRecViewProd=nbp200 https://www.extron.com/MLC-Plus-200-Series/prodsubtype-639 www.extron.com 200 0 0 7554 2
2025-05-08 07:00:17 10.1.0.50 GET /api/v1/Article/Get articlehandle=menuproducts&lang=1&region=1&loggedin=false 443 - 10.1.16.1 Mozilla/5.0+(Windows+NT+10.0;+Win64;+x64;+rv:138.0)+Gecko/20100101+Firefox/138.0 ASP.NET_SessionId=j4455r3vqamqtcyucvqganrh;+region=1;+lang=1;+__RequestVerificationToken=OmekRpBuLjwllt2VjBYBDhFPFEHf-1SXjG_sBZzqRhH2C6746utbyzaGw91_JyZZP3pj4AKF59ftOGCZ6F54X4rhusk1;+BIGipServerextron.com_443_pool=!ADCTTCKedAc2+IkMjvaJwiHEDz8tIEcTCror+/E542zR2uD/A43PMQBvuCTR5YkCmQ0UdZlbaxq+2w==;+ExtronRecViewProd=nbp200 https://www.extron.com/MLC-Plus-200-Series/prodsubtype-639 www.extron.com 200 0 0 10106 4
2025-05-08 07:00:17 10.1.0.50 GET /api/v1/Article/Get articlehandle=menuresources&lang=1&region=1&loggedin=false 443 - 10.1.16.1 Mozilla/5.0+(Windows+NT+10.0;+Win64;+x64;+rv:138.0)+Gecko/20100101+Firefox/138.0 ASP.NET_SessionId=j4455r3vqamqtcyucvqganrh;+region=1;+lang=1;+__RequestVerificationToken=OmekRpBuLjwllt2VjBYBDhFPFEHf-1SXjG_sBZzqRhH2C6746utbyzaGw91_JyZZP3pj4AKF59ftOGCZ6F54X4rhusk1;+BIGipServerextron.com_443_pool=!ADCTTCKedAc2+IkMjvaJwiHEDz8tIEcTCror+/E542zR2uD/A43PMQBvuCTR5YkCmQ0UdZlbaxq+2w==;+ExtronRecViewProd=nbp200 https://www.extron.com/MLC-Plus-200-Series/prodsubtype-639 www.extron.com 200 0 0 11876 3
2025-05-08 07:00:17 10.1.0.50 GET /api/v1/Article/Get articlehandle=menucompany&lang=1&region=1&loggedin=false 443 - 10.1.16.1 Mozilla/5.0+(Windows+NT+10.0;+Win64;+x64;+rv:138.0)+Gecko/20100101+Firefox/138.0 ASP.NET_SessionId=j4455r3vqamqtcyucvqganrh;+region=1;+lang=1;+__RequestVerificationToken=OmekRpBuLjwllt2VjBYBDhFPFEHf-1SXjG_sBZzqRhH2C6746utbyzaGw91_JyZZP3pj4AKF59ftOGCZ6F54X4rhusk1;+BIGipServerextron.com_443_pool=!ADCTTCKedAc2+IkMjvaJwiHEDz8tIEcTCror+/E542zR2uD/A43PMQBvuCTR5YkCmQ0UdZlbaxq+2w==;+ExtronRecViewProd=nbp200 https://www.extron.com/MLC-Plus-200-Series/prodsubtype-639 www.extron.com 200 0 0 8636 2
2025-05-08 07:00:17 10.1.0.50 GET /api/v1/Article/Get articlehandle=menudownload&lang=1&region=1&loggedin=false 443 - 10.1.16.1 Mozilla/5.0+(Windows+NT+10.0;+Win64;+x64;+rv:138.0)+Gecko/20100101+Firefox/138.0 ASP.NET_SessionId=j4455r3vqamqtcyucvqganrh;+region=1;+lang=1;+__RequestVerificationToken=OmekRpBuLjwllt2VjBYBDhFPFEHf-1SXjG_sBZzqRhH2C6746utbyzaGw91_JyZZP3pj4AKF59ftOGCZ6F54X4rhusk1;+BIGipServerextron.com_443_pool=!ADCTTCKedAc2+IkMjvaJwiHEDz8tIEcTCror+/E542zR2uD/A43PMQBvuCTR5YkCmQ0UdZlbaxq+2w==;+ExtronRecViewProd=nbp200 https://www.extron.com/MLC-Plus-200-Series/prodsubtype-639 www.extron.com 200 0 0 6186 1
2025-05-08 07:00:17 10.1.0.50 GET /img/product-minus.svg - 443 - 10.1.16.1 Mozilla/5.0+(Windows+NT+10.0;+Win64;+x64;+rv:138.0)+Gecko/20100101+Firefox/138.0 ASP.NET_SessionId=j4455r3vqamqtcyucvqganrh;+region=1;+lang=1;+__RequestVerificationToken=OmekRpBuLjwllt2VjBYBDhFPFEHf-1SXjG_sBZzqRhH2C6746utbyzaGw91_JyZZP3pj4AKF59ftOGCZ6F54X4rhusk1;+BIGipServerextron.com_443_pool=!ADCTTCKedAc2+IkMjvaJwiHEDz8tIEcTCror+/E542zR2uD/A43PMQBvuCTR5YkCmQ0UdZlbaxq+2w==;+ExtronRecViewProd=nbp200 https://www.extron.com/MLC-Plus-200-Series/prodsubtype-639 www.extron.com 302 0 0 1816 1
2025-05-08 07:00:17 10.1.0.50 GET /tools/signage id=4ksignage 443 - 10.1.16.1 - - - www.extron.com 200 0 0 17926 6
2025-05-08 07:00:17 10.1.0.50 GET /technology/literature.aspx filetype=4&lang=1&tabid=1&id=s&filetype=4&lang=1&tabid=1&id=p&id=i&filetype=4&lang=1&tabid=1&filetype=4&lang=1&tabid=1&id=p&filetype=4&lang=1&tabid=1&id=s&filetype=102&lang=1&tabid=4&id=C&filetype=102&lang=1&tabid=4&id=D&filetype=30&lang=1&tabid=6&id=C 443 - 10.1.16.1 Mozilla/5.0+AppleWebKit/537.36+(KHTML,+like+Gecko;+compatible;+bingbot/2.0;++http://www.bing.com/bingbot.htm)+Chrome/116.0.1938.76+Safari/537.36 - - www.extron.cn 200 0 0 145110 1558
2025-05-08 07:00:17 10.1.0.50 GET / - 80 - 10.1.15.85 - - - - 200 0 0 107270 317
2025-05-08 07:00:17 10.1.0.50 GET /Content/css/Shared/fonts/roboto-v18-cyrillic_latin-ext_latin_cyrillic-ext-700.woff2 - 443 - 10.1.16.1 Mozilla/5.0+(Windows+NT+6.1;+Win64;+x64)+AppleWebKit/537.36+(KHTML,+like+Gecko)+Chrome/109.0.0.0+Safari/537.36+Edg/109.0.1518.140 ASP.NET_SessionId=v4sr0zkzacze3mouncia1scm;+region=1;+lang=1;+__RequestVerificationToken=RH9ezm4kZ2-wwmjtjTuL-ZymLaimkPkviC8qf2ASEc-aWXAHS-MNG30m0PRb9di0VwUkJf40jZYILZ9eCiVBvKI0n2Q1;+BIGipServerextron.com_443_pool=!5S7tXiqUToJ84EkMjvaJwiHEDz8tIOwI4vIgmb+T3iRLDhxjUlXRW8D7J2Ep1r4KmhNFrjzB9hUcEg== https://www.extron.com/Content/css/Shared/extron.css www.extron.com 200 0 0 66646 1
2025-05-08 07:00:17 10.1.0.50 GET / - 80 - 10.1.15.86 - - - - 200 0 64 0 370
2025-05-08 07:00:17 10.1.0.50 GET /technology/literature.aspx tabid=1&tabid=1&tabid=1&tabid=1&tabid=1&tabid=5&tabid=1&tabid=1&tabid=1&tabid=1&tabid=1&tabid=1&filetype=4&lang=7&tabid=1&id=u&filetype=6&lang=7&tabid=5&id=m&tabid=1&tabid=1&filetype=4&lang=7&tabid=1&id=u&tabid=1&tabid=1&filetype=4&lang=7&tabid=1&id=v&filetype=4&lang=7&tabid=1&id=u&filetype=6&lang=7&tabid=5&id=m&filetype=4&lang=7&tabid=1&id=q&filetype=6&lang=7&tabid=5&id=All&filetype=4&lang=7&tabid=1&id=R&filetype=4&lang=7&tabid=1&id=E&filetype=4&lang=7&tabid=1&id=D&filetype=4&lang=7&tabid=1&id=E&filetype=81&lang=1&tabid=3&id=N&filetype=6&lang=7&tabid=5&id=D&filetype=4&lang=7&tabid=1&id=E&filetype=81&lang=1&tabid=3&id=All 443 - 10.1.16.1 Mozilla/5.0+AppleWebKit/537.36+(KHTML,+like+Gecko;+compatible;+bingbot/2.0;++http://www.bing.com/bingbot.htm)+Chrome/116.0.1938.76+Safari/537.36 - - www.extron.com.au 200 0 0 172832 760
2025-05-08 07:00:17 10.1.0.50 GET / - 443 - 10.1.15.85 - - - - 200 0 64 0 122
2025-05-08 07:00:17 10.1.0.50 GET / - 443 - 10.1.15.86 - - - - 200 0 64 0 119
2025-05-08 07:00:17 10.1.0.50 GET /product/builders/teamwork/views/showme.aspx - 443 - 10.1.16.1 - ASP.NET_SessionId=a2g44z13vvtu1vomwcsal2oa;+region=1;+lang=1;+__RequestVerificationToken=wGrbbRSeuOHIVGaRUCvncNyge4QKMx9l_KifrD5ECZQ5-WPyeETRzZX0Y2EYCYoAVjiqWFpb3ZzYUYSQEcfYmYwWjko1;+BIGipServerextron.com_443_pool=!VqkhuakZaZU07asMjvaJwiHEDz8tIHbmQoQyIljfFVxGYrt62qzqz824/FwwTLWvxnAgQ89K31wkdQ== - www.extron.com 302 0 0 2002 4539
2025-05-08 07:00:18 10.1.0.50 GET /404.aspx aspxerrorpath=%2fproduct%2fbuilders%2fteamwork%2fviews%2fshowme.aspx 443 - 10.1.16.1 - ASP.NET_SessionId=a2g44z13vvtu1vomwcsal2oa;+region=1;+lang=1;+__RequestVerificationToken=wGrbbRSeuOHIVGaRUCvncNyge4QKMx9l_KifrD5ECZQ5-WPyeETRzZX0Y2EYCYoAVjiqWFpb3ZzYUYSQEcfYmYwWjko1;+BIGipServerextron.com_443_pool=!VqkhuakZaZU07asMjvaJwiHEDz8tIHbmQoQyIljfFVxGYrt62qzqz824/FwwTLWvxnAgQ89K31wkdQ== - www.extron.com 404 0 0 54361 13
2025-05-08 07:00:18 10.1.0.50 GET /product/files/helpfiles/gc35/How_Do_I/TouchLink_Panel_Config/Add_a_Touchpanel_Layout.htm - 443 - 10.1.16.1 Mozilla/5.0+AppleWebKit/537.36+(KHTML,+like+Gecko;+compatible;+bingbot/2.0;++http://www.bing.com/bingbot.htm)+Chrome/116.0.1938.76+Safari/537.36 - - videos.extron.com 304 0 0 1704 2
2025-05-08 07:00:18 10.1.0.50 GET /product/builders/teamwork/views/showme-retractors-intable.aspx - 80 - 10.1.16.1 - - - www.extron.com 301 0 0 1837 1
2025-05-08 07:00:18 10.1.0.50 GET /product/dtp2r211 - 443 lnah@extron.com 10.1.16.1 Mozilla/5.0+(Windows+NT+10.0;+Win64;+x64)+AppleWebKit/537.36+(KHTML,+like+Gecko)+Chrome/135.0.0.0+Safari/537.36 lang=1;+region=3;+_gid=GA1.2.1420396670.1746408377;+ASP.NET_SessionId=4cye422eix0321wiv0qjrafu;+__RequestVerificationToken=fANlzh5QNg8shi1SxcPj7FFjmKKwNY4bojEfgz6ZggvrRlYzXJlbLi4XACv6ZGCJrkPfj_ST7MR6VGxxmUO4DkrgbA41;+_clck=fc8qsr%7C2%7Cfvq%7C0%7C1783;+username=lnah@extron.com;+PriceClass=60;+PriceList=S3+;+.AspNet.Cookies=Ql8qoVFqiXHZrY3Z1gIARaU2JRd_bwi_g3v6CHQWA3qPMDJWiJ6DqK5Waw8lyfF60Yxn91lJ8BrDEihsalGopDHyxV0klnawrUdLcifjM3ZGDXhRVYMRGFsLi9gEYvMlamUqnl6QoyEpSBAOCbbmWEeKXmft_Hxhx1dae7CpGHGdx3LSl1wDVQi-aOLbYmCA0Y_IfXhnEnO6oJSQqoNN_n7zik-lAzUd1SAyny4RQYHHv0bfu2_0fo2eJJfslN0qkzp9-vCP8WSqS4zGXApM9Xl0bg_c_Z9fEDXYuEGRR7L0tVdzXlkaT44CUFfRKyyHLZPQLQpkPdkrWK3aAshOGfCqMZ4TBqPW0NyUt2FELR_DSP6ZJHrZjtKOGhdkeZr3XvdYuVBzuaH9U-CGUb--oCA78YvA3f-Ve_gzLD4zktJysjSJ;+_gat_UA-130285241-1=1;+ExtronRecViewProd=dmp44xi,cablecubby202,xtpiicphd4kplusio,nave111dtp3,dtp3crosspoint622,ssp200,dtp3r201,dtphdmi330rx,dtp3t202,dtphdmi330tx,dtpthd24k330,dtp2t211;+_ga=GA1.1.630089218.1731903416;+_ga_DP5ZZ9VH84=GS2.1.s1746686336$o431$g1$t1746687595$j12$l0$h0;+_clsk=ruq57m%7C1746687596479%7C16%7C1%7Cb.clarity.ms%2Fcollect https://www.extron.com/Receivers/prodsubtype-617 www.extron.com 200 0 0 131476 124
2025-05-08 07:00:18 10.1.0.50 GET /Content/css/Shared/cookies.css - 443 lnah@extron.com 10.1.16.1 Mozilla/5.0+(Windows+NT+10.0;+Win64;+x64)+AppleWebKit/537.36+(KHTML,+like+Gecko)+Chrome/135.0.0.0+Safari/537.36 lang=1;+region=3;+_gid=GA1.2.1420396670.1746408377;+ASP.NET_SessionId=4cye422eix0321wiv0qjrafu;+__RequestVerificationToken=fANlzh5QNg8shi1SxcPj7FFjmKKwNY4bojEfgz6ZggvrRlYzXJlbLi4XACv6ZGCJrkPfj_ST7MR6VGxxmUO4DkrgbA41;+_clck=fc8qsr%7C2%7Cfvq%7C0%7C1783;+username=lnah@extron.com;+PriceClass=60;+PriceList=S3+;+.AspNet.Cookies=Ql8qoVFqiXHZrY3Z1gIARaU2JRd_bwi_g3v6CHQWA3qPMDJWiJ6DqK5Waw8lyfF60Yxn91lJ8BrDEihsalGopDHyxV0klnawrUdLcifjM3ZGDXhRVYMRGFsLi9gEYvMlamUqnl6QoyEpSBAOCbbmWEeKXmft_Hxhx1dae7CpGHGdx3LSl1wDVQi-aOLbYmCA0Y_IfXhnEnO6oJSQqoNN_n7zik-lAzUd1SAyny4RQYHHv0bfu2_0fo2eJJfslN0qkzp9-vCP8WSqS4zGXApM9Xl0bg_c_Z9fEDXYuEGRR7L0tVdzXlkaT44CUFfRKyyHLZPQLQpkPdkrWK3aAshOGfCqMZ4TBqPW0NyUt2FELR_DSP6ZJHrZjtKOGhdkeZr3XvdYuVBzuaH9U-CGUb--oCA78YvA3f-Ve_gzLD4zktJysjSJ;+_gat_UA-130285241-1=1;+_ga=GA1.1.630089218.1731903416;+_clsk=ruq57m%7C1746687596479%7C16%7C1%7Cb.clarity.ms%2Fcollect;+ExtronRecViewProd=cablecubby202,xtpiicphd4kplusio,nave111dtp3,dtp3crosspoint622,ssp200,dtp3r201,dtphdmi330rx,dtp3t202,dtphdmi330tx,dtpthd24k330,dtp2t211,dtp2r211;+_ga_DP5ZZ9VH84=GS2.1.s1746686336$o431$g1$t1746687598$j9$l0$h0 https://www.extron.com/product/dtp2r211 www.extron.com 304 0 0 1705 1
2025-05-08 07:00:18 10.1.0.50 GET /Content/vendor/fontawesome/css/all.min.css - 443 lnah@extron.com 10.1.16.1 Mozilla/5.0+(Windows+NT+10.0;+Win64;+x64)+AppleWebKit/537.36+(KHTML,+like+Gecko)+Chrome/135.0.0.0+Safari/537.36 lang=1;+region=3;+_gid=GA1.2.1420396670.1746408377;+ASP.NET_SessionId=4cye422eix0321wiv0qjrafu;+__RequestVerificationToken=fANlzh5QNg8shi1SxcPj7FFjmKKwNY4bojEfgz6ZggvrRlYzXJlbLi4XACv6ZGCJrkPfj_ST7MR6VGxxmUO4DkrgbA41;+_clck=fc8qsr%7C2%7Cfvq%7C0%7C1783;+username=lnah@extron.com;+PriceClass=60;+PriceList=S3+;+.AspNet.Cookies=Ql8qoVFqiXHZrY3Z1gIARaU2JRd_bwi_g3v6CHQWA3qPMDJWiJ6DqK5Waw8lyfF60Yxn91lJ8BrDEihsalGopDHyxV0klnawrUdLcifjM3ZGDXhRVYMRGFsLi9gEYvMlamUqnl6QoyEpSBAOCbbmWEeKXmft_Hxhx1dae7CpGHGdx3LSl1wDVQi-aOLbYmCA0Y_IfXhnEnO6oJSQqoNN_n7zik-lAzUd1SAyny4RQYHHv0bfu2_0fo2eJJfslN0qkzp9-vCP8WSqS4zGXApM9Xl0bg_c_Z9fEDXYuEGRR7L0tVdzXlkaT44CUFfRKyyHLZPQLQpkPdkrWK3aAshOGfCqMZ4TBqPW0NyUt2FELR_DSP6ZJHrZjtKOGhdkeZr3XvdYuVBzuaH9U-CGUb--oCA78YvA3f-Ve_gzLD4zktJysjSJ;+_gat_UA-130285241-1=1;+_ga=GA1.1.630089218.1731903416;+_clsk=ruq57m%7C1746687596479%7C16%7C1%7Cb.clarity.ms%2Fcollect;+ExtronRecViewProd=cablecubby202,xtpiicphd4kplusio,nave111dtp3,dtp3crosspoint622,ssp200,dtp3r201,dtphdmi330rx,dtp3t202,dtphdmi330tx,dtpthd24k330,dtp2t211,dtp2r211;+_ga_DP5ZZ9VH84=GS2.1.s1746686336$o431$g1$t1746687598$j9$l0$h0 https://www.extron.com/product/dtp2r211 www.extron.com 304 0 0 1703 2
2025-05-08 07:00:18 10.1.0.50 GET /Content/css/Shared/extron.css - 443 lnah@extron.com 10.1.16.1 Mozilla/5.0+(Windows+NT+10.0;+Win64;+x64)+AppleWebKit/537.36+(KHTML,+like+Gecko)+Chrome/135.0.0.0+Safari/537.36 lang=1;+region=3;+_gid=GA1.2.1420396670.1746408377;+ASP.NET_SessionId=4cye422eix0321wiv0qjrafu;+__RequestVerificationToken=fANlzh5QNg8shi1SxcPj7FFjmKKwNY4bojEfgz6ZggvrRlYzXJlbLi4XACv6ZGCJrkPfj_ST7MR6VGxxmUO4DkrgbA41;+_clck=fc8qsr%7C2%7Cfvq%7C0%7C1783;+username=lnah@extron.com;+PriceClass=60;+PriceList=S3+;+.AspNet.Cookies=Ql8qoVFqiXHZrY3Z1gIARaU2JRd_bwi_g3v6CHQWA3qPMDJWiJ6DqK5Waw8lyfF60Yxn91lJ8BrDEihsalGopDHyxV0klnawrUdLcifjM3ZGDXhRVYMRGFsLi9gEYvMlamUqnl6QoyEpSBAOCbbmWEeKXmft_Hxhx1dae7CpGHGdx3LSl1wDVQi-aOLbYmCA0Y_IfXhnEnO6oJSQqoNN_n7zik-lAzUd1SAyny4RQYHHv0bfu2_0fo2eJJfslN0qkzp9-vCP8WSqS4zGXApM9Xl0bg_c_Z9fEDXYuEGRR7L0tVdzXlkaT44CUFfRKyyHLZPQLQpkPdkrWK3aAshOGfCqMZ4TBqPW0NyUt2FELR_DSP6ZJHrZjtKOGhdkeZr3XvdYuVBzuaH9U-CGUb--oCA78YvA3f-Ve_gzLD4zktJysjSJ;+_gat_UA-130285241-1=1;+_ga=GA1.1.630089218.1731903416;+_clsk=ruq57m%7C1746687596479%7C16%7C1%7Cb.clarity.ms%2Fcollect;+ExtronRecViewProd=cablecubby202,xtpiicphd4kplusio,nave111dtp3,dtp3crosspoint622,ssp200,dtp3r201,dtphdmi330rx,dtp3t202,dtphdmi330tx,dtpthd24k330,dtp2t211,dtp2r211;+_ga_DP5ZZ9VH84=GS2.1.s1746686336$o431$g1$t1746687598$j9$l0$h0 https://www.extron.com/product/dtp2r211 www.extron.com 304 0 0 1703 2
2025-05-08 07:00:18 10.1.0.50 GET /Content/vendor/fancybox-3.5.7/dist/jquery.fancybox.css - 443 lnah@extron.com 10.1.16.1 Mozilla/5.0+(Windows+NT+10.0;+Win64;+x64)+AppleWebKit/537.36+(KHTML,+like+Gecko)+Chrome/135.0.0.0+Safari/537.36 lang=1;+region=3;+_gid=GA1.2.1420396670.1746408377;+ASP.NET_SessionId=4cye422eix0321wiv0qjrafu;+__RequestVerificationToken=fANlzh5QNg8shi1SxcPj7FFjmKKwNY4bojEfgz6ZggvrRlYzXJlbLi4XACv6ZGCJrkPfj_ST7MR6VGxxmUO4DkrgbA41;+_clck=fc8qsr%7C2%7Cfvq%7C0%7C1783;+username=lnah@extron.com;+PriceClass=60;+PriceList=S3+;+.AspNet.Cookies=Ql8qoVFqiXHZrY3Z1gIARaU2JRd_bwi_g3v6CHQWA3qPMDJWiJ6DqK5Waw8lyfF60Yxn91lJ8BrDEihsalGopDHyxV0klnawrUdLcifjM3ZGDXhRVYMRGFsLi9gEYvMlamUqnl6QoyEpSBAOCbbmWEeKXmft_Hxhx1dae7CpGHGdx3LSl1wDVQi-aOLbYmCA0Y_IfXhnEnO6oJSQqoNN_n7zik-lAzUd1SAyny4RQYHHv0bfu2_0fo2eJJfslN0qkzp9-vCP8WSqS4zGXApM9Xl0bg_c_Z9fEDXYuEGRR7L0tVdzXlkaT44CUFfRKyyHLZPQLQpkPdkrWK3aAshOGfCqMZ4TBqPW0NyUt2FELR_DSP6ZJHrZjtKOGhdkeZr3XvdYuVBzuaH9U-CGUb--oCA78YvA3f-Ve_gzLD4zktJysjSJ;+_gat_UA-130285241-1=1;+_ga=GA1.1.630089218.1731903416;+_clsk=ruq57m%7C1746687596479%7C16%7C1%7Cb.clarity.ms%2Fcollect;+ExtronRecViewProd=cablecubby202,xtpiicphd4kplusio,nave111dtp3,dtp3crosspoint622,ssp200,dtp3r201,dtphdmi330rx,dtp3t202,dtphdmi330tx,dtpthd24k330,dtp2t211,dtp2r211;+_ga_DP5ZZ9VH84=GS2.1.s1746686336$o431$g1$t1746687598$j9$l0$h0 https://www.extron.com/product/dtp2r211 www.extron.com 304 0 0 1705 1
2025-05-08 07:00:18 10.1.0.50 GET /Content/vendor/jqueryui/themes/smoothness/jquery-1.12.0-ui.css - 443 lnah@extron.com 10.1.16.1 Mozilla/5.0+(Windows+NT+10.0;+Win64;+x64)+AppleWebKit/537.36+(KHTML,+like+Gecko)+Chrome/135.0.0.0+Safari/537.36 lang=1;+region=3;+_gid=GA1.2.1420396670.1746408377;+ASP.NET_SessionId=4cye422eix0321wiv0qjrafu;+__RequestVerificationToken=fANlzh5QNg8shi1SxcPj7FFjmKKwNY4bojEfgz6ZggvrRlYzXJlbLi4XACv6ZGCJrkPfj_ST7MR6VGxxmUO4DkrgbA41;+_clck=fc8qsr%7C2%7Cfvq%7C0%7C1783;+username=lnah@extron.com;+PriceClass=60;+PriceList=S3+;+.AspNet.Cookies=Ql8qoVFqiXHZrY3Z1gIARaU2JRd_bwi_g3v6CHQWA3qPMDJWiJ6DqK5Waw8lyfF60Yxn91lJ8BrDEihsalGopDHyxV0klnawrUdLcifjM3ZGDXhRVYMRGFsLi9gEYvMlamUqnl6QoyEpSBAOCbbmWEeKXmft_Hxhx1dae7CpGHGdx3LSl1wDVQi-aOLbYmCA0Y_IfXhnEnO6oJSQqoNN_n7zik-lAzUd1SAyny4RQYHHv0bfu2_0fo2eJJfslN0qkzp9-vCP8WSqS4zGXApM9Xl0bg_c_Z9fEDXYuEGRR7L0tVdzXlkaT44CUFfRKyyHLZPQLQpkPdkrWK3aAshOGfCqMZ4TBqPW0NyUt2FELR_DSP6ZJHrZjtKOGhdkeZr3XvdYuVBzuaH9U-CGUb--oCA78YvA3f-Ve_gzLD4zktJysjSJ;+_gat_UA-130285241-1=1;+_ga=GA1.1.630089218.1731903416;+_clsk=ruq57m%7C1746687596479%7C16%7C1%7Cb.clarity.ms%2Fcollect;+ExtronRecViewProd=cablecubby202,xtpiicphd4kplusio,nave111dtp3,dtp3crosspoint622,ssp200,dtp3r201,dtphdmi330rx,dtp3t202,dtphdmi330tx,dtpthd24k330,dtp2t211,dtp2r211;+_ga_DP5ZZ9VH84=GS2.1.s1746686336$o431$g1$t1746687598$j9$l0$h0 https://www.extron.com/product/dtp2r211 www.extron.com 304 0 0 1705 1
2025-05-08 07:00:18 10.1.0.50 GET /Content/vendor/bs-offcanvas/dist/css/bootstrap.offcanvas.css - 443 lnah@extron.com 10.1.16.1 Mozilla/5.0+(Windows+NT+10.0;+Win64;+x64)+AppleWebKit/537.36+(KHTML,+like+Gecko)+Chrome/135.0.0.0+Safari/537.36 lang=1;+region=3;+_gid=GA1.2.1420396670.1746408377;+ASP.NET_SessionId=4cye422eix0321wiv0qjrafu;+__RequestVerificationToken=fANlzh5QNg8shi1SxcPj7FFjmKKwNY4bojEfgz6ZggvrRlYzXJlbLi4XACv6ZGCJrkPfj_ST7MR6VGxxmUO4DkrgbA41;+_clck=fc8qsr%7C2%7Cfvq%7C0%7C1783;+username=lnah@extron.com;+PriceClass=60;+PriceList=S3+;+.AspNet.Cookies=Ql8qoVFqiXHZrY3Z1gIARaU2JRd_bwi_g3v6CHQWA3qPMDJWiJ6DqK5Waw8lyfF60Yxn91lJ8BrDEihsalGopDHyxV0klnawrUdLcifjM3ZGDXhRVYMRGFsLi9gEYvMlamUqnl6QoyEpSBAOCbbmWEeKXmft_Hxhx1dae7CpGHGdx3LSl1wDVQi-aOLbYmCA0Y_IfXhnEnO6oJSQqoNN_n7zik-lAzUd1SAyny4RQYHHv0bfu2_0fo2eJJfslN0qkzp9-vCP8WSqS4zGXApM9Xl0bg_c_Z9fEDXYuEGRR7L0tVdzXlkaT44CUFfRKyyHLZPQLQpkPdkrWK3aAshOGfCqMZ4TBqPW0NyUt2FELR_DSP6ZJHrZjtKOGhdkeZr3XvdYuVBzuaH9U-CGUb--oCA78YvA3f-Ve_gzLD4zktJysjSJ;+_gat_UA-130285241-1=1;+_ga=GA1.1.630089218.1731903416;+_clsk=ruq57m%7C1746687596479%7C16%7C1%7Cb.clarity.ms%2Fcollect;+ExtronRecViewProd=cablecubby202,xtpiicphd4kplusio,nave111dtp3,dtp3crosspoint622,ssp200,dtp3r201,dtphdmi330rx,dtp3t202,dtphdmi330tx,dtpthd24k330,dtp2t211,dtp2r211;+_ga_DP5ZZ9VH84=GS2.1.s1746686336$o431$g1$t1746687598$j9$l0$h0 https://www.extron.com/product/dtp2r211 www.extron.com 304 0 0 1705 1
2025-05-08 07:00:18 10.1.0.50 GET /Content/css/Shared/fonts/roboto-v18-cyrillic_latin-ext_latin_cyrillic-ext-900.woff2 - 443 - 10.1.16.1 Mozilla/5.0+(Windows+NT+6.1;+Win64;+x64)+AppleWebKit/537.36+(KHTML,+like+Gecko)+Chrome/109.0.0.0+Safari/537.36+Edg/109.0.1518.140 ASP.NET_SessionId=v4sr0zkzacze3mouncia1scm;+region=1;+lang=1;+__RequestVerificationToken=RH9ezm4kZ2-wwmjtjTuL-ZymLaimkPkviC8qf2ASEc-aWXAHS-MNG30m0PRb9di0VwUkJf40jZYILZ9eCiVBvKI0n2Q1;+BIGipServerextron.com_443_pool=!5S7tXiqUToJ84EkMjvaJwiHEDz8tIOwI4vIgmb+T3iRLDhxjUlXRW8D7J2Ep1r4KmhNFrjzB9hUcEg== https://www.extron.com/Content/css/Shared/extron.css www.extron.com 200 0 0 66866 1
2025-05-08 07:00:18 10.1.0.50 GET /content/css/Shared/product/product-gallery.css - 443 lnah@extron.com 10.1.16.1 Mozilla/5.0+(Windows+NT+10.0;+Win64;+x64)+AppleWebKit/537.36+(KHTML,+like+Gecko)+Chrome/135.0.0.0+Safari/537.36 lang=1;+region=3;+_gid=GA1.2.1420396670.1746408377;+ASP.NET_SessionId=4cye422eix0321wiv0qjrafu;+__RequestVerificationToken=fANlzh5QNg8shi1SxcPj7FFjmKKwNY4bojEfgz6ZggvrRlYzXJlbLi4XACv6ZGCJrkPfj_ST7MR6VGxxmUO4DkrgbA41;+_clck=fc8qsr%7C2%7Cfvq%7C0%7C1783;+username=lnah@extron.com;+PriceClass=60;+PriceList=S3+;+.AspNet.Cookies=Ql8qoVFqiXHZrY3Z1gIARaU2JRd_bwi_g3v6CHQWA3qPMDJWiJ6DqK5Waw8lyfF60Yxn91lJ8BrDEihsalGopDHyxV0klnawrUdLcifjM3ZGDXhRVYMRGFsLi9gEYvMlamUqnl6QoyEpSBAOCbbmWEeKXmft_Hxhx1dae7CpGHGdx3LSl1wDVQi-aOLbYmCA0Y_IfXhnEnO6oJSQqoNN_n7zik-lAzUd1SAyny4RQYHHv0bfu2_0fo2eJJfslN0qkzp9-vCP8WSqS4zGXApM9Xl0bg_c_Z9fEDXYuEGRR7L0tVdzXlkaT44CUFfRKyyHLZPQLQpkPdkrWK3aAshOGfCqMZ4TBqPW0NyUt2FELR_DSP6ZJHrZjtKOGhdkeZr3XvdYuVBzuaH9U-CGUb--oCA78YvA3f-Ve_gzLD4zktJysjSJ;+_gat_UA-130285241-1=1;+_ga=GA1.1.630089218.1731903416;+_clsk=ruq57m%7C1746687596479%7C16%7C1%7Cb.clarity.ms%2Fcollect;+ExtronRecViewProd=cablecubby202,xtpiicphd4kplusio,nave111dtp3,dtp3crosspoint622,ssp200,dtp3r201,dtphdmi330rx,dtp3t202,dtphdmi330tx,dtpthd24k330,dtp2t211,dtp2r211;+_ga_DP5ZZ9VH84=GS2.1.s1746686336$o431$g1$t1746687598$j9$l0$h0 https://www.extron.com/product/dtp2r211 www.extron.com 304 0 0 1705 2
2025-05-08 07:00:18 10.1.0.50 GET /content/css/shared/product/product-detail.css nocache=06172020 443 lnah@extron.com 10.1.16.1 Mozilla/5.0+(Windows+NT+10.0;+Win64;+x64)+AppleWebKit/537.36+(KHTML,+like+Gecko)+Chrome/135.0.0.0+Safari/537.36 lang=1;+region=3;+_gid=GA1.2.1420396670.1746408377;+ASP.NET_SessionId=4cye422eix0321wiv0qjrafu;+__RequestVerificationToken=fANlzh5QNg8shi1SxcPj7FFjmKKwNY4bojEfgz6ZggvrRlYzXJlbLi4XACv6ZGCJrkPfj_ST7MR6VGxxmUO4DkrgbA41;+_clck=fc8qsr%7C2%7Cfvq%7C0%7C1783;+username=lnah@extron.com;+PriceClass=60;+PriceList=S3+;+.AspNet.Cookies=Ql8qoVFqiXHZrY3Z1gIARaU2JRd_bwi_g3v6CHQWA3qPMDJWiJ6DqK5Waw8lyfF60Yxn91lJ8BrDEihsalGopDHyxV0klnawrUdLcifjM3ZGDXhRVYMRGFsLi9gEYvMlamUqnl6QoyEpSBAOCbbmWEeKXmft_Hxhx1dae7CpGHGdx3LSl1wDVQi-aOLbYmCA0Y_IfXhnEnO6oJSQqoNN_n7zik-lAzUd1SAyny4RQYHHv0bfu2_0fo2eJJfslN0qkzp9-vCP8WSqS4zGXApM9Xl0bg_c_Z9fEDXYuEGRR7L0tVdzXlkaT44CUFfRKyyHLZPQLQpkPdkrWK3aAshOGfCqMZ4TBqPW0NyUt2FELR_DSP6ZJHrZjtKOGhdkeZr3XvdYuVBzuaH9U-CGUb--oCA78YvA3f-Ve_gzLD4zktJysjSJ;+_gat_UA-130285241-1=1;+_ga=GA1.1.630089218.1731903416;+_clsk=ruq57m%7C1746687596479%7C16%7C1%7Cb.clarity.ms%2Fcollect;+ExtronRecViewProd=cablecubby202,xtpiicphd4kplusio,nave111dtp3,dtp3crosspoint622,ssp200,dtp3r201,dtphdmi330rx,dtp3t202,dtphdmi330tx,dtpthd24k330,dtp2t211,dtp2r211;+_ga_DP5ZZ9VH84=GS2.1.s1746686336$o431$g1$t1746687598$j9$l0$h0 https://www.extron.com/product/dtp2r211 www.extron.com 304 0 0 1705 2
2025-05-08 07:00:18 10.1.0.50 GET /content/css/interactivediagram/interactive-diagram.css - 443 lnah@extron.com 10.1.16.1 Mozilla/5.0+(Windows+NT+10.0;+Win64;+x64)+AppleWebKit/537.36+(KHTML,+like+Gecko)+Chrome/135.0.0.0+Safari/537.36 lang=1;+region=3;+_gid=GA1.2.1420396670.1746408377;+ASP.NET_SessionId=4cye422eix0321wiv0qjrafu;+__RequestVerificationToken=fANlzh5QNg8shi1SxcPj7FFjmKKwNY4bojEfgz6ZggvrRlYzXJlbLi4XACv6ZGCJrkPfj_ST7MR6VGxxmUO4DkrgbA41;+_clck=fc8qsr%7C2%7Cfvq%7C0%7C1783;+username=lnah@extron.com;+PriceClass=60;+PriceList=S3+;+.AspNet.Cookies=Ql8qoVFqiXHZrY3Z1gIARaU2JRd_bwi_g3v6CHQWA3qPMDJWiJ6DqK5Waw8lyfF60Yxn91lJ8BrDEihsalGopDHyxV0klnawrUdLcifjM3ZGDXhRVYMRGFsLi9gEYvMlamUqnl6QoyEpSBAOCbbmWEeKXmft_Hxhx1dae7CpGHGdx3LSl1wDVQi-aOLbYmCA0Y_IfXhnEnO6oJSQqoNN_n7zik-lAzUd1SAyny4RQYHHv0bfu2_0fo2eJJfslN0qkzp9-vCP8WSqS4zGXApM9Xl0bg_c_Z9fEDXYuEGRR7L0tVdzXlkaT44CUFfRKyyHLZPQLQpkPdkrWK3aAshOGfCqMZ4TBqPW0NyUt2FELR_DSP6ZJHrZjtKOGhdkeZr3XvdYuVBzuaH9U-CGUb--oCA78YvA3f-Ve_gzLD4zktJysjSJ;+_gat_UA-130285241-1=1;+_ga=GA1.1.630089218.1731903416;+_clsk=ruq57m%7C1746687596479%7C16%7C1%7Cb.clarity.ms%2Fcollect;+ExtronRecViewProd=cablecubby202,xtpiicphd4kplusio,nave111dtp3,dtp3crosspoint622,ssp200,dtp3r201,dtphdmi330rx,dtp3t202,dtphdmi330tx,dtpthd24k330,dtp2t211,dtp2r211;+_ga_DP5ZZ9VH84=GS2.1.s1746686336$o431$g1$t1746687598$j9$l0$h0 https://www.extron.com/product/dtp2r211 www.extron.com 304 0 0 1705 1
2025-05-08 07:00:18 10.1.0.50 GET /product/product.aspx id=vnmatrix300&subtype=462&s=10 80 - 10.1.16.1 Mozilla/5.0+(compatible;+DotBot/1.2;++https://opensiteexplorer.org/dotbot;+help@moz.com) - - www.extron.com 301 0 0 1825 1
2025-05-08 07:00:18 10.1.0.50 GET /Content/css/Shared/fonts/roboto-v18-cyrillic_latin-ext_latin_cyrillic-ext-500.woff2 - 443 - 10.1.16.1 Mozilla/5.0+(Windows+NT+6.1;+Win64;+x64)+AppleWebKit/537.36+(KHTML,+like+Gecko)+Chrome/109.0.0.0+Safari/537.36+Edg/109.0.1518.140 ASP.NET_SessionId=v4sr0zkzacze3mouncia1scm;+region=1;+lang=1;+__RequestVerificationToken=RH9ezm4kZ2-wwmjtjTuL-ZymLaimkPkviC8qf2ASEc-aWXAHS-MNG30m0PRb9di0VwUkJf40jZYILZ9eCiVBvKI0n2Q1;+BIGipServerextron.com_443_pool=!5S7tXiqUToJ84EkMjvaJwiHEDz8tIOwI4vIgmb+T3iRLDhxjUlXRW8D7J2Ep1r4KmhNFrjzB9hUcEg== https://www.extron.com/Content/css/Shared/extron.css www.extron.com 200 0 0 67390 1
2025-05-08 07:00:18 10.1.0.50 GET / - 443 - 10.1.16.1 Mozilla/5.0+(Windows+NT+10.0;+Win64;+x64)+AppleWebKit/537.36+(KHTML,+like+Gecko)+Chrome/134.0.0.0+Safari/537.36 - - www.extron.de 200 0 0 106902 246
2025-05-08 07:00:18 10.1.0.50 GET /Content/vendor/js-cloudimage-360-view/js/js-cloudimage-360-view.min.js nocache=06082021 443 lnah@extron.com 10.1.16.1 Mozilla/5.0+(Windows+NT+10.0;+Win64;+x64)+AppleWebKit/537.36+(KHTML,+like+Gecko)+Chrome/135.0.0.0+Safari/537.36 lang=1;+region=3;+_gid=GA1.2.1420396670.1746408377;+ASP.NET_SessionId=4cye422eix0321wiv0qjrafu;+__RequestVerificationToken=fANlzh5QNg8shi1SxcPj7FFjmKKwNY4bojEfgz6ZggvrRlYzXJlbLi4XACv6ZGCJrkPfj_ST7MR6VGxxmUO4DkrgbA41;+_clck=fc8qsr%7C2%7Cfvq%7C0%7C1783;+username=lnah@extron.com;+PriceClass=60;+PriceList=S3+;+.AspNet.Cookies=Ql8qoVFqiXHZrY3Z1gIARaU2JRd_bwi_g3v6CHQWA3qPMDJWiJ6DqK5Waw8lyfF60Yxn91lJ8BrDEihsalGopDHyxV0klnawrUdLcifjM3ZGDXhRVYMRGFsLi9gEYvMlamUqnl6QoyEpSBAOCbbmWEeKXmft_Hxhx1dae7CpGHGdx3LSl1wDVQi-aOLbYmCA0Y_IfXhnEnO6oJSQqoNN_n7zik-lAzUd1SAyny4RQYHHv0bfu2_0fo2eJJfslN0qkzp9-vCP8WSqS4zGXApM9Xl0bg_c_Z9fEDXYuEGRR7L0tVdzXlkaT44CUFfRKyyHLZPQLQpkPdkrWK3aAshOGfCqMZ4TBqPW0NyUt2FELR_DSP6ZJHrZjtKOGhdkeZr3XvdYuVBzuaH9U-CGUb--oCA78YvA3f-Ve_gzLD4zktJysjSJ;+_gat_UA-130285241-1=1;+_ga=GA1.1.630089218.1731903416;+_clsk=ruq57m%7C1746687596479%7C16%7C1%7Cb.clarity.ms%2Fcollect;+ExtronRecViewProd=cablecubby202,xtpiicphd4kplusio,nave111dtp3,dtp3crosspoint622,ssp200,dtp3r201,dtphdmi330rx,dtp3t202,dtphdmi330tx,dtpthd24k330,dtp2t211,dtp2r211;+_ga_DP5ZZ9VH84=GS2.1.s1746686336$o431$g1$t1746687598$j9$l0$h0 https://www.extron.com/product/dtp2r211 www.extron.com 304 0 0 1705 2
2025-05-08 07:00:18 10.1.0.50 GET /Content/vendor/jqueryui/jquery-1.12.0-ui.min.js - 443 lnah@extron.com 10.1.16.1 Mozilla/5.0+(Windows+NT+10.0;+Win64;+x64)+AppleWebKit/537.36+(KHTML,+like+Gecko)+Chrome/135.0.0.0+Safari/537.36 lang=1;+region=3;+_gid=GA1.2.1420396670.1746408377;+ASP.NET_SessionId=4cye422eix0321wiv0qjrafu;+__RequestVerificationToken=fANlzh5QNg8shi1SxcPj7FFjmKKwNY4bojEfgz6ZggvrRlYzXJlbLi4XACv6ZGCJrkPfj_ST7MR6VGxxmUO4DkrgbA41;+_clck=fc8qsr%7C2%7Cfvq%7C0%7C1783;+username=lnah@extron.com;+PriceClass=60;+PriceList=S3+;+.AspNet.Cookies=Ql8qoVFqiXHZrY3Z1gIARaU2JRd_bwi_g3v6CHQWA3qPMDJWiJ6DqK5Waw8lyfF60Yxn91lJ8BrDEihsalGopDHyxV0klnawrUdLcifjM3ZGDXhRVYMRGFsLi9gEYvMlamUqnl6QoyEpSBAOCbbmWEeKXmft_Hxhx1dae7CpGHGdx3LSl1wDVQi-aOLbYmCA0Y_IfXhnEnO6oJSQqoNN_n7zik-lAzUd1SAyny4RQYHHv0bfu2_0fo2eJJfslN0qkzp9-vCP8WSqS4zGXApM9Xl0bg_c_Z9fEDXYuEGRR7L0tVdzXlkaT44CUFfRKyyHLZPQLQpkPdkrWK3aAshOGfCqMZ4TBqPW0NyUt2FELR_DSP6ZJHrZjtKOGhdkeZr3XvdYuVBzuaH9U-CGUb--oCA78YvA3f-Ve_gzLD4zktJysjSJ;+_gat_UA-130285241-1=1;+_ga=GA1.1.630089218.1731903416;+_clsk=ruq57m%7C1746687596479%7C16%7C1%7Cb.clarity.ms%2Fcollect;+ExtronRecViewProd=cablecubby202,xtpiicphd4kplusio,nave111dtp3,dtp3crosspoint622,ssp200,dtp3r201,dtphdmi330rx,dtp3t202,dtphdmi330tx,dtpthd24k330,dtp2t211,dtp2r211;+_ga_DP5ZZ9VH84=GS2.1.s1746686336$o431$g1$t1746687598$j9$l0$h0 https://www.extron.com/product/dtp2r211 www.extron.com 304 0 0 1705 2
2025-05-08 07:00:18 10.1.0.50 GET /Content/vendor/jquery/jquery-3.3.1.min.js - 443 lnah@extron.com 10.1.16.1 Mozilla/5.0+(Windows+NT+10.0;+Win64;+x64)+AppleWebKit/537.36+(KHTML,+like+Gecko)+Chrome/135.0.0.0+Safari/537.36 lang=1;+region=3;+_gid=GA1.2.1420396670.1746408377;+ASP.NET_SessionId=4cye422eix0321wiv0qjrafu;+__RequestVerificationToken=fANlzh5QNg8shi1SxcPj7FFjmKKwNY4bojEfgz6ZggvrRlYzXJlbLi4XACv6ZGCJrkPfj_ST7MR6VGxxmUO4DkrgbA41;+_clck=fc8qsr%7C2%7Cfvq%7C0%7C1783;+username=lnah@extron.com;+PriceClass=60;+PriceList=S3+;+.AspNet.Cookies=Ql8qoVFqiXHZrY3Z1gIARaU2JRd_bwi_g3v6CHQWA3qPMDJWiJ6DqK5Waw8lyfF60Yxn91lJ8BrDEihsalGopDHyxV0klnawrUdLcifjM3ZGDXhRVYMRGFsLi9gEYvMlamUqnl6QoyEpSBAOCbbmWEeKXmft_Hxhx1dae7CpGHGdx3LSl1wDVQi-aOLbYmCA0Y_IfXhnEnO6oJSQqoNN_n7zik-lAzUd1SAyny4RQYHHv0bfu2_0fo2eJJfslN0qkzp9-vCP8WSqS4zGXApM9Xl0bg_c_Z9fEDXYuEGRR7L0tVdzXlkaT44CUFfRKyyHLZPQLQpkPdkrWK3aAshOGfCqMZ4TBqPW0NyUt2FELR_DSP6ZJHrZjtKOGhdkeZr3XvdYuVBzuaH9U-CGUb--oCA78YvA3f-Ve_gzLD4zktJysjSJ;+_gat_UA-130285241-1=1;+_ga=GA1.1.630089218.1731903416;+_clsk=ruq57m%7C1746687596479%7C16%7C1%7Cb.clarity.ms%2Fcollect;+ExtronRecViewProd=cablecubby202,xtpiicphd4kplusio,nave111dtp3,dtp3crosspoint622,ssp200,dtp3r201,dtphdmi330rx,dtp3t202,dtphdmi330tx,dtpthd24k330,dtp2t211,dtp2r211;+_ga_DP5ZZ9VH84=GS2.1.s1746686336$o431$g1$t1746687598$j9$l0$h0 https://www.extron.com/product/dtp2r211 www.extron.com 304 0 0 1705 2
2025-05-08 07:00:18 10.1.0.50 GET /Content/vendor/bootstrap/bootstrap.bundle.min.js - 443 lnah@extron.com 10.1.16.1 Mozilla/5.0+(Windows+NT+10.0;+Win64;+x64)+AppleWebKit/537.36+(KHTML,+like+Gecko)+Chrome/135.0.0.0+Safari/537.36 lang=1;+region=3;+_gid=GA1.2.1420396670.1746408377;+ASP.NET_SessionId=4cye422eix0321wiv0qjrafu;+__RequestVerificationToken=fANlzh5QNg8shi1SxcPj7FFjmKKwNY4bojEfgz6ZggvrRlYzXJlbLi4XACv6ZGCJrkPfj_ST7MR6VGxxmUO4DkrgbA41;+_clck=fc8qsr%7C2%7Cfvq%7C0%7C1783;+username=lnah@extron.com;+PriceClass=60;+PriceList=S3+;+.AspNet.Cookies=Ql8qoVFqiXHZrY3Z1gIARaU2JRd_bwi_g3v6CHQWA3qPMDJWiJ6DqK5Waw8lyfF60Yxn91lJ8BrDEihsalGopDHyxV0klnawrUdLcifjM3ZGDXhRVYMRGFsLi9gEYvMlamUqnl6QoyEpSBAOCbbmWEeKXmft_Hxhx1dae7CpGHGdx3LSl1wDVQi-aOLbYmCA0Y_IfXhnEnO6oJSQqoNN_n7zik-lAzUd1SAyny4RQYHHv0bfu2_0fo2eJJfslN0qkzp9-vCP8WSqS4zGXApM9Xl0bg_c_Z9fEDXYuEGRR7L0tVdzXlkaT44CUFfRKyyHLZPQLQpkPdkrWK3aAshOGfCqMZ4TBqPW0NyUt2FELR_DSP6ZJHrZjtKOGhdkeZr3XvdYuVBzuaH9U-CGUb--oCA78YvA3f-Ve_gzLD4zktJysjSJ;+_gat_UA-130285241-1=1;+_ga=GA1.1.630089218.1731903416;+_clsk=ruq57m%7C1746687596479%7C16%7C1%7Cb.clarity.ms%2Fcollect;+ExtronRecViewProd=cablecubby202,xtpiicphd4kplusio,nave111dtp3,dtp3crosspoint622,ssp200,dtp3r201,dtphdmi330rx,dtp3t202,dtphdmi330tx,dtpthd24k330,dtp2t211,dtp2r211;+_ga_DP5ZZ9VH84=GS2.1.s1746686336$o431$g1$t1746687598$j9$l0$h0 https://www.extron.com/product/dtp2r211 www.extron.com 304 0 0 1705 1
2025-05-08 07:00:18 10.1.0.50 GET /Content/vendor/jquery-unobtrusive-ajax/jquery.unobtrusive-ajax.js - 443 lnah@extron.com 10.1.16.1 Mozilla/5.0+(Windows+NT+10.0;+Win64;+x64)+AppleWebKit/537.36+(KHTML,+like+Gecko)+Chrome/135.0.0.0+Safari/537.36 lang=1;+region=3;+_gid=GA1.2.1420396670.1746408377;+ASP.NET_SessionId=4cye422eix0321wiv0qjrafu;+__RequestVerificationToken=fANlzh5QNg8shi1SxcPj7FFjmKKwNY4bojEfgz6ZggvrRlYzXJlbLi4XACv6ZGCJrkPfj_ST7MR6VGxxmUO4DkrgbA41;+_clck=fc8qsr%7C2%7Cfvq%7C0%7C1783;+username=lnah@extron.com;+PriceClass=60;+PriceList=S3+;+.AspNet.Cookies=Ql8qoVFqiXHZrY3Z1gIARaU2JRd_bwi_g3v6CHQWA3qPMDJWiJ6DqK5Waw8lyfF60Yxn91lJ8BrDEihsalGopDHyxV0klnawrUdLcifjM3ZGDXhRVYMRGFsLi9gEYvMlamUqnl6QoyEpSBAOCbbmWEeKXmft_Hxhx1dae7CpGHGdx3LSl1wDVQi-aOLbYmCA0Y_IfXhnEnO6oJSQqoNN_n7zik-lAzUd1SAyny4RQYHHv0bfu2_0fo2eJJfslN0qkzp9-vCP8WSqS4zGXApM9Xl0bg_c_Z9fEDXYuEGRR7L0tVdzXlkaT44CUFfRKyyHLZPQLQpkPdkrWK3aAshOGfCqMZ4TBqPW0NyUt2FELR_DSP6ZJHrZjtKOGhdkeZr3XvdYuVBzuaH9U-CGUb--oCA78YvA3f-Ve_gzLD4zktJysjSJ;+_gat_UA-130285241-1=1;+_ga=GA1.1.630089218.1731903416;+_clsk=ruq57m%7C1746687596479%7C16%7C1%7Cb.clarity.ms%2Fcollect;+ExtronRecViewProd=cablecubby202,xtpiicphd4kplusio,nave111dtp3,dtp3crosspoint622,ssp200,dtp3r201,dtphdmi330rx,dtp3t202,dtphdmi330tx,dtpthd24k330,dtp2t211,dtp2r211;+_ga_DP5ZZ9VH84=GS2.1.s1746686336$o431$g1$t1746687598$j9$l0$h0 https://www.extron.com/product/dtp2r211 www.extron.com 304 0 0 1705 1
2025-05-08 07:00:18 10.1.0.50 GET /Content/vendor/bs-offcanvas/dist/js/bootstrap.offcanvas.js - 443 lnah@extron.com 10.1.16.1 Mozilla/5.0+(Windows+NT+10.0;+Win64;+x64)+AppleWebKit/537.36+(KHTML,+like+Gecko)+Chrome/135.0.0.0+Safari/537.36 lang=1;+region=3;+_gid=GA1.2.1420396670.1746408377;+ASP.NET_SessionId=4cye422eix0321wiv0qjrafu;+__RequestVerificationToken=fANlzh5QNg8shi1SxcPj7FFjmKKwNY4bojEfgz6ZggvrRlYzXJlbLi4XACv6ZGCJrkPfj_ST7MR6VGxxmUO4DkrgbA41;+_clck=fc8qsr%7C2%7Cfvq%7C0%7C1783;+username=lnah@extron.com;+PriceClass=60;+PriceList=S3+;+.AspNet.Cookies=Ql8qoVFqiXHZrY3Z1gIARaU2JRd_bwi_g3v6CHQWA3qPMDJWiJ6DqK5Waw8lyfF60Yxn91lJ8BrDEihsalGopDHyxV0klnawrUdLcifjM3ZGDXhRVYMRGFsLi9gEYvMlamUqnl6QoyEpSBAOCbbmWEeKXmft_Hxhx1dae7CpGHGdx3LSl1wDVQi-aOLbYmCA0Y_IfXhnEnO6oJSQqoNN_n7zik-lAzUd1SAyny4RQYHHv0bfu2_0fo2eJJfslN0qkzp9-vCP8WSqS4zGXApM9Xl0bg_c_Z9fEDXYuEGRR7L0tVdzXlkaT44CUFfRKyyHLZPQLQpkPdkrWK3aAshOGfCqMZ4TBqPW0NyUt2FELR_DSP6ZJHrZjtKOGhdkeZr3XvdYuVBzuaH9U-CGUb--oCA78YvA3f-Ve_gzLD4zktJysjSJ;+_gat_UA-130285241-1=1;+_ga=GA1.1.630089218.1731903416;+_clsk=ruq57m%7C1746687596479%7C16%7C1%7Cb.clarity.ms%2Fcollect;+ExtronRecViewProd=cablecubby202,xtpiicphd4kplusio,nave111dtp3,dtp3crosspoint622,ssp200,dtp3r201,dtphdmi330rx,dtp3t202,dtphdmi330tx,dtpthd24k330,dtp2t211,dtp2r211;+_ga_DP5ZZ9VH84=GS2.1.s1746686336$o431$g1$t1746687598$j9$l0$h0 https://www.extron.com/product/dtp2r211 www.extron.com 304 0 0 1705 1
2025-05-08 07:00:18 10.1.0.50 GET /Content/vendor/fontawesome/webfonts/fa-solid-900.woff2 - 443 lnah@extron.com 10.1.16.1 Mozilla/5.0+(Windows+NT+10.0;+Win64;+x64)+AppleWebKit/537.36+(KHTML,+like+Gecko)+Chrome/135.0.0.0+Safari/537.36 lang=1;+region=3;+_gid=GA1.2.1420396670.1746408377;+ASP.NET_SessionId=4cye422eix0321wiv0qjrafu;+__RequestVerificationToken=fANlzh5QNg8shi1SxcPj7FFjmKKwNY4bojEfgz6ZggvrRlYzXJlbLi4XACv6ZGCJrkPfj_ST7MR6VGxxmUO4DkrgbA41;+_clck=fc8qsr%7C2%7Cfvq%7C0%7C1783;+username=lnah@extron.com;+PriceClass=60;+PriceList=S3+;+.AspNet.Cookies=Ql8qoVFqiXHZrY3Z1gIARaU2JRd_bwi_g3v6CHQWA3qPMDJWiJ6DqK5Waw8lyfF60Yxn91lJ8BrDEihsalGopDHyxV0klnawrUdLcifjM3ZGDXhRVYMRGFsLi9gEYvMlamUqnl6QoyEpSBAOCbbmWEeKXmft_Hxhx1dae7CpGHGdx3LSl1wDVQi-aOLbYmCA0Y_IfXhnEnO6oJSQqoNN_n7zik-lAzUd1SAyny4RQYHHv0bfu2_0fo2eJJfslN0qkzp9-vCP8WSqS4zGXApM9Xl0bg_c_Z9fEDXYuEGRR7L0tVdzXlkaT44CUFfRKyyHLZPQLQpkPdkrWK3aAshOGfCqMZ4TBqPW0NyUt2FELR_DSP6ZJHrZjtKOGhdkeZr3XvdYuVBzuaH9U-CGUb--oCA78YvA3f-Ve_gzLD4zktJysjSJ;+_gat_UA-130285241-1=1;+_ga=GA1.1.630089218.1731903416;+_clsk=ruq57m%7C1746687596479%7C16%7C1%7Cb.clarity.ms%2Fcollect;+ExtronRecViewProd=cablecubby202,xtpiicphd4kplusio,nave111dtp3,dtp3crosspoint622,ssp200,dtp3r201,dtphdmi330rx,dtp3t202,dtphdmi330tx,dtpthd24k330,dtp2t211,dtp2r211;+_ga_DP5ZZ9VH84=GS2.1.s1746686336$o431$g1$t1746687598$j9$l0$h0 https://www.extron.com/Content/vendor/fontawesome/css/all.min.css www.extron.com 304 0 0 1703 3
2025-05-08 07:00:18 10.1.0.50 GET /Content/vendor/fontawesome/webfonts/fa-regular-400.woff2 - 443 lnah@extron.com 10.1.16.1 Mozilla/5.0+(Windows+NT+10.0;+Win64;+x64)+AppleWebKit/537.36+(KHTML,+like+Gecko)+Chrome/135.0.0.0+Safari/537.36 lang=1;+region=3;+_gid=GA1.2.1420396670.1746408377;+ASP.NET_SessionId=4cye422eix0321wiv0qjrafu;+__RequestVerificationToken=fANlzh5QNg8shi1SxcPj7FFjmKKwNY4bojEfgz6ZggvrRlYzXJlbLi4XACv6ZGCJrkPfj_ST7MR6VGxxmUO4DkrgbA41;+_clck=fc8qsr%7C2%7Cfvq%7C0%7C1783;+username=lnah@extron.com;+PriceClass=60;+PriceList=S3+;+.AspNet.Cookies=Ql8qoVFqiXHZrY3Z1gIARaU2JRd_bwi_g3v6CHQWA3qPMDJWiJ6DqK5Waw8lyfF60Yxn91lJ8BrDEihsalGopDHyxV0klnawrUdLcifjM3ZGDXhRVYMRGFsLi9gEYvMlamUqnl6QoyEpSBAOCbbmWEeKXmft_Hxhx1dae7CpGHGdx3LSl1wDVQi-aOLbYmCA0Y_IfXhnEnO6oJSQqoNN_n7zik-lAzUd1SAyny4RQYHHv0bfu2_0fo2eJJfslN0qkzp9-vCP8WSqS4zGXApM9Xl0bg_c_Z9fEDXYuEGRR7L0tVdzXlkaT44CUFfRKyyHLZPQLQpkPdkrWK3aAshOGfCqMZ4TBqPW0NyUt2FELR_DSP6ZJHrZjtKOGhdkeZr3XvdYuVBzuaH9U-CGUb--oCA78YvA3f-Ve_gzLD4zktJysjSJ;+_gat_UA-130285241-1=1;+_ga=GA1.1.630089218.1731903416;+_clsk=ruq57m%7C1746687596479%7C16%7C1%7Cb.clarity.ms%2Fcollect;+ExtronRecViewProd=cablecubby202,xtpiicphd4kplusio,nave111dtp3,dtp3crosspoint622,ssp200,dtp3r201,dtphdmi330rx,dtp3t202,dtphdmi330tx,dtpthd24k330,dtp2t211,dtp2r211;+_ga_DP5ZZ9VH84=GS2.1.s1746686336$o431$g1$t1746687598$j9$l0$h0 https://www.extron.com/Content/vendor/fontawesome/css/all.min.css www.extron.com 304 0 0 1703 2
2025-05-08 07:00:18 10.1.0.50 GET /Content/vendor/fontawesome/webfonts/fa-light-300.woff2 - 443 lnah@extron.com 10.1.16.1 Mozilla/5.0+(Windows+NT+10.0;+Win64;+x64)+AppleWebKit/537.36+(KHTML,+like+Gecko)+Chrome/135.0.0.0+Safari/537.36 lang=1;+region=3;+_gid=GA1.2.1420396670.1746408377;+ASP.NET_SessionId=4cye422eix0321wiv0qjrafu;+__RequestVerificationToken=fANlzh5QNg8shi1SxcPj7FFjmKKwNY4bojEfgz6ZggvrRlYzXJlbLi4XACv6ZGCJrkPfj_ST7MR6VGxxmUO4DkrgbA41;+_clck=fc8qsr%7C2%7Cfvq%7C0%7C1783;+username=lnah@extron.com;+PriceClass=60;+PriceList=S3+;+.AspNet.Cookies=Ql8qoVFqiXHZrY3Z1gIARaU2JRd_bwi_g3v6CHQWA3qPMDJWiJ6DqK5Waw8lyfF60Yxn91lJ8BrDEihsalGopDHyxV0klnawrUdLcifjM3ZGDXhRVYMRGFsLi9gEYvMlamUqnl6QoyEpSBAOCbbmWEeKXmft_Hxhx1dae7CpGHGdx3LSl1wDVQi-aOLbYmCA0Y_IfXhnEnO6oJSQqoNN_n7zik-lAzUd1SAyny4RQYHHv0bfu2_0fo2eJJfslN0qkzp9-vCP8WSqS4zGXApM9Xl0bg_c_Z9fEDXYuEGRR7L0tVdzXlkaT44CUFfRKyyHLZPQLQpkPdkrWK3aAshOGfCqMZ4TBqPW0NyUt2FELR_DSP6ZJHrZjtKOGhdkeZr3XvdYuVBzuaH9U-CGUb--oCA78YvA3f-Ve_gzLD4zktJysjSJ;+_gat_UA-130285241-1=1;+_ga=GA1.1.630089218.1731903416;+_clsk=ruq57m%7C1746687596479%7C16%7C1%7Cb.clarity.ms%2Fcollect;+ExtronRecViewProd=cablecubby202,xtpiicphd4kplusio,nave111dtp3,dtp3crosspoint622,ssp200,dtp3r201,dtphdmi330rx,dtp3t202,dtphdmi330tx,dtpthd24k330,dtp2t211,dtp2r211;+_ga_DP5ZZ9VH84=GS2.1.s1746686336$o431$g1$t1746687598$j9$l0$h0 https://www.extron.com/Content/vendor/fontawesome/css/all.min.css www.extron.com 304 0 0 1703 2
2025-05-08 07:00:18 10.1.0.50 GET /technology/literature.aspx tabid=5&tabid=1&tabid=1&tabid=1&tabid=1&tabid=1&tabid=1&tabid=1&tabid=5&tabid=1&tabid=1&tabid=1&tabid=1&tabid=1&tabid=1&tabid=1&filetype=6&lang=7&tabid=5&id=m&filetype=4&lang=7&tabid=1&id=q&filetype=6&lang=7&tabid=5&id=N&filetype=81&lang=1&tabid=3&id=T&filetype=4&lang=7&tabid=1&id=I&filetype=81&lang=1&tabid=3&id=All&filetype=81&lang=1&tabid=3&id=I&filetype=4&lang=7&tabid=1&id=E&filetype=4&lang=7&tabid=1&id=M&filetype=4&lang=7&tabid=1&id=W&filetype=81&lang=1&tabid=3&id=L&filetype=81&lang=1&tabid=3&id=All&filetype=4&lang=7&tabid=1&id=G&filetype=81&lang=1&tabid=3&id=W&filetype=81&lang=1&tabid=3&id=0&filetype=6&lang=7&tabid=5&id=N 443 - 10.1.16.1 Mozilla/5.0+AppleWebKit/537.36+(KHTML,+like+Gecko;+compatible;+bingbot/2.0;++http://www.bing.com/bingbot.htm)+Chrome/116.0.1938.76+Safari/537.36 - - www.extron.com.au 200 0 0 173177 707
2025-05-08 07:00:18 10.1.0.50 GET /Content/vendor/fancybox-3.5.7/dist/jquery.fancybox.js - 443 lnah@extron.com 10.1.16.1 Mozilla/5.0+(Windows+NT+10.0;+Win64;+x64)+AppleWebKit/537.36+(KHTML,+like+Gecko)+Chrome/135.0.0.0+Safari/537.36 lang=1;+region=3;+_gid=GA1.2.1420396670.1746408377;+ASP.NET_SessionId=4cye422eix0321wiv0qjrafu;+__RequestVerificationToken=fANlzh5QNg8shi1SxcPj7FFjmKKwNY4bojEfgz6ZggvrRlYzXJlbLi4XACv6ZGCJrkPfj_ST7MR6VGxxmUO4DkrgbA41;+_clck=fc8qsr%7C2%7Cfvq%7C0%7C1783;+username=lnah@extron.com;+PriceClass=60;+PriceList=S3+;+.AspNet.Cookies=Ql8qoVFqiXHZrY3Z1gIARaU2JRd_bwi_g3v6CHQWA3qPMDJWiJ6DqK5Waw8lyfF60Yxn91lJ8BrDEihsalGopDHyxV0klnawrUdLcifjM3ZGDXhRVYMRGFsLi9gEYvMlamUqnl6QoyEpSBAOCbbmWEeKXmft_Hxhx1dae7CpGHGdx3LSl1wDVQi-aOLbYmCA0Y_IfXhnEnO6oJSQqoNN_n7zik-lAzUd1SAyny4RQYHHv0bfu2_0fo2eJJfslN0qkzp9-vCP8WSqS4zGXApM9Xl0bg_c_Z9fEDXYuEGRR7L0tVdzXlkaT44CUFfRKyyHLZPQLQpkPdkrWK3aAshOGfCqMZ4TBqPW0NyUt2FELR_DSP6ZJHrZjtKOGhdkeZr3XvdYuVBzuaH9U-CGUb--oCA78YvA3f-Ve_gzLD4zktJysjSJ;+_gat_UA-130285241-1=1;+_ga=GA1.1.630089218.1731903416;+_clsk=ruq57m%7C1746687596479%7C16%7C1%7Cb.clarity.ms%2Fcollect;+ExtronRecViewProd=cablecubby202,xtpiicphd4kplusio,nave111dtp3,dtp3crosspoint622,ssp200,dtp3r201,dtphdmi330rx,dtp3t202,dtphdmi330tx,dtpthd24k330,dtp2t211,dtp2r211;+_ga_DP5ZZ9VH84=GS2.1.s1746686336$o431$g1$t1746687598$j9$l0$h0 https://www.extron.com/product/dtp2r211 www.extron.com 304 0 0 1705 2
2025-05-08 07:00:18 10.1.0.50 GET /Content/vendor/fontawesome/webfonts/fa-brands-400.woff2 - 443 lnah@extron.com 10.1.16.1 Mozilla/5.0+(Windows+NT+10.0;+Win64;+x64)+AppleWebKit/537.36+(KHTML,+like+Gecko)+Chrome/135.0.0.0+Safari/537.36 lang=1;+region=3;+_gid=GA1.2.1420396670.1746408377;+ASP.NET_SessionId=4cye422eix0321wiv0qjrafu;+__RequestVerificationToken=fANlzh5QNg8shi1SxcPj7FFjmKKwNY4bojEfgz6ZggvrRlYzXJlbLi4XACv6ZGCJrkPfj_ST7MR6VGxxmUO4DkrgbA41;+_clck=fc8qsr%7C2%7Cfvq%7C0%7C1783;+username=lnah@extron.com;+PriceClass=60;+PriceList=S3+;+.AspNet.Cookies=Ql8qoVFqiXHZrY3Z1gIARaU2JRd_bwi_g3v6CHQWA3qPMDJWiJ6DqK5Waw8lyfF60Yxn91lJ8BrDEihsalGopDHyxV0klnawrUdLcifjM3ZGDXhRVYMRGFsLi9gEYvMlamUqnl6QoyEpSBAOCbbmWEeKXmft_Hxhx1dae7CpGHGdx3LSl1wDVQi-aOLbYmCA0Y_IfXhnEnO6oJSQqoNN_n7zik-lAzUd1SAyny4RQYHHv0bfu2_0fo2eJJfslN0qkzp9-vCP8WSqS4zGXApM9Xl0bg_c_Z9fEDXYuEGRR7L0tVdzXlkaT44CUFfRKyyHLZPQLQpkPdkrWK3aAshOGfCqMZ4TBqPW0NyUt2FELR_DSP6ZJHrZjtKOGhdkeZr3XvdYuVBzuaH9U-CGUb--oCA78YvA3f-Ve_gzLD4zktJysjSJ;+_gat_UA-130285241-1=1;+_ga=GA1.1.630089218.1731903416;+_clsk=ruq57m%7C1746687596479%7C16%7C1%7Cb.clarity.ms%2Fcollect;+ExtronRecViewProd=cablecubby202,xtpiicphd4kplusio,nave111dtp3,dtp3crosspoint622,ssp200,dtp3r201,dtphdmi330rx,dtp3t202,dtphdmi330tx,dtpthd24k330,dtp2t211,dtp2r211;+_ga_DP5ZZ9VH84=GS2.1.s1746686336$o431$g1$t1746687598$j9$l0$h0 https://www.extron.com/Content/vendor/fontawesome/css/all.min.css www.extron.com 304 0 0 1705 2
2025-05-08 07:00:18 10.1.0.50 GET /company/article.aspx id=fa0702&version=print 80 - 10.1.16.1 Mozilla/5.0+(compatible;+DotBot/1.2;++https://opensiteexplorer.org/dotbot;+help@moz.com) - - www.extron.de 301 0 0 1803 1
2025-05-08 07:00:19 10.1.0.50 GET /Content/vendor/jquery-debounce/jquery.ba-throttle-debounce.js - 443 lnah@extron.com 10.1.16.1 Mozilla/5.0+(Windows+NT+10.0;+Win64;+x64)+AppleWebKit/537.36+(KHTML,+like+Gecko)+Chrome/135.0.0.0+Safari/537.36 lang=1;+region=3;+_gid=GA1.2.1420396670.1746408377;+ASP.NET_SessionId=4cye422eix0321wiv0qjrafu;+__RequestVerificationToken=fANlzh5QNg8shi1SxcPj7FFjmKKwNY4bojEfgz6ZggvrRlYzXJlbLi4XACv6ZGCJrkPfj_ST7MR6VGxxmUO4DkrgbA41;+_clck=fc8qsr%7C2%7Cfvq%7C0%7C1783;+username=lnah@extron.com;+PriceClass=60;+PriceList=S3+;+.AspNet.Cookies=Ql8qoVFqiXHZrY3Z1gIARaU2JRd_bwi_g3v6CHQWA3qPMDJWiJ6DqK5Waw8lyfF60Yxn91lJ8BrDEihsalGopDHyxV0klnawrUdLcifjM3ZGDXhRVYMRGFsLi9gEYvMlamUqnl6QoyEpSBAOCbbmWEeKXmft_Hxhx1dae7CpGHGdx3LSl1wDVQi-aOLbYmCA0Y_IfXhnEnO6oJSQqoNN_n7zik-lAzUd1SAyny4RQYHHv0bfu2_0fo2eJJfslN0qkzp9-vCP8WSqS4zGXApM9Xl0bg_c_Z9fEDXYuEGRR7L0tVdzXlkaT44CUFfRKyyHLZPQLQpkPdkrWK3aAshOGfCqMZ4TBqPW0NyUt2FELR_DSP6ZJHrZjtKOGhdkeZr3XvdYuVBzuaH9U-CGUb--oCA78YvA3f-Ve_gzLD4zktJysjSJ;+_gat_UA-130285241-1=1;+_ga=GA1.1.630089218.1731903416;+_clsk=ruq57m%7C1746687596479%7C16%7C1%7Cb.clarity.ms%2Fcollect;+ExtronRecViewProd=cablecubby202,xtpiicphd4kplusio,nave111dtp3,dtp3crosspoint622,ssp200,dtp3r201,dtphdmi330rx,dtp3t202,dtphdmi330tx,dtpthd24k330,dtp2t211,dtp2r211;+_ga_DP5ZZ9VH84=GS2.1.s1746686336$o431$g1$t1746687598$j9$l0$h0 https://www.extron.com/product/dtp2r211 www.extron.com 304 0 0 1705 2
2025-05-08 07:00:19 10.1.0.50 GET /Content/vendor/hoverintent/jquery.hoverIntent.js - 443 lnah@extron.com 10.1.16.1 Mozilla/5.0+(Windows+NT+10.0;+Win64;+x64)+AppleWebKit/537.36+(KHTML,+like+Gecko)+Chrome/135.0.0.0+Safari/537.36 lang=1;+region=3;+_gid=GA1.2.1420396670.1746408377;+ASP.NET_SessionId=4cye422eix0321wiv0qjrafu;+__RequestVerificationToken=fANlzh5QNg8shi1SxcPj7FFjmKKwNY4bojEfgz6ZggvrRlYzXJlbLi4XACv6ZGCJrkPfj_ST7MR6VGxxmUO4DkrgbA41;+_clck=fc8qsr%7C2%7Cfvq%7C0%7C1783;+username=lnah@extron.com;+PriceClass=60;+PriceList=S3+;+.AspNet.Cookies=Ql8qoVFqiXHZrY3Z1gIARaU2JRd_bwi_g3v6CHQWA3qPMDJWiJ6DqK5Waw8lyfF60Yxn91lJ8BrDEihsalGopDHyxV0klnawrUdLcifjM3ZGDXhRVYMRGFsLi9gEYvMlamUqnl6QoyEpSBAOCbbmWEeKXmft_Hxhx1dae7CpGHGdx3LSl1wDVQi-aOLbYmCA0Y_IfXhnEnO6oJSQqoNN_n7zik-lAzUd1SAyny4RQYHHv0bfu2_0fo2eJJfslN0qkzp9-vCP8WSqS4zGXApM9Xl0bg_c_Z9fEDXYuEGRR7L0tVdzXlkaT44CUFfRKyyHLZPQLQpkPdkrWK3aAshOGfCqMZ4TBqPW0NyUt2FELR_DSP6ZJHrZjtKOGhdkeZr3XvdYuVBzuaH9U-CGUb--oCA78YvA3f-Ve_gzLD4zktJysjSJ;+_gat_UA-130285241-1=1;+_ga=GA1.1.630089218.1731903416;+_clsk=ruq57m%7C1746687596479%7C16%7C1%7Cb.clarity.ms%2Fcollect;+ExtronRecViewProd=cablecubby202,xtpiicphd4kplusio,nave111dtp3,dtp3crosspoint622,ssp200,dtp3r201,dtphdmi330rx,dtp3t202,dtphdmi330tx,dtpthd24k330,dtp2t211,dtp2r211;+_ga_DP5ZZ9VH84=GS2.1.s1746686336$o431$g1$t1746687598$j9$l0$h0 https://www.extron.com/product/dtp2r211 www.extron.com 304 0 0 1705 2
2025-05-08 07:00:19 10.1.0.50 GET /Content/vendor/jquery-mobile-events/jquery.mobile-events.js - 443 lnah@extron.com 10.1.16.1 Mozilla/5.0+(Windows+NT+10.0;+Win64;+x64)+AppleWebKit/537.36+(KHTML,+like+Gecko)+Chrome/135.0.0.0+Safari/537.36 lang=1;+region=3;+_gid=GA1.2.1420396670.1746408377;+ASP.NET_SessionId=4cye422eix0321wiv0qjrafu;+__RequestVerificationToken=fANlzh5QNg8shi1SxcPj7FFjmKKwNY4bojEfgz6ZggvrRlYzXJlbLi4XACv6ZGCJrkPfj_ST7MR6VGxxmUO4DkrgbA41;+_clck=fc8qsr%7C2%7Cfvq%7C0%7C1783;+username=lnah@extron.com;+PriceClass=60;+PriceList=S3+;+.AspNet.Cookies=Ql8qoVFqiXHZrY3Z1gIARaU2JRd_bwi_g3v6CHQWA3qPMDJWiJ6DqK5Waw8lyfF60Yxn91lJ8BrDEihsalGopDHyxV0klnawrUdLcifjM3ZGDXhRVYMRGFsLi9gEYvMlamUqnl6QoyEpSBAOCbbmWEeKXmft_Hxhx1dae7CpGHGdx3LSl1wDVQi-aOLbYmCA0Y_IfXhnEnO6oJSQqoNN_n7zik-lAzUd1SAyny4RQYHHv0bfu2_0fo2eJJfslN0qkzp9-vCP8WSqS4zGXApM9Xl0bg_c_Z9fEDXYuEGRR7L0tVdzXlkaT44CUFfRKyyHLZPQLQpkPdkrWK3aAshOGfCqMZ4TBqPW0NyUt2FELR_DSP6ZJHrZjtKOGhdkeZr3XvdYuVBzuaH9U-CGUb--oCA78YvA3f-Ve_gzLD4zktJysjSJ;+_gat_UA-130285241-1=1;+_ga=GA1.1.630089218.1731903416;+_clsk=ruq57m%7C1746687596479%7C16%7C1%7Cb.clarity.ms%2Fcollect;+ExtronRecViewProd=cablecubby202,xtpiicphd4kplusio,nave111dtp3,dtp3crosspoint622,ssp200,dtp3r201,dtphdmi330rx,dtp3t202,dtphdmi330tx,dtpthd24k330,dtp2t211,dtp2r211;+_ga_DP5ZZ9VH84=GS2.1.s1746686336$o431$g1$t1746687598$j9$l0$h0 https://www.extron.com/product/dtp2r211 www.extron.com 304 0 0 1705 2
2025-05-08 07:00:19 10.1.0.50 GET /tools/signage id=4ksignage 443 - 10.1.16.1 - - - www.extron.com 200 0 0 17926 5
2025-05-08 07:00:19 10.1.0.50 GET /Content/vendor/js-cookie/js.cookie-2.2.0.js - 443 lnah@extron.com 10.1.16.1 Mozilla/5.0+(Windows+NT+10.0;+Win64;+x64)+AppleWebKit/537.36+(KHTML,+like+Gecko)+Chrome/135.0.0.0+Safari/537.36 lang=1;+region=3;+_gid=GA1.2.1420396670.1746408377;+ASP.NET_SessionId=4cye422eix0321wiv0qjrafu;+__RequestVerificationToken=fANlzh5QNg8shi1SxcPj7FFjmKKwNY4bojEfgz6ZggvrRlYzXJlbLi4XACv6ZGCJrkPfj_ST7MR6VGxxmUO4DkrgbA41;+_clck=fc8qsr%7C2%7Cfvq%7C0%7C1783;+username=lnah@extron.com;+PriceClass=60;+PriceList=S3+;+.AspNet.Cookies=Ql8qoVFqiXHZrY3Z1gIARaU2JRd_bwi_g3v6CHQWA3qPMDJWiJ6DqK5Waw8lyfF60Yxn91lJ8BrDEihsalGopDHyxV0klnawrUdLcifjM3ZGDXhRVYMRGFsLi9gEYvMlamUqnl6QoyEpSBAOCbbmWEeKXmft_Hxhx1dae7CpGHGdx3LSl1wDVQi-aOLbYmCA0Y_IfXhnEnO6oJSQqoNN_n7zik-lAzUd1SAyny4RQYHHv0bfu2_0fo2eJJfslN0qkzp9-vCP8WSqS4zGXApM9Xl0bg_c_Z9fEDXYuEGRR7L0tVdzXlkaT44CUFfRKyyHLZPQLQpkPdkrWK3aAshOGfCqMZ4TBqPW0NyUt2FELR_DSP6ZJHrZjtKOGhdkeZr3XvdYuVBzuaH9U-CGUb--oCA78YvA3f-Ve_gzLD4zktJysjSJ;+_gat_UA-130285241-1=1;+_ga=GA1.1.630089218.1731903416;+_clsk=ruq57m%7C1746687596479%7C16%7C1%7Cb.clarity.ms%2Fcollect;+ExtronRecViewProd=cablecubby202,xtpiicphd4kplusio,nave111dtp3,dtp3crosspoint622,ssp200,dtp3r201,dtphdmi330rx,dtp3t202,dtphdmi330tx,dtpthd24k330,dtp2t211,dtp2r211;+_ga_DP5ZZ9VH84=GS2.1.s1746686336$o431$g1$t1746687598$j9$l0$h0 https://www.extron.com/product/dtp2r211 www.extron.com 304 0 0 1705 2
2025-05-08 07:00:19 10.1.0.50 GET /Content/vendor/slick/slick.js - 443 lnah@extron.com 10.1.16.1 Mozilla/5.0+(Windows+NT+10.0;+Win64;+x64)+AppleWebKit/537.36+(KHTML,+like+Gecko)+Chrome/135.0.0.0+Safari/537.36 lang=1;+region=3;+_gid=GA1.2.1420396670.1746408377;+ASP.NET_SessionId=4cye422eix0321wiv0qjrafu;+__RequestVerificationToken=fANlzh5QNg8shi1SxcPj7FFjmKKwNY4bojEfgz6ZggvrRlYzXJlbLi4XACv6ZGCJrkPfj_ST7MR6VGxxmUO4DkrgbA41;+_clck=fc8qsr%7C2%7Cfvq%7C0%7C1783;+username=lnah@extron.com;+PriceClass=60;+PriceList=S3+;+.AspNet.Cookies=Ql8qoVFqiXHZrY3Z1gIARaU2JRd_bwi_g3v6CHQWA3qPMDJWiJ6DqK5Waw8lyfF60Yxn91lJ8BrDEihsalGopDHyxV0klnawrUdLcifjM3ZGDXhRVYMRGFsLi9gEYvMlamUqnl6QoyEpSBAOCbbmWEeKXmft_Hxhx1dae7CpGHGdx3LSl1wDVQi-aOLbYmCA0Y_IfXhnEnO6oJSQqoNN_n7zik-lAzUd1SAyny4RQYHHv0bfu2_0fo2eJJfslN0qkzp9-vCP8WSqS4zGXApM9Xl0bg_c_Z9fEDXYuEGRR7L0tVdzXlkaT44CUFfRKyyHLZPQLQpkPdkrWK3aAshOGfCqMZ4TBqPW0NyUt2FELR_DSP6ZJHrZjtKOGhdkeZr3XvdYuVBzuaH9U-CGUb--oCA78YvA3f-Ve_gzLD4zktJysjSJ;+_gat_UA-130285241-1=1;+_ga=GA1.1.630089218.1731903416;+_clsk=ruq57m%7C1746687596479%7C16%7C1%7Cb.clarity.ms%2Fcollect;+ExtronRecViewProd=cablecubby202,xtpiicphd4kplusio,nave111dtp3,dtp3crosspoint622,ssp200,dtp3r201,dtphdmi330rx,dtp3t202,dtphdmi330tx,dtpthd24k330,dtp2t211,dtp2r211;+_ga_DP5ZZ9VH84=GS2.1.s1746686336$o431$g1$t1746687598$j9$l0$h0 https://www.extron.com/product/dtp2r211 www.extron.com 304 0 0 1705 1
2025-05-08 07:00:19 10.1.0.50 GET /Scripts/Shared/autohide.js - 443 lnah@extron.com 10.1.16.1 Mozilla/5.0+(Windows+NT+10.0;+Win64;+x64)+AppleWebKit/537.36+(KHTML,+like+Gecko)+Chrome/135.0.0.0+Safari/537.36 lang=1;+region=3;+_gid=GA1.2.1420396670.1746408377;+ASP.NET_SessionId=4cye422eix0321wiv0qjrafu;+__RequestVerificationToken=fANlzh5QNg8shi1SxcPj7FFjmKKwNY4bojEfgz6ZggvrRlYzXJlbLi4XACv6ZGCJrkPfj_ST7MR6VGxxmUO4DkrgbA41;+_clck=fc8qsr%7C2%7Cfvq%7C0%7C1783;+username=lnah@extron.com;+PriceClass=60;+PriceList=S3+;+.AspNet.Cookies=Ql8qoVFqiXHZrY3Z1gIARaU2JRd_bwi_g3v6CHQWA3qPMDJWiJ6DqK5Waw8lyfF60Yxn91lJ8BrDEihsalGopDHyxV0klnawrUdLcifjM3ZGDXhRVYMRGFsLi9gEYvMlamUqnl6QoyEpSBAOCbbmWEeKXmft_Hxhx1dae7CpGHGdx3LSl1wDVQi-aOLbYmCA0Y_IfXhnEnO6oJSQqoNN_n7zik-lAzUd1SAyny4RQYHHv0bfu2_0fo2eJJfslN0qkzp9-vCP8WSqS4zGXApM9Xl0bg_c_Z9fEDXYuEGRR7L0tVdzXlkaT44CUFfRKyyHLZPQLQpkPdkrWK3aAshOGfCqMZ4TBqPW0NyUt2FELR_DSP6ZJHrZjtKOGhdkeZr3XvdYuVBzuaH9U-CGUb--oCA78YvA3f-Ve_gzLD4zktJysjSJ;+_gat_UA-130285241-1=1;+_ga=GA1.1.630089218.1731903416;+_clsk=ruq57m%7C1746687596479%7C16%7C1%7Cb.clarity.ms%2Fcollect;+ExtronRecViewProd=cablecubby202,xtpiicphd4kplusio,nave111dtp3,dtp3crosspoint622,ssp200,dtp3r201,dtphdmi330rx,dtp3t202,dtphdmi330tx,dtpthd24k330,dtp2t211,dtp2r211;+_ga_DP5ZZ9VH84=GS2.1.s1746686336$o431$g1$t1746687598$j9$l0$h0 https://www.extron.com/product/dtp2r211 www.extron.com 304 0 0 1705 1
2025-05-08 07:00:19 10.1.0.50 GET /Content/vendor/prependaround/prependaround.js - 443 lnah@extron.com 10.1.16.1 Mozilla/5.0+(Windows+NT+10.0;+Win64;+x64)+AppleWebKit/537.36+(KHTML,+like+Gecko)+Chrome/135.0.0.0+Safari/537.36 lang=1;+region=3;+_gid=GA1.2.1420396670.1746408377;+ASP.NET_SessionId=4cye422eix0321wiv0qjrafu;+__RequestVerificationToken=fANlzh5QNg8shi1SxcPj7FFjmKKwNY4bojEfgz6ZggvrRlYzXJlbLi4XACv6ZGCJrkPfj_ST7MR6VGxxmUO4DkrgbA41;+_clck=fc8qsr%7C2%7Cfvq%7C0%7C1783;+username=lnah@extron.com;+PriceClass=60;+PriceList=S3+;+.AspNet.Cookies=Ql8qoVFqiXHZrY3Z1gIARaU2JRd_bwi_g3v6CHQWA3qPMDJWiJ6DqK5Waw8lyfF60Yxn91lJ8BrDEihsalGopDHyxV0klnawrUdLcifjM3ZGDXhRVYMRGFsLi9gEYvMlamUqnl6QoyEpSBAOCbbmWEeKXmft_Hxhx1dae7CpGHGdx3LSl1wDVQi-aOLbYmCA0Y_IfXhnEnO6oJSQqoNN_n7zik-lAzUd1SAyny4RQYHHv0bfu2_0fo2eJJfslN0qkzp9-vCP8WSqS4zGXApM9Xl0bg_c_Z9fEDXYuEGRR7L0tVdzXlkaT44CUFfRKyyHLZPQLQpkPdkrWK3aAshOGfCqMZ4TBqPW0NyUt2FELR_DSP6ZJHrZjtKOGhdkeZr3XvdYuVBzuaH9U-CGUb--oCA78YvA3f-Ve_gzLD4zktJysjSJ;+_gat_UA-130285241-1=1;+_ga=GA1.1.630089218.1731903416;+_clsk=ruq57m%7C1746687596479%7C16%7C1%7Cb.clarity.ms%2Fcollect;+ExtronRecViewProd=cablecubby202,xtpiicphd4kplusio,nave111dtp3,dtp3crosspoint622,ssp200,dtp3r201,dtphdmi330rx,dtp3t202,dtphdmi330tx,dtpthd24k330,dtp2t211,dtp2r211;+_ga_DP5ZZ9VH84=GS2.1.s1746686336$o431$g1$t1746687598$j9$l0$h0 https://www.extron.com/product/dtp2r211 www.extron.com 304 0 0 1705 1
2025-05-08 07:00:19 10.1.0.50 GET /Scripts/Shared/videoplayer.js - 443 lnah@extron.com 10.1.16.1 Mozilla/5.0+(Windows+NT+10.0;+Win64;+x64)+AppleWebKit/537.36+(KHTML,+like+Gecko)+Chrome/135.0.0.0+Safari/537.36 lang=1;+region=3;+_gid=GA1.2.1420396670.1746408377;+ASP.NET_SessionId=4cye422eix0321wiv0qjrafu;+__RequestVerificationToken=fANlzh5QNg8shi1SxcPj7FFjmKKwNY4bojEfgz6ZggvrRlYzXJlbLi4XACv6ZGCJrkPfj_ST7MR6VGxxmUO4DkrgbA41;+_clck=fc8qsr%7C2%7Cfvq%7C0%7C1783;+username=lnah@extron.com;+PriceClass=60;+PriceList=S3+;+.AspNet.Cookies=Ql8qoVFqiXHZrY3Z1gIARaU2JRd_bwi_g3v6CHQWA3qPMDJWiJ6DqK5Waw8lyfF60Yxn91lJ8BrDEihsalGopDHyxV0klnawrUdLcifjM3ZGDXhRVYMRGFsLi9gEYvMlamUqnl6QoyEpSBAOCbbmWEeKXmft_Hxhx1dae7CpGHGdx3LSl1wDVQi-aOLbYmCA0Y_IfXhnEnO6oJSQqoNN_n7zik-lAzUd1SAyny4RQYHHv0bfu2_0fo2eJJfslN0qkzp9-vCP8WSqS4zGXApM9Xl0bg_c_Z9fEDXYuEGRR7L0tVdzXlkaT44CUFfRKyyHLZPQLQpkPdkrWK3aAshOGfCqMZ4TBqPW0NyUt2FELR_DSP6ZJHrZjtKOGhdkeZr3XvdYuVBzuaH9U-CGUb--oCA78YvA3f-Ve_gzLD4zktJysjSJ;+_gat_UA-130285241-1=1;+_ga=GA1.1.630089218.1731903416;+_clsk=ruq57m%7C1746687596479%7C16%7C1%7Cb.clarity.ms%2Fcollect;+ExtronRecViewProd=cablecubby202,xtpiicphd4kplusio,nave111dtp3,dtp3crosspoint622,ssp200,dtp3r201,dtphdmi330rx,dtp3t202,dtphdmi330tx,dtpthd24k330,dtp2t211,dtp2r211;+_ga_DP5ZZ9VH84=GS2.1.s1746686336$o431$g1$t1746687598$j9$l0$h0 https://www.extron.com/product/dtp2r211 www.extron.com 304 0 0 1705 1
2025-05-08 07:00:19 10.1.0.50 GET /xmlrpc.php rsd 443 - 10.1.16.1 Mozilla/5.0+(Windows+NT+10.0;+Win64;+x64)+AppleWebKit/537.36+(KHTML,+like+Gecko)+Chrome/134.0.0.0+Safari/537.36 ASP.NET_SessionId=pvegetldqjsgr4wm2yets01i;+region=2;+lang=3;+__RequestVerificationToken=PnfeENLUL4CyCcAySv_vM8T4D29X6oXDIDRXarxCQtZnUeq-FUbQVjcf-pGob6OP3RSkJfSz0b4D3XcmeJ4MUBxo2Ig1;+BIGipServerextron.com_443_pool=!Lm/FUBemWNvHE/MMjvaJwiHEDz8tIHkcO8tMogw4FNlH1SAQwwQ6xgAf1o9pDR31kR2+UWV5uCoKkg== - www.extron.de 404 0 0 3643 4
2025-05-08 07:00:19 10.1.0.50 GET /Scripts/Shared/main.js 20240613 443 lnah@extron.com 10.1.16.1 Mozilla/5.0+(Windows+NT+10.0;+Win64;+x64)+AppleWebKit/537.36+(KHTML,+like+Gecko)+Chrome/135.0.0.0+Safari/537.36 lang=1;+region=3;+_gid=GA1.2.1420396670.1746408377;+ASP.NET_SessionId=4cye422eix0321wiv0qjrafu;+__RequestVerificationToken=fANlzh5QNg8shi1SxcPj7FFjmKKwNY4bojEfgz6ZggvrRlYzXJlbLi4XACv6ZGCJrkPfj_ST7MR6VGxxmUO4DkrgbA41;+_clck=fc8qsr%7C2%7Cfvq%7C0%7C1783;+username=lnah@extron.com;+PriceClass=60;+PriceList=S3+;+.AspNet.Cookies=Ql8qoVFqiXHZrY3Z1gIARaU2JRd_bwi_g3v6CHQWA3qPMDJWiJ6DqK5Waw8lyfF60Yxn91lJ8BrDEihsalGopDHyxV0klnawrUdLcifjM3ZGDXhRVYMRGFsLi9gEYvMlamUqnl6QoyEpSBAOCbbmWEeKXmft_Hxhx1dae7CpGHGdx3LSl1wDVQi-aOLbYmCA0Y_IfXhnEnO6oJSQqoNN_n7zik-lAzUd1SAyny4RQYHHv0bfu2_0fo2eJJfslN0qkzp9-vCP8WSqS4zGXApM9Xl0bg_c_Z9fEDXYuEGRR7L0tVdzXlkaT44CUFfRKyyHLZPQLQpkPdkrWK3aAshOGfCqMZ4TBqPW0NyUt2FELR_DSP6ZJHrZjtKOGhdkeZr3XvdYuVBzuaH9U-CGUb--oCA78YvA3f-Ve_gzLD4zktJysjSJ;+_gat_UA-130285241-1=1;+_ga=GA1.1.630089218.1731903416;+_clsk=ruq57m%7C1746687596479%7C16%7C1%7Cb.clarity.ms%2Fcollect;+ExtronRecViewProd=cablecubby202,xtpiicphd4kplusio,nave111dtp3,dtp3crosspoint622,ssp200,dtp3r201,dtphdmi330rx,dtp3t202,dtphdmi330tx,dtpthd24k330,dtp2t211,dtp2r211;+_ga_DP5ZZ9VH84=GS2.1.s1746686336$o431$g1$t1746687598$j9$l0$h0 https://www.extron.com/product/dtp2r211 www.extron.com 304 0 0 1705 2
2025-05-08 07:00:19 10.1.0.50 GET /Content/vendor/panzoom/dist/js/panzoom.min.js - 443 lnah@extron.com 10.1.16.1 Mozilla/5.0+(Windows+NT+10.0;+Win64;+x64)+AppleWebKit/537.36+(KHTML,+like+Gecko)+Chrome/135.0.0.0+Safari/537.36 lang=1;+region=3;+_gid=GA1.2.1420396670.1746408377;+ASP.NET_SessionId=4cye422eix0321wiv0qjrafu;+__RequestVerificationToken=fANlzh5QNg8shi1SxcPj7FFjmKKwNY4bojEfgz6ZggvrRlYzXJlbLi4XACv6ZGCJrkPfj_ST7MR6VGxxmUO4DkrgbA41;+_clck=fc8qsr%7C2%7Cfvq%7C0%7C1783;+username=lnah@extron.com;+PriceClass=60;+PriceList=S3+;+.AspNet.Cookies=Ql8qoVFqiXHZrY3Z1gIARaU2JRd_bwi_g3v6CHQWA3qPMDJWiJ6DqK5Waw8lyfF60Yxn91lJ8BrDEihsalGopDHyxV0klnawrUdLcifjM3ZGDXhRVYMRGFsLi9gEYvMlamUqnl6QoyEpSBAOCbbmWEeKXmft_Hxhx1dae7CpGHGdx3LSl1wDVQi-aOLbYmCA0Y_IfXhnEnO6oJSQqoNN_n7zik-lAzUd1SAyny4RQYHHv0bfu2_0fo2eJJfslN0qkzp9-vCP8WSqS4zGXApM9Xl0bg_c_Z9fEDXYuEGRR7L0tVdzXlkaT44CUFfRKyyHLZPQLQpkPdkrWK3aAshOGfCqMZ4TBqPW0NyUt2FELR_DSP6ZJHrZjtKOGhdkeZr3XvdYuVBzuaH9U-CGUb--oCA78YvA3f-Ve_gzLD4zktJysjSJ;+_gat_UA-130285241-1=1;+_ga=GA1.1.630089218.1731903416;+_clsk=ruq57m%7C1746687596479%7C16%7C1%7Cb.clarity.ms%2Fcollect;+ExtronRecViewProd=cablecubby202,xtpiicphd4kplusio,nave111dtp3,dtp3crosspoint622,ssp200,dtp3r201,dtphdmi330rx,dtp3t202,dtphdmi330tx,dtpthd24k330,dtp2t211,dtp2r211;+_ga_DP5ZZ9VH84=GS2.1.s1746686336$o431$g1$t1746687598$j9$l0$h0 https://www.extron.com/product/dtp2r211 www.extron.com 304 0 0 1704 1
2025-05-08 07:00:19 10.1.0.50 GET /product/builders/shared/vendor/ractive/ractive.min.js - 443 lnah@extron.com 10.1.16.1 Mozilla/5.0+(Windows+NT+10.0;+Win64;+x64)+AppleWebKit/537.36+(KHTML,+like+Gecko)+Chrome/135.0.0.0+Safari/537.36 lang=1;+region=3;+_gid=GA1.2.1420396670.1746408377;+ASP.NET_SessionId=4cye422eix0321wiv0qjrafu;+__RequestVerificationToken=fANlzh5QNg8shi1SxcPj7FFjmKKwNY4bojEfgz6ZggvrRlYzXJlbLi4XACv6ZGCJrkPfj_ST7MR6VGxxmUO4DkrgbA41;+_clck=fc8qsr%7C2%7Cfvq%7C0%7C1783;+username=lnah@extron.com;+PriceClass=60;+PriceList=S3+;+.AspNet.Cookies=Ql8qoVFqiXHZrY3Z1gIARaU2JRd_bwi_g3v6CHQWA3qPMDJWiJ6DqK5Waw8lyfF60Yxn91lJ8BrDEihsalGopDHyxV0klnawrUdLcifjM3ZGDXhRVYMRGFsLi9gEYvMlamUqnl6QoyEpSBAOCbbmWEeKXmft_Hxhx1dae7CpGHGdx3LSl1wDVQi-aOLbYmCA0Y_IfXhnEnO6oJSQqoNN_n7zik-lAzUd1SAyny4RQYHHv0bfu2_0fo2eJJfslN0qkzp9-vCP8WSqS4zGXApM9Xl0bg_c_Z9fEDXYuEGRR7L0tVdzXlkaT44CUFfRKyyHLZPQLQpkPdkrWK3aAshOGfCqMZ4TBqPW0NyUt2FELR_DSP6ZJHrZjtKOGhdkeZr3XvdYuVBzuaH9U-CGUb--oCA78YvA3f-Ve_gzLD4zktJysjSJ;+_gat_UA-130285241-1=1;+_ga=GA1.1.630089218.1731903416;+_clsk=ruq57m%7C1746687596479%7C16%7C1%7Cb.clarity.ms%2Fcollect;+ExtronRecViewProd=cablecubby202,xtpiicphd4kplusio,nave111dtp3,dtp3crosspoint622,ssp200,dtp3r201,dtphdmi330rx,dtp3t202,dtphdmi330tx,dtpthd24k330,dtp2t211,dtp2r211;+_ga_DP5ZZ9VH84=GS2.1.s1746686336$o431$g1$t1746687598$j9$l0$h0 https://www.extron.com/product/dtp2r211 www.extron.com 304 0 0 1704 2
2025-05-08 07:00:19 10.1.0.50 GET /Content/vendor/bootstrap-select/js/bootstrap-select.min.js - 443 lnah@extron.com 10.1.16.1 Mozilla/5.0+(Windows+NT+10.0;+Win64;+x64)+AppleWebKit/537.36+(KHTML,+like+Gecko)+Chrome/135.0.0.0+Safari/537.36 lang=1;+region=3;+_gid=GA1.2.1420396670.1746408377;+ASP.NET_SessionId=4cye422eix0321wiv0qjrafu;+__RequestVerificationToken=fANlzh5QNg8shi1SxcPj7FFjmKKwNY4bojEfgz6ZggvrRlYzXJlbLi4XACv6ZGCJrkPfj_ST7MR6VGxxmUO4DkrgbA41;+_clck=fc8qsr%7C2%7Cfvq%7C0%7C1783;+username=lnah@extron.com;+PriceClass=60;+PriceList=S3+;+.AspNet.Cookies=Ql8qoVFqiXHZrY3Z1gIARaU2JRd_bwi_g3v6CHQWA3qPMDJWiJ6DqK5Waw8lyfF60Yxn91lJ8BrDEihsalGopDHyxV0klnawrUdLcifjM3ZGDXhRVYMRGFsLi9gEYvMlamUqnl6QoyEpSBAOCbbmWEeKXmft_Hxhx1dae7CpGHGdx3LSl1wDVQi-aOLbYmCA0Y_IfXhnEnO6oJSQqoNN_n7zik-lAzUd1SAyny4RQYHHv0bfu2_0fo2eJJfslN0qkzp9-vCP8WSqS4zGXApM9Xl0bg_c_Z9fEDXYuEGRR7L0tVdzXlkaT44CUFfRKyyHLZPQLQpkPdkrWK3aAshOGfCqMZ4TBqPW0NyUt2FELR_DSP6ZJHrZjtKOGhdkeZr3XvdYuVBzuaH9U-CGUb--oCA78YvA3f-Ve_gzLD4zktJysjSJ;+_gat_UA-130285241-1=1;+_ga=GA1.1.630089218.1731903416;+_clsk=ruq57m%7C1746687596479%7C16%7C1%7Cb.clarity.ms%2Fcollect;+ExtronRecViewProd=cablecubby202,xtpiicphd4kplusio,nave111dtp3,dtp3crosspoint622,ssp200,dtp3r201,dtphdmi330rx,dtp3t202,dtphdmi330tx,dtpthd24k330,dtp2t211,dtp2r211;+_ga_DP5ZZ9VH84=GS2.1.s1746686336$o431$g1$t1746687598$j9$l0$h0 https://www.extron.com/product/dtp2r211 www.extron.com 304 0 0 1705 1
2025-05-08 07:00:19 10.1.0.50 GET /Scripts/Shared/login.js 20210406 443 lnah@extron.com 10.1.16.1 Mozilla/5.0+(Windows+NT+10.0;+Win64;+x64)+AppleWebKit/537.36+(KHTML,+like+Gecko)+Chrome/135.0.0.0+Safari/537.36 lang=1;+region=3;+_gid=GA1.2.1420396670.1746408377;+ASP.NET_SessionId=4cye422eix0321wiv0qjrafu;+__RequestVerificationToken=fANlzh5QNg8shi1SxcPj7FFjmKKwNY4bojEfgz6ZggvrRlYzXJlbLi4XACv6ZGCJrkPfj_ST7MR6VGxxmUO4DkrgbA41;+_clck=fc8qsr%7C2%7Cfvq%7C0%7C1783;+username=lnah@extron.com;+PriceClass=60;+PriceList=S3+;+.AspNet.Cookies=Ql8qoVFqiXHZrY3Z1gIARaU2JRd_bwi_g3v6CHQWA3qPMDJWiJ6DqK5Waw8lyfF60Yxn91lJ8BrDEihsalGopDHyxV0klnawrUdLcifjM3ZGDXhRVYMRGFsLi9gEYvMlamUqnl6QoyEpSBAOCbbmWEeKXmft_Hxhx1dae7CpGHGdx3LSl1wDVQi-aOLbYmCA0Y_IfXhnEnO6oJSQqoNN_n7zik-lAzUd1SAyny4RQYHHv0bfu2_0fo2eJJfslN0qkzp9-vCP8WSqS4zGXApM9Xl0bg_c_Z9fEDXYuEGRR7L0tVdzXlkaT44CUFfRKyyHLZPQLQpkPdkrWK3aAshOGfCqMZ4TBqPW0NyUt2FELR_DSP6ZJHrZjtKOGhdkeZr3XvdYuVBzuaH9U-CGUb--oCA78YvA3f-Ve_gzLD4zktJysjSJ;+_gat_UA-130285241-1=1;+_ga=GA1.1.630089218.1731903416;+_clsk=ruq57m%7C1746687596479%7C16%7C1%7Cb.clarity.ms%2Fcollect;+ExtronRecViewProd=cablecubby202,xtpiicphd4kplusio,nave111dtp3,dtp3crosspoint622,ssp200,dtp3r201,dtphdmi330rx,dtp3t202,dtphdmi330tx,dtpthd24k330,dtp2t211,dtp2r211;+_ga_DP5ZZ9VH84=GS2.1.s1746686336$o431$g1$t1746687598$j9$l0$h0 https://www.extron.com/product/dtp2r211 www.extron.com 304 0 0 1705 1
2025-05-08 07:00:19 10.1.0.50 GET /blog/robots.txt - 443 - 10.1.16.1 Mozilla/5.0+(Windows+NT+10.0;+Win64;+x64)+AppleWebKit/537.36+(KHTML,+like+Gecko)+Chrome/134.0.0.0+Safari/537.36 ASP.NET_SessionId=pvegetldqjsgr4wm2yets01i;+region=2;+lang=3;+__RequestVerificationToken=PnfeENLUL4CyCcAySv_vM8T4D29X6oXDIDRXarxCQtZnUeq-FUbQVjcf-pGob6OP3RSkJfSz0b4D3XcmeJ4MUBxo2Ig1;+BIGipServerextron.com_443_pool=!Lm/FUBemWNvHE/MMjvaJwiHEDz8tIHkcO8tMogw4FNlH1SAQwwQ6xgAf1o9pDR31kR2+UWV5uCoKkg== - www.extron.de 404 0 0 3648 3
2025-05-08 07:00:19 10.1.0.50 GET /inc/jquery/jqueryTools/jquery.scroll-tools-1.2.7.min.js - 443 lnah@extron.com 10.1.16.1 Mozilla/5.0+(Windows+NT+10.0;+Win64;+x64)+AppleWebKit/537.36+(KHTML,+like+Gecko)+Chrome/135.0.0.0+Safari/537.36 lang=1;+region=3;+_gid=GA1.2.1420396670.1746408377;+ASP.NET_SessionId=4cye422eix0321wiv0qjrafu;+__RequestVerificationToken=fANlzh5QNg8shi1SxcPj7FFjmKKwNY4bojEfgz6ZggvrRlYzXJlbLi4XACv6ZGCJrkPfj_ST7MR6VGxxmUO4DkrgbA41;+_clck=fc8qsr%7C2%7Cfvq%7C0%7C1783;+username=lnah@extron.com;+PriceClass=60;+PriceList=S3+;+.AspNet.Cookies=Ql8qoVFqiXHZrY3Z1gIARaU2JRd_bwi_g3v6CHQWA3qPMDJWiJ6DqK5Waw8lyfF60Yxn91lJ8BrDEihsalGopDHyxV0klnawrUdLcifjM3ZGDXhRVYMRGFsLi9gEYvMlamUqnl6QoyEpSBAOCbbmWEeKXmft_Hxhx1dae7CpGHGdx3LSl1wDVQi-aOLbYmCA0Y_IfXhnEnO6oJSQqoNN_n7zik-lAzUd1SAyny4RQYHHv0bfu2_0fo2eJJfslN0qkzp9-vCP8WSqS4zGXApM9Xl0bg_c_Z9fEDXYuEGRR7L0tVdzXlkaT44CUFfRKyyHLZPQLQpkPdkrWK3aAshOGfCqMZ4TBqPW0NyUt2FELR_DSP6ZJHrZjtKOGhdkeZr3XvdYuVBzuaH9U-CGUb--oCA78YvA3f-Ve_gzLD4zktJysjSJ;+_gat_UA-130285241-1=1;+_ga=GA1.1.630089218.1731903416;+_clsk=ruq57m%7C1746687596479%7C16%7C1%7Cb.clarity.ms%2Fcollect;+ExtronRecViewProd=cablecubby202,xtpiicphd4kplusio,nave111dtp3,dtp3crosspoint622,ssp200,dtp3r201,dtphdmi330rx,dtp3t202,dtphdmi330tx,dtpthd24k330,dtp2t211,dtp2r211;+_ga_DP5ZZ9VH84=GS2.1.s1746686336$o431$g1$t1746687598$j9$l0$h0 https://www.extron.com/product/dtp2r211 www.extron.com 304 0 0 1704 2
2025-05-08 07:00:19 10.1.0.50 POST /api/v1/video/logview - 443 lei.jin@budee.cn 10.1.16.1 Mozilla/5.0+(Windows+NT+10.0;+Win64;+x64)+AppleWebKit/537.36+(KHTML,+like+Gecko)+Chrome/127.0.0.0+Safari/537.36+Edg/127.0.0.0 region=5;+lang=7;+.AspNet.Cookies=jLenBTCs1LKaA5Pfb5r3TVk-fqw9hg0oCBB6-Z72MIXHfZ_Apk5JOE6Fg6PkOlh3R73fRdjCqIJcKhbBNFYBbLsX6Kh2b3RBPcCB-WIGmVNojex6o6uz7RxjiwA8sBqmCiUWIUGNd8UgykLdg1dNYK_Wf0xIeypGLS0_ywSp-Qwog8Ju_Ba_UeUnazAvaJMceJVouHvvZukKTlg0wGemRE7MsMFU7l-kFzO5l-lPN8mn9XrRX1CMBmnu7mDmD9zIBQQLSUORM7VCu2D39BGT3dPUWcw5XO804tmVYmaSq_iW_tuXYjlCcQ9TqrGVvr-JTBgwu2LjH2VHLFAo8gG4AZHNpO0-UBBznOZhM4RvTFiaBpWQgfER0Ct4Lxl_vd_TABYHt5JetRKNiR7r0osCNDmvBFFV-SGu1-PkR5jBEfyssdWP;+_gid=GA1.2.1094560484.1746594668;+ASP.NET_SessionId=l14uhlcm42aoiq4gzgs5f5rb;+username=lei.jin@budee.cn;+PriceClass=60;+PriceList=CNYEU;+__RequestVerificationToken=I89crwvNzUAOaU5aYxqUYef4tMmn2I8dbSDVNRuBqGkc5TV-VkR-RIJrWc8nlZS7KgOUtzxADETwbhU7TQc0pFPB4nA1;+BIGipServerextron.com_443_pool=!2NVT9KJFUFkLmrwMjvaJwiHEDz8tIACFR0rhl6OWFLJCApkuA1GzeUScUhLmnVes72M7u77rMXcZpQ==;+_clck=1babqx7%7C2%7Cfvq%7C0%7C1938;+ExtronRecViewProd=guidesigner,da2hd8kae,dspconfigurator;+_clsk=1tqwutp%7C1746687448550%7C18%7C1%7Cn.clarity.ms%2Fcollect;+_ga=GA1.2.1676729385.1745291919;+_gat_UA-130285241-1=1;+_ga_DP5ZZ9VH84=GS2.1.s1746680479$o25$g1$t1746687599$j60$l0$h0 https://www.extron.com/Video/Play?id=107435 www.extron.com 204 0 0 1693 7
2025-05-08 07:00:19 10.1.0.50 GET /inc/swfobject1.5.js - 443 lnah@extron.com 10.1.16.1 Mozilla/5.0+(Windows+NT+10.0;+Win64;+x64)+AppleWebKit/537.36+(KHTML,+like+Gecko)+Chrome/135.0.0.0+Safari/537.36 lang=1;+region=3;+_gid=GA1.2.1420396670.1746408377;+ASP.NET_SessionId=4cye422eix0321wiv0qjrafu;+__RequestVerificationToken=fANlzh5QNg8shi1SxcPj7FFjmKKwNY4bojEfgz6ZggvrRlYzXJlbLi4XACv6ZGCJrkPfj_ST7MR6VGxxmUO4DkrgbA41;+_clck=fc8qsr%7C2%7Cfvq%7C0%7C1783;+username=lnah@extron.com;+PriceClass=60;+PriceList=S3+;+.AspNet.Cookies=Ql8qoVFqiXHZrY3Z1gIARaU2JRd_bwi_g3v6CHQWA3qPMDJWiJ6DqK5Waw8lyfF60Yxn91lJ8BrDEihsalGopDHyxV0klnawrUdLcifjM3ZGDXhRVYMRGFsLi9gEYvMlamUqnl6QoyEpSBAOCbbmWEeKXmft_Hxhx1dae7CpGHGdx3LSl1wDVQi-aOLbYmCA0Y_IfXhnEnO6oJSQqoNN_n7zik-lAzUd1SAyny4RQYHHv0bfu2_0fo2eJJfslN0qkzp9-vCP8WSqS4zGXApM9Xl0bg_c_Z9fEDXYuEGRR7L0tVdzXlkaT44CUFfRKyyHLZPQLQpkPdkrWK3aAshOGfCqMZ4TBqPW0NyUt2FELR_DSP6ZJHrZjtKOGhdkeZr3XvdYuVBzuaH9U-CGUb--oCA78YvA3f-Ve_gzLD4zktJysjSJ;+_gat_UA-130285241-1=1;+_ga=GA1.1.630089218.1731903416;+_clsk=ruq57m%7C1746687596479%7C16%7C1%7Cb.clarity.ms%2Fcollect;+ExtronRecViewProd=cablecubby202,xtpiicphd4kplusio,nave111dtp3,dtp3crosspoint622,ssp200,dtp3r201,dtphdmi330rx,dtp3t202,dtphdmi330tx,dtpthd24k330,dtp2t211,dtp2r211;+_ga_DP5ZZ9VH84=GS2.1.s1746686336$o431$g1$t1746687598$j9$l0$h0 https://www.extron.com/product/dtp2r211 www.extron.com 304 0 0 1704 2
2025-05-08 07:00:19 10.1.0.50 GET /Content/css/Shared/fonts/roboto-v18-cyrillic_latin-ext_latin_cyrillic-ext-500.woff2 - 443 lnah@extron.com 10.1.16.1 Mozilla/5.0+(Windows+NT+10.0;+Win64;+x64)+AppleWebKit/537.36+(KHTML,+like+Gecko)+Chrome/135.0.0.0+Safari/537.36 lang=1;+region=3;+_gid=GA1.2.1420396670.1746408377;+ASP.NET_SessionId=4cye422eix0321wiv0qjrafu;+__RequestVerificationToken=fANlzh5QNg8shi1SxcPj7FFjmKKwNY4bojEfgz6ZggvrRlYzXJlbLi4XACv6ZGCJrkPfj_ST7MR6VGxxmUO4DkrgbA41;+_clck=fc8qsr%7C2%7Cfvq%7C0%7C1783;+username=lnah@extron.com;+PriceClass=60;+PriceList=S3+;+.AspNet.Cookies=Ql8qoVFqiXHZrY3Z1gIARaU2JRd_bwi_g3v6CHQWA3qPMDJWiJ6DqK5Waw8lyfF60Yxn91lJ8BrDEihsalGopDHyxV0klnawrUdLcifjM3ZGDXhRVYMRGFsLi9gEYvMlamUqnl6QoyEpSBAOCbbmWEeKXmft_Hxhx1dae7CpGHGdx3LSl1wDVQi-aOLbYmCA0Y_IfXhnEnO6oJSQqoNN_n7zik-lAzUd1SAyny4RQYHHv0bfu2_0fo2eJJfslN0qkzp9-vCP8WSqS4zGXApM9Xl0bg_c_Z9fEDXYuEGRR7L0tVdzXlkaT44CUFfRKyyHLZPQLQpkPdkrWK3aAshOGfCqMZ4TBqPW0NyUt2FELR_DSP6ZJHrZjtKOGhdkeZr3XvdYuVBzuaH9U-CGUb--oCA78YvA3f-Ve_gzLD4zktJysjSJ;+_gat_UA-130285241-1=1;+_ga=GA1.1.630089218.1731903416;+_clsk=ruq57m%7C1746687596479%7C16%7C1%7Cb.clarity.ms%2Fcollect;+ExtronRecViewProd=cablecubby202,xtpiicphd4kplusio,nave111dtp3,dtp3crosspoint622,ssp200,dtp3r201,dtphdmi330rx,dtp3t202,dtphdmi330tx,dtpthd24k330,dtp2t211,dtp2r211;+_ga_DP5ZZ9VH84=GS2.1.s1746686336$o431$g1$t1746687598$j9$l0$h0 https://www.extron.com/Content/css/Shared/extron.css www.extron.com 304 0 0 1705 2
2025-05-08 07:00:19 10.1.0.50 GET /Content/css/Shared/fonts/roboto-v18-cyrillic_latin-ext_latin_cyrillic-ext-700.woff2 - 443 lnah@extron.com 10.1.16.1 Mozilla/5.0+(Windows+NT+10.0;+Win64;+x64)+AppleWebKit/537.36+(KHTML,+like+Gecko)+Chrome/135.0.0.0+Safari/537.36 lang=1;+region=3;+_gid=GA1.2.1420396670.1746408377;+ASP.NET_SessionId=4cye422eix0321wiv0qjrafu;+__RequestVerificationToken=fANlzh5QNg8shi1SxcPj7FFjmKKwNY4bojEfgz6ZggvrRlYzXJlbLi4XACv6ZGCJrkPfj_ST7MR6VGxxmUO4DkrgbA41;+_clck=fc8qsr%7C2%7Cfvq%7C0%7C1783;+username=lnah@extron.com;+PriceClass=60;+PriceList=S3+;+.AspNet.Cookies=Ql8qoVFqiXHZrY3Z1gIARaU2JRd_bwi_g3v6CHQWA3qPMDJWiJ6DqK5Waw8lyfF60Yxn91lJ8BrDEihsalGopDHyxV0klnawrUdLcifjM3ZGDXhRVYMRGFsLi9gEYvMlamUqnl6QoyEpSBAOCbbmWEeKXmft_Hxhx1dae7CpGHGdx3LSl1wDVQi-aOLbYmCA0Y_IfXhnEnO6oJSQqoNN_n7zik-lAzUd1SAyny4RQYHHv0bfu2_0fo2eJJfslN0qkzp9-vCP8WSqS4zGXApM9Xl0bg_c_Z9fEDXYuEGRR7L0tVdzXlkaT44CUFfRKyyHLZPQLQpkPdkrWK3aAshOGfCqMZ4TBqPW0NyUt2FELR_DSP6ZJHrZjtKOGhdkeZr3XvdYuVBzuaH9U-CGUb--oCA78YvA3f-Ve_gzLD4zktJysjSJ;+_gat_UA-130285241-1=1;+_ga=GA1.1.630089218.1731903416;+_clsk=ruq57m%7C1746687596479%7C16%7C1%7Cb.clarity.ms%2Fcollect;+ExtronRecViewProd=cablecubby202,xtpiicphd4kplusio,nave111dtp3,dtp3crosspoint622,ssp200,dtp3r201,dtphdmi330rx,dtp3t202,dtphdmi330tx,dtpthd24k330,dtp2t211,dtp2r211;+_ga_DP5ZZ9VH84=GS2.1.s1746686336$o431$g1$t1746687598$j9$l0$h0 https://www.extron.com/Content/css/Shared/extron.css www.extron.com 304 0 0 1705 1
2025-05-08 07:00:19 10.1.0.50 GET /Scripts/Product/product.js nocache=05012024 443 lnah@extron.com 10.1.16.1 Mozilla/5.0+(Windows+NT+10.0;+Win64;+x64)+AppleWebKit/537.36+(KHTML,+like+Gecko)+Chrome/135.0.0.0+Safari/537.36 lang=1;+region=3;+_gid=GA1.2.1420396670.1746408377;+ASP.NET_SessionId=4cye422eix0321wiv0qjrafu;+__RequestVerificationToken=fANlzh5QNg8shi1SxcPj7FFjmKKwNY4bojEfgz6ZggvrRlYzXJlbLi4XACv6ZGCJrkPfj_ST7MR6VGxxmUO4DkrgbA41;+_clck=fc8qsr%7C2%7Cfvq%7C0%7C1783;+username=lnah@extron.com;+PriceClass=60;+PriceList=S3+;+.AspNet.Cookies=Ql8qoVFqiXHZrY3Z1gIARaU2JRd_bwi_g3v6CHQWA3qPMDJWiJ6DqK5Waw8lyfF60Yxn91lJ8BrDEihsalGopDHyxV0klnawrUdLcifjM3ZGDXhRVYMRGFsLi9gEYvMlamUqnl6QoyEpSBAOCbbmWEeKXmft_Hxhx1dae7CpGHGdx3LSl1wDVQi-aOLbYmCA0Y_IfXhnEnO6oJSQqoNN_n7zik-lAzUd1SAyny4RQYHHv0bfu2_0fo2eJJfslN0qkzp9-vCP8WSqS4zGXApM9Xl0bg_c_Z9fEDXYuEGRR7L0tVdzXlkaT44CUFfRKyyHLZPQLQpkPdkrWK3aAshOGfCqMZ4TBqPW0NyUt2FELR_DSP6ZJHrZjtKOGhdkeZr3XvdYuVBzuaH9U-CGUb--oCA78YvA3f-Ve_gzLD4zktJysjSJ;+_gat_UA-130285241-1=1;+_ga=GA1.1.630089218.1731903416;+_clsk=ruq57m%7C1746687596479%7C16%7C1%7Cb.clarity.ms%2Fcollect;+ExtronRecViewProd=cablecubby202,xtpiicphd4kplusio,nave111dtp3,dtp3crosspoint622,ssp200,dtp3r201,dtphdmi330rx,dtp3t202,dtphdmi330tx,dtpthd24k330,dtp2t211,dtp2r211;+_ga_DP5ZZ9VH84=GS2.1.s1746686336$o431$g1$t1746687598$j9$l0$h0 https://www.extron.com/product/dtp2r211 www.extron.com 304 0 0 1705 1
2025-05-08 07:00:19 10.1.0.50 GET /blog/ - 443 - 10.1.16.1 Mozilla/5.0+(Windows+NT+10.0;+Win64;+x64)+AppleWebKit/537.36+(KHTML,+like+Gecko)+Chrome/134.0.0.0+Safari/537.36 ASP.NET_SessionId=pvegetldqjsgr4wm2yets01i;+region=2;+lang=3;+__RequestVerificationToken=PnfeENLUL4CyCcAySv_vM8T4D29X6oXDIDRXarxCQtZnUeq-FUbQVjcf-pGob6OP3RSkJfSz0b4D3XcmeJ4MUBxo2Ig1;+BIGipServerextron.com_443_pool=!Lm/FUBemWNvHE/MMjvaJwiHEDz8tIHkcO8tMogw4FNlH1SAQwwQ6xgAf1o9pDR31kR2+UWV5uCoKkg== - www.extron.de 302 0 0 1914 4
2025-05-08 07:00:19 10.1.0.50 GET /wordpress/ - 443 - 10.1.16.1 Mozilla/5.0+(Windows+NT+10.0;+Win64;+x64)+AppleWebKit/537.36+(KHTML,+like+Gecko)+Chrome/134.0.0.0+Safari/537.36 ASP.NET_SessionId=pvegetldqjsgr4wm2yets01i;+region=2;+lang=3;+__RequestVerificationToken=PnfeENLUL4CyCcAySv_vM8T4D29X6oXDIDRXarxCQtZnUeq-FUbQVjcf-pGob6OP3RSkJfSz0b4D3XcmeJ4MUBxo2Ig1;+BIGipServerextron.com_443_pool=!Lm/FUBemWNvHE/MMjvaJwiHEDz8tIHkcO8tMogw4FNlH1SAQwwQ6xgAf1o9pDR31kR2+UWV5uCoKkg== - www.extron.de 302 0 0 1924 6
2025-05-08 07:00:19 10.1.0.50 GET /api/v1/Article/Get articlehandle=menucompany&lang=1&region=3&loggedin=true 443 lnah@extron.com 10.1.16.1 Mozilla/5.0+(Windows+NT+10.0;+Win64;+x64)+AppleWebKit/537.36+(KHTML,+like+Gecko)+Chrome/135.0.0.0+Safari/537.36 lang=1;+region=3;+_gid=GA1.2.1420396670.1746408377;+ASP.NET_SessionId=4cye422eix0321wiv0qjrafu;+__RequestVerificationToken=fANlzh5QNg8shi1SxcPj7FFjmKKwNY4bojEfgz6ZggvrRlYzXJlbLi4XACv6ZGCJrkPfj_ST7MR6VGxxmUO4DkrgbA41;+_clck=fc8qsr%7C2%7Cfvq%7C0%7C1783;+username=lnah@extron.com;+PriceClass=60;+PriceList=S3+;+.AspNet.Cookies=Ql8qoVFqiXHZrY3Z1gIARaU2JRd_bwi_g3v6CHQWA3qPMDJWiJ6DqK5Waw8lyfF60Yxn91lJ8BrDEihsalGopDHyxV0klnawrUdLcifjM3ZGDXhRVYMRGFsLi9gEYvMlamUqnl6QoyEpSBAOCbbmWEeKXmft_Hxhx1dae7CpGHGdx3LSl1wDVQi-aOLbYmCA0Y_IfXhnEnO6oJSQqoNN_n7zik-lAzUd1SAyny4RQYHHv0bfu2_0fo2eJJfslN0qkzp9-vCP8WSqS4zGXApM9Xl0bg_c_Z9fEDXYuEGRR7L0tVdzXlkaT44CUFfRKyyHLZPQLQpkPdkrWK3aAshOGfCqMZ4TBqPW0NyUt2FELR_DSP6ZJHrZjtKOGhdkeZr3XvdYuVBzuaH9U-CGUb--oCA78YvA3f-Ve_gzLD4zktJysjSJ;+_gat_UA-130285241-1=1;+_ga=GA1.1.630089218.1731903416;+_clsk=ruq57m%7C1746687596479%7C16%7C1%7Cb.clarity.ms%2Fcollect;+ExtronRecViewProd=cablecubby202,xtpiicphd4kplusio,nave111dtp3,dtp3crosspoint622,ssp200,dtp3r201,dtphdmi330rx,dtp3t202,dtphdmi330tx,dtpthd24k330,dtp2t211,dtp2r211;+_ga_DP5ZZ9VH84=GS2.1.s1746686336$o431$g1$t1746687598$j9$l0$h0 https://www.extron.com/product/dtp2r211 www.extron.com 200 0 0 9075 6
2025-05-08 07:00:19 10.1.0.50 GET /api/v1/Article/Get articlehandle=menuresources&lang=1&region=3&loggedin=true 443 lnah@extron.com 10.1.16.1 Mozilla/5.0+(Windows+NT+10.0;+Win64;+x64)+AppleWebKit/537.36+(KHTML,+like+Gecko)+Chrome/135.0.0.0+Safari/537.36 lang=1;+region=3;+_gid=GA1.2.1420396670.1746408377;+ASP.NET_SessionId=4cye422eix0321wiv0qjrafu;+__RequestVerificationToken=fANlzh5QNg8shi1SxcPj7FFjmKKwNY4bojEfgz6ZggvrRlYzXJlbLi4XACv6ZGCJrkPfj_ST7MR6VGxxmUO4DkrgbA41;+_clck=fc8qsr%7C2%7Cfvq%7C0%7C1783;+username=lnah@extron.com;+PriceClass=60;+PriceList=S3+;+.AspNet.Cookies=Ql8qoVFqiXHZrY3Z1gIARaU2JRd_bwi_g3v6CHQWA3qPMDJWiJ6DqK5Waw8lyfF60Yxn91lJ8BrDEihsalGopDHyxV0klnawrUdLcifjM3ZGDXhRVYMRGFsLi9gEYvMlamUqnl6QoyEpSBAOCbbmWEeKXmft_Hxhx1dae7CpGHGdx3LSl1wDVQi-aOLbYmCA0Y_IfXhnEnO6oJSQqoNN_n7zik-lAzUd1SAyny4RQYHHv0bfu2_0fo2eJJfslN0qkzp9-vCP8WSqS4zGXApM9Xl0bg_c_Z9fEDXYuEGRR7L0tVdzXlkaT44CUFfRKyyHLZPQLQpkPdkrWK3aAshOGfCqMZ4TBqPW0NyUt2FELR_DSP6ZJHrZjtKOGhdkeZr3XvdYuVBzuaH9U-CGUb--oCA78YvA3f-Ve_gzLD4zktJysjSJ;+_gat_UA-130285241-1=1;+_ga=GA1.1.630089218.1731903416;+_clsk=ruq57m%7C1746687596479%7C16%7C1%7Cb.clarity.ms%2Fcollect;+ExtronRecViewProd=cablecubby202,xtpiicphd4kplusio,nave111dtp3,dtp3crosspoint622,ssp200,dtp3r201,dtphdmi330rx,dtp3t202,dtphdmi330tx,dtpthd24k330,dtp2t211,dtp2r211;+_ga_DP5ZZ9VH84=GS2.1.s1746686336$o431$g1$t1746687598$j9$l0$h0 https://www.extron.com/product/dtp2r211 www.extron.com 200 0 0 11192 6
2025-05-08 07:00:19 10.1.0.50 GET /api/v1/Article/Get articlehandle=menuproducts&lang=1&region=3&loggedin=true 443 lnah@extron.com 10.1.16.1 Mozilla/5.0+(Windows+NT+10.0;+Win64;+x64)+AppleWebKit/537.36+(KHTML,+like+Gecko)+Chrome/135.0.0.0+Safari/537.36 lang=1;+region=3;+_gid=GA1.2.1420396670.1746408377;+ASP.NET_SessionId=4cye422eix0321wiv0qjrafu;+__RequestVerificationToken=fANlzh5QNg8shi1SxcPj7FFjmKKwNY4bojEfgz6ZggvrRlYzXJlbLi4XACv6ZGCJrkPfj_ST7MR6VGxxmUO4DkrgbA41;+_clck=fc8qsr%7C2%7Cfvq%7C0%7C1783;+username=lnah@extron.com;+PriceClass=60;+PriceList=S3+;+.AspNet.Cookies=Ql8qoVFqiXHZrY3Z1gIARaU2JRd_bwi_g3v6CHQWA3qPMDJWiJ6DqK5Waw8lyfF60Yxn91lJ8BrDEihsalGopDHyxV0klnawrUdLcifjM3ZGDXhRVYMRGFsLi9gEYvMlamUqnl6QoyEpSBAOCbbmWEeKXmft_Hxhx1dae7CpGHGdx3LSl1wDVQi-aOLbYmCA0Y_IfXhnEnO6oJSQqoNN_n7zik-lAzUd1SAyny4RQYHHv0bfu2_0fo2eJJfslN0qkzp9-vCP8WSqS4zGXApM9Xl0bg_c_Z9fEDXYuEGRR7L0tVdzXlkaT44CUFfRKyyHLZPQLQpkPdkrWK3aAshOGfCqMZ4TBqPW0NyUt2FELR_DSP6ZJHrZjtKOGhdkeZr3XvdYuVBzuaH9U-CGUb--oCA78YvA3f-Ve_gzLD4zktJysjSJ;+_gat_UA-130285241-1=1;+_ga=GA1.1.630089218.1731903416;+_clsk=ruq57m%7C1746687596479%7C16%7C1%7Cb.clarity.ms%2Fcollect;+ExtronRecViewProd=cablecubby202,xtpiicphd4kplusio,nave111dtp3,dtp3crosspoint622,ssp200,dtp3r201,dtphdmi330rx,dtp3t202,dtphdmi330tx,dtpthd24k330,dtp2t211,dtp2r211;+_ga_DP5ZZ9VH84=GS2.1.s1746686336$o431$g1$t1746687598$j9$l0$h0 https://www.extron.com/product/dtp2r211 www.extron.com 200 0 0 9469 5
2025-05-08 07:00:19 10.1.0.50 GET /api/v1/Article/Get articlehandle=menudownload&lang=1&region=3&loggedin=true 443 lnah@extron.com 10.1.16.1 Mozilla/5.0+(Windows+NT+10.0;+Win64;+x64)+AppleWebKit/537.36+(KHTML,+like+Gecko)+Chrome/135.0.0.0+Safari/537.36 lang=1;+region=3;+_gid=GA1.2.1420396670.1746408377;+ASP.NET_SessionId=4cye422eix0321wiv0qjrafu;+__RequestVerificationToken=fANlzh5QNg8shi1SxcPj7FFjmKKwNY4bojEfgz6ZggvrRlYzXJlbLi4XACv6ZGCJrkPfj_ST7MR6VGxxmUO4DkrgbA41;+_clck=fc8qsr%7C2%7Cfvq%7C0%7C1783;+username=lnah@extron.com;+PriceClass=60;+PriceList=S3+;+.AspNet.Cookies=Ql8qoVFqiXHZrY3Z1gIARaU2JRd_bwi_g3v6CHQWA3qPMDJWiJ6DqK5Waw8lyfF60Yxn91lJ8BrDEihsalGopDHyxV0klnawrUdLcifjM3ZGDXhRVYMRGFsLi9gEYvMlamUqnl6QoyEpSBAOCbbmWEeKXmft_Hxhx1dae7CpGHGdx3LSl1wDVQi-aOLbYmCA0Y_IfXhnEnO6oJSQqoNN_n7zik-lAzUd1SAyny4RQYHHv0bfu2_0fo2eJJfslN0qkzp9-vCP8WSqS4zGXApM9Xl0bg_c_Z9fEDXYuEGRR7L0tVdzXlkaT44CUFfRKyyHLZPQLQpkPdkrWK3aAshOGfCqMZ4TBqPW0NyUt2FELR_DSP6ZJHrZjtKOGhdkeZr3XvdYuVBzuaH9U-CGUb--oCA78YvA3f-Ve_gzLD4zktJysjSJ;+_gat_UA-130285241-1=1;+_ga=GA1.1.630089218.1731903416;+_clsk=ruq57m%7C1746687596479%7C16%7C1%7Cb.clarity.ms%2Fcollect;+ExtronRecViewProd=cablecubby202,xtpiicphd4kplusio,nave111dtp3,dtp3crosspoint622,ssp200,dtp3r201,dtphdmi330rx,dtp3t202,dtphdmi330tx,dtpthd24k330,dtp2t211,dtp2r211;+_ga_DP5ZZ9VH84=GS2.1.s1746686336$o431$g1$t1746687598$j9$l0$h0 https://www.extron.com/product/dtp2r211 www.extron.com 200 0 0 6354 4
2025-05-08 07:00:19 10.1.0.50 GET /api/v1/Article/Get articlehandle=menutraining&lang=1&region=3&loggedin=true 443 lnah@extron.com 10.1.16.1 Mozilla/5.0+(Windows+NT+10.0;+Win64;+x64)+AppleWebKit/537.36+(KHTML,+like+Gecko)+Chrome/135.0.0.0+Safari/537.36 lang=1;+region=3;+_gid=GA1.2.1420396670.1746408377;+ASP.NET_SessionId=4cye422eix0321wiv0qjrafu;+__RequestVerificationToken=fANlzh5QNg8shi1SxcPj7FFjmKKwNY4bojEfgz6ZggvrRlYzXJlbLi4XACv6ZGCJrkPfj_ST7MR6VGxxmUO4DkrgbA41;+_clck=fc8qsr%7C2%7Cfvq%7C0%7C1783;+username=lnah@extron.com;+PriceClass=60;+PriceList=S3+;+.AspNet.Cookies=Ql8qoVFqiXHZrY3Z1gIARaU2JRd_bwi_g3v6CHQWA3qPMDJWiJ6DqK5Waw8lyfF60Yxn91lJ8BrDEihsalGopDHyxV0klnawrUdLcifjM3ZGDXhRVYMRGFsLi9gEYvMlamUqnl6QoyEpSBAOCbbmWEeKXmft_Hxhx1dae7CpGHGdx3LSl1wDVQi-aOLbYmCA0Y_IfXhnEnO6oJSQqoNN_n7zik-lAzUd1SAyny4RQYHHv0bfu2_0fo2eJJfslN0qkzp9-vCP8WSqS4zGXApM9Xl0bg_c_Z9fEDXYuEGRR7L0tVdzXlkaT44CUFfRKyyHLZPQLQpkPdkrWK3aAshOGfCqMZ4TBqPW0NyUt2FELR_DSP6ZJHrZjtKOGhdkeZr3XvdYuVBzuaH9U-CGUb--oCA78YvA3f-Ve_gzLD4zktJysjSJ;+_gat_UA-130285241-1=1;+_ga=GA1.1.630089218.1731903416;+_clsk=ruq57m%7C1746687596479%7C16%7C1%7Cb.clarity.ms%2Fcollect;+ExtronRecViewProd=cablecubby202,xtpiicphd4kplusio,nave111dtp3,dtp3crosspoint622,ssp200,dtp3r201,dtphdmi330rx,dtp3t202,dtphdmi330tx,dtpthd24k330,dtp2t211,dtp2r211;+_ga_DP5ZZ9VH84=GS2.1.s1746686336$o431$g1$t1746687598$j9$l0$h0 https://www.extron.com/product/dtp2r211 www.extron.com 200 0 0 7426 4
2025-05-08 07:00:19 10.1.0.50 POST /product/Related/dtp2r211 - 443 lnah@extron.com 10.1.16.1 Mozilla/5.0+(Windows+NT+10.0;+Win64;+x64)+AppleWebKit/537.36+(KHTML,+like+Gecko)+Chrome/135.0.0.0+Safari/537.36 lang=1;+region=3;+_gid=GA1.2.1420396670.1746408377;+ASP.NET_SessionId=4cye422eix0321wiv0qjrafu;+__RequestVerificationToken=fANlzh5QNg8shi1SxcPj7FFjmKKwNY4bojEfgz6ZggvrRlYzXJlbLi4XACv6ZGCJrkPfj_ST7MR6VGxxmUO4DkrgbA41;+_clck=fc8qsr%7C2%7Cfvq%7C0%7C1783;+username=lnah@extron.com;+PriceClass=60;+PriceList=S3+;+.AspNet.Cookies=Ql8qoVFqiXHZrY3Z1gIARaU2JRd_bwi_g3v6CHQWA3qPMDJWiJ6DqK5Waw8lyfF60Yxn91lJ8BrDEihsalGopDHyxV0klnawrUdLcifjM3ZGDXhRVYMRGFsLi9gEYvMlamUqnl6QoyEpSBAOCbbmWEeKXmft_Hxhx1dae7CpGHGdx3LSl1wDVQi-aOLbYmCA0Y_IfXhnEnO6oJSQqoNN_n7zik-lAzUd1SAyny4RQYHHv0bfu2_0fo2eJJfslN0qkzp9-vCP8WSqS4zGXApM9Xl0bg_c_Z9fEDXYuEGRR7L0tVdzXlkaT44CUFfRKyyHLZPQLQpkPdkrWK3aAshOGfCqMZ4TBqPW0NyUt2FELR_DSP6ZJHrZjtKOGhdkeZr3XvdYuVBzuaH9U-CGUb--oCA78YvA3f-Ve_gzLD4zktJysjSJ;+_gat_UA-130285241-1=1;+_ga=GA1.1.630089218.1731903416;+_clsk=ruq57m%7C1746687596479%7C16%7C1%7Cb.clarity.ms%2Fcollect;+ExtronRecViewProd=cablecubby202,xtpiicphd4kplusio,nave111dtp3,dtp3crosspoint622,ssp200,dtp3r201,dtphdmi330rx,dtp3t202,dtphdmi330tx,dtpthd24k330,dtp2t211,dtp2r211;+_ga_DP5ZZ9VH84=GS2.1.s1746686336$o431$g1$t1746687598$j9$l0$h0 https://www.extron.com/product/dtp2r211 www.extron.com 200 0 0 77169 29
2025-05-08 07:00:20 10.1.0.50 GET /wp/ - 443 - 10.1.16.1 Mozilla/5.0+(Windows+NT+10.0;+Win64;+x64)+AppleWebKit/537.36+(KHTML,+like+Gecko)+Chrome/134.0.0.0+Safari/537.36 ASP.NET_SessionId=pvegetldqjsgr4wm2yets01i;+region=2;+lang=3;+__RequestVerificationToken=PnfeENLUL4CyCcAySv_vM8T4D29X6oXDIDRXarxCQtZnUeq-FUbQVjcf-pGob6OP3RSkJfSz0b4D3XcmeJ4MUBxo2Ig1;+BIGipServerextron.com_443_pool=!Lm/FUBemWNvHE/MMjvaJwiHEDz8tIHkcO8tMogw4FNlH1SAQwwQ6xgAf1o9pDR31kR2+UWV5uCoKkg== - www.extron.de 302 0 0 1910 5
2025-05-08 07:00:20 10.1.0.50 GET /Content/css/Shared/fonts/icomoon.ttf qlj3qn 443 lnah@extron.com 10.1.16.1 Mozilla/5.0+(Windows+NT+10.0;+Win64;+x64)+AppleWebKit/537.36+(KHTML,+like+Gecko)+Chrome/135.0.0.0+Safari/537.36 lang=1;+region=3;+_gid=GA1.2.1420396670.1746408377;+ASP.NET_SessionId=4cye422eix0321wiv0qjrafu;+__RequestVerificationToken=fANlzh5QNg8shi1SxcPj7FFjmKKwNY4bojEfgz6ZggvrRlYzXJlbLi4XACv6ZGCJrkPfj_ST7MR6VGxxmUO4DkrgbA41;+_clck=fc8qsr%7C2%7Cfvq%7C0%7C1783;+username=lnah@extron.com;+PriceClass=60;+PriceList=S3+;+.AspNet.Cookies=Ql8qoVFqiXHZrY3Z1gIARaU2JRd_bwi_g3v6CHQWA3qPMDJWiJ6DqK5Waw8lyfF60Yxn91lJ8BrDEihsalGopDHyxV0klnawrUdLcifjM3ZGDXhRVYMRGFsLi9gEYvMlamUqnl6QoyEpSBAOCbbmWEeKXmft_Hxhx1dae7CpGHGdx3LSl1wDVQi-aOLbYmCA0Y_IfXhnEnO6oJSQqoNN_n7zik-lAzUd1SAyny4RQYHHv0bfu2_0fo2eJJfslN0qkzp9-vCP8WSqS4zGXApM9Xl0bg_c_Z9fEDXYuEGRR7L0tVdzXlkaT44CUFfRKyyHLZPQLQpkPdkrWK3aAshOGfCqMZ4TBqPW0NyUt2FELR_DSP6ZJHrZjtKOGhdkeZr3XvdYuVBzuaH9U-CGUb--oCA78YvA3f-Ve_gzLD4zktJysjSJ;+_gat_UA-130285241-1=1;+_ga=GA1.1.630089218.1731903416;+_clsk=ruq57m%7C1746687596479%7C16%7C1%7Cb.clarity.ms%2Fcollect;+ExtronRecViewProd=cablecubby202,xtpiicphd4kplusio,nave111dtp3,dtp3crosspoint622,ssp200,dtp3r201,dtphdmi330rx,dtp3t202,dtphdmi330tx,dtpthd24k330,dtp2t211,dtp2r211;+_ga_DP5ZZ9VH84=GS2.1.s1746686336$o431$g1$t1746687598$j9$l0$h0 https://www.extron.com/Content/css/Shared/extron.css www.extron.com 304 0 0 1705 2
2025-05-08 07:00:20 10.1.0.50 GET /slideshow/inc/HeroSlideStyles.css - 443 - 10.1.16.1 Mozilla/5.0+(Windows+NT+10.0;+Win64;+x64)+AppleWebKit/537.36+(KHTML,+like+Gecko)+Chrome/136.0.0.0+Safari/537.36+Edg/136.0.0.0 _clck=yv86ir%7C2%7Cfmq%7C0%7C1560;+region=2;+lang=3;+ExtronRecViewProd=ipcppro250xi,dtp2t212,xtpdtp24series,dtpcp4k82;+_ga=GA1.1.1613182277.1712662822;+_ga_DP5ZZ9VH84=GS1.1.1744637157.7.0.1744637157.60.0.0;+ASP.NET_SessionId=nkgbywgpkcyekixp22ujgint;+__RequestVerificationToken=3xrHXuqkcAcXSyPA00j7AXJC4P507yIcAdJdzI2aC5ZndFLJG7YQj90M7C2361kvD0V2IQlqPSm9w8wIYrbYSCCri4E1;+BIGipServerextron.com_443_pool=!EWleaa37NparcDcMjvaJwiHEDz8tIJ0tpx+SHLESOQ2bZ2HRSVRZ54FOCWjDpyjt3r6dsrsr5Rmv2Q== https://www.extron.de/ www.extron.de 200 0 0 8824 1
2025-05-08 07:00:20 10.1.0.50 POST /product/Firmware/dtp2r211 prodid=15237 443 lnah@extron.com 10.1.16.1 Mozilla/5.0+(Windows+NT+10.0;+Win64;+x64)+AppleWebKit/537.36+(KHTML,+like+Gecko)+Chrome/135.0.0.0+Safari/537.36 lang=1;+region=3;+_gid=GA1.2.1420396670.1746408377;+ASP.NET_SessionId=4cye422eix0321wiv0qjrafu;+__RequestVerificationToken=fANlzh5QNg8shi1SxcPj7FFjmKKwNY4bojEfgz6ZggvrRlYzXJlbLi4XACv6ZGCJrkPfj_ST7MR6VGxxmUO4DkrgbA41;+_clck=fc8qsr%7C2%7Cfvq%7C0%7C1783;+username=lnah@extron.com;+PriceClass=60;+PriceList=S3+;+.AspNet.Cookies=Ql8qoVFqiXHZrY3Z1gIARaU2JRd_bwi_g3v6CHQWA3qPMDJWiJ6DqK5Waw8lyfF60Yxn91lJ8BrDEihsalGopDHyxV0klnawrUdLcifjM3ZGDXhRVYMRGFsLi9gEYvMlamUqnl6QoyEpSBAOCbbmWEeKXmft_Hxhx1dae7CpGHGdx3LSl1wDVQi-aOLbYmCA0Y_IfXhnEnO6oJSQqoNN_n7zik-lAzUd1SAyny4RQYHHv0bfu2_0fo2eJJfslN0qkzp9-vCP8WSqS4zGXApM9Xl0bg_c_Z9fEDXYuEGRR7L0tVdzXlkaT44CUFfRKyyHLZPQLQpkPdkrWK3aAshOGfCqMZ4TBqPW0NyUt2FELR_DSP6ZJHrZjtKOGhdkeZr3XvdYuVBzuaH9U-CGUb--oCA78YvA3f-Ve_gzLD4zktJysjSJ;+_gat_UA-130285241-1=1;+_ga=GA1.1.630089218.1731903416;+_clsk=ruq57m%7C1746687596479%7C16%7C1%7Cb.clarity.ms%2Fcollect;+ExtronRecViewProd=cablecubby202,xtpiicphd4kplusio,nave111dtp3,dtp3crosspoint622,ssp200,dtp3r201,dtphdmi330rx,dtp3t202,dtphdmi330tx,dtpthd24k330,dtp2t211,dtp2r211;+_ga_DP5ZZ9VH84=GS2.1.s1746686336$o431$g1$t1746687598$j9$l0$h0 https://www.extron.com/product/dtp2r211 www.extron.com 200 0 0 1718 8
2025-05-08 07:00:20 10.1.0.50 POST /Product/GetProductTabs/ - 443 lnah@extron.com 10.1.16.1 Mozilla/5.0+(Windows+NT+10.0;+Win64;+x64)+AppleWebKit/537.36+(KHTML,+like+Gecko)+Chrome/135.0.0.0+Safari/537.36 lang=1;+region=3;+_gid=GA1.2.1420396670.1746408377;+ASP.NET_SessionId=4cye422eix0321wiv0qjrafu;+__RequestVerificationToken=fANlzh5QNg8shi1SxcPj7FFjmKKwNY4bojEfgz6ZggvrRlYzXJlbLi4XACv6ZGCJrkPfj_ST7MR6VGxxmUO4DkrgbA41;+_clck=fc8qsr%7C2%7Cfvq%7C0%7C1783;+username=lnah@extron.com;+PriceClass=60;+PriceList=S3+;+.AspNet.Cookies=Ql8qoVFqiXHZrY3Z1gIARaU2JRd_bwi_g3v6CHQWA3qPMDJWiJ6DqK5Waw8lyfF60Yxn91lJ8BrDEihsalGopDHyxV0klnawrUdLcifjM3ZGDXhRVYMRGFsLi9gEYvMlamUqnl6QoyEpSBAOCbbmWEeKXmft_Hxhx1dae7CpGHGdx3LSl1wDVQi-aOLbYmCA0Y_IfXhnEnO6oJSQqoNN_n7zik-lAzUd1SAyny4RQYHHv0bfu2_0fo2eJJfslN0qkzp9-vCP8WSqS4zGXApM9Xl0bg_c_Z9fEDXYuEGRR7L0tVdzXlkaT44CUFfRKyyHLZPQLQpkPdkrWK3aAshOGfCqMZ4TBqPW0NyUt2FELR_DSP6ZJHrZjtKOGhdkeZr3XvdYuVBzuaH9U-CGUb--oCA78YvA3f-Ve_gzLD4zktJysjSJ;+_gat_UA-130285241-1=1;+_ga=GA1.1.630089218.1731903416;+_clsk=ruq57m%7C1746687596479%7C16%7C1%7Cb.clarity.ms%2Fcollect;+ExtronRecViewProd=cablecubby202,xtpiicphd4kplusio,nave111dtp3,dtp3crosspoint622,ssp200,dtp3r201,dtphdmi330rx,dtp3t202,dtphdmi330tx,dtpthd24k330,dtp2t211,dtp2r211;+_ga_DP5ZZ9VH84=GS2.1.s1746686336$o431$g1$t1746687598$j9$l0$h0 https://www.extron.com/product/dtp2r211 www.extron.com 200 0 0 1844 6
2025-05-08 07:00:20 10.1.0.50 POST /services/membership/index.asmx - 443 - 10.1.16.1 Mozilla/4.0+(compatible;+MSIE+6.0;+MS+Web+Services+Client+Protocol+4.0.30319.42000) - - www.extron.com 200 0 0 2404 73
2025-05-08 07:00:20 10.1.0.50 GET /Content/css/Shared/img/asset/ajax-loader.gif - 443 - 10.1.16.1 Mozilla/5.0+(Windows+NT+10.0;+Win64;+x64)+AppleWebKit/537.36+(KHTML,+like+Gecko)+Chrome/135.0.0.0+Safari/537.36 lang=1;+region=3;+_gid=GA1.2.1420396670.1746408377;+ASP.NET_SessionId=4cye422eix0321wiv0qjrafu;+__RequestVerificationToken=fANlzh5QNg8shi1SxcPj7FFjmKKwNY4bojEfgz6ZggvrRlYzXJlbLi4XACv6ZGCJrkPfj_ST7MR6VGxxmUO4DkrgbA41;+_clck=fc8qsr%7C2%7Cfvq%7C0%7C1783;+username=lnah@extron.com;+PriceClass=60;+PriceList=S3+;+.AspNet.Cookies=Ql8qoVFqiXHZrY3Z1gIARaU2JRd_bwi_g3v6CHQWA3qPMDJWiJ6DqK5Waw8lyfF60Yxn91lJ8BrDEihsalGopDHyxV0klnawrUdLcifjM3ZGDXhRVYMRGFsLi9gEYvMlamUqnl6QoyEpSBAOCbbmWEeKXmft_Hxhx1dae7CpGHGdx3LSl1wDVQi-aOLbYmCA0Y_IfXhnEnO6oJSQqoNN_n7zik-lAzUd1SAyny4RQYHHv0bfu2_0fo2eJJfslN0qkzp9-vCP8WSqS4zGXApM9Xl0bg_c_Z9fEDXYuEGRR7L0tVdzXlkaT44CUFfRKyyHLZPQLQpkPdkrWK3aAshOGfCqMZ4TBqPW0NyUt2FELR_DSP6ZJHrZjtKOGhdkeZr3XvdYuVBzuaH9U-CGUb--oCA78YvA3f-Ve_gzLD4zktJysjSJ;+_gat_UA-130285241-1=1;+_clsk=ruq57m%7C1746687596479%7C16%7C1%7Cb.clarity.ms%2Fcollect;+ExtronRecViewProd=cablecubby202,xtpiicphd4kplusio,nave111dtp3,dtp3crosspoint622,ssp200,dtp3r201,dtphdmi330rx,dtp3t202,dtphdmi330tx,dtpthd24k330,dtp2t211,dtp2r211;+_ga_DP5ZZ9VH84=GS2.1.s1746686336$o431$g1$t1746687600$j7$l0$h0;+_ga=GA1.2.630089218.1731903416 https://www.extron.com/Content/css/Shared/extron.css www.extron.com 302 0 0 1862 2
2025-05-08 07:00:20 10.1.0.50 GET / - 443 - 10.1.16.1 Mozilla/5.0+(Windows+NT+10.0;+Win64;+x64)+AppleWebKit/537.36+(KHTML,+like+Gecko)+Chrome/136.0.0.0+Safari/537.36 - https://www.google.com/ www.extron.de 200 0 0 106924 128
2025-05-08 07:00:20 10.1.0.50 GET /Product/TabOverview/dtp2r211 tab=over&nocache=1746687600632 443 lnah@extron.com 10.1.16.1 Mozilla/5.0+(Windows+NT+10.0;+Win64;+x64)+AppleWebKit/537.36+(KHTML,+like+Gecko)+Chrome/135.0.0.0+Safari/537.36 lang=1;+region=3;+_gid=GA1.2.1420396670.1746408377;+ASP.NET_SessionId=4cye422eix0321wiv0qjrafu;+__RequestVerificationToken=fANlzh5QNg8shi1SxcPj7FFjmKKwNY4bojEfgz6ZggvrRlYzXJlbLi4XACv6ZGCJrkPfj_ST7MR6VGxxmUO4DkrgbA41;+_clck=fc8qsr%7C2%7Cfvq%7C0%7C1783;+username=lnah@extron.com;+PriceClass=60;+PriceList=S3+;+.AspNet.Cookies=Ql8qoVFqiXHZrY3Z1gIARaU2JRd_bwi_g3v6CHQWA3qPMDJWiJ6DqK5Waw8lyfF60Yxn91lJ8BrDEihsalGopDHyxV0klnawrUdLcifjM3ZGDXhRVYMRGFsLi9gEYvMlamUqnl6QoyEpSBAOCbbmWEeKXmft_Hxhx1dae7CpGHGdx3LSl1wDVQi-aOLbYmCA0Y_IfXhnEnO6oJSQqoNN_n7zik-lAzUd1SAyny4RQYHHv0bfu2_0fo2eJJfslN0qkzp9-vCP8WSqS4zGXApM9Xl0bg_c_Z9fEDXYuEGRR7L0tVdzXlkaT44CUFfRKyyHLZPQLQpkPdkrWK3aAshOGfCqMZ4TBqPW0NyUt2FELR_DSP6ZJHrZjtKOGhdkeZr3XvdYuVBzuaH9U-CGUb--oCA78YvA3f-Ve_gzLD4zktJysjSJ;+_gat_UA-130285241-1=1;+_clsk=ruq57m%7C1746687596479%7C16%7C1%7Cb.clarity.ms%2Fcollect;+ExtronRecViewProd=cablecubby202,xtpiicphd4kplusio,nave111dtp3,dtp3crosspoint622,ssp200,dtp3r201,dtphdmi330rx,dtp3t202,dtphdmi330tx,dtpthd24k330,dtp2t211,dtp2r211;+_ga_DP5ZZ9VH84=GS2.1.s1746686336$o431$g1$t1746687600$j7$l0$h0;+_ga=GA1.2.630089218.1731903416 https://www.extron.com/product/dtp2r211 www.extron.com 200 0 0 40316 10
2025-05-08 07:00:20 10.1.0.50 GET /site.webmanifest v=20180420 443 - 10.1.16.1 Mozilla/5.0+(Windows+NT+10.0;+Win64;+x64)+AppleWebKit/537.36+(KHTML,+like+Gecko)+Chrome/135.0.0.0+Safari/537.36 - https://www.extron.com/product/dtp2r211 www.extron.com 304 0 0 1705 2
2025-05-08 07:00:21 10.1.0.50 POST /api/v1/account/login - 443 juan.ordonez@gleich-gmbh.com 10.1.16.1 Mozilla/5.0+(Windows+NT+10.0;+Win64;+x64)+AppleWebKit/537.36+(KHTML,+like+Gecko)+Chrome/135.0.0.0+Safari/537.36 ASP.NET_SessionId=wcqyr3zxjx4dxefnulok2dh0;+BIGipServerextron.com_443_pool=838861066.47873.0000;+region=2;+lang=3;+__RequestVerificationToken=rvO8e5lNRJWg7cVID7FuwEXGIYWJpUDwXxqHni7XEyVkr9maWxOLlPeqzRUu_zn4gOiTVs5oaOEe5-LP-_s1QKcU1yo1;+username=juan.ordonez@gleich-gmbh.com;+PriceClass=38;+PriceList=EUREU;+.AspNet.Cookies=_AARyxXdKr0_3vR7tU6Nwqv5CbfZk3i_JKEYjmYxuTeo4vDevcSBjjWklSRCHEVBHjuMgNE-W3bFXv0ouJukv0eUE4VL7SufpkPTI44_mL9aewtBiM_6ONxb2fNwejQbP1PJY0rbqWU_jzjk43CvWTB3sf4w0rFpGr5gjklwcWvLfmIOtvAXyAGMyVUqNhu6Q0pAIZQcBJxmWHYSxefb_Stj6KAGUQQFsGV5oujsD6d3bwpyuwuNblEKFe7zb4v1UoDoqDNm7gBpYlGZ5RlqViwthKa66KUPJUtJBMFfGe4Uz9qyhu0PlSHe-0m0aboCS3J5OxPx17iW3rBe_5uSbf-ytS-dBJvLbJoMsnU8MM_IDum7iIfRAJxkSqZLB13JMDZPj8KtvEZfLGT7HD1CArX7QoOw73gQdrc0twFOZSj4dPHjIUJPds53NagoJg7n6pnD_A;+_gid=GA1.2.2105995547.1746687399;+_ga=GA1.1.522038273.1746687399;+_ga_DP5ZZ9VH84=GS2.1.s1746687398$o1$g1$t1746687599$j60$l0$h0 https://www.extron.com/home/login?ReturnUrl=%2fkb%2fhelp%2f%3ff%3d%2fnav%2fnav_sys_fwrn_1%2fen%2fcontent%2fhtml_files%2ffw_notes%2ffw_rlse_nts_v1.01.0004-b010.html&f=/nav/nav_sys_fwrn_1/en/content/html_files/fw_notes/fw_rlse_nts_v1.01.0004-b010.html www.extron.com 403 0 0 1711 5
2025-05-08 07:00:21 10.1.0.50 POST /product/ProdModels/dtp2r211 - 443 lnah@extron.com 10.1.16.1 Mozilla/5.0+(Windows+NT+10.0;+Win64;+x64)+AppleWebKit/537.36+(KHTML,+like+Gecko)+Chrome/135.0.0.0+Safari/537.36 lang=1;+region=3;+_gid=GA1.2.1420396670.1746408377;+ASP.NET_SessionId=4cye422eix0321wiv0qjrafu;+__RequestVerificationToken=fANlzh5QNg8shi1SxcPj7FFjmKKwNY4bojEfgz6ZggvrRlYzXJlbLi4XACv6ZGCJrkPfj_ST7MR6VGxxmUO4DkrgbA41;+_clck=fc8qsr%7C2%7Cfvq%7C0%7C1783;+username=lnah@extron.com;+PriceClass=60;+PriceList=S3+;+.AspNet.Cookies=Ql8qoVFqiXHZrY3Z1gIARaU2JRd_bwi_g3v6CHQWA3qPMDJWiJ6DqK5Waw8lyfF60Yxn91lJ8BrDEihsalGopDHyxV0klnawrUdLcifjM3ZGDXhRVYMRGFsLi9gEYvMlamUqnl6QoyEpSBAOCbbmWEeKXmft_Hxhx1dae7CpGHGdx3LSl1wDVQi-aOLbYmCA0Y_IfXhnEnO6oJSQqoNN_n7zik-lAzUd1SAyny4RQYHHv0bfu2_0fo2eJJfslN0qkzp9-vCP8WSqS4zGXApM9Xl0bg_c_Z9fEDXYuEGRR7L0tVdzXlkaT44CUFfRKyyHLZPQLQpkPdkrWK3aAshOGfCqMZ4TBqPW0NyUt2FELR_DSP6ZJHrZjtKOGhdkeZr3XvdYuVBzuaH9U-CGUb--oCA78YvA3f-Ve_gzLD4zktJysjSJ;+_gat_UA-130285241-1=1;+_ga=GA1.1.630089218.1731903416;+_clsk=ruq57m%7C1746687596479%7C16%7C1%7Cb.clarity.ms%2Fcollect;+ExtronRecViewProd=cablecubby202,xtpiicphd4kplusio,nave111dtp3,dtp3crosspoint622,ssp200,dtp3r201,dtphdmi330rx,dtp3t202,dtphdmi330tx,dtpthd24k330,dtp2t211,dtp2r211;+_ga_DP5ZZ9VH84=GS2.1.s1746686336$o431$g1$t1746687598$j9$l0$h0 https://www.extron.com/product/dtp2r211 www.extron.com 200 0 0 8165 1038
2025-05-08 07:00:21 10.1.0.50 GET /tools/signage id=4ksignage 443 - 10.1.16.1 - - - www.extron.com 200 0 0 17926 7
2025-05-08 07:00:21 10.1.0.50 GET / - 443 - 10.1.16.1 Mozilla/5.0+(Windows+NT+10.0;+Win64;+x64)+AppleWebKit/537.36+(KHTML,+like+Gecko)+Chrome/136.0.0.0+Safari/537.36 - https://www.google.com/ www.extron.com 200 0 0 107007 328
2025-05-08 07:00:22 10.1.0.50 GET / - 80 - 10.1.15.85 - - - - 200 0 64 0 323
2025-05-08 07:00:22 10.1.0.50 GET / - 80 - 10.1.15.86 - - - - 200 0 64 0 239
2025-05-08 07:00:22 10.1.0.50 GET /product/builders/teamwork/views/showme-retractors-intable.aspx - 443 - 10.1.16.1 - ASP.NET_SessionId=a2g44z13vvtu1vomwcsal2oa;+region=1;+lang=1;+__RequestVerificationToken=wGrbbRSeuOHIVGaRUCvncNyge4QKMx9l_KifrD5ECZQ5-WPyeETRzZX0Y2EYCYoAVjiqWFpb3ZzYUYSQEcfYmYwWjko1;+BIGipServerextron.com_443_pool=!VqkhuakZaZU07asMjvaJwiHEDz8tIHbmQoQyIljfFVxGYrt62qzqz824/FwwTLWvxnAgQ89K31wkdQ== - www.extron.com 302 0 0 2040 4528
2025-05-08 07:00:22 10.1.0.50 GET /404.aspx aspxerrorpath=%2fproduct%2fbuilders%2fteamwork%2fviews%2fshowme-retractors-intable.aspx 443 - 10.1.16.1 - ASP.NET_SessionId=a2g44z13vvtu1vomwcsal2oa;+region=1;+lang=1;+__RequestVerificationToken=wGrbbRSeuOHIVGaRUCvncNyge4QKMx9l_KifrD5ECZQ5-WPyeETRzZX0Y2EYCYoAVjiqWFpb3ZzYUYSQEcfYmYwWjko1;+BIGipServerextron.com_443_pool=!VqkhuakZaZU07asMjvaJwiHEDz8tIHbmQoQyIljfFVxGYrt62qzqz824/FwwTLWvxnAgQ89K31wkdQ== - www.extron.com 404 0 0 54380 11
2025-05-08 07:00:22 10.1.0.50 GET /product/builders/teamwork/views/showme-retractors.aspx - 80 - 10.1.16.1 - - - www.extron.com 301 0 0 1821 1
2025-05-08 07:00:22 10.1.0.50 POST /product/Firmware/mlc62rsd prodid=8429 443 - 10.1.16.1 Mozilla/5.0+(Linux;+Android+6.0.1;+Nexus+5X+Build/MMB29P)+AppleWebKit/537.36+(KHTML,+like+Gecko)+Chrome/135.0.7049.114+Mobile+Safari/537.36+(compatible;+Googlebot/2.1;++http://www.google.com/bot.html) ASP.NET_SessionId=aqbhk5u3mi0mnjzebzgs24mu;+region=2;+lang=5;+ExtronRecViewProd=mlc62rsd;+__RequestVerificationToken=FgwWpewc34IvYOSH8N8d2JZnvQunfKCxmuMu5T5taPpi8d7CMnKOZ9qi2VxBumBXjseniyVlT-wVdsxUqBYBgE6m55Y1;+BIGipServerextron.com_443_pool=838861066.47873.0000 https://www.extron.es/product/mlc62rsd?subtype=798 www.extron.es 200 0 0 1718 6
2025-05-08 07:00:22 10.1.0.50 POST /product/Related/mlc62rsd - 443 - 10.1.16.1 Mozilla/5.0+(Linux;+Android+6.0.1;+Nexus+5X+Build/MMB29P)+AppleWebKit/537.36+(KHTML,+like+Gecko)+Chrome/135.0.7049.114+Mobile+Safari/537.36+(compatible;+Googlebot/2.1;++http://www.google.com/bot.html) ASP.NET_SessionId=aqbhk5u3mi0mnjzebzgs24mu;+region=2;+lang=5;+ExtronRecViewProd=mlc62rsd;+__RequestVerificationToken=FgwWpewc34IvYOSH8N8d2JZnvQunfKCxmuMu5T5taPpi8d7CMnKOZ9qi2VxBumBXjseniyVlT-wVdsxUqBYBgE6m55Y1;+BIGipServerextron.com_443_pool=838861066.47873.0000 https://www.extron.es/product/mlc62rsd?subtype=798 www.extron.es 200 0 0 18758 14
2025-05-08 07:00:22 10.1.0.50 GET /technology/literature.aspx filetype=4&lang=1&tabid=1&id=x&filetype=81&lang=1&tabid=3&id=O&filetype=6&lang=1&tabid=5&id=U&filetype=6&lang=1&tabid=5&id=G 443 - 10.1.16.1 Mozilla/5.0+AppleWebKit/537.36+(KHTML,+like+Gecko;+compatible;+bingbot/2.0;++http://www.bing.com/bingbot.htm)+Chrome/116.0.1938.76+Safari/537.36 - - www.extron.cn 200 0 0 125941 1790
2025-05-08 07:00:22 10.1.0.50 GET /Content/vendor/jquery-unobtrusive-ajax/jquery.unobtrusive-ajax.js - 443 - 10.1.16.1 Mozilla/5.0+(Windows+NT+10.0;+Win64;+x64)+AppleWebKit/537.36+(KHTML,+like+Gecko)+Chrome/136.0.0.0+Safari/537.36+Edg/136.0.0.0 _clck=yv86ir%7C2%7Cfmq%7C0%7C1560;+region=2;+lang=3;+ExtronRecViewProd=ipcppro250xi,dtp2t212,xtpdtp24series,dtpcp4k82;+_ga=GA1.1.1613182277.1712662822;+_ga_DP5ZZ9VH84=GS1.1.1744637157.7.0.1744637157.60.0.0;+ASP.NET_SessionId=nkgbywgpkcyekixp22ujgint;+__RequestVerificationToken=3xrHXuqkcAcXSyPA00j7AXJC4P507yIcAdJdzI2aC5ZndFLJG7YQj90M7C2361kvD0V2IQlqPSm9w8wIYrbYSCCri4E1;+BIGipServerextron.com_443_pool=!EWleaa37NparcDcMjvaJwiHEDz8tIJ0tpx+SHLESOQ2bZ2HRSVRZ54FOCWjDpyjt3r6dsrsr5Rmv2Q== https://www.extron.de/ www.extron.de 200 0 0 8975 0
2025-05-08 07:00:22 10.1.0.50 GET /Content/vendor/jquery/jquery-3.3.1.min.js - 443 - 10.1.16.1 Mozilla/5.0+(Windows+NT+10.0;+Win64;+x64)+AppleWebKit/537.36+(KHTML,+like+Gecko)+Chrome/136.0.0.0+Safari/537.36+Edg/136.0.0.0 _clck=yv86ir%7C2%7Cfmq%7C0%7C1560;+region=2;+lang=3;+ExtronRecViewProd=ipcppro250xi,dtp2t212,xtpdtp24series,dtpcp4k82;+_ga=GA1.1.1613182277.1712662822;+_ga_DP5ZZ9VH84=GS1.1.1744637157.7.0.1744637157.60.0.0;+ASP.NET_SessionId=nkgbywgpkcyekixp22ujgint;+__RequestVerificationToken=3xrHXuqkcAcXSyPA00j7AXJC4P507yIcAdJdzI2aC5ZndFLJG7YQj90M7C2361kvD0V2IQlqPSm9w8wIYrbYSCCri4E1;+BIGipServerextron.com_443_pool=!EWleaa37NparcDcMjvaJwiHEDz8tIJ0tpx+SHLESOQ2bZ2HRSVRZ54FOCWjDpyjt3r6dsrsr5Rmv2Q== https://www.extron.de/ www.extron.de 200 0 0 88876 1
2025-05-08 07:00:22 10.1.0.50 GET /Content/vendor/jqueryui/jquery-1.12.0-ui.min.js - 443 - 10.1.16.1 Mozilla/5.0+(Windows+NT+10.0;+Win64;+x64)+AppleWebKit/537.36+(KHTML,+like+Gecko)+Chrome/136.0.0.0+Safari/537.36+Edg/136.0.0.0 _clck=yv86ir%7C2%7Cfmq%7C0%7C1560;+region=2;+lang=3;+ExtronRecViewProd=ipcppro250xi,dtp2t212,xtpdtp24series,dtpcp4k82;+_ga=GA1.1.1613182277.1712662822;+_ga_DP5ZZ9VH84=GS1.1.1744637157.7.0.1744637157.60.0.0;+ASP.NET_SessionId=nkgbywgpkcyekixp22ujgint;+__RequestVerificationToken=3xrHXuqkcAcXSyPA00j7AXJC4P507yIcAdJdzI2aC5ZndFLJG7YQj90M7C2361kvD0V2IQlqPSm9w8wIYrbYSCCri4E1;+BIGipServerextron.com_443_pool=!EWleaa37NparcDcMjvaJwiHEDz8tIJ0tpx+SHLESOQ2bZ2HRSVRZ54FOCWjDpyjt3r6dsrsr5Rmv2Q== https://www.extron.de/ www.extron.de 200 0 0 255635 1
2025-05-08 07:00:22 10.1.0.50 GET /Content/vendor/bootstrap/bootstrap.bundle.min.js - 443 - 10.1.16.1 Mozilla/5.0+(Windows+NT+10.0;+Win64;+x64)+AppleWebKit/537.36+(KHTML,+like+Gecko)+Chrome/136.0.0.0+Safari/537.36+Edg/136.0.0.0 _clck=yv86ir%7C2%7Cfmq%7C0%7C1560;+region=2;+lang=3;+ExtronRecViewProd=ipcppro250xi,dtp2t212,xtpdtp24series,dtpcp4k82;+_ga=GA1.1.1613182277.1712662822;+_ga_DP5ZZ9VH84=GS1.1.1744637157.7.0.1744637157.60.0.0;+ASP.NET_SessionId=nkgbywgpkcyekixp22ujgint;+__RequestVerificationToken=3xrHXuqkcAcXSyPA00j7AXJC4P507yIcAdJdzI2aC5ZndFLJG7YQj90M7C2361kvD0V2IQlqPSm9w8wIYrbYSCCri4E1;+BIGipServerextron.com_443_pool=!EWleaa37NparcDcMjvaJwiHEDz8tIJ0tpx+SHLESOQ2bZ2HRSVRZ54FOCWjDpyjt3r6dsrsr5Rmv2Q== https://www.extron.de/ www.extron.de 200 0 0 80559 1
2025-05-08 07:00:22 10.1.0.50 GET / - 443 - 10.1.15.85 - - - - 200 0 64 0 142
2025-05-08 07:00:22 10.1.0.50 POST /product/ProdModels/mlc62rsd - 443 - 10.1.16.1 Mozilla/5.0+(Linux;+Android+6.0.1;+Nexus+5X+Build/MMB29P)+AppleWebKit/537.36+(KHTML,+like+Gecko)+Chrome/135.0.7049.114+Mobile+Safari/537.36+(compatible;+Googlebot/2.1;++http://www.google.com/bot.html) ASP.NET_SessionId=aqbhk5u3mi0mnjzebzgs24mu;+region=2;+lang=5;+ExtronRecViewProd=mlc62rsd;+__RequestVerificationToken=FgwWpewc34IvYOSH8N8d2JZnvQunfKCxmuMu5T5taPpi8d7CMnKOZ9qi2VxBumBXjseniyVlT-wVdsxUqBYBgE6m55Y1;+BIGipServerextron.com_443_pool=838861066.47873.0000 https://www.extron.es/product/mlc62rsd?subtype=798 www.extron.es 200 0 0 4433 12
2025-05-08 07:00:22 10.1.0.50 GET /company/img/smpgroup.png - 443 - 10.1.16.1 Mozilla/5.0+(Windows+NT+10.0;+Win64;+x64)+AppleWebKit/537.36+(KHTML,+like+Gecko)+Chrome/136.0.0.0+Safari/537.36+Edg/136.0.0.0 _clck=yv86ir%7C2%7Cfmq%7C0%7C1560;+region=2;+lang=3;+ExtronRecViewProd=ipcppro250xi,dtp2t212,xtpdtp24series,dtpcp4k82;+_ga=GA1.1.1613182277.1712662822;+_ga_DP5ZZ9VH84=GS1.1.1744637157.7.0.1744637157.60.0.0;+ASP.NET_SessionId=nkgbywgpkcyekixp22ujgint;+__RequestVerificationToken=3xrHXuqkcAcXSyPA00j7AXJC4P507yIcAdJdzI2aC5ZndFLJG7YQj90M7C2361kvD0V2IQlqPSm9w8wIYrbYSCCri4E1;+BIGipServerextron.com_443_pool=!EWleaa37NparcDcMjvaJwiHEDz8tIJ0tpx+SHLESOQ2bZ2HRSVRZ54FOCWjDpyjt3r6dsrsr5Rmv2Q== https://www.extron.de/ www.extron.de 302 0 0 1822 1
2025-05-08 07:00:22 10.1.0.50 GET /company/img/npb-cover-2025_ge.png - 443 - 10.1.16.1 Mozilla/5.0+(Windows+NT+10.0;+Win64;+x64)+AppleWebKit/537.36+(KHTML,+like+Gecko)+Chrome/136.0.0.0+Safari/537.36+Edg/136.0.0.0 _clck=yv86ir%7C2%7Cfmq%7C0%7C1560;+region=2;+lang=3;+ExtronRecViewProd=ipcppro250xi,dtp2t212,xtpdtp24series,dtpcp4k82;+_ga=GA1.1.1613182277.1712662822;+_ga_DP5ZZ9VH84=GS1.1.1744637157.7.0.1744637157.60.0.0;+ASP.NET_SessionId=nkgbywgpkcyekixp22ujgint;+__RequestVerificationToken=3xrHXuqkcAcXSyPA00j7AXJC4P507yIcAdJdzI2aC5ZndFLJG7YQj90M7C2361kvD0V2IQlqPSm9w8wIYrbYSCCri4E1;+BIGipServerextron.com_443_pool=838861066.47873.0000 https://www.extron.de/ www.extron.de 302 0 0 1840 1
2025-05-08 07:00:22 10.1.0.50 GET /product/product.aspx id=wp180&s=4 80 - 10.1.16.1 Mozilla/5.0+(compatible;+DotBot/1.2;++https://opensiteexplorer.org/dotbot;+help@moz.com) - - www.extron.com 301 0 0 1783 1
2025-05-08 07:00:22 10.1.0.50 GET / - 443 - 10.1.15.86 - - - - 200 0 64 0 120
2025-05-08 07:00:23 10.1.0.50 POST /services/Membership/index.asmx - 443 - 10.1.16.1 - - - www.extron.com 200 0 0 2459 64
2025-05-08 07:00:23 10.1.0.50 GET /Content/vendor/jqueryui/themes/smoothness/jquery-1.12.0-ui.css - 443 - 10.1.16.1 Mozilla/5.0+(Windows+NT+10.0;+Win64;+x64)+AppleWebKit/537.36+(KHTML,+like+Gecko)+Chrome/136.0.0.0+Safari/537.36 ASP.NET_SessionId=jopcffqmgwqv1v1fu0yvpn3y;+region=2;+lang=3;+__RequestVerificationToken=snhncBTGJQvKcaPr2FJhAi6c63iek5oUZORloZQNV9vHqv_mxIfnftcxcEOWCRcl08gyrlZVIInPQ1hfoHBlkunu10o1;+BIGipServerextron.com_443_pool=838861066.47873.0000 https://www.extron.de/ www.extron.de 200 0 0 39722 1
2025-05-08 07:00:23 10.1.0.50 GET /Content/vendor/bs-offcanvas/dist/css/bootstrap.offcanvas.css - 443 - 10.1.16.1 Mozilla/5.0+(Windows+NT+10.0;+Win64;+x64)+AppleWebKit/537.36+(KHTML,+like+Gecko)+Chrome/136.0.0.0+Safari/537.36 ASP.NET_SessionId=jopcffqmgwqv1v1fu0yvpn3y;+region=2;+lang=3;+__RequestVerificationToken=snhncBTGJQvKcaPr2FJhAi6c63iek5oUZORloZQNV9vHqv_mxIfnftcxcEOWCRcl08gyrlZVIInPQ1hfoHBlkunu10o1;+BIGipServerextron.com_443_pool=838861066.47873.0000 https://www.extron.de/ www.extron.de 200 0 0 5343 1
2025-05-08 07:00:23 10.1.0.50 GET /Content/vendor/fancybox-3.5.7/dist/jquery.fancybox.css - 443 - 10.1.16.1 Mozilla/5.0+(Windows+NT+10.0;+Win64;+x64)+AppleWebKit/537.36+(KHTML,+like+Gecko)+Chrome/136.0.0.0+Safari/537.36 ASP.NET_SessionId=jopcffqmgwqv1v1fu0yvpn3y;+region=2;+lang=3;+__RequestVerificationToken=snhncBTGJQvKcaPr2FJhAi6c63iek5oUZORloZQNV9vHqv_mxIfnftcxcEOWCRcl08gyrlZVIInPQ1hfoHBlkunu10o1;+BIGipServerextron.com_443_pool=838861066.47873.0000 https://www.extron.de/ www.extron.de 200 0 0 20123 1
2025-05-08 07:00:23 10.1.0.50 GET /Content/vendor/fontawesome/css/all.min.css - 443 - 10.1.16.1 Mozilla/5.0+(Windows+NT+10.0;+Win64;+x64)+AppleWebKit/537.36+(KHTML,+like+Gecko)+Chrome/136.0.0.0+Safari/537.36 ASP.NET_SessionId=jopcffqmgwqv1v1fu0yvpn3y;+region=2;+lang=3;+__RequestVerificationToken=snhncBTGJQvKcaPr2FJhAi6c63iek5oUZORloZQNV9vHqv_mxIfnftcxcEOWCRcl08gyrlZVIInPQ1hfoHBlkunu10o1;+BIGipServerextron.com_443_pool=838861066.47873.0000 https://www.extron.de/ www.extron.de 200 0 0 514692 3
2025-05-08 07:00:23 10.1.0.50 GET /Content/css/Shared/cookies.css - 443 - 10.1.16.1 Mozilla/5.0+(Windows+NT+10.0;+Win64;+x64)+AppleWebKit/537.36+(KHTML,+like+Gecko)+Chrome/136.0.0.0+Safari/537.36 ASP.NET_SessionId=jopcffqmgwqv1v1fu0yvpn3y;+region=2;+lang=3;+__RequestVerificationToken=snhncBTGJQvKcaPr2FJhAi6c63iek5oUZORloZQNV9vHqv_mxIfnftcxcEOWCRcl08gyrlZVIInPQ1hfoHBlkunu10o1;+BIGipServerextron.com_443_pool=838861066.47873.0000 https://www.extron.de/ www.extron.de 200 0 0 4051 1
2025-05-08 07:00:23 10.1.0.50 GET /Content/css/Shared/extron.css - 443 - 10.1.16.1 Mozilla/5.0+(Windows+NT+10.0;+Win64;+x64)+AppleWebKit/537.36+(KHTML,+like+Gecko)+Chrome/136.0.0.0+Safari/537.36 ASP.NET_SessionId=jopcffqmgwqv1v1fu0yvpn3y;+region=2;+lang=3;+__RequestVerificationToken=snhncBTGJQvKcaPr2FJhAi6c63iek5oUZORloZQNV9vHqv_mxIfnftcxcEOWCRcl08gyrlZVIInPQ1hfoHBlkunu10o1;+BIGipServerextron.com_443_pool=838861066.47873.0000 https://www.extron.de/ www.extron.de 200 0 0 818063 3
2025-05-08 07:00:23 10.1.0.50 GET /tools/signage id=4ksignage 443 - 10.1.16.1 - - - www.extron.com 200 0 0 17926 6
2025-05-08 07:00:23 10.1.0.50 GET /slideshow/inc/HeroSlideStyles.css - 443 - 10.1.16.1 Mozilla/5.0+(Windows+NT+10.0;+Win64;+x64)+AppleWebKit/537.36+(KHTML,+like+Gecko)+Chrome/136.0.0.0+Safari/537.36 ASP.NET_SessionId=jopcffqmgwqv1v1fu0yvpn3y;+region=2;+lang=3;+__RequestVerificationToken=snhncBTGJQvKcaPr2FJhAi6c63iek5oUZORloZQNV9vHqv_mxIfnftcxcEOWCRcl08gyrlZVIInPQ1hfoHBlkunu10o1;+BIGipServerextron.com_443_pool=!b55nGGb+5A5PurQMjvaJwiHEDz8tIHvxnPIl8JEOQhrZIM8nvLV4Ebx5Kz9yLYHMDg96M+b4O/LS/A== https://www.extron.de/ www.extron.de 200 0 0 8824 1
2025-05-08 07:00:23 10.1.0.50 GET /article/autocadbd - 443 - 10.1.16.1 Mozilla/5.0+(Linux;+Android+10;+K)+AppleWebKit/537.36+(KHTML,+like+Gecko)+Chrome/135.0.0.0+Mobile+Safari/537.36 - https://www.google.com/ www.extron.com 200 0 0 66531 30
2025-05-08 07:00:23 10.1.0.50 GET /Content/vendor/jquery/jquery-3.3.1.min.js - 443 - 10.1.16.1 Mozilla/5.0+(Windows+NT+10.0;+Win64;+x64)+AppleWebKit/537.36+(KHTML,+like+Gecko)+Chrome/136.0.0.0+Safari/537.36 ASP.NET_SessionId=jopcffqmgwqv1v1fu0yvpn3y;+region=2;+lang=3;+__RequestVerificationToken=snhncBTGJQvKcaPr2FJhAi6c63iek5oUZORloZQNV9vHqv_mxIfnftcxcEOWCRcl08gyrlZVIInPQ1hfoHBlkunu10o1;+BIGipServerextron.com_443_pool=!b55nGGb+5A5PurQMjvaJwiHEDz8tIHvxnPIl8JEOQhrZIM8nvLV4Ebx5Kz9yLYHMDg96M+b4O/LS/A== https://www.extron.de/ www.extron.de 200 0 0 88876 1
2025-05-08 07:00:23 10.1.0.50 GET /Content/vendor/fontawesome/webfonts/fa-regular-400.woff2 - 443 - 10.1.16.1 Mozilla/5.0+(Windows+NT+10.0;+Win64;+x64)+AppleWebKit/537.36+(KHTML,+like+Gecko)+Chrome/136.0.0.0+Safari/537.36+Edg/136.0.0.0 _clck=yv86ir%7C2%7Cfmq%7C0%7C1560;+region=2;+lang=3;+ExtronRecViewProd=ipcppro250xi,dtp2t212,xtpdtp24series,dtpcp4k82;+_ga=GA1.1.1613182277.1712662822;+_ga_DP5ZZ9VH84=GS1.1.1744637157.7.0.1744637157.60.0.0;+ASP.NET_SessionId=nkgbywgpkcyekixp22ujgint;+__RequestVerificationToken=3xrHXuqkcAcXSyPA00j7AXJC4P507yIcAdJdzI2aC5ZndFLJG7YQj90M7C2361kvD0V2IQlqPSm9w8wIYrbYSCCri4E1;+BIGipServerextron.com_443_pool=!EWleaa37NparcDcMjvaJwiHEDz8tIJ0tpx+SHLESOQ2bZ2HRSVRZ54FOCWjDpyjt3r6dsrsr5Rmv2Q== https://www.extron.de/Content/vendor/fontawesome/css/all.min.css www.extron.de 200 0 0 397929 3
2025-05-08 07:00:23 10.1.0.50 GET /chglanguage.ashx language=3,1&path=/product/dvs605?subtype%3D361 443 - 10.1.16.1 Mozilla/5.0+(Linux;+Android+7.0;)+AppleWebKit/537.36+(KHTML,+like+Gecko)+Mobile+Safari/537.36+(compatible;+PetalBot;+https://webmaster.petalsearch.com/site/petalbot) - - www.extron.com 302 0 0 2071 1
2025-05-08 07:00:23 10.1.0.50 GET /Content/vendor/fontawesome/webfonts/fa-solid-900.woff2 - 443 - 10.1.16.1 Mozilla/5.0+(Windows+NT+10.0;+Win64;+x64)+AppleWebKit/537.36+(KHTML,+like+Gecko)+Chrome/136.0.0.0+Safari/537.36+Edg/136.0.0.0 _clck=yv86ir%7C2%7Cfmq%7C0%7C1560;+region=2;+lang=3;+ExtronRecViewProd=ipcppro250xi,dtp2t212,xtpdtp24series,dtpcp4k82;+_ga=GA1.1.1613182277.1712662822;+_ga_DP5ZZ9VH84=GS1.1.1744637157.7.0.1744637157.60.0.0;+ASP.NET_SessionId=nkgbywgpkcyekixp22ujgint;+__RequestVerificationToken=3xrHXuqkcAcXSyPA00j7AXJC4P507yIcAdJdzI2aC5ZndFLJG7YQj90M7C2361kvD0V2IQlqPSm9w8wIYrbYSCCri4E1;+BIGipServerextron.com_443_pool=!EWleaa37NparcDcMjvaJwiHEDz8tIJ0tpx+SHLESOQ2bZ2HRSVRZ54FOCWjDpyjt3r6dsrsr5Rmv2Q== https://www.extron.de/Content/vendor/fontawesome/css/all.min.css www.extron.de 200 0 0 330193 2
2025-05-08 07:00:23 10.1.0.50 GET /Content/vendor/jqueryui/themes/smoothness/jquery-1.12.0-ui.css - 443 - 10.1.16.1 Mozilla/5.0+(Linux;+Android+10;+K)+AppleWebKit/537.36+(KHTML,+like+Gecko)+Chrome/135.0.0.0+Mobile+Safari/537.36 ASP.NET_SessionId=her3mvxcmkmc3lqtjd3blabc;+region=3;+lang=1;+__RequestVerificationToken=3Fybv7eauozQA7WcunWalc5zlH_lPusuy02CfJcNZFcGOsEQGYTSA-e3lkhYmr-1sQzhbkdulwqxXTfwGIWF_CqO_Fo1;+BIGipServerextron.com_443_pool=838861066.47873.0000 https://www.extron.com/article/autocadbd www.extron.com 200 0 0 39722 1
2025-05-08 07:00:23 10.1.0.50 GET /Content/vendor/jqueryui/jquery-1.12.0-ui.min.js - 443 - 10.1.16.1 Mozilla/5.0+(Windows+NT+10.0;+Win64;+x64)+AppleWebKit/537.36+(KHTML,+like+Gecko)+Chrome/136.0.0.0+Safari/537.36 ASP.NET_SessionId=jopcffqmgwqv1v1fu0yvpn3y;+region=2;+lang=3;+__RequestVerificationToken=snhncBTGJQvKcaPr2FJhAi6c63iek5oUZORloZQNV9vHqv_mxIfnftcxcEOWCRcl08gyrlZVIInPQ1hfoHBlkunu10o1;+BIGipServerextron.com_443_pool=!b55nGGb+5A5PurQMjvaJwiHEDz8tIHvxnPIl8JEOQhrZIM8nvLV4Ebx5Kz9yLYHMDg96M+b4O/LS/A== https://www.extron.de/ www.extron.de 200 0 0 255635 2
2025-05-08 07:00:23 10.1.0.50 GET /Content/vendor/bs-offcanvas/dist/css/bootstrap.offcanvas.css - 443 - 10.1.16.1 Mozilla/5.0+(Linux;+Android+10;+K)+AppleWebKit/537.36+(KHTML,+like+Gecko)+Chrome/135.0.0.0+Mobile+Safari/537.36 ASP.NET_SessionId=her3mvxcmkmc3lqtjd3blabc;+region=3;+lang=1;+__RequestVerificationToken=3Fybv7eauozQA7WcunWalc5zlH_lPusuy02CfJcNZFcGOsEQGYTSA-e3lkhYmr-1sQzhbkdulwqxXTfwGIWF_CqO_Fo1;+BIGipServerextron.com_443_pool=!QwtMNQTZtL+0rrAMjvaJwiHEDz8tIKr9xHyUYpt7m40RaeP+YegBg8WYutsegKLo3UEuQEJdmjh9Xg== https://www.extron.com/article/autocadbd www.extron.com 200 0 0 5343 1
2025-05-08 07:00:23 10.1.0.50 GET /Content/vendor/fancybox-3.5.7/dist/jquery.fancybox.css - 443 - 10.1.16.1 Mozilla/5.0+(Linux;+Android+10;+K)+AppleWebKit/537.36+(KHTML,+like+Gecko)+Chrome/135.0.0.0+Mobile+Safari/537.36 ASP.NET_SessionId=her3mvxcmkmc3lqtjd3blabc;+region=3;+lang=1;+__RequestVerificationToken=3Fybv7eauozQA7WcunWalc5zlH_lPusuy02CfJcNZFcGOsEQGYTSA-e3lkhYmr-1sQzhbkdulwqxXTfwGIWF_CqO_Fo1;+BIGipServerextron.com_443_pool=!QwtMNQTZtL+0rrAMjvaJwiHEDz8tIKr9xHyUYpt7m40RaeP+YegBg8WYutsegKLo3UEuQEJdmjh9Xg== https://www.extron.com/article/autocadbd www.extron.com 200 0 0 20123 1
2025-05-08 07:00:24 10.1.0.50 GET /Content/vendor/jquery-unobtrusive-ajax/jquery.unobtrusive-ajax.js - 443 - 10.1.16.1 Mozilla/5.0+(Windows+NT+10.0;+Win64;+x64)+AppleWebKit/537.36+(KHTML,+like+Gecko)+Chrome/136.0.0.0+Safari/537.36 ASP.NET_SessionId=jopcffqmgwqv1v1fu0yvpn3y;+region=2;+lang=3;+__RequestVerificationToken=snhncBTGJQvKcaPr2FJhAi6c63iek5oUZORloZQNV9vHqv_mxIfnftcxcEOWCRcl08gyrlZVIInPQ1hfoHBlkunu10o1;+BIGipServerextron.com_443_pool=!b55nGGb+5A5PurQMjvaJwiHEDz8tIHvxnPIl8JEOQhrZIM8nvLV4Ebx5Kz9yLYHMDg96M+b4O/LS/A== https://www.extron.de/ www.extron.de 200 0 0 8975 1
2025-05-08 07:00:24 10.1.0.50 GET /Product/TabSpecifications/dtp2r211 tab=spec&nocache=1746687604212 443 lnah@extron.com 10.1.16.1 Mozilla/5.0+(Windows+NT+10.0;+Win64;+x64)+AppleWebKit/537.36+(KHTML,+like+Gecko)+Chrome/135.0.0.0+Safari/537.36 lang=1;+region=3;+_gid=GA1.2.1420396670.1746408377;+ASP.NET_SessionId=4cye422eix0321wiv0qjrafu;+__RequestVerificationToken=fANlzh5QNg8shi1SxcPj7FFjmKKwNY4bojEfgz6ZggvrRlYzXJlbLi4XACv6ZGCJrkPfj_ST7MR6VGxxmUO4DkrgbA41;+_clck=fc8qsr%7C2%7Cfvq%7C0%7C1783;+username=lnah@extron.com;+PriceClass=60;+PriceList=S3+;+.AspNet.Cookies=Ql8qoVFqiXHZrY3Z1gIARaU2JRd_bwi_g3v6CHQWA3qPMDJWiJ6DqK5Waw8lyfF60Yxn91lJ8BrDEihsalGopDHyxV0klnawrUdLcifjM3ZGDXhRVYMRGFsLi9gEYvMlamUqnl6QoyEpSBAOCbbmWEeKXmft_Hxhx1dae7CpGHGdx3LSl1wDVQi-aOLbYmCA0Y_IfXhnEnO6oJSQqoNN_n7zik-lAzUd1SAyny4RQYHHv0bfu2_0fo2eJJfslN0qkzp9-vCP8WSqS4zGXApM9Xl0bg_c_Z9fEDXYuEGRR7L0tVdzXlkaT44CUFfRKyyHLZPQLQpkPdkrWK3aAshOGfCqMZ4TBqPW0NyUt2FELR_DSP6ZJHrZjtKOGhdkeZr3XvdYuVBzuaH9U-CGUb--oCA78YvA3f-Ve_gzLD4zktJysjSJ;+_gat_UA-130285241-1=1;+ExtronRecViewProd=cablecubby202,xtpiicphd4kplusio,nave111dtp3,dtp3crosspoint622,ssp200,dtp3r201,dtphdmi330rx,dtp3t202,dtphdmi330tx,dtpthd24k330,dtp2t211,dtp2r211;+_ga=GA1.2.630089218.1731903416;+_clsk=ruq57m%7C1746687601097%7C17%7C1%7Cb.clarity.ms%2Fcollect;+_ga_DP5ZZ9VH84=GS2.1.s1746686336$o431$g1$t1746687603$j4$l0$h0 https://www.extron.com/product/dtp2r211 www.extron.com 200 0 0 20566 10
2025-05-08 07:00:24 10.1.0.50 GET /Content/vendor/fontawesome/css/all.min.css - 443 - 10.1.16.1 Mozilla/5.0+(Linux;+Android+10;+K)+AppleWebKit/537.36+(KHTML,+like+Gecko)+Chrome/135.0.0.0+Mobile+Safari/537.36 ASP.NET_SessionId=her3mvxcmkmc3lqtjd3blabc;+region=3;+lang=1;+__RequestVerificationToken=3Fybv7eauozQA7WcunWalc5zlH_lPusuy02CfJcNZFcGOsEQGYTSA-e3lkhYmr-1sQzhbkdulwqxXTfwGIWF_CqO_Fo1;+BIGipServerextron.com_443_pool=!QwtMNQTZtL+0rrAMjvaJwiHEDz8tIKr9xHyUYpt7m40RaeP+YegBg8WYutsegKLo3UEuQEJdmjh9Xg== https://www.extron.com/article/autocadbd www.extron.com 200 0 0 514692 3
2025-05-08 07:00:24 10.1.0.50 GET /Content/vendor/bs-offcanvas/dist/js/bootstrap.offcanvas.js - 443 - 10.1.16.1 Mozilla/5.0+(Windows+NT+10.0;+Win64;+x64)+AppleWebKit/537.36+(KHTML,+like+Gecko)+Chrome/136.0.0.0+Safari/537.36 ASP.NET_SessionId=jopcffqmgwqv1v1fu0yvpn3y;+region=2;+lang=3;+__RequestVerificationToken=snhncBTGJQvKcaPr2FJhAi6c63iek5oUZORloZQNV9vHqv_mxIfnftcxcEOWCRcl08gyrlZVIInPQ1hfoHBlkunu10o1;+BIGipServerextron.com_443_pool=!b55nGGb+5A5PurQMjvaJwiHEDz8tIHvxnPIl8JEOQhrZIM8nvLV4Ebx5Kz9yLYHMDg96M+b4O/LS/A== https://www.extron.de/ www.extron.de 200 0 0 15159 1
2025-05-08 07:00:24 10.1.0.50 GET /Content/vendor/hoverintent/jquery.hoverIntent.js - 443 - 10.1.16.1 Mozilla/5.0+(Windows+NT+10.0;+Win64;+x64)+AppleWebKit/537.36+(KHTML,+like+Gecko)+Chrome/136.0.0.0+Safari/537.36 ASP.NET_SessionId=jopcffqmgwqv1v1fu0yvpn3y;+region=2;+lang=3;+__RequestVerificationToken=snhncBTGJQvKcaPr2FJhAi6c63iek5oUZORloZQNV9vHqv_mxIfnftcxcEOWCRcl08gyrlZVIInPQ1hfoHBlkunu10o1;+BIGipServerextron.com_443_pool=!b55nGGb+5A5PurQMjvaJwiHEDz8tIHvxnPIl8JEOQhrZIM8nvLV4Ebx5Kz9yLYHMDg96M+b4O/LS/A== https://www.extron.de/ www.extron.de 200 0 0 8878 0
2025-05-08 07:00:24 10.1.0.50 GET /Content/vendor/fancybox-3.5.7/dist/jquery.fancybox.js - 443 - 10.1.16.1 Mozilla/5.0+(Windows+NT+10.0;+Win64;+x64)+AppleWebKit/537.36+(KHTML,+like+Gecko)+Chrome/136.0.0.0+Safari/537.36 ASP.NET_SessionId=jopcffqmgwqv1v1fu0yvpn3y;+region=2;+lang=3;+__RequestVerificationToken=snhncBTGJQvKcaPr2FJhAi6c63iek5oUZORloZQNV9vHqv_mxIfnftcxcEOWCRcl08gyrlZVIInPQ1hfoHBlkunu10o1;+BIGipServerextron.com_443_pool=!b55nGGb+5A5PurQMjvaJwiHEDz8tIHvxnPIl8JEOQhrZIM8nvLV4Ebx5Kz9yLYHMDg96M+b4O/LS/A== https://www.extron.de/ www.extron.de 200 0 0 168502 1
2025-05-08 07:00:24 10.1.0.50 GET /Content/vendor/bootstrap/bootstrap.bundle.min.js - 443 - 10.1.16.1 Mozilla/5.0+(Windows+NT+10.0;+Win64;+x64)+AppleWebKit/537.36+(KHTML,+like+Gecko)+Chrome/136.0.0.0+Safari/537.36 ASP.NET_SessionId=jopcffqmgwqv1v1fu0yvpn3y;+region=2;+lang=3;+__RequestVerificationToken=snhncBTGJQvKcaPr2FJhAi6c63iek5oUZORloZQNV9vHqv_mxIfnftcxcEOWCRcl08gyrlZVIInPQ1hfoHBlkunu10o1;+BIGipServerextron.com_443_pool=!b55nGGb+5A5PurQMjvaJwiHEDz8tIHvxnPIl8JEOQhrZIM8nvLV4Ebx5Kz9yLYHMDg96M+b4O/LS/A== https://www.extron.de/ www.extron.de 200 0 0 80559 1
2025-05-08 07:00:24 10.1.0.50 GET /Content/css/Shared/extron.css - 443 - 10.1.16.1 Mozilla/5.0+(Linux;+Android+10;+K)+AppleWebKit/537.36+(KHTML,+like+Gecko)+Chrome/135.0.0.0+Mobile+Safari/537.36 ASP.NET_SessionId=her3mvxcmkmc3lqtjd3blabc;+region=3;+lang=1;+__RequestVerificationToken=3Fybv7eauozQA7WcunWalc5zlH_lPusuy02CfJcNZFcGOsEQGYTSA-e3lkhYmr-1sQzhbkdulwqxXTfwGIWF_CqO_Fo1;+BIGipServerextron.com_443_pool=838861066.47873.0000 https://www.extron.com/article/autocadbd www.extron.com 200 0 0 818063 5
2025-05-08 07:00:24 10.1.0.50 GET /content/featured/vendors/animate/animate.min.css - 443 - 10.1.16.1 Mozilla/5.0+(Linux;+Android+10;+K)+AppleWebKit/537.36+(KHTML,+like+Gecko)+Chrome/135.0.0.0+Mobile+Safari/537.36 ASP.NET_SessionId=her3mvxcmkmc3lqtjd3blabc;+region=3;+lang=1;+__RequestVerificationToken=3Fybv7eauozQA7WcunWalc5zlH_lPusuy02CfJcNZFcGOsEQGYTSA-e3lkhYmr-1sQzhbkdulwqxXTfwGIWF_CqO_Fo1;+BIGipServerextron.com_443_pool=838861066.47873.0000 https://www.extron.com/article/autocadbd www.extron.com 200 0 0 59870 1
2025-05-08 07:00:24 10.1.0.50 GET /Content/css/Shared/cookies.css - 443 - 10.1.16.1 Mozilla/5.0+(Linux;+Android+10;+K)+AppleWebKit/537.36+(KHTML,+like+Gecko)+Chrome/135.0.0.0+Mobile+Safari/537.36 ASP.NET_SessionId=her3mvxcmkmc3lqtjd3blabc;+region=3;+lang=1;+__RequestVerificationToken=3Fybv7eauozQA7WcunWalc5zlH_lPusuy02CfJcNZFcGOsEQGYTSA-e3lkhYmr-1sQzhbkdulwqxXTfwGIWF_CqO_Fo1;+BIGipServerextron.com_443_pool=838861066.47873.0000 https://www.extron.com/article/autocadbd www.extron.com 200 0 0 4051 0
2025-05-08 07:00:24 10.1.0.50 GET /Content/featured/vendors/semantic-ui/popup/popup.min.css - 443 - 10.1.16.1 Mozilla/5.0+(Linux;+Android+10;+K)+AppleWebKit/537.36+(KHTML,+like+Gecko)+Chrome/135.0.0.0+Mobile+Safari/537.36 ASP.NET_SessionId=her3mvxcmkmc3lqtjd3blabc;+region=3;+lang=1;+__RequestVerificationToken=3Fybv7eauozQA7WcunWalc5zlH_lPusuy02CfJcNZFcGOsEQGYTSA-e3lkhYmr-1sQzhbkdulwqxXTfwGIWF_CqO_Fo1;+BIGipServerextron.com_443_pool=838861066.47873.0000 https://www.extron.com/article/autocadbd www.extron.com 200 0 0 13818 1
2025-05-08 07:00:24 10.1.0.50 GET /content/featured/vendors/semantic-ui/shared/transition.min.css - 443 - 10.1.16.1 Mozilla/5.0+(Linux;+Android+10;+K)+AppleWebKit/537.36+(KHTML,+like+Gecko)+Chrome/135.0.0.0+Mobile+Safari/537.36 ASP.NET_SessionId=her3mvxcmkmc3lqtjd3blabc;+region=3;+lang=1;+__RequestVerificationToken=3Fybv7eauozQA7WcunWalc5zlH_lPusuy02CfJcNZFcGOsEQGYTSA-e3lkhYmr-1sQzhbkdulwqxXTfwGIWF_CqO_Fo1;+BIGipServerextron.com_443_pool=!QwtMNQTZtL+0rrAMjvaJwiHEDz8tIKr9xHyUYpt7m40RaeP+YegBg8WYutsegKLo3UEuQEJdmjh9Xg== https://www.extron.com/article/autocadbd www.extron.com 200 0 0 35369 1
2025-05-08 07:00:24 10.1.0.50 GET /Content/vendor/jquery-debounce/jquery.ba-throttle-debounce.js - 443 - 10.1.16.1 Mozilla/5.0+(Windows+NT+10.0;+Win64;+x64)+AppleWebKit/537.36+(KHTML,+like+Gecko)+Chrome/136.0.0.0+Safari/537.36 ASP.NET_SessionId=jopcffqmgwqv1v1fu0yvpn3y;+region=2;+lang=3;+__RequestVerificationToken=snhncBTGJQvKcaPr2FJhAi6c63iek5oUZORloZQNV9vHqv_mxIfnftcxcEOWCRcl08gyrlZVIInPQ1hfoHBlkunu10o1;+BIGipServerextron.com_443_pool=!b55nGGb+5A5PurQMjvaJwiHEDz8tIHvxnPIl8JEOQhrZIM8nvLV4Ebx5Kz9yLYHMDg96M+b4O/LS/A== https://www.extron.de/ www.extron.de 200 0 0 12308 1
2025-05-08 07:00:24 10.1.0.50 GET /product/img/specs/true_4k_lg_v01r_c_1inch.gif - 443 lnah@extron.com 10.1.16.1 Mozilla/5.0+(Windows+NT+10.0;+Win64;+x64)+AppleWebKit/537.36+(KHTML,+like+Gecko)+Chrome/135.0.0.0+Safari/537.36 lang=1;+region=3;+_gid=GA1.2.1420396670.1746408377;+ASP.NET_SessionId=4cye422eix0321wiv0qjrafu;+__RequestVerificationToken=fANlzh5QNg8shi1SxcPj7FFjmKKwNY4bojEfgz6ZggvrRlYzXJlbLi4XACv6ZGCJrkPfj_ST7MR6VGxxmUO4DkrgbA41;+_clck=fc8qsr%7C2%7Cfvq%7C0%7C1783;+username=lnah@extron.com;+PriceClass=60;+PriceList=S3+;+.AspNet.Cookies=Ql8qoVFqiXHZrY3Z1gIARaU2JRd_bwi_g3v6CHQWA3qPMDJWiJ6DqK5Waw8lyfF60Yxn91lJ8BrDEihsalGopDHyxV0klnawrUdLcifjM3ZGDXhRVYMRGFsLi9gEYvMlamUqnl6QoyEpSBAOCbbmWEeKXmft_Hxhx1dae7CpGHGdx3LSl1wDVQi-aOLbYmCA0Y_IfXhnEnO6oJSQqoNN_n7zik-lAzUd1SAyny4RQYHHv0bfu2_0fo2eJJfslN0qkzp9-vCP8WSqS4zGXApM9Xl0bg_c_Z9fEDXYuEGRR7L0tVdzXlkaT44CUFfRKyyHLZPQLQpkPdkrWK3aAshOGfCqMZ4TBqPW0NyUt2FELR_DSP6ZJHrZjtKOGhdkeZr3XvdYuVBzuaH9U-CGUb--oCA78YvA3f-Ve_gzLD4zktJysjSJ;+_gat_UA-130285241-1=1;+ExtronRecViewProd=cablecubby202,xtpiicphd4kplusio,nave111dtp3,dtp3crosspoint622,ssp200,dtp3r201,dtphdmi330rx,dtp3t202,dtphdmi330tx,dtpthd24k330,dtp2t211,dtp2r211;+_ga=GA1.2.630089218.1731903416;+_clsk=ruq57m%7C1746687601097%7C17%7C1%7Cb.clarity.ms%2Fcollect;+_ga_DP5ZZ9VH84=GS2.1.s1746686336$o431$g1$t1746687603$j4$l0$h0 https://www.extron.com/product/dtp2r211 www.extron.com 304 0 0 1703 2
2025-05-08 07:00:24 10.1.0.50 GET /product/img/specs/Max_4K_DTP2_211_0823.gif - 443 lnah@extron.com 10.1.16.1 Mozilla/5.0+(Windows+NT+10.0;+Win64;+x64)+AppleWebKit/537.36+(KHTML,+like+Gecko)+Chrome/135.0.0.0+Safari/537.36 lang=1;+region=3;+_gid=GA1.2.1420396670.1746408377;+ASP.NET_SessionId=4cye422eix0321wiv0qjrafu;+__RequestVerificationToken=fANlzh5QNg8shi1SxcPj7FFjmKKwNY4bojEfgz6ZggvrRlYzXJlbLi4XACv6ZGCJrkPfj_ST7MR6VGxxmUO4DkrgbA41;+_clck=fc8qsr%7C2%7Cfvq%7C0%7C1783;+username=lnah@extron.com;+PriceClass=60;+PriceList=S3+;+.AspNet.Cookies=Ql8qoVFqiXHZrY3Z1gIARaU2JRd_bwi_g3v6CHQWA3qPMDJWiJ6DqK5Waw8lyfF60Yxn91lJ8BrDEihsalGopDHyxV0klnawrUdLcifjM3ZGDXhRVYMRGFsLi9gEYvMlamUqnl6QoyEpSBAOCbbmWEeKXmft_Hxhx1dae7CpGHGdx3LSl1wDVQi-aOLbYmCA0Y_IfXhnEnO6oJSQqoNN_n7zik-lAzUd1SAyny4RQYHHv0bfu2_0fo2eJJfslN0qkzp9-vCP8WSqS4zGXApM9Xl0bg_c_Z9fEDXYuEGRR7L0tVdzXlkaT44CUFfRKyyHLZPQLQpkPdkrWK3aAshOGfCqMZ4TBqPW0NyUt2FELR_DSP6ZJHrZjtKOGhdkeZr3XvdYuVBzuaH9U-CGUb--oCA78YvA3f-Ve_gzLD4zktJysjSJ;+_gat_UA-130285241-1=1;+ExtronRecViewProd=cablecubby202,xtpiicphd4kplusio,nave111dtp3,dtp3crosspoint622,ssp200,dtp3r201,dtphdmi330rx,dtp3t202,dtphdmi330tx,dtpthd24k330,dtp2t211,dtp2r211;+_ga=GA1.2.630089218.1731903416;+_clsk=ruq57m%7C1746687601097%7C17%7C1%7Cb.clarity.ms%2Fcollect;+_ga_DP5ZZ9VH84=GS2.1.s1746686336$o431$g1$t1746687603$j4$l0$h0 https://www.extron.com/product/dtp2r211 www.extron.com 200 0 0 8996 3
2025-05-08 07:00:24 10.1.0.50 GET /api/v2/search/suggest/ keyword=60-1586-52 443 haitham@alphadxb.com 10.1.16.1 Mozilla/5.0+(Windows+NT+10.0;+Win64;+x64)+AppleWebKit/537.36+(KHTML,+like+Gecko)+Chrome/135.0.0.0+Safari/537.36 region=8;+lang=1;+.AspNet.Cookies=927FOEegLwg0Gd0L2bPrFC6x5vFuaj0H4enBJoCIi7iJCqh0wM9dJv4UtCOqX6uaarlifET9anWnBRbeRtaXw-z8Da8yQUbDZIPchjGlw76fyPz_fGykkoDkc8OMnkG4YeY_yYUii49ufiHkjHWRO8Q4laeJl8AfLLu5AQZzopYmhKjbg_jCq4mq4-z6VpCnFdG2bKDAjIlFCriajj3ks2acHGAOOZGOCIO1CW_uH_ARLE-KEzZCjesVcC71UjVvyAsaxslzrjOskt8lnp3KiCi7BZtd_vJ_e_d4FVZ2AbMJEPAqgpl5rbG43zMkZogGkCizz83e5XrBbOQMZrE3waZRpdb4XNRMghxuSDv6IdMdYC4_2vpFdQp8mTk472j5VVtLUPPbOivKDBy34rmGkJXNvH27FZ46jauHzb90LHFnbCzS;+ASP.NET_SessionId=vudsiztp5wguoquwy2wr3dvh;+username=haitham@alphadxb.com;+PriceClass=26;+PriceList=S3+;+__RequestVerificationToken=f8oJeu_sGcbt6UnnZu1PbtPhD29LDSnV95LFTEjlgcAxXDAxXuvM3vD6P6rDH8ahGTt_wSnKpW9BgsfA0jHVMUQDkFc1;+BIGipServerextron.com_443_pool=838861066.47873.0000;+_gid=GA1.2.1479141540.1746687420;+_clck=1uy2s1k%7C2%7Cfvq%7C0%7C1783;+_gat_UA-130285241-1=1;+ExtronRecViewProd=dtphdmi230rx,swhd4kplusseries,dtp3crosspoint884,dxphd4kplus,wpc210amk,hdmiultra,in1604,ipcppro555qxi,xpau2002sb,dmp128plus,dtphdmi330tx,dtphdmi330rx;+_ga_DP5ZZ9VH84=GS2.1.s1746687420$o32$g1$t1746687571$j52$l0$h0;+_ga=GA1.1.1916538684.1731906963;+_clsk=1wozkv7%7C1746687571175%7C7%7C1%7Cj.clarity.ms%2Fcollect https://www.extron.com/product/dtphdmi330rx www.extron.com 200 0 0 2516 36
2025-05-08 07:00:24 10.1.0.50 GET /company/img/smpgroup.png - 443 - 10.1.16.1 Mozilla/5.0+(Windows+NT+10.0;+Win64;+x64)+AppleWebKit/537.36+(KHTML,+like+Gecko)+Chrome/136.0.0.0+Safari/537.36 ASP.NET_SessionId=jopcffqmgwqv1v1fu0yvpn3y;+region=2;+lang=3;+__RequestVerificationToken=snhncBTGJQvKcaPr2FJhAi6c63iek5oUZORloZQNV9vHqv_mxIfnftcxcEOWCRcl08gyrlZVIInPQ1hfoHBlkunu10o1;+BIGipServerextron.com_443_pool=!b55nGGb+5A5PurQMjvaJwiHEDz8tIHvxnPIl8JEOQhrZIM8nvLV4Ebx5Kz9yLYHMDg96M+b4O/LS/A== https://www.extron.de/ www.extron.de 302 0 0 1822 1
2025-05-08 07:00:24 10.1.0.50 GET /company/img/npb-cover-2025_ge.png - 443 - 10.1.16.1 Mozilla/5.0+(Windows+NT+10.0;+Win64;+x64)+AppleWebKit/537.36+(KHTML,+like+Gecko)+Chrome/136.0.0.0+Safari/537.36 ASP.NET_SessionId=jopcffqmgwqv1v1fu0yvpn3y;+region=2;+lang=3;+__RequestVerificationToken=snhncBTGJQvKcaPr2FJhAi6c63iek5oUZORloZQNV9vHqv_mxIfnftcxcEOWCRcl08gyrlZVIInPQ1hfoHBlkunu10o1;+BIGipServerextron.com_443_pool=!b55nGGb+5A5PurQMjvaJwiHEDz8tIHvxnPIl8JEOQhrZIM8nvLV4Ebx5Kz9yLYHMDg96M+b4O/LS/A== https://www.extron.de/ www.extron.de 302 0 0 1840 1
2025-05-08 07:00:24 10.1.0.50 GET /content/css/shared/featured/featured.css - 443 - 10.1.16.1 Mozilla/5.0+(Linux;+Android+10;+K)+AppleWebKit/537.36+(KHTML,+like+Gecko)+Chrome/135.0.0.0+Mobile+Safari/537.36 ASP.NET_SessionId=her3mvxcmkmc3lqtjd3blabc;+region=3;+lang=1;+__RequestVerificationToken=3Fybv7eauozQA7WcunWalc5zlH_lPusuy02CfJcNZFcGOsEQGYTSA-e3lkhYmr-1sQzhbkdulwqxXTfwGIWF_CqO_Fo1;+BIGipServerextron.com_443_pool=!QwtMNQTZtL+0rrAMjvaJwiHEDz8tIKr9xHyUYpt7m40RaeP+YegBg8WYutsegKLo3UEuQEJdmjh9Xg== https://www.extron.com/article/autocadbd www.extron.com 200 0 0 75394 1
2025-05-08 07:00:24 10.1.0.50 GET /Content/css/Shared/fonts/roboto-v18-cyrillic_latin-ext_latin_cyrillic-ext-regular.woff2 - 443 - 10.1.16.1 Mozilla/5.0+(Windows+NT+10.0;+Win64;+x64)+AppleWebKit/537.36+(KHTML,+like+Gecko)+Chrome/136.0.0.0+Safari/537.36 ASP.NET_SessionId=jopcffqmgwqv1v1fu0yvpn3y;+region=2;+lang=3;+__RequestVerificationToken=snhncBTGJQvKcaPr2FJhAi6c63iek5oUZORloZQNV9vHqv_mxIfnftcxcEOWCRcl08gyrlZVIInPQ1hfoHBlkunu10o1;+BIGipServerextron.com_443_pool=!b55nGGb+5A5PurQMjvaJwiHEDz8tIHvxnPIl8JEOQhrZIM8nvLV4Ebx5Kz9yLYHMDg96M+b4O/LS/A== https://www.extron.de/Content/css/Shared/extron.css www.extron.de 200 0 0 66538 1
2025-05-08 07:00:24 10.1.0.50 GET /Content/css/Shared/fonts/roboto-v18-cyrillic_latin-ext_latin_cyrillic-ext-700.woff2 - 443 - 10.1.16.1 Mozilla/5.0+(Windows+NT+10.0;+Win64;+x64)+AppleWebKit/537.36+(KHTML,+like+Gecko)+Chrome/136.0.0.0+Safari/537.36 ASP.NET_SessionId=jopcffqmgwqv1v1fu0yvpn3y;+region=2;+lang=3;+__RequestVerificationToken=snhncBTGJQvKcaPr2FJhAi6c63iek5oUZORloZQNV9vHqv_mxIfnftcxcEOWCRcl08gyrlZVIInPQ1hfoHBlkunu10o1;+BIGipServerextron.com_443_pool=!b55nGGb+5A5PurQMjvaJwiHEDz8tIHvxnPIl8JEOQhrZIM8nvLV4Ebx5Kz9yLYHMDg96M+b4O/LS/A== https://www.extron.de/Content/css/Shared/extron.css www.extron.de 200 0 0 66646 1
2025-05-08 07:00:24 10.1.0.50 GET /Content/vendor/fontawesome/webfonts/fa-solid-900.woff2 - 443 - 10.1.16.1 Mozilla/5.0+(Windows+NT+10.0;+Win64;+x64)+AppleWebKit/537.36+(KHTML,+like+Gecko)+Chrome/136.0.0.0+Safari/537.36 ASP.NET_SessionId=jopcffqmgwqv1v1fu0yvpn3y;+region=2;+lang=3;+__RequestVerificationToken=snhncBTGJQvKcaPr2FJhAi6c63iek5oUZORloZQNV9vHqv_mxIfnftcxcEOWCRcl08gyrlZVIInPQ1hfoHBlkunu10o1;+BIGipServerextron.com_443_pool=!b55nGGb+5A5PurQMjvaJwiHEDz8tIHvxnPIl8JEOQhrZIM8nvLV4Ebx5Kz9yLYHMDg96M+b4O/LS/A== https://www.extron.de/Content/vendor/fontawesome/css/all.min.css www.extron.de 200 0 0 330193 2
2025-05-08 07:00:24 10.1.0.50 GET /Content/css/Shared/fonts/roboto-v18-cyrillic_latin-ext_latin_cyrillic-ext-900.woff2 - 443 - 10.1.16.1 Mozilla/5.0+(Windows+NT+10.0;+Win64;+x64)+AppleWebKit/537.36+(KHTML,+like+Gecko)+Chrome/136.0.0.0+Safari/537.36 ASP.NET_SessionId=jopcffqmgwqv1v1fu0yvpn3y;+region=2;+lang=3;+__RequestVerificationToken=snhncBTGJQvKcaPr2FJhAi6c63iek5oUZORloZQNV9vHqv_mxIfnftcxcEOWCRcl08gyrlZVIInPQ1hfoHBlkunu10o1;+BIGipServerextron.com_443_pool=!b55nGGb+5A5PurQMjvaJwiHEDz8tIHvxnPIl8JEOQhrZIM8nvLV4Ebx5Kz9yLYHMDg96M+b4O/LS/A== https://www.extron.de/Content/css/Shared/extron.css www.extron.de 200 0 0 66866 1
2025-05-08 07:00:24 10.1.0.50 GET /product/img-sm/dtp2t202fb-sm.jpg - 443 - 10.1.16.1 Mozilla/5.0+(Windows+NT+10.0;+Win64;+x64)+AppleWebKit/537.36+(KHTML,+like+Gecko)+Chrome/135.0.0.0+Safari/537.36 region=8;+lang=1;+.AspNet.Cookies=927FOEegLwg0Gd0L2bPrFC6x5vFuaj0H4enBJoCIi7iJCqh0wM9dJv4UtCOqX6uaarlifET9anWnBRbeRtaXw-z8Da8yQUbDZIPchjGlw76fyPz_fGykkoDkc8OMnkG4YeY_yYUii49ufiHkjHWRO8Q4laeJl8AfLLu5AQZzopYmhKjbg_jCq4mq4-z6VpCnFdG2bKDAjIlFCriajj3ks2acHGAOOZGOCIO1CW_uH_ARLE-KEzZCjesVcC71UjVvyAsaxslzrjOskt8lnp3KiCi7BZtd_vJ_e_d4FVZ2AbMJEPAqgpl5rbG43zMkZogGkCizz83e5XrBbOQMZrE3waZRpdb4XNRMghxuSDv6IdMdYC4_2vpFdQp8mTk472j5VVtLUPPbOivKDBy34rmGkJXNvH27FZ46jauHzb90LHFnbCzS;+ASP.NET_SessionId=vudsiztp5wguoquwy2wr3dvh;+username=haitham@alphadxb.com;+PriceClass=26;+PriceList=S3+;+__RequestVerificationToken=f8oJeu_sGcbt6UnnZu1PbtPhD29LDSnV95LFTEjlgcAxXDAxXuvM3vD6P6rDH8ahGTt_wSnKpW9BgsfA0jHVMUQDkFc1;+BIGipServerextron.com_443_pool=!eQF2n3eQmojwxm8MjvaJwiHEDz8tIGnccwX/UU7bDhWN2IZCK3D/rZ/WukXBJqopSHbXBQDBwnxrTA==;+_gid=GA1.2.1479141540.1746687420;+_clck=1uy2s1k%7C2%7Cfvq%7C0%7C1783;+_gat_UA-130285241-1=1;+ExtronRecViewProd=dtphdmi230rx,swhd4kplusseries,dtp3crosspoint884,dxphd4kplus,wpc210amk,hdmiultra,in1604,ipcppro555qxi,xpau2002sb,dmp128plus,dtphdmi330tx,dtphdmi330rx;+_ga_DP5ZZ9VH84=GS2.1.s1746687420$o32$g1$t1746687571$j52$l0$h0;+_ga=GA1.1.1916538684.1731906963;+_clsk=1wozkv7%7C1746687571175%7C7%7C1%7Cj.clarity.ms%2Fcollect https://www.extron.com/product/dtphdmi330rx www.extron.com 302 0 0 1838 1
2025-05-08 07:00:24 10.1.0.50 GET /Content/vendor/fontawesome/webfonts/fa-regular-400.woff2 - 443 - 10.1.16.1 Mozilla/5.0+(Windows+NT+10.0;+Win64;+x64)+AppleWebKit/537.36+(KHTML,+like+Gecko)+Chrome/136.0.0.0+Safari/537.36 ASP.NET_SessionId=jopcffqmgwqv1v1fu0yvpn3y;+region=2;+lang=3;+__RequestVerificationToken=snhncBTGJQvKcaPr2FJhAi6c63iek5oUZORloZQNV9vHqv_mxIfnftcxcEOWCRcl08gyrlZVIInPQ1hfoHBlkunu10o1;+BIGipServerextron.com_443_pool=!b55nGGb+5A5PurQMjvaJwiHEDz8tIHvxnPIl8JEOQhrZIM8nvLV4Ebx5Kz9yLYHMDg96M+b4O/LS/A== https://www.extron.de/Content/vendor/fontawesome/css/all.min.css www.extron.de 200 0 0 397929 2
2025-05-08 07:00:24 10.1.0.50 POST /product/Related/netpau1004 - 443 - 10.1.16.1 Mozilla/5.0+(Windows+NT+10.0;+Win64;+x64)+AppleWebKit/537.36+(KHTML,+like+Gecko)+Chrome/133.0.0.0+Safari/537.36+OPR/118.0.0.0 ASP.NET_SessionId=5jtj5tj4kwrf5pxtz530mi2r;+region=2;+lang=5;+__RequestVerificationToken=BgJ54ROD_NDX1kQUwSny4lq-4ta22l1QtFT5C6g6H7bd8GX3RcENrL0CeynN9eMCMcLswR22SLJlZEmjKA1XJHb_0zk1;+BIGipServerextron.com_443_pool=838861066.47873.0000;+_gid=GA1.2.585921967.1746613349;+_clck=jziv6l%7C2%7Cfvp%7C0%7C1934;+outdated-browser=true;+ExtronRecViewProd=ipcppro250xi,sf26ctlp,dmp128flexplus,dteapp,dmp128plus,axi02at,axi22at,xpa1002,netpa1001at,xpau2008fx,netpau1004,rsu129;+_clsk=1d0kgyl%7C1746640462644%7C18%7C1%7Ce.clarity.ms%2Fcollect;+_ga=GA1.2.905284132.1745001741;+_ga_DP5ZZ9VH84=GS2.1.s1746636822$o6$g1$t1746640463$j36$l0$h0 https://www.extron.es/product/netpau1004 www.extron.es 200 0 0 84277 1241
2025-05-08 07:00:24 10.1.0.50 GET /Content/css/Shared/fonts/roboto-v18-cyrillic_latin-ext_latin_cyrillic-ext-500.woff2 - 443 - 10.1.16.1 Mozilla/5.0+(Windows+NT+10.0;+Win64;+x64)+AppleWebKit/537.36+(KHTML,+like+Gecko)+Chrome/136.0.0.0+Safari/537.36 ASP.NET_SessionId=jopcffqmgwqv1v1fu0yvpn3y;+region=2;+lang=3;+__RequestVerificationToken=snhncBTGJQvKcaPr2FJhAi6c63iek5oUZORloZQNV9vHqv_mxIfnftcxcEOWCRcl08gyrlZVIInPQ1hfoHBlkunu10o1;+BIGipServerextron.com_443_pool=!b55nGGb+5A5PurQMjvaJwiHEDz8tIHvxnPIl8JEOQhrZIM8nvLV4Ebx5Kz9yLYHMDg96M+b4O/LS/A== https://www.extron.de/Content/css/Shared/extron.css www.extron.de 200 0 0 67390 13
2025-05-08 07:00:24 10.1.0.50 GET /Content/css/Shared/fonts/icomoon.ttf qlj3qn 443 - 10.1.16.1 Mozilla/5.0+(Windows+NT+10.0;+Win64;+x64)+AppleWebKit/537.36+(KHTML,+like+Gecko)+Chrome/136.0.0.0+Safari/537.36 ASP.NET_SessionId=jopcffqmgwqv1v1fu0yvpn3y;+region=2;+lang=3;+__RequestVerificationToken=snhncBTGJQvKcaPr2FJhAi6c63iek5oUZORloZQNV9vHqv_mxIfnftcxcEOWCRcl08gyrlZVIInPQ1hfoHBlkunu10o1;+BIGipServerextron.com_443_pool=!b55nGGb+5A5PurQMjvaJwiHEDz8tIHvxnPIl8JEOQhrZIM8nvLV4Ebx5Kz9yLYHMDg96M+b4O/LS/A== https://www.extron.de/Content/css/Shared/extron.css www.extron.de 200 0 0 60292 17
2025-05-08 07:00:24 10.1.0.50 GET /Wallplates/prodsubtype-96 - 443 - 10.1.16.1 Mozilla/5.0+AppleWebKit/537.36+(KHTML,+like+Gecko;+compatible;+bingbot/2.0;++http://www.bing.com/bingbot.htm)+Chrome/116.0.1938.76+Safari/537.36 - - www.extron.com 200 0 0 1261860 460
2025-05-08 07:00:24 10.1.0.50 GET /Content/css/Shared/fonts/roboto-v18-cyrillic_latin-ext_latin_cyrillic-ext-300.woff2 - 443 - 10.1.16.1 Mozilla/5.0+(Windows+NT+10.0;+Win64;+x64)+AppleWebKit/537.36+(KHTML,+like+Gecko)+Chrome/136.0.0.0+Safari/537.36 ASP.NET_SessionId=jopcffqmgwqv1v1fu0yvpn3y;+region=2;+lang=3;+__RequestVerificationToken=snhncBTGJQvKcaPr2FJhAi6c63iek5oUZORloZQNV9vHqv_mxIfnftcxcEOWCRcl08gyrlZVIInPQ1hfoHBlkunu10o1;+BIGipServerextron.com_443_pool=!b55nGGb+5A5PurQMjvaJwiHEDz8tIHvxnPIl8JEOQhrZIM8nvLV4Ebx5Kz9yLYHMDg96M+b4O/LS/A== https://www.extron.de/Content/css/Shared/extron.css www.extron.de 200 0 0 66226 1
2025-05-08 07:00:24 10.1.0.50 GET /Content/vendor/fontawesome/webfonts/fa-brands-400.woff2 - 443 - 10.1.16.1 Mozilla/5.0+(Windows+NT+10.0;+Win64;+x64)+AppleWebKit/537.36+(KHTML,+like+Gecko)+Chrome/136.0.0.0+Safari/537.36 ASP.NET_SessionId=jopcffqmgwqv1v1fu0yvpn3y;+region=2;+lang=3;+__RequestVerificationToken=snhncBTGJQvKcaPr2FJhAi6c63iek5oUZORloZQNV9vHqv_mxIfnftcxcEOWCRcl08gyrlZVIInPQ1hfoHBlkunu10o1;+BIGipServerextron.com_443_pool=!b55nGGb+5A5PurQMjvaJwiHEDz8tIHvxnPIl8JEOQhrZIM8nvLV4Ebx5Kz9yLYHMDg96M+b4O/LS/A== https://www.extron.de/Content/vendor/fontawesome/css/all.min.css www.extron.de 200 0 0 112897 11
2025-05-08 07:00:24 10.1.0.50 GET /Content/vendor/jquery/jquery-3.3.1.min.js - 443 - 10.1.16.1 Mozilla/5.0+(Linux;+Android+10;+K)+AppleWebKit/537.36+(KHTML,+like+Gecko)+Chrome/135.0.0.0+Mobile+Safari/537.36 ASP.NET_SessionId=her3mvxcmkmc3lqtjd3blabc;+region=3;+lang=1;+__RequestVerificationToken=3Fybv7eauozQA7WcunWalc5zlH_lPusuy02CfJcNZFcGOsEQGYTSA-e3lkhYmr-1sQzhbkdulwqxXTfwGIWF_CqO_Fo1;+BIGipServerextron.com_443_pool=!QwtMNQTZtL+0rrAMjvaJwiHEDz8tIKr9xHyUYpt7m40RaeP+YegBg8WYutsegKLo3UEuQEJdmjh9Xg== https://www.extron.com/article/autocadbd www.extron.com 200 0 0 88876 1
2025-05-08 07:00:24 10.1.0.50 GET /product/dvs605 subtype=361 443 - 10.1.16.1 Mozilla/5.0+(Linux;+Android+7.0;)+AppleWebKit/537.36+(KHTML,+like+Gecko)+Mobile+Safari/537.36+(compatible;+PetalBot;+https://webmaster.petalsearch.com/site/petalbot) BIGipServerextron.com_443_pool=838861066.47873.0000;+lang=1;+region=3 - www.extron.com 200 0 0 164525 99
2025-05-08 07:00:25 10.1.0.50 GET /Content/vendor/jquery-mobile-events/jquery.mobile-events.js - 443 - 10.1.16.1 Mozilla/5.0+(Windows+NT+10.0;+Win64;+x64)+AppleWebKit/537.36+(KHTML,+like+Gecko)+Chrome/136.0.0.0+Safari/537.36 ASP.NET_SessionId=jopcffqmgwqv1v1fu0yvpn3y;+region=2;+lang=3;+__RequestVerificationToken=snhncBTGJQvKcaPr2FJhAi6c63iek5oUZORloZQNV9vHqv_mxIfnftcxcEOWCRcl08gyrlZVIInPQ1hfoHBlkunu10o1;+BIGipServerextron.com_443_pool=!b55nGGb+5A5PurQMjvaJwiHEDz8tIHvxnPIl8JEOQhrZIM8nvLV4Ebx5Kz9yLYHMDg96M+b4O/LS/A==;+_gid=GA1.2.1525870029.1746687605;+_gat_UA-130285241-1=1;+_ga_DP5ZZ9VH84=GS2.1.s1746687605$o1$g0$t1746687605$j60$l0$h0;+_ga=GA1.1.468313871.1746687605;+_clck=1mp1exz%7C2%7Cfvq%7C0%7C1954 https://www.extron.de/ www.extron.de 200 0 0 43185 1
2025-05-08 07:00:25 10.1.0.50 GET /tools/signage id=4ksignage 443 - 10.1.16.1 - - - www.extron.com 200 0 0 17926 5
2025-05-08 07:00:25 10.1.0.50 GET /Content/vendor/js-cookie/js.cookie-2.2.0.js - 443 - 10.1.16.1 Mozilla/5.0+(Windows+NT+10.0;+Win64;+x64)+AppleWebKit/537.36+(KHTML,+like+Gecko)+Chrome/136.0.0.0+Safari/537.36 ASP.NET_SessionId=jopcffqmgwqv1v1fu0yvpn3y;+region=2;+lang=3;+__RequestVerificationToken=snhncBTGJQvKcaPr2FJhAi6c63iek5oUZORloZQNV9vHqv_mxIfnftcxcEOWCRcl08gyrlZVIInPQ1hfoHBlkunu10o1;+BIGipServerextron.com_443_pool=!b55nGGb+5A5PurQMjvaJwiHEDz8tIHvxnPIl8JEOQhrZIM8nvLV4Ebx5Kz9yLYHMDg96M+b4O/LS/A==;+_gid=GA1.2.1525870029.1746687605;+_gat_UA-130285241-1=1;+_ga_DP5ZZ9VH84=GS2.1.s1746687605$o1$g0$t1746687605$j60$l0$h0;+_ga=GA1.1.468313871.1746687605;+_clck=1mp1exz%7C2%7Cfvq%7C0%7C1954 https://www.extron.de/ www.extron.de 200 0 0 5852 1
2025-05-08 07:00:25 10.1.0.50 POST /product/ProdModels/netpau1004 - 443 - 10.1.16.1 Mozilla/5.0+(Windows+NT+10.0;+Win64;+x64)+AppleWebKit/537.36+(KHTML,+like+Gecko)+Chrome/133.0.0.0+Safari/537.36+OPR/118.0.0.0 ASP.NET_SessionId=5jtj5tj4kwrf5pxtz530mi2r;+region=2;+lang=5;+__RequestVerificationToken=BgJ54ROD_NDX1kQUwSny4lq-4ta22l1QtFT5C6g6H7bd8GX3RcENrL0CeynN9eMCMcLswR22SLJlZEmjKA1XJHb_0zk1;+BIGipServerextron.com_443_pool=838861066.47873.0000;+_gid=GA1.2.585921967.1746613349;+_clck=jziv6l%7C2%7Cfvp%7C0%7C1934;+outdated-browser=true;+ExtronRecViewProd=ipcppro250xi,sf26ctlp,dmp128flexplus,dteapp,dmp128plus,axi02at,axi22at,xpa1002,netpa1001at,xpau2008fx,netpau1004,rsu129;+_clsk=1d0kgyl%7C1746640462644%7C18%7C1%7Ce.clarity.ms%2Fcollect;+_ga=GA1.2.905284132.1745001741;+_ga_DP5ZZ9VH84=GS2.1.s1746636822$o6$g1$t1746640463$j36$l0$h0 https://www.extron.es/product/netpau1004 www.extron.es 200 0 0 5800 1827
2025-05-08 07:00:25 10.1.0.50 GET /Content/vendor/prependaround/prependaround.js - 443 - 10.1.16.1 Mozilla/5.0+(Windows+NT+10.0;+Win64;+x64)+AppleWebKit/537.36+(KHTML,+like+Gecko)+Chrome/136.0.0.0+Safari/537.36 ASP.NET_SessionId=jopcffqmgwqv1v1fu0yvpn3y;+region=2;+lang=3;+__RequestVerificationToken=snhncBTGJQvKcaPr2FJhAi6c63iek5oUZORloZQNV9vHqv_mxIfnftcxcEOWCRcl08gyrlZVIInPQ1hfoHBlkunu10o1;+BIGipServerextron.com_443_pool=!b55nGGb+5A5PurQMjvaJwiHEDz8tIHvxnPIl8JEOQhrZIM8nvLV4Ebx5Kz9yLYHMDg96M+b4O/LS/A==;+_gid=GA1.2.1525870029.1746687605;+_gat_UA-130285241-1=1;+_ga_DP5ZZ9VH84=GS2.1.s1746687605$o1$g0$t1746687605$j60$l0$h0;+_ga=GA1.1.468313871.1746687605;+_clck=1mp1exz%7C2%7Cfvq%7C0%7C1954 https://www.extron.de/ www.extron.de 200 0 0 3451 1
2025-05-08 07:00:25 10.1.0.50 GET /Content/vendor/slick/slick.js - 443 - 10.1.16.1 Mozilla/5.0+(Windows+NT+10.0;+Win64;+x64)+AppleWebKit/537.36+(KHTML,+like+Gecko)+Chrome/136.0.0.0+Safari/537.36 ASP.NET_SessionId=jopcffqmgwqv1v1fu0yvpn3y;+region=2;+lang=3;+__RequestVerificationToken=snhncBTGJQvKcaPr2FJhAi6c63iek5oUZORloZQNV9vHqv_mxIfnftcxcEOWCRcl08gyrlZVIInPQ1hfoHBlkunu10o1;+BIGipServerextron.com_443_pool=!b55nGGb+5A5PurQMjvaJwiHEDz8tIHvxnPIl8JEOQhrZIM8nvLV4Ebx5Kz9yLYHMDg96M+b4O/LS/A==;+_gid=GA1.2.1525870029.1746687605;+_gat_UA-130285241-1=1;+_ga_DP5ZZ9VH84=GS2.1.s1746687605$o1$g0$t1746687605$j60$l0$h0;+_ga=GA1.1.468313871.1746687605;+_clck=1mp1exz%7C2%7Cfvq%7C0%7C1954 https://www.extron.de/ www.extron.de 200 0 0 93556 1
2025-05-08 07:00:25 10.1.0.50 GET /Scripts/Shared/videoplayer.js - 443 - 10.1.16.1 Mozilla/5.0+(Windows+NT+10.0;+Win64;+x64)+AppleWebKit/537.36+(KHTML,+like+Gecko)+Chrome/136.0.0.0+Safari/537.36 ASP.NET_SessionId=jopcffqmgwqv1v1fu0yvpn3y;+region=2;+lang=3;+__RequestVerificationToken=snhncBTGJQvKcaPr2FJhAi6c63iek5oUZORloZQNV9vHqv_mxIfnftcxcEOWCRcl08gyrlZVIInPQ1hfoHBlkunu10o1;+BIGipServerextron.com_443_pool=!b55nGGb+5A5PurQMjvaJwiHEDz8tIHvxnPIl8JEOQhrZIM8nvLV4Ebx5Kz9yLYHMDg96M+b4O/LS/A==;+_gid=GA1.2.1525870029.1746687605;+_gat_UA-130285241-1=1;+_ga_DP5ZZ9VH84=GS2.1.s1746687605$o1$g0$t1746687605$j60$l0$h0;+_ga=GA1.1.468313871.1746687605;+_clck=1mp1exz%7C2%7Cfvq%7C0%7C1954 https://www.extron.de/ www.extron.de 200 0 0 36749 1
2025-05-08 07:00:25 10.1.0.50 GET /Scripts/Shared/autohide.js - 443 - 10.1.16.1 Mozilla/5.0+(Windows+NT+10.0;+Win64;+x64)+AppleWebKit/537.36+(KHTML,+like+Gecko)+Chrome/136.0.0.0+Safari/537.36 ASP.NET_SessionId=jopcffqmgwqv1v1fu0yvpn3y;+region=2;+lang=3;+__RequestVerificationToken=snhncBTGJQvKcaPr2FJhAi6c63iek5oUZORloZQNV9vHqv_mxIfnftcxcEOWCRcl08gyrlZVIInPQ1hfoHBlkunu10o1;+BIGipServerextron.com_443_pool=!b55nGGb+5A5PurQMjvaJwiHEDz8tIHvxnPIl8JEOQhrZIM8nvLV4Ebx5Kz9yLYHMDg96M+b4O/LS/A==;+_gid=GA1.2.1525870029.1746687605;+_gat_UA-130285241-1=1;+_ga_DP5ZZ9VH84=GS2.1.s1746687605$o1$g0$t1746687605$j60$l0$h0;+_ga=GA1.1.468313871.1746687605;+_clck=1mp1exz%7C2%7Cfvq%7C0%7C1954 https://www.extron.de/ www.extron.de 200 0 0 8272 1
2025-05-08 07:00:25 10.1.0.50 GET /Scripts/Shared/main.js 20240613 443 - 10.1.16.1 Mozilla/5.0+(Windows+NT+10.0;+Win64;+x64)+AppleWebKit/537.36+(KHTML,+like+Gecko)+Chrome/136.0.0.0+Safari/537.36 ASP.NET_SessionId=jopcffqmgwqv1v1fu0yvpn3y;+region=2;+lang=3;+__RequestVerificationToken=snhncBTGJQvKcaPr2FJhAi6c63iek5oUZORloZQNV9vHqv_mxIfnftcxcEOWCRcl08gyrlZVIInPQ1hfoHBlkunu10o1;+BIGipServerextron.com_443_pool=!b55nGGb+5A5PurQMjvaJwiHEDz8tIHvxnPIl8JEOQhrZIM8nvLV4Ebx5Kz9yLYHMDg96M+b4O/LS/A==;+_gid=GA1.2.1525870029.1746687605;+_gat_UA-130285241-1=1;+_ga_DP5ZZ9VH84=GS2.1.s1746687605$o1$g0$t1746687605$j60$l0$h0;+_ga=GA1.1.468313871.1746687605;+_clck=1mp1exz%7C2%7Cfvq%7C0%7C1954 https://www.extron.de/ www.extron.de 200 0 0 63254 1
2025-05-08 07:00:25 10.1.0.50 GET /Content/css/Shared/fonts/icomoon.ttf qlj3qn 443 - 10.1.16.1 Mozilla/5.0+(Windows+NT+10.0;+Win64;+x64)+AppleWebKit/537.36+(KHTML,+like+Gecko)+Chrome/136.0.0.0+Safari/537.36+Edg/136.0.0.0 _clck=yv86ir%7C2%7Cfmq%7C0%7C1560;+region=2;+lang=3;+ExtronRecViewProd=ipcppro250xi,dtp2t212,xtpdtp24series,dtpcp4k82;+_ga=GA1.1.1613182277.1712662822;+_ga_DP5ZZ9VH84=GS1.1.1744637157.7.0.1744637157.60.0.0;+ASP.NET_SessionId=nkgbywgpkcyekixp22ujgint;+__RequestVerificationToken=3xrHXuqkcAcXSyPA00j7AXJC4P507yIcAdJdzI2aC5ZndFLJG7YQj90M7C2361kvD0V2IQlqPSm9w8wIYrbYSCCri4E1;+BIGipServerextron.com_443_pool=!EWleaa37NparcDcMjvaJwiHEDz8tIJ0tpx+SHLESOQ2bZ2HRSVRZ54FOCWjDpyjt3r6dsrsr5Rmv2Q== https://www.extron.de/Content/css/Shared/extron.css www.extron.de 200 0 0 60292 6
2025-05-08 07:00:25 10.1.0.50 GET /Content/vendor/jqueryui/jquery-1.12.0-ui.min.js - 443 - 10.1.16.1 Mozilla/5.0+(Linux;+Android+10;+K)+AppleWebKit/537.36+(KHTML,+like+Gecko)+Chrome/135.0.0.0+Mobile+Safari/537.36 ASP.NET_SessionId=her3mvxcmkmc3lqtjd3blabc;+region=3;+lang=1;+__RequestVerificationToken=3Fybv7eauozQA7WcunWalc5zlH_lPusuy02CfJcNZFcGOsEQGYTSA-e3lkhYmr-1sQzhbkdulwqxXTfwGIWF_CqO_Fo1;+BIGipServerextron.com_443_pool=!QwtMNQTZtL+0rrAMjvaJwiHEDz8tIKr9xHyUYpt7m40RaeP+YegBg8WYutsegKLo3UEuQEJdmjh9Xg== https://www.extron.com/article/autocadbd www.extron.com 200 0 0 255635 2
2025-05-08 07:00:25 10.1.0.50 GET /Scripts/Shared/login.js 20210406 443 - 10.1.16.1 Mozilla/5.0+(Windows+NT+10.0;+Win64;+x64)+AppleWebKit/537.36+(KHTML,+like+Gecko)+Chrome/136.0.0.0+Safari/537.36 ASP.NET_SessionId=jopcffqmgwqv1v1fu0yvpn3y;+region=2;+lang=3;+__RequestVerificationToken=snhncBTGJQvKcaPr2FJhAi6c63iek5oUZORloZQNV9vHqv_mxIfnftcxcEOWCRcl08gyrlZVIInPQ1hfoHBlkunu10o1;+BIGipServerextron.com_443_pool=!b55nGGb+5A5PurQMjvaJwiHEDz8tIHvxnPIl8JEOQhrZIM8nvLV4Ebx5Kz9yLYHMDg96M+b4O/LS/A==;+_gid=GA1.2.1525870029.1746687605;+_gat_UA-130285241-1=1;+_ga_DP5ZZ9VH84=GS2.1.s1746687605$o1$g0$t1746687605$j60$l0$h0;+_ga=GA1.1.468313871.1746687605;+_clck=1mp1exz%7C2%7Cfvq%7C0%7C1954 https://www.extron.de/ www.extron.de 200 0 0 10163 0
2025-05-08 07:00:25 10.1.0.50 GET /Content/vendor/jquery-unobtrusive-ajax/jquery.unobtrusive-ajax.js - 443 - 10.1.16.1 Mozilla/5.0+(Linux;+Android+10;+K)+AppleWebKit/537.36+(KHTML,+like+Gecko)+Chrome/135.0.0.0+Mobile+Safari/537.36 ASP.NET_SessionId=her3mvxcmkmc3lqtjd3blabc;+region=3;+lang=1;+__RequestVerificationToken=3Fybv7eauozQA7WcunWalc5zlH_lPusuy02CfJcNZFcGOsEQGYTSA-e3lkhYmr-1sQzhbkdulwqxXTfwGIWF_CqO_Fo1;+BIGipServerextron.com_443_pool=!QwtMNQTZtL+0rrAMjvaJwiHEDz8tIKr9xHyUYpt7m40RaeP+YegBg8WYutsegKLo3UEuQEJdmjh9Xg== https://www.extron.com/article/autocadbd www.extron.com 200 0 0 8975 0
2025-05-08 07:00:25 10.1.0.50 GET /Content/vendor/bs-offcanvas/dist/js/bootstrap.offcanvas.js - 443 - 10.1.16.1 Mozilla/5.0+(Linux;+Android+10;+K)+AppleWebKit/537.36+(KHTML,+like+Gecko)+Chrome/135.0.0.0+Mobile+Safari/537.36 ASP.NET_SessionId=her3mvxcmkmc3lqtjd3blabc;+region=3;+lang=1;+__RequestVerificationToken=3Fybv7eauozQA7WcunWalc5zlH_lPusuy02CfJcNZFcGOsEQGYTSA-e3lkhYmr-1sQzhbkdulwqxXTfwGIWF_CqO_Fo1;+BIGipServerextron.com_443_pool=!QwtMNQTZtL+0rrAMjvaJwiHEDz8tIKr9xHyUYpt7m40RaeP+YegBg8WYutsegKLo3UEuQEJdmjh9Xg== https://www.extron.com/article/autocadbd www.extron.com 200 0 0 15159 1
2025-05-08 07:00:25 10.1.0.50 GET /Content/vendor/fancybox-3.5.7/dist/jquery.fancybox.js - 443 - 10.1.16.1 Mozilla/5.0+(Linux;+Android+10;+K)+AppleWebKit/537.36+(KHTML,+like+Gecko)+Chrome/135.0.0.0+Mobile+Safari/537.36 ASP.NET_SessionId=her3mvxcmkmc3lqtjd3blabc;+region=3;+lang=1;+__RequestVerificationToken=3Fybv7eauozQA7WcunWalc5zlH_lPusuy02CfJcNZFcGOsEQGYTSA-e3lkhYmr-1sQzhbkdulwqxXTfwGIWF_CqO_Fo1;+BIGipServerextron.com_443_pool=!QwtMNQTZtL+0rrAMjvaJwiHEDz8tIKr9xHyUYpt7m40RaeP+YegBg8WYutsegKLo3UEuQEJdmjh9Xg== https://www.extron.com/article/autocadbd www.extron.com 200 0 0 168502 1
2025-05-08 07:00:25 10.1.0.50 GET /Content/vendor/bootstrap/bootstrap.bundle.min.js - 443 - 10.1.16.1 Mozilla/5.0+(Linux;+Android+10;+K)+AppleWebKit/537.36+(KHTML,+like+Gecko)+Chrome/135.0.0.0+Mobile+Safari/537.36 ASP.NET_SessionId=her3mvxcmkmc3lqtjd3blabc;+region=3;+lang=1;+__RequestVerificationToken=3Fybv7eauozQA7WcunWalc5zlH_lPusuy02CfJcNZFcGOsEQGYTSA-e3lkhYmr-1sQzhbkdulwqxXTfwGIWF_CqO_Fo1;+BIGipServerextron.com_443_pool=!QwtMNQTZtL+0rrAMjvaJwiHEDz8tIKr9xHyUYpt7m40RaeP+YegBg8WYutsegKLo3UEuQEJdmjh9Xg== https://www.extron.com/article/autocadbd www.extron.com 200 0 0 80559 1
2025-05-08 07:00:25 10.1.0.50 GET /img/home/banner-edu.jpg - 443 - 10.1.16.1 Mozilla/5.0+(Windows+NT+10.0;+Win64;+x64)+AppleWebKit/537.36+(KHTML,+like+Gecko)+Chrome/136.0.0.0+Safari/537.36 ASP.NET_SessionId=jopcffqmgwqv1v1fu0yvpn3y;+region=2;+lang=3;+__RequestVerificationToken=snhncBTGJQvKcaPr2FJhAi6c63iek5oUZORloZQNV9vHqv_mxIfnftcxcEOWCRcl08gyrlZVIInPQ1hfoHBlkunu10o1;+BIGipServerextron.com_443_pool=!b55nGGb+5A5PurQMjvaJwiHEDz8tIHvxnPIl8JEOQhrZIM8nvLV4Ebx5Kz9yLYHMDg96M+b4O/LS/A==;+_gid=GA1.2.1525870029.1746687605;+_gat_UA-130285241-1=1;+_ga_DP5ZZ9VH84=GS2.1.s1746687605$o1$g0$t1746687605$j60$l0$h0;+_ga=GA1.1.468313871.1746687605;+_clck=1mp1exz%7C2%7Cfvq%7C0%7C1954 https://www.extron.de/ www.extron.de 302 0 0 1820 1
2025-05-08 07:00:25 10.1.0.50 GET /download/dltrack.aspx file=NAV_1G_Series_v1x01x0004-b010.exe&id=225720 443 juan.ordonez@gleich-gmbh.com 10.1.16.1 Mozilla/5.0+(Windows+NT+10.0;+Win64;+x64)+AppleWebKit/537.36+(KHTML,+like+Gecko)+Chrome/135.0.0.0+Safari/537.36 region=2;+lang=3;+_gid=GA1.2.1293735567.1746638260;+ExtronRecViewProd=navsd101;+ASP.NET_SessionId=egz4hrrqx5uoj34re1pvk4cq;+__RequestVerificationToken=NPG1AIha69RpYXOMI39yR2ILIZKfKzUahGh7mgrjX7TkEJkbuCdG4wXEwNT8_lWmPCggqH1yWHgKnRmBQBIFbrIYSFA1;+BIGipServerextron.com_443_pool=838861066.47873.0000;+returnurl=/;+username=juan.ordonez@gleich-gmbh.com;+PriceClass=38;+PriceList=EUREU;+.AspNet.Cookies=PGzSFQc7By0Wbx9m1p5ACsHjlR7uDjuZkVZj2qJmC-qSqRtVDEG0kZBbOlFF5ed2QSMq7hn6bJ5Y6J3PbYdeTVvTuKHwl6o2mKwdsnW1RqFTbv_rXaOyecGhYpKhY-Kh70eS1G4voX88PvMLxo2LcpUYSao7YAbmCKOGdsi3ku9v2e7dNJXxr9DopqjgP4ZFojmeMU0H6aU1DXwxMbkGK4hfZFUvdiSgtko6ecb7H84j6Q6zsuODwQP4EionVjQjeGrmIeuqtnJGQyOoNG4WEvCGDWyjXSQKeI_CAV_reVTlJugRbPrVjDL65cARZhIRMN4k1TSBwNe0BcchwcrclVtEXlik0e86yc6Msgx4rBryt_gK6V84QOb_6N878iqFEOiMi2-PGeOjAjLtvZDVZlhLU6QLiBCsIqxdQyYM7z-IWICyBJ2PknmQ7Roznjx32SP-mQ;+_ga_DP5ZZ9VH84=GS2.1.s1746686734$o2$g1$t1746687354$j13$l0$h0;+_ga=GA1.1.1778607093.1746638259 https://www.extron.de/download/download-center/?material=44 www.extron.de 200 0 0 103134 206
2025-05-08 07:00:25 10.1.0.50 POST /Product/GetProductTabs/ - 443 - 10.1.16.1 Mozilla/5.0+(Windows+NT+10.0;+Win64;+x64)+AppleWebKit/537.36+(KHTML,+like+Gecko)+Chrome/133.0.0.0+Safari/537.36+OPR/118.0.0.0 ASP.NET_SessionId=5jtj5tj4kwrf5pxtz530mi2r;+region=2;+lang=5;+__RequestVerificationToken=BgJ54ROD_NDX1kQUwSny4lq-4ta22l1QtFT5C6g6H7bd8GX3RcENrL0CeynN9eMCMcLswR22SLJlZEmjKA1XJHb_0zk1;+BIGipServerextron.com_443_pool=!Twy8fP8bqquUOSoMjvaJwiHEDz8tIL9MxaQHL9yXVgNPrNOwhYwv6qBC9laaQwr8zfXgD7tqEVHa/w==;+_gid=GA1.2.585921967.1746613349;+outdated-browser=true;+ExtronRecViewProd=ipcppro250xi,sf26ctlp,dmp128flexplus,dteapp,dmp128plus,axi02at,axi22at,xpa1002,netpa1001at,xpau2008fx,netpau1004,rsu129;+_clsk=1d0kgyl%7C1746640462644%7C18%7C1%7Ce.clarity.ms%2Fcollect;+_gat_UA-130285241-1=1;+_ga_DP5ZZ9VH84=GS2.1.s1746687604$o7$g0$t1746687604$j60$l0$h0;+_ga=GA1.1.905284132.1745001741;+_clck=jziv6l%7C2%7Cfvq%7C0%7C1934 https://www.extron.es/product/sf26ctlp www.extron.es 200 0 0 1844 104
2025-05-08 07:00:25 10.1.0.50 GET /Content/css/Shared/fonts/roboto-v18-cyrillic_latin-ext_latin_cyrillic-ext-700.woff2 - 443 - 10.1.16.1 Mozilla/5.0+(Linux;+Android+10;+K)+AppleWebKit/537.36+(KHTML,+like+Gecko)+Chrome/135.0.0.0+Mobile+Safari/537.36 ASP.NET_SessionId=her3mvxcmkmc3lqtjd3blabc;+region=3;+lang=1;+__RequestVerificationToken=3Fybv7eauozQA7WcunWalc5zlH_lPusuy02CfJcNZFcGOsEQGYTSA-e3lkhYmr-1sQzhbkdulwqxXTfwGIWF_CqO_Fo1;+BIGipServerextron.com_443_pool=!QwtMNQTZtL+0rrAMjvaJwiHEDz8tIKr9xHyUYpt7m40RaeP+YegBg8WYutsegKLo3UEuQEJdmjh9Xg== https://www.extron.com/Content/css/Shared/extron.css www.extron.com 200 0 0 66646 1
2025-05-08 07:00:25 10.1.0.50 GET /api/v1/Article/Get articlehandle=menuproducts&lang=3&region=2&loggedin=false 443 - 10.1.16.1 Mozilla/5.0+(Windows+NT+10.0;+Win64;+x64)+AppleWebKit/537.36+(KHTML,+like+Gecko)+Chrome/136.0.0.0+Safari/537.36 ASP.NET_SessionId=jopcffqmgwqv1v1fu0yvpn3y;+region=2;+lang=3;+__RequestVerificationToken=snhncBTGJQvKcaPr2FJhAi6c63iek5oUZORloZQNV9vHqv_mxIfnftcxcEOWCRcl08gyrlZVIInPQ1hfoHBlkunu10o1;+BIGipServerextron.com_443_pool=!b55nGGb+5A5PurQMjvaJwiHEDz8tIHvxnPIl8JEOQhrZIM8nvLV4Ebx5Kz9yLYHMDg96M+b4O/LS/A==;+_gid=GA1.2.1525870029.1746687605;+_gat_UA-130285241-1=1;+_ga_DP5ZZ9VH84=GS2.1.s1746687605$o1$g0$t1746687605$j60$l0$h0;+_ga=GA1.1.468313871.1746687605;+_clck=1mp1exz%7C2%7Cfvq%7C0%7C1954;+_clsk=1224yc0%7C1746687606012%7C1%7C1%7Cs.clarity.ms%2Fcollect https://www.extron.de/ www.extron.de 200 0 0 11307 3
2025-05-08 07:00:25 10.1.0.50 GET /api/v1/Article/Get articlehandle=menudownload&lang=3&region=2&loggedin=false 443 - 10.1.16.1 Mozilla/5.0+(Windows+NT+10.0;+Win64;+x64)+AppleWebKit/537.36+(KHTML,+like+Gecko)+Chrome/136.0.0.0+Safari/537.36 ASP.NET_SessionId=jopcffqmgwqv1v1fu0yvpn3y;+region=2;+lang=3;+__RequestVerificationToken=snhncBTGJQvKcaPr2FJhAi6c63iek5oUZORloZQNV9vHqv_mxIfnftcxcEOWCRcl08gyrlZVIInPQ1hfoHBlkunu10o1;+BIGipServerextron.com_443_pool=!b55nGGb+5A5PurQMjvaJwiHEDz8tIHvxnPIl8JEOQhrZIM8nvLV4Ebx5Kz9yLYHMDg96M+b4O/LS/A==;+_gid=GA1.2.1525870029.1746687605;+_gat_UA-130285241-1=1;+_ga_DP5ZZ9VH84=GS2.1.s1746687605$o1$g0$t1746687605$j60$l0$h0;+_ga=GA1.1.468313871.1746687605;+_clck=1mp1exz%7C2%7Cfvq%7C0%7C1954;+_clsk=1224yc0%7C1746687606012%7C1%7C1%7Cs.clarity.ms%2Fcollect https://www.extron.de/ www.extron.de 200 0 0 5821 2
2025-05-08 07:00:25 10.1.0.50 GET /api/v1/Article/Get articlehandle=menucompany&lang=3&region=2&loggedin=false 443 - 10.1.16.1 Mozilla/5.0+(Windows+NT+10.0;+Win64;+x64)+AppleWebKit/537.36+(KHTML,+like+Gecko)+Chrome/136.0.0.0+Safari/537.36 ASP.NET_SessionId=jopcffqmgwqv1v1fu0yvpn3y;+region=2;+lang=3;+__RequestVerificationToken=snhncBTGJQvKcaPr2FJhAi6c63iek5oUZORloZQNV9vHqv_mxIfnftcxcEOWCRcl08gyrlZVIInPQ1hfoHBlkunu10o1;+BIGipServerextron.com_443_pool=!b55nGGb+5A5PurQMjvaJwiHEDz8tIHvxnPIl8JEOQhrZIM8nvLV4Ebx5Kz9yLYHMDg96M+b4O/LS/A==;+_gid=GA1.2.1525870029.1746687605;+_gat_UA-130285241-1=1;+_ga_DP5ZZ9VH84=GS2.1.s1746687605$o1$g0$t1746687605$j60$l0$h0;+_ga=GA1.1.468313871.1746687605;+_clck=1mp1exz%7C2%7Cfvq%7C0%7C1954;+_clsk=1224yc0%7C1746687606012%7C1%7C1%7Cs.clarity.ms%2Fcollect https://www.extron.de/ www.extron.de 200 0 0 8600 2
2025-05-08 07:00:25 10.1.0.50 GET /api/v1/Article/Get articlehandle=menuresources&lang=3&region=2&loggedin=false 443 - 10.1.16.1 Mozilla/5.0+(Windows+NT+10.0;+Win64;+x64)+AppleWebKit/537.36+(KHTML,+like+Gecko)+Chrome/136.0.0.0+Safari/537.36 ASP.NET_SessionId=jopcffqmgwqv1v1fu0yvpn3y;+region=2;+lang=3;+__RequestVerificationToken=snhncBTGJQvKcaPr2FJhAi6c63iek5oUZORloZQNV9vHqv_mxIfnftcxcEOWCRcl08gyrlZVIInPQ1hfoHBlkunu10o1;+BIGipServerextron.com_443_pool=!b55nGGb+5A5PurQMjvaJwiHEDz8tIHvxnPIl8JEOQhrZIM8nvLV4Ebx5Kz9yLYHMDg96M+b4O/LS/A==;+_gid=GA1.2.1525870029.1746687605;+_gat_UA-130285241-1=1;+_ga_DP5ZZ9VH84=GS2.1.s1746687605$o1$g0$t1746687605$j60$l0$h0;+_ga=GA1.1.468313871.1746687605;+_clck=1mp1exz%7C2%7Cfvq%7C0%7C1954;+_clsk=1224yc0%7C1746687606012%7C1%7C1%7Cs.clarity.ms%2Fcollect https://www.extron.de/ www.extron.de 200 0 0 12990 3
2025-05-08 07:00:25 10.1.0.50 GET /api/v1/Article/Get articlehandle=menutraining&lang=3&region=2&loggedin=false 443 - 10.1.16.1 Mozilla/5.0+(Windows+NT+10.0;+Win64;+x64)+AppleWebKit/537.36+(KHTML,+like+Gecko)+Chrome/136.0.0.0+Safari/537.36 ASP.NET_SessionId=jopcffqmgwqv1v1fu0yvpn3y;+region=2;+lang=3;+__RequestVerificationToken=snhncBTGJQvKcaPr2FJhAi6c63iek5oUZORloZQNV9vHqv_mxIfnftcxcEOWCRcl08gyrlZVIInPQ1hfoHBlkunu10o1;+BIGipServerextron.com_443_pool=!b55nGGb+5A5PurQMjvaJwiHEDz8tIHvxnPIl8JEOQhrZIM8nvLV4Ebx5Kz9yLYHMDg96M+b4O/LS/A==;+_gid=GA1.2.1525870029.1746687605;+_gat_UA-130285241-1=1;+_ga_DP5ZZ9VH84=GS2.1.s1746687605$o1$g0$t1746687605$j60$l0$h0;+_ga=GA1.1.468313871.1746687605;+_clck=1mp1exz%7C2%7Cfvq%7C0%7C1954;+_clsk=1224yc0%7C1746687606012%7C1%7C1%7Cs.clarity.ms%2Fcollect https://www.extron.de/ www.extron.de 200 0 0 7685 1
2025-05-08 07:00:25 10.1.0.50 GET /api/v1/Article/Get articlehandle=gdpr&lang=3&region=2&loggedin=false 443 - 10.1.16.1 Mozilla/5.0+(Windows+NT+10.0;+Win64;+x64)+AppleWebKit/537.36+(KHTML,+like+Gecko)+Chrome/136.0.0.0+Safari/537.36 ASP.NET_SessionId=jopcffqmgwqv1v1fu0yvpn3y;+region=2;+lang=3;+__RequestVerificationToken=snhncBTGJQvKcaPr2FJhAi6c63iek5oUZORloZQNV9vHqv_mxIfnftcxcEOWCRcl08gyrlZVIInPQ1hfoHBlkunu10o1;+BIGipServerextron.com_443_pool=!b55nGGb+5A5PurQMjvaJwiHEDz8tIHvxnPIl8JEOQhrZIM8nvLV4Ebx5Kz9yLYHMDg96M+b4O/LS/A==;+_gid=GA1.2.1525870029.1746687605;+_gat_UA-130285241-1=1;+_ga_DP5ZZ9VH84=GS2.1.s1746687605$o1$g0$t1746687605$j60$l0$h0;+_ga=GA1.1.468313871.1746687605;+_clck=1mp1exz%7C2%7Cfvq%7C0%7C1954;+_clsk=1224yc0%7C1746687606012%7C1%7C1%7Cs.clarity.ms%2Fcollect https://www.extron.de/ www.extron.de 200 0 0 2609 1
2025-05-08 07:00:25 10.1.0.50 GET /Content/vendor/fontawesome/webfonts/fa-solid-900.woff2 - 443 - 10.1.16.1 Mozilla/5.0+(Linux;+Android+10;+K)+AppleWebKit/537.36+(KHTML,+like+Gecko)+Chrome/135.0.0.0+Mobile+Safari/537.36 ASP.NET_SessionId=her3mvxcmkmc3lqtjd3blabc;+region=3;+lang=1;+__RequestVerificationToken=3Fybv7eauozQA7WcunWalc5zlH_lPusuy02CfJcNZFcGOsEQGYTSA-e3lkhYmr-1sQzhbkdulwqxXTfwGIWF_CqO_Fo1;+BIGipServerextron.com_443_pool=!QwtMNQTZtL+0rrAMjvaJwiHEDz8tIKr9xHyUYpt7m40RaeP+YegBg8WYutsegKLo3UEuQEJdmjh9Xg== https://www.extron.com/Content/vendor/fontawesome/css/all.min.css www.extron.com 200 0 0 330193 3
2025-05-08 07:00:25 10.1.0.50 GET /Content/vendor/fontawesome/webfonts/fa-regular-400.woff2 - 443 - 10.1.16.1 Mozilla/5.0+(Linux;+Android+10;+K)+AppleWebKit/537.36+(KHTML,+like+Gecko)+Chrome/135.0.0.0+Mobile+Safari/537.36 ASP.NET_SessionId=her3mvxcmkmc3lqtjd3blabc;+region=3;+lang=1;+__RequestVerificationToken=3Fybv7eauozQA7WcunWalc5zlH_lPusuy02CfJcNZFcGOsEQGYTSA-e3lkhYmr-1sQzhbkdulwqxXTfwGIWF_CqO_Fo1;+BIGipServerextron.com_443_pool=!QwtMNQTZtL+0rrAMjvaJwiHEDz8tIKr9xHyUYpt7m40RaeP+YegBg8WYutsegKLo3UEuQEJdmjh9Xg== https://www.extron.com/Content/vendor/fontawesome/css/all.min.css www.extron.com 200 0 0 397929 3
2025-05-08 07:00:25 10.1.0.50 POST /product/Firmware/sf26ctlp prodid=19115 443 - 10.1.16.1 Mozilla/5.0+(Windows+NT+10.0;+Win64;+x64)+AppleWebKit/537.36+(KHTML,+like+Gecko)+Chrome/133.0.0.0+Safari/537.36+OPR/118.0.0.0 ASP.NET_SessionId=5jtj5tj4kwrf5pxtz530mi2r;+region=2;+lang=5;+__RequestVerificationToken=BgJ54ROD_NDX1kQUwSny4lq-4ta22l1QtFT5C6g6H7bd8GX3RcENrL0CeynN9eMCMcLswR22SLJlZEmjKA1XJHb_0zk1;+BIGipServerextron.com_443_pool=838861066.47873.0000;+_gid=GA1.2.585921967.1746613349;+outdated-browser=true;+ExtronRecViewProd=ipcppro250xi,sf26ctlp,dmp128flexplus,dteapp,dmp128plus,axi02at,axi22at,xpa1002,netpa1001at,xpau2008fx,netpau1004,rsu129;+_clsk=1d0kgyl%7C1746640462644%7C18%7C1%7Ce.clarity.ms%2Fcollect;+_gat_UA-130285241-1=1;+_ga_DP5ZZ9VH84=GS2.1.s1746687604$o7$g0$t1746687604$j60$l0$h0;+_ga=GA1.1.905284132.1745001741;+_clck=jziv6l%7C2%7Cfvq%7C0%7C1934 https://www.extron.es/product/sf26ctlp www.extron.es 200 0 0 1718 520
2025-05-08 07:00:25 10.1.0.50 GET /img/tech-logos/vector4kscaling.svg - 443 - 10.1.16.1 Mozilla/5.0+(Windows+NT+10.0;+Win64;+x64)+AppleWebKit/537.36+(KHTML,+like+Gecko)+Chrome/136.0.0.0+Safari/537.36 ASP.NET_SessionId=jopcffqmgwqv1v1fu0yvpn3y;+region=2;+lang=3;+__RequestVerificationToken=snhncBTGJQvKcaPr2FJhAi6c63iek5oUZORloZQNV9vHqv_mxIfnftcxcEOWCRcl08gyrlZVIInPQ1hfoHBlkunu10o1;+BIGipServerextron.com_443_pool=!b55nGGb+5A5PurQMjvaJwiHEDz8tIHvxnPIl8JEOQhrZIM8nvLV4Ebx5Kz9yLYHMDg96M+b4O/LS/A==;+_gid=GA1.2.1525870029.1746687605;+_gat_UA-130285241-1=1;+_ga_DP5ZZ9VH84=GS2.1.s1746687605$o1$g0$t1746687605$j60$l0$h0;+_ga=GA1.1.468313871.1746687605;+_clck=1mp1exz%7C2%7Cfvq%7C0%7C1954;+_clsk=1224yc0%7C1746687606012%7C1%7C1%7Cs.clarity.ms%2Fcollect https://www.extron.de/Content/css/Shared/extron.css www.extron.de 302 0 0 1842 1
2025-05-08 07:00:25 10.1.0.50 GET /Content/css/Shared/img/asset/ajax-loader.gif - 443 - 10.1.16.1 Mozilla/5.0+(Windows+NT+10.0;+Win64;+x64)+AppleWebKit/537.36+(KHTML,+like+Gecko)+Chrome/136.0.0.0+Safari/537.36 ASP.NET_SessionId=jopcffqmgwqv1v1fu0yvpn3y;+region=2;+lang=3;+__RequestVerificationToken=snhncBTGJQvKcaPr2FJhAi6c63iek5oUZORloZQNV9vHqv_mxIfnftcxcEOWCRcl08gyrlZVIInPQ1hfoHBlkunu10o1;+BIGipServerextron.com_443_pool=!b55nGGb+5A5PurQMjvaJwiHEDz8tIHvxnPIl8JEOQhrZIM8nvLV4Ebx5Kz9yLYHMDg96M+b4O/LS/A==;+_gid=GA1.2.1525870029.1746687605;+_gat_UA-130285241-1=1;+_ga_DP5ZZ9VH84=GS2.1.s1746687605$o1$g0$t1746687605$j60$l0$h0;+_ga=GA1.1.468313871.1746687605;+_clck=1mp1exz%7C2%7Cfvq%7C0%7C1954;+_clsk=1224yc0%7C1746687606012%7C1%7C1%7Cs.clarity.ms%2Fcollect https://www.extron.de/Content/css/Shared/extron.css www.extron.de 302 0 0 1862 1
2025-05-08 07:00:25 10.1.0.50 GET /Content/vendor/fontawesome/webfonts/fa-light-300.woff2 - 443 - 10.1.16.1 Mozilla/5.0+(Linux;+Android+10;+K)+AppleWebKit/537.36+(KHTML,+like+Gecko)+Chrome/135.0.0.0+Mobile+Safari/537.36 ASP.NET_SessionId=her3mvxcmkmc3lqtjd3blabc;+region=3;+lang=1;+__RequestVerificationToken=3Fybv7eauozQA7WcunWalc5zlH_lPusuy02CfJcNZFcGOsEQGYTSA-e3lkhYmr-1sQzhbkdulwqxXTfwGIWF_CqO_Fo1;+BIGipServerextron.com_443_pool=!QwtMNQTZtL+0rrAMjvaJwiHEDz8tIKr9xHyUYpt7m40RaeP+YegBg8WYutsegKLo3UEuQEJdmjh9Xg== https://www.extron.com/Content/vendor/fontawesome/css/all.min.css www.extron.com 200 0 0 431967 2
2025-05-08 07:00:25 10.1.0.50 GET /Content/vendor/fontawesome/webfonts/fa-brands-400.woff2 - 443 - 10.1.16.1 Mozilla/5.0+(Linux;+Android+10;+K)+AppleWebKit/537.36+(KHTML,+like+Gecko)+Chrome/135.0.0.0+Mobile+Safari/537.36 ASP.NET_SessionId=her3mvxcmkmc3lqtjd3blabc;+region=3;+lang=1;+__RequestVerificationToken=3Fybv7eauozQA7WcunWalc5zlH_lPusuy02CfJcNZFcGOsEQGYTSA-e3lkhYmr-1sQzhbkdulwqxXTfwGIWF_CqO_Fo1;+BIGipServerextron.com_443_pool=!QwtMNQTZtL+0rrAMjvaJwiHEDz8tIKr9xHyUYpt7m40RaeP+YegBg8WYutsegKLo3UEuQEJdmjh9Xg== https://www.extron.com/Content/vendor/fontawesome/css/all.min.css www.extron.com 200 0 0 112897 1
2025-05-08 07:00:25 10.1.0.50 GET /Content/vendor/fontawesome/css/all.min.css - 443 juan.ordonez@gleich-gmbh.com 10.1.16.1 Mozilla/5.0+(Windows+NT+10.0;+Win64;+x64)+AppleWebKit/537.36+(KHTML,+like+Gecko)+Chrome/135.0.0.0+Safari/537.36 region=2;+lang=3;+_gid=GA1.2.1293735567.1746638260;+ExtronRecViewProd=navsd101;+ASP.NET_SessionId=egz4hrrqx5uoj34re1pvk4cq;+__RequestVerificationToken=NPG1AIha69RpYXOMI39yR2ILIZKfKzUahGh7mgrjX7TkEJkbuCdG4wXEwNT8_lWmPCggqH1yWHgKnRmBQBIFbrIYSFA1;+BIGipServerextron.com_443_pool=!bdpG0AKp7kTxBHcMjvaJwiHEDz8tIAKdhR6dmVvntyC0fiG0K6V2o6tkPHm/B8AcCbtkbM1yJGS0jg==;+returnurl=/;+username=juan.ordonez@gleich-gmbh.com;+PriceClass=38;+PriceList=EUREU;+.AspNet.Cookies=PGzSFQc7By0Wbx9m1p5ACsHjlR7uDjuZkVZj2qJmC-qSqRtVDEG0kZBbOlFF5ed2QSMq7hn6bJ5Y6J3PbYdeTVvTuKHwl6o2mKwdsnW1RqFTbv_rXaOyecGhYpKhY-Kh70eS1G4voX88PvMLxo2LcpUYSao7YAbmCKOGdsi3ku9v2e7dNJXxr9DopqjgP4ZFojmeMU0H6aU1DXwxMbkGK4hfZFUvdiSgtko6ecb7H84j6Q6zsuODwQP4EionVjQjeGrmIeuqtnJGQyOoNG4WEvCGDWyjXSQKeI_CAV_reVTlJugRbPrVjDL65cARZhIRMN4k1TSBwNe0BcchwcrclVtEXlik0e86yc6Msgx4rBryt_gK6V84QOb_6N878iqFEOiMi2-PGeOjAjLtvZDVZlhLU6QLiBCsIqxdQyYM7z-IWICyBJ2PknmQ7Roznjx32SP-mQ;+_ga=GA1.1.1778607093.1746638259;+_ga_DP5ZZ9VH84=GS2.1.s1746686734$o2$g1$t1746687606$j60$l0$h0 https://www.extron.de/download/dltrack.aspx?file=NAV_1G_Series_v1x01x0004-b010.exe&id=225720 www.extron.de 304 0 0 1703 1
2025-05-08 07:00:25 10.1.0.50 GET /Content/css/Shared/cookies.css - 443 juan.ordonez@gleich-gmbh.com 10.1.16.1 Mozilla/5.0+(Windows+NT+10.0;+Win64;+x64)+AppleWebKit/537.36+(KHTML,+like+Gecko)+Chrome/135.0.0.0+Safari/537.36 region=2;+lang=3;+_gid=GA1.2.1293735567.1746638260;+ExtronRecViewProd=navsd101;+ASP.NET_SessionId=egz4hrrqx5uoj34re1pvk4cq;+__RequestVerificationToken=NPG1AIha69RpYXOMI39yR2ILIZKfKzUahGh7mgrjX7TkEJkbuCdG4wXEwNT8_lWmPCggqH1yWHgKnRmBQBIFbrIYSFA1;+BIGipServerextron.com_443_pool=838861066.47873.0000;+returnurl=/;+username=juan.ordonez@gleich-gmbh.com;+PriceClass=38;+PriceList=EUREU;+.AspNet.Cookies=PGzSFQc7By0Wbx9m1p5ACsHjlR7uDjuZkVZj2qJmC-qSqRtVDEG0kZBbOlFF5ed2QSMq7hn6bJ5Y6J3PbYdeTVvTuKHwl6o2mKwdsnW1RqFTbv_rXaOyecGhYpKhY-Kh70eS1G4voX88PvMLxo2LcpUYSao7YAbmCKOGdsi3ku9v2e7dNJXxr9DopqjgP4ZFojmeMU0H6aU1DXwxMbkGK4hfZFUvdiSgtko6ecb7H84j6Q6zsuODwQP4EionVjQjeGrmIeuqtnJGQyOoNG4WEvCGDWyjXSQKeI_CAV_reVTlJugRbPrVjDL65cARZhIRMN4k1TSBwNe0BcchwcrclVtEXlik0e86yc6Msgx4rBryt_gK6V84QOb_6N878iqFEOiMi2-PGeOjAjLtvZDVZlhLU6QLiBCsIqxdQyYM7z-IWICyBJ2PknmQ7Roznjx32SP-mQ;+_ga=GA1.1.1778607093.1746638259;+_ga_DP5ZZ9VH84=GS2.1.s1746686734$o2$g1$t1746687606$j60$l0$h0 https://www.extron.de/download/dltrack.aspx?file=NAV_1G_Series_v1x01x0004-b010.exe&id=225720 www.extron.de 304 0 0 1705 1
2025-05-08 07:00:25 10.1.0.50 GET /technology/literature.aspx id=O&id=C&filetype=6&lang=1&id=Q&filetype=30&lang=1&tabid=6&id=All 443 - 10.1.16.1 Mozilla/5.0+AppleWebKit/537.36+(KHTML,+like+Gecko;+compatible;+bingbot/2.0;++http://www.bing.com/bingbot.htm)+Chrome/116.0.1938.76+Safari/537.36 - - www.extron.co.jp 200 0 0 121206 1686
2025-05-08 07:00:25 10.1.0.50 GET /technology/literature.aspx tabid=5&tabid=4&tabid=1&id=N&id=A&id=G&tabid=1&id=0 443 - 10.1.16.1 Mozilla/5.0+AppleWebKit/537.36+(KHTML,+like+Gecko;+compatible;+bingbot/2.0;++http://www.bing.com/bingbot.htm)+Chrome/116.0.1938.76+Safari/537.36 - - www.extron.com 200 0 0 114033 713
2025-05-08 07:00:26 10.1.0.50 GET /Content/vendor/hoverintent/jquery.hoverIntent.js - 443 - 10.1.16.1 Mozilla/5.0+(Linux;+Android+10;+K)+AppleWebKit/537.36+(KHTML,+like+Gecko)+Chrome/135.0.0.0+Mobile+Safari/537.36 ASP.NET_SessionId=her3mvxcmkmc3lqtjd3blabc;+region=3;+lang=1;+__RequestVerificationToken=3Fybv7eauozQA7WcunWalc5zlH_lPusuy02CfJcNZFcGOsEQGYTSA-e3lkhYmr-1sQzhbkdulwqxXTfwGIWF_CqO_Fo1;+BIGipServerextron.com_443_pool=!QwtMNQTZtL+0rrAMjvaJwiHEDz8tIKr9xHyUYpt7m40RaeP+YegBg8WYutsegKLo3UEuQEJdmjh9Xg== https://www.extron.com/article/autocadbd www.extron.com 200 0 0 8878 1
2025-05-08 07:00:26 10.1.0.50 GET /Content/vendor/bs-offcanvas/dist/css/bootstrap.offcanvas.css - 443 juan.ordonez@gleich-gmbh.com 10.1.16.1 Mozilla/5.0+(Windows+NT+10.0;+Win64;+x64)+AppleWebKit/537.36+(KHTML,+like+Gecko)+Chrome/135.0.0.0+Safari/537.36 region=2;+lang=3;+_gid=GA1.2.1293735567.1746638260;+ExtronRecViewProd=navsd101;+ASP.NET_SessionId=egz4hrrqx5uoj34re1pvk4cq;+__RequestVerificationToken=NPG1AIha69RpYXOMI39yR2ILIZKfKzUahGh7mgrjX7TkEJkbuCdG4wXEwNT8_lWmPCggqH1yWHgKnRmBQBIFbrIYSFA1;+BIGipServerextron.com_443_pool=!bdpG0AKp7kTxBHcMjvaJwiHEDz8tIAKdhR6dmVvntyC0fiG0K6V2o6tkPHm/B8AcCbtkbM1yJGS0jg==;+returnurl=/;+username=juan.ordonez@gleich-gmbh.com;+PriceClass=38;+PriceList=EUREU;+.AspNet.Cookies=PGzSFQc7By0Wbx9m1p5ACsHjlR7uDjuZkVZj2qJmC-qSqRtVDEG0kZBbOlFF5ed2QSMq7hn6bJ5Y6J3PbYdeTVvTuKHwl6o2mKwdsnW1RqFTbv_rXaOyecGhYpKhY-Kh70eS1G4voX88PvMLxo2LcpUYSao7YAbmCKOGdsi3ku9v2e7dNJXxr9DopqjgP4ZFojmeMU0H6aU1DXwxMbkGK4hfZFUvdiSgtko6ecb7H84j6Q6zsuODwQP4EionVjQjeGrmIeuqtnJGQyOoNG4WEvCGDWyjXSQKeI_CAV_reVTlJugRbPrVjDL65cARZhIRMN4k1TSBwNe0BcchwcrclVtEXlik0e86yc6Msgx4rBryt_gK6V84QOb_6N878iqFEOiMi2-PGeOjAjLtvZDVZlhLU6QLiBCsIqxdQyYM7z-IWICyBJ2PknmQ7Roznjx32SP-mQ;+_ga=GA1.1.1778607093.1746638259;+_ga_DP5ZZ9VH84=GS2.1.s1746686734$o2$g1$t1746687606$j60$l0$h0 https://www.extron.de/download/dltrack.aspx?file=NAV_1G_Series_v1x01x0004-b010.exe&id=225720 www.extron.de 304 0 0 1705 1
2025-05-08 07:00:26 10.1.0.50 GET /inc/extron.css nocache=01022020 443 juan.ordonez@gleich-gmbh.com 10.1.16.1 Mozilla/5.0+(Windows+NT+10.0;+Win64;+x64)+AppleWebKit/537.36+(KHTML,+like+Gecko)+Chrome/135.0.0.0+Safari/537.36 region=2;+lang=3;+_gid=GA1.2.1293735567.1746638260;+ExtronRecViewProd=navsd101;+ASP.NET_SessionId=egz4hrrqx5uoj34re1pvk4cq;+__RequestVerificationToken=NPG1AIha69RpYXOMI39yR2ILIZKfKzUahGh7mgrjX7TkEJkbuCdG4wXEwNT8_lWmPCggqH1yWHgKnRmBQBIFbrIYSFA1;+BIGipServerextron.com_443_pool=!bdpG0AKp7kTxBHcMjvaJwiHEDz8tIAKdhR6dmVvntyC0fiG0K6V2o6tkPHm/B8AcCbtkbM1yJGS0jg==;+returnurl=/;+username=juan.ordonez@gleich-gmbh.com;+PriceClass=38;+PriceList=EUREU;+.AspNet.Cookies=PGzSFQc7By0Wbx9m1p5ACsHjlR7uDjuZkVZj2qJmC-qSqRtVDEG0kZBbOlFF5ed2QSMq7hn6bJ5Y6J3PbYdeTVvTuKHwl6o2mKwdsnW1RqFTbv_rXaOyecGhYpKhY-Kh70eS1G4voX88PvMLxo2LcpUYSao7YAbmCKOGdsi3ku9v2e7dNJXxr9DopqjgP4ZFojmeMU0H6aU1DXwxMbkGK4hfZFUvdiSgtko6ecb7H84j6Q6zsuODwQP4EionVjQjeGrmIeuqtnJGQyOoNG4WEvCGDWyjXSQKeI_CAV_reVTlJugRbPrVjDL65cARZhIRMN4k1TSBwNe0BcchwcrclVtEXlik0e86yc6Msgx4rBryt_gK6V84QOb_6N878iqFEOiMi2-PGeOjAjLtvZDVZlhLU6QLiBCsIqxdQyYM7z-IWICyBJ2PknmQ7Roznjx32SP-mQ;+_ga=GA1.1.1778607093.1746638259;+_ga_DP5ZZ9VH84=GS2.1.s1746686734$o2$g1$t1746687606$j60$l0$h0 https://www.extron.de/download/dltrack.aspx?file=NAV_1G_Series_v1x01x0004-b010.exe&id=225720 www.extron.de 304 0 0 1703 2
2025-05-08 07:00:26 10.1.0.50 GET /product/printable.aspx id=ff220t 443 - 10.1.16.1 Mozilla/5.0+AppleWebKit/537.36+(KHTML,+like+Gecko;+compatible;+bingbot/2.0;++http://www.bing.com/bingbot.htm)+Chrome/116.0.1938.76+Safari/537.36 - - www.extron.de 200 0 0 47378 541
2025-05-08 07:00:26 10.1.0.50 GET /Content/vendor/jquery-debounce/jquery.ba-throttle-debounce.js - 443 - 10.1.16.1 Mozilla/5.0+(Linux;+Android+10;+K)+AppleWebKit/537.36+(KHTML,+like+Gecko)+Chrome/135.0.0.0+Mobile+Safari/537.36 ASP.NET_SessionId=her3mvxcmkmc3lqtjd3blabc;+region=3;+lang=1;+__RequestVerificationToken=3Fybv7eauozQA7WcunWalc5zlH_lPusuy02CfJcNZFcGOsEQGYTSA-e3lkhYmr-1sQzhbkdulwqxXTfwGIWF_CqO_Fo1;+BIGipServerextron.com_443_pool=!QwtMNQTZtL+0rrAMjvaJwiHEDz8tIKr9xHyUYpt7m40RaeP+YegBg8WYutsegKLo3UEuQEJdmjh9Xg==;+_ga_DP5ZZ9VH84=GS2.1.s1746687605$o1$g0$t1746687605$j60$l0$h0;+_ga=GA1.2.941362758.1746687606;+_gid=GA1.2.414470488.1746687606;+_gat_UA-130285241-1=1 https://www.extron.com/article/autocadbd www.extron.com 200 0 0 12308 1
2025-05-08 07:00:26 10.1.0.50 GET /Content/css/Shared/extron.css - 443 juan.ordonez@gleich-gmbh.com 10.1.16.1 Mozilla/5.0+(Windows+NT+10.0;+Win64;+x64)+AppleWebKit/537.36+(KHTML,+like+Gecko)+Chrome/135.0.0.0+Safari/537.36 region=2;+lang=3;+_gid=GA1.2.1293735567.1746638260;+ExtronRecViewProd=navsd101;+ASP.NET_SessionId=egz4hrrqx5uoj34re1pvk4cq;+__RequestVerificationToken=NPG1AIha69RpYXOMI39yR2ILIZKfKzUahGh7mgrjX7TkEJkbuCdG4wXEwNT8_lWmPCggqH1yWHgKnRmBQBIFbrIYSFA1;+BIGipServerextron.com_443_pool=!bdpG0AKp7kTxBHcMjvaJwiHEDz8tIAKdhR6dmVvntyC0fiG0K6V2o6tkPHm/B8AcCbtkbM1yJGS0jg==;+returnurl=/;+username=juan.ordonez@gleich-gmbh.com;+PriceClass=38;+PriceList=EUREU;+.AspNet.Cookies=PGzSFQc7By0Wbx9m1p5ACsHjlR7uDjuZkVZj2qJmC-qSqRtVDEG0kZBbOlFF5ed2QSMq7hn6bJ5Y6J3PbYdeTVvTuKHwl6o2mKwdsnW1RqFTbv_rXaOyecGhYpKhY-Kh70eS1G4voX88PvMLxo2LcpUYSao7YAbmCKOGdsi3ku9v2e7dNJXxr9DopqjgP4ZFojmeMU0H6aU1DXwxMbkGK4hfZFUvdiSgtko6ecb7H84j6Q6zsuODwQP4EionVjQjeGrmIeuqtnJGQyOoNG4WEvCGDWyjXSQKeI_CAV_reVTlJugRbPrVjDL65cARZhIRMN4k1TSBwNe0BcchwcrclVtEXlik0e86yc6Msgx4rBryt_gK6V84QOb_6N878iqFEOiMi2-PGeOjAjLtvZDVZlhLU6QLiBCsIqxdQyYM7z-IWICyBJ2PknmQ7Roznjx32SP-mQ;+_ga=GA1.1.1778607093.1746638259;+_ga_DP5ZZ9VH84=GS2.1.s1746686734$o2$g1$t1746687606$j60$l0$h0 https://www.extron.de/download/dltrack.aspx?file=NAV_1G_Series_v1x01x0004-b010.exe&id=225720 www.extron.de 304 0 0 1703 2
2025-05-08 07:00:26 10.1.0.50 GET /inc/page-override.css - 443 juan.ordonez@gleich-gmbh.com 10.1.16.1 Mozilla/5.0+(Windows+NT+10.0;+Win64;+x64)+AppleWebKit/537.36+(KHTML,+like+Gecko)+Chrome/135.0.0.0+Safari/537.36 region=2;+lang=3;+_gid=GA1.2.1293735567.1746638260;+ExtronRecViewProd=navsd101;+ASP.NET_SessionId=egz4hrrqx5uoj34re1pvk4cq;+__RequestVerificationToken=NPG1AIha69RpYXOMI39yR2ILIZKfKzUahGh7mgrjX7TkEJkbuCdG4wXEwNT8_lWmPCggqH1yWHgKnRmBQBIFbrIYSFA1;+BIGipServerextron.com_443_pool=!bdpG0AKp7kTxBHcMjvaJwiHEDz8tIAKdhR6dmVvntyC0fiG0K6V2o6tkPHm/B8AcCbtkbM1yJGS0jg==;+returnurl=/;+username=juan.ordonez@gleich-gmbh.com;+PriceClass=38;+PriceList=EUREU;+.AspNet.Cookies=PGzSFQc7By0Wbx9m1p5ACsHjlR7uDjuZkVZj2qJmC-qSqRtVDEG0kZBbOlFF5ed2QSMq7hn6bJ5Y6J3PbYdeTVvTuKHwl6o2mKwdsnW1RqFTbv_rXaOyecGhYpKhY-Kh70eS1G4voX88PvMLxo2LcpUYSao7YAbmCKOGdsi3ku9v2e7dNJXxr9DopqjgP4ZFojmeMU0H6aU1DXwxMbkGK4hfZFUvdiSgtko6ecb7H84j6Q6zsuODwQP4EionVjQjeGrmIeuqtnJGQyOoNG4WEvCGDWyjXSQKeI_CAV_reVTlJugRbPrVjDL65cARZhIRMN4k1TSBwNe0BcchwcrclVtEXlik0e86yc6Msgx4rBryt_gK6V84QOb_6N878iqFEOiMi2-PGeOjAjLtvZDVZlhLU6QLiBCsIqxdQyYM7z-IWICyBJ2PknmQ7Roznjx32SP-mQ;+_ga=GA1.1.1778607093.1746638259;+_ga_DP5ZZ9VH84=GS2.1.s1746686734$o2$g1$t1746687606$j60$l0$h0 https://www.extron.de/download/dltrack.aspx?file=NAV_1G_Series_v1x01x0004-b010.exe&id=225720 www.extron.de 304 0 0 1702 2
2025-05-08 07:00:26 10.1.0.50 GET /Content/vendor/jquery-mobile-events/jquery.mobile-events.js - 443 - 10.1.16.1 Mozilla/5.0+(Linux;+Android+10;+K)+AppleWebKit/537.36+(KHTML,+like+Gecko)+Chrome/135.0.0.0+Mobile+Safari/537.36 ASP.NET_SessionId=her3mvxcmkmc3lqtjd3blabc;+region=3;+lang=1;+__RequestVerificationToken=3Fybv7eauozQA7WcunWalc5zlH_lPusuy02CfJcNZFcGOsEQGYTSA-e3lkhYmr-1sQzhbkdulwqxXTfwGIWF_CqO_Fo1;+BIGipServerextron.com_443_pool=!QwtMNQTZtL+0rrAMjvaJwiHEDz8tIKr9xHyUYpt7m40RaeP+YegBg8WYutsegKLo3UEuQEJdmjh9Xg==;+_ga_DP5ZZ9VH84=GS2.1.s1746687605$o1$g0$t1746687605$j60$l0$h0;+_ga=GA1.2.941362758.1746687606;+_gid=GA1.2.414470488.1746687606;+_gat_UA-130285241-1=1 https://www.extron.com/article/autocadbd www.extron.com 200 0 0 43185 0
2025-05-08 07:00:26 10.1.0.50 GET /Content/vendor/js-cookie/js.cookie-2.2.0.js - 443 - 10.1.16.1 Mozilla/5.0+(Linux;+Android+10;+K)+AppleWebKit/537.36+(KHTML,+like+Gecko)+Chrome/135.0.0.0+Mobile+Safari/537.36 ASP.NET_SessionId=her3mvxcmkmc3lqtjd3blabc;+region=3;+lang=1;+__RequestVerificationToken=3Fybv7eauozQA7WcunWalc5zlH_lPusuy02CfJcNZFcGOsEQGYTSA-e3lkhYmr-1sQzhbkdulwqxXTfwGIWF_CqO_Fo1;+BIGipServerextron.com_443_pool=!QwtMNQTZtL+0rrAMjvaJwiHEDz8tIKr9xHyUYpt7m40RaeP+YegBg8WYutsegKLo3UEuQEJdmjh9Xg==;+_ga_DP5ZZ9VH84=GS2.1.s1746687605$o1$g0$t1746687605$j60$l0$h0;+_ga=GA1.2.941362758.1746687606;+_gid=GA1.2.414470488.1746687606;+_gat_UA-130285241-1=1 https://www.extron.com/article/autocadbd www.extron.com 200 0 0 5852 1
2025-05-08 07:00:26 10.1.0.50 GET /Content/vendor/prependaround/prependaround.js - 443 - 10.1.16.1 Mozilla/5.0+(Linux;+Android+10;+K)+AppleWebKit/537.36+(KHTML,+like+Gecko)+Chrome/135.0.0.0+Mobile+Safari/537.36 ASP.NET_SessionId=her3mvxcmkmc3lqtjd3blabc;+region=3;+lang=1;+__RequestVerificationToken=3Fybv7eauozQA7WcunWalc5zlH_lPusuy02CfJcNZFcGOsEQGYTSA-e3lkhYmr-1sQzhbkdulwqxXTfwGIWF_CqO_Fo1;+BIGipServerextron.com_443_pool=!QwtMNQTZtL+0rrAMjvaJwiHEDz8tIKr9xHyUYpt7m40RaeP+YegBg8WYutsegKLo3UEuQEJdmjh9Xg==;+_ga_DP5ZZ9VH84=GS2.1.s1746687605$o1$g0$t1746687605$j60$l0$h0;+_ga=GA1.2.941362758.1746687606;+_gid=GA1.2.414470488.1746687606;+_gat_UA-130285241-1=1 https://www.extron.com/article/autocadbd www.extron.com 200 0 0 3451 1
2025-05-08 07:00:26 10.1.0.50 GET /technology/technology.aspx techid=1&s=teb&tabid=2&pagevid=1 80 - 10.1.16.1 Mozilla/5.0+(compatible;+DotBot/1.2;++https://opensiteexplorer.org/dotbot;+help@moz.com) - - www.extron.com 301 0 0 1843 2
2025-05-08 07:00:26 10.1.0.50 GET /favicon.ico v=20180420 443 - 10.1.16.1 Mozilla/5.0+(Windows+NT+10.0;+Win64;+x64)+AppleWebKit/537.36+(KHTML,+like+Gecko)+Chrome/136.0.0.0+Safari/537.36 ASP.NET_SessionId=jopcffqmgwqv1v1fu0yvpn3y;+region=2;+lang=3;+__RequestVerificationToken=snhncBTGJQvKcaPr2FJhAi6c63iek5oUZORloZQNV9vHqv_mxIfnftcxcEOWCRcl08gyrlZVIInPQ1hfoHBlkunu10o1;+BIGipServerextron.com_443_pool=!b55nGGb+5A5PurQMjvaJwiHEDz8tIHvxnPIl8JEOQhrZIM8nvLV4Ebx5Kz9yLYHMDg96M+b4O/LS/A==;+_gid=GA1.2.1525870029.1746687605;+_gat_UA-130285241-1=1;+_ga_DP5ZZ9VH84=GS2.1.s1746687605$o1$g0$t1746687605$j60$l0$h0;+_ga=GA1.1.468313871.1746687605;+_clck=1mp1exz%7C2%7Cfvq%7C0%7C1954;+_clsk=1224yc0%7C1746687606012%7C1%7C1%7Cs.clarity.ms%2Fcollect https://www.extron.de/ www.extron.de 200 0 0 9197 1
2025-05-08 07:00:26 10.1.0.50 GET /Content/vendor/fancybox-3.5.7/dist/jquery.fancybox.css - 443 juan.ordonez@gleich-gmbh.com 10.1.16.1 Mozilla/5.0+(Windows+NT+10.0;+Win64;+x64)+AppleWebKit/537.36+(KHTML,+like+Gecko)+Chrome/135.0.0.0+Safari/537.36 region=2;+lang=3;+_gid=GA1.2.1293735567.1746638260;+ExtronRecViewProd=navsd101;+ASP.NET_SessionId=egz4hrrqx5uoj34re1pvk4cq;+__RequestVerificationToken=NPG1AIha69RpYXOMI39yR2ILIZKfKzUahGh7mgrjX7TkEJkbuCdG4wXEwNT8_lWmPCggqH1yWHgKnRmBQBIFbrIYSFA1;+BIGipServerextron.com_443_pool=!bdpG0AKp7kTxBHcMjvaJwiHEDz8tIAKdhR6dmVvntyC0fiG0K6V2o6tkPHm/B8AcCbtkbM1yJGS0jg==;+returnurl=/;+username=juan.ordonez@gleich-gmbh.com;+PriceClass=38;+PriceList=EUREU;+.AspNet.Cookies=PGzSFQc7By0Wbx9m1p5ACsHjlR7uDjuZkVZj2qJmC-qSqRtVDEG0kZBbOlFF5ed2QSMq7hn6bJ5Y6J3PbYdeTVvTuKHwl6o2mKwdsnW1RqFTbv_rXaOyecGhYpKhY-Kh70eS1G4voX88PvMLxo2LcpUYSao7YAbmCKOGdsi3ku9v2e7dNJXxr9DopqjgP4ZFojmeMU0H6aU1DXwxMbkGK4hfZFUvdiSgtko6ecb7H84j6Q6zsuODwQP4EionVjQjeGrmIeuqtnJGQyOoNG4WEvCGDWyjXSQKeI_CAV_reVTlJugRbPrVjDL65cARZhIRMN4k1TSBwNe0BcchwcrclVtEXlik0e86yc6Msgx4rBryt_gK6V84QOb_6N878iqFEOiMi2-PGeOjAjLtvZDVZlhLU6QLiBCsIqxdQyYM7z-IWICyBJ2PknmQ7Roznjx32SP-mQ;+_ga=GA1.1.1778607093.1746638259;+_ga_DP5ZZ9VH84=GS2.1.s1746686734$o2$g1$t1746687606$j60$l0$h0 https://www.extron.de/download/dltrack.aspx?file=NAV_1G_Series_v1x01x0004-b010.exe&id=225720 www.extron.de 304 0 0 1705 2
2025-05-08 07:00:26 10.1.0.50 GET /Content/vendor/slick/slick.js - 443 - 10.1.16.1 Mozilla/5.0+(Linux;+Android+10;+K)+AppleWebKit/537.36+(KHTML,+like+Gecko)+Chrome/135.0.0.0+Mobile+Safari/537.36 ASP.NET_SessionId=her3mvxcmkmc3lqtjd3blabc;+region=3;+lang=1;+__RequestVerificationToken=3Fybv7eauozQA7WcunWalc5zlH_lPusuy02CfJcNZFcGOsEQGYTSA-e3lkhYmr-1sQzhbkdulwqxXTfwGIWF_CqO_Fo1;+BIGipServerextron.com_443_pool=!QwtMNQTZtL+0rrAMjvaJwiHEDz8tIKr9xHyUYpt7m40RaeP+YegBg8WYutsegKLo3UEuQEJdmjh9Xg==;+_ga_DP5ZZ9VH84=GS2.1.s1746687605$o1$g0$t1746687605$j60$l0$h0;+_ga=GA1.2.941362758.1746687606;+_gid=GA1.2.414470488.1746687606;+_gat_UA-130285241-1=1;+_clck=3xfc61%7C2%7Cfvq%7C0%7C1954 https://www.extron.com/article/autocadbd www.extron.com 200 0 0 93556 1
2025-05-08 07:00:26 10.1.0.50 GET /inc/jquery/jquery.autocomplete.css - 443 juan.ordonez@gleich-gmbh.com 10.1.16.1 Mozilla/5.0+(Windows+NT+10.0;+Win64;+x64)+AppleWebKit/537.36+(KHTML,+like+Gecko)+Chrome/135.0.0.0+Safari/537.36 region=2;+lang=3;+_gid=GA1.2.1293735567.1746638260;+ExtronRecViewProd=navsd101;+ASP.NET_SessionId=egz4hrrqx5uoj34re1pvk4cq;+__RequestVerificationToken=NPG1AIha69RpYXOMI39yR2ILIZKfKzUahGh7mgrjX7TkEJkbuCdG4wXEwNT8_lWmPCggqH1yWHgKnRmBQBIFbrIYSFA1;+BIGipServerextron.com_443_pool=838861066.47873.0000;+returnurl=/;+username=juan.ordonez@gleich-gmbh.com;+PriceClass=38;+PriceList=EUREU;+.AspNet.Cookies=PGzSFQc7By0Wbx9m1p5ACsHjlR7uDjuZkVZj2qJmC-qSqRtVDEG0kZBbOlFF5ed2QSMq7hn6bJ5Y6J3PbYdeTVvTuKHwl6o2mKwdsnW1RqFTbv_rXaOyecGhYpKhY-Kh70eS1G4voX88PvMLxo2LcpUYSao7YAbmCKOGdsi3ku9v2e7dNJXxr9DopqjgP4ZFojmeMU0H6aU1DXwxMbkGK4hfZFUvdiSgtko6ecb7H84j6Q6zsuODwQP4EionVjQjeGrmIeuqtnJGQyOoNG4WEvCGDWyjXSQKeI_CAV_reVTlJugRbPrVjDL65cARZhIRMN4k1TSBwNe0BcchwcrclVtEXlik0e86yc6Msgx4rBryt_gK6V84QOb_6N878iqFEOiMi2-PGeOjAjLtvZDVZlhLU6QLiBCsIqxdQyYM7z-IWICyBJ2PknmQ7Roznjx32SP-mQ;+_ga=GA1.1.1778607093.1746638259;+_ga_DP5ZZ9VH84=GS2.1.s1746686734$o2$g1$t1746687606$j60$l0$h0 https://www.extron.de/download/dltrack.aspx?file=NAV_1G_Series_v1x01x0004-b010.exe&id=225720 www.extron.de 304 0 0 1702 1
2025-05-08 07:00:26 10.1.0.50 GET /inc/jquery/extron.flowplayer.css nocache=09052019 443 juan.ordonez@gleich-gmbh.com 10.1.16.1 Mozilla/5.0+(Windows+NT+10.0;+Win64;+x64)+AppleWebKit/537.36+(KHTML,+like+Gecko)+Chrome/135.0.0.0+Safari/537.36 region=2;+lang=3;+_gid=GA1.2.1293735567.1746638260;+ExtronRecViewProd=navsd101;+ASP.NET_SessionId=egz4hrrqx5uoj34re1pvk4cq;+__RequestVerificationToken=NPG1AIha69RpYXOMI39yR2ILIZKfKzUahGh7mgrjX7TkEJkbuCdG4wXEwNT8_lWmPCggqH1yWHgKnRmBQBIFbrIYSFA1;+BIGipServerextron.com_443_pool=838861066.47873.0000;+returnurl=/;+username=juan.ordonez@gleich-gmbh.com;+PriceClass=38;+PriceList=EUREU;+.AspNet.Cookies=PGzSFQc7By0Wbx9m1p5ACsHjlR7uDjuZkVZj2qJmC-qSqRtVDEG0kZBbOlFF5ed2QSMq7hn6bJ5Y6J3PbYdeTVvTuKHwl6o2mKwdsnW1RqFTbv_rXaOyecGhYpKhY-Kh70eS1G4voX88PvMLxo2LcpUYSao7YAbmCKOGdsi3ku9v2e7dNJXxr9DopqjgP4ZFojmeMU0H6aU1DXwxMbkGK4hfZFUvdiSgtko6ecb7H84j6Q6zsuODwQP4EionVjQjeGrmIeuqtnJGQyOoNG4WEvCGDWyjXSQKeI_CAV_reVTlJugRbPrVjDL65cARZhIRMN4k1TSBwNe0BcchwcrclVtEXlik0e86yc6Msgx4rBryt_gK6V84QOb_6N878iqFEOiMi2-PGeOjAjLtvZDVZlhLU6QLiBCsIqxdQyYM7z-IWICyBJ2PknmQ7Roznjx32SP-mQ;+_ga=GA1.1.1778607093.1746638259;+_ga_DP5ZZ9VH84=GS2.1.s1746686734$o2$g1$t1746687606$j60$l0$h0 https://www.extron.de/download/dltrack.aspx?file=NAV_1G_Series_v1x01x0004-b010.exe&id=225720 www.extron.de 304 0 0 1702 1
2025-05-08 07:00:26 10.1.0.50 GET /inc/jquery/jquery-3.3.1.min.js - 443 juan.ordonez@gleich-gmbh.com 10.1.16.1 Mozilla/5.0+(Windows+NT+10.0;+Win64;+x64)+AppleWebKit/537.36+(KHTML,+like+Gecko)+Chrome/135.0.0.0+Safari/537.36 region=2;+lang=3;+_gid=GA1.2.1293735567.1746638260;+ExtronRecViewProd=navsd101;+ASP.NET_SessionId=egz4hrrqx5uoj34re1pvk4cq;+__RequestVerificationToken=NPG1AIha69RpYXOMI39yR2ILIZKfKzUahGh7mgrjX7TkEJkbuCdG4wXEwNT8_lWmPCggqH1yWHgKnRmBQBIFbrIYSFA1;+BIGipServerextron.com_443_pool=!bdpG0AKp7kTxBHcMjvaJwiHEDz8tIAKdhR6dmVvntyC0fiG0K6V2o6tkPHm/B8AcCbtkbM1yJGS0jg==;+returnurl=/;+username=juan.ordonez@gleich-gmbh.com;+PriceClass=38;+PriceList=EUREU;+.AspNet.Cookies=PGzSFQc7By0Wbx9m1p5ACsHjlR7uDjuZkVZj2qJmC-qSqRtVDEG0kZBbOlFF5ed2QSMq7hn6bJ5Y6J3PbYdeTVvTuKHwl6o2mKwdsnW1RqFTbv_rXaOyecGhYpKhY-Kh70eS1G4voX88PvMLxo2LcpUYSao7YAbmCKOGdsi3ku9v2e7dNJXxr9DopqjgP4ZFojmeMU0H6aU1DXwxMbkGK4hfZFUvdiSgtko6ecb7H84j6Q6zsuODwQP4EionVjQjeGrmIeuqtnJGQyOoNG4WEvCGDWyjXSQKeI_CAV_reVTlJugRbPrVjDL65cARZhIRMN4k1TSBwNe0BcchwcrclVtEXlik0e86yc6Msgx4rBryt_gK6V84QOb_6N878iqFEOiMi2-PGeOjAjLtvZDVZlhLU6QLiBCsIqxdQyYM7z-IWICyBJ2PknmQ7Roznjx32SP-mQ;+_ga=GA1.1.1778607093.1746638259;+_ga_DP5ZZ9VH84=GS2.1.s1746686734$o2$g1$t1746687606$j60$l0$h0 https://www.extron.de/download/dltrack.aspx?file=NAV_1G_Series_v1x01x0004-b010.exe&id=225720 www.extron.de 304 0 0 1702 1
2025-05-08 07:00:26 10.1.0.50 GET /download/styles.css - 443 juan.ordonez@gleich-gmbh.com 10.1.16.1 Mozilla/5.0+(Windows+NT+10.0;+Win64;+x64)+AppleWebKit/537.36+(KHTML,+like+Gecko)+Chrome/135.0.0.0+Safari/537.36 region=2;+lang=3;+_gid=GA1.2.1293735567.1746638260;+ExtronRecViewProd=navsd101;+ASP.NET_SessionId=egz4hrrqx5uoj34re1pvk4cq;+__RequestVerificationToken=NPG1AIha69RpYXOMI39yR2ILIZKfKzUahGh7mgrjX7TkEJkbuCdG4wXEwNT8_lWmPCggqH1yWHgKnRmBQBIFbrIYSFA1;+BIGipServerextron.com_443_pool=838861066.47873.0000;+returnurl=/;+username=juan.ordonez@gleich-gmbh.com;+PriceClass=38;+PriceList=EUREU;+.AspNet.Cookies=PGzSFQc7By0Wbx9m1p5ACsHjlR7uDjuZkVZj2qJmC-qSqRtVDEG0kZBbOlFF5ed2QSMq7hn6bJ5Y6J3PbYdeTVvTuKHwl6o2mKwdsnW1RqFTbv_rXaOyecGhYpKhY-Kh70eS1G4voX88PvMLxo2LcpUYSao7YAbmCKOGdsi3ku9v2e7dNJXxr9DopqjgP4ZFojmeMU0H6aU1DXwxMbkGK4hfZFUvdiSgtko6ecb7H84j6Q6zsuODwQP4EionVjQjeGrmIeuqtnJGQyOoNG4WEvCGDWyjXSQKeI_CAV_reVTlJugRbPrVjDL65cARZhIRMN4k1TSBwNe0BcchwcrclVtEXlik0e86yc6Msgx4rBryt_gK6V84QOb_6N878iqFEOiMi2-PGeOjAjLtvZDVZlhLU6QLiBCsIqxdQyYM7z-IWICyBJ2PknmQ7Roznjx32SP-mQ;+_ga=GA1.1.1778607093.1746638259;+_ga_DP5ZZ9VH84=GS2.1.s1746686734$o2$g1$t1746687606$j60$l0$h0 https://www.extron.de/download/dltrack.aspx?file=NAV_1G_Series_v1x01x0004-b010.exe&id=225720 www.extron.de 304 0 0 1703 2
2025-05-08 07:00:26 10.1.0.50 GET /inc/jquery/jqueryUI/jquery-ui-1.12.1.min.js - 443 juan.ordonez@gleich-gmbh.com 10.1.16.1 Mozilla/5.0+(Windows+NT+10.0;+Win64;+x64)+AppleWebKit/537.36+(KHTML,+like+Gecko)+Chrome/135.0.0.0+Safari/537.36 region=2;+lang=3;+_gid=GA1.2.1293735567.1746638260;+ExtronRecViewProd=navsd101;+ASP.NET_SessionId=egz4hrrqx5uoj34re1pvk4cq;+__RequestVerificationToken=NPG1AIha69RpYXOMI39yR2ILIZKfKzUahGh7mgrjX7TkEJkbuCdG4wXEwNT8_lWmPCggqH1yWHgKnRmBQBIFbrIYSFA1;+BIGipServerextron.com_443_pool=838861066.47873.0000;+returnurl=/;+username=juan.ordonez@gleich-gmbh.com;+PriceClass=38;+PriceList=EUREU;+.AspNet.Cookies=PGzSFQc7By0Wbx9m1p5ACsHjlR7uDjuZkVZj2qJmC-qSqRtVDEG0kZBbOlFF5ed2QSMq7hn6bJ5Y6J3PbYdeTVvTuKHwl6o2mKwdsnW1RqFTbv_rXaOyecGhYpKhY-Kh70eS1G4voX88PvMLxo2LcpUYSao7YAbmCKOGdsi3ku9v2e7dNJXxr9DopqjgP4ZFojmeMU0H6aU1DXwxMbkGK4hfZFUvdiSgtko6ecb7H84j6Q6zsuODwQP4EionVjQjeGrmIeuqtnJGQyOoNG4WEvCGDWyjXSQKeI_CAV_reVTlJugRbPrVjDL65cARZhIRMN4k1TSBwNe0BcchwcrclVtEXlik0e86yc6Msgx4rBryt_gK6V84QOb_6N878iqFEOiMi2-PGeOjAjLtvZDVZlhLU6QLiBCsIqxdQyYM7z-IWICyBJ2PknmQ7Roznjx32SP-mQ;+_ga=GA1.1.1778607093.1746638259;+_ga_DP5ZZ9VH84=GS2.1.s1746686734$o2$g1$t1746687606$j60$l0$h0 https://www.extron.de/download/dltrack.aspx?file=NAV_1G_Series_v1x01x0004-b010.exe&id=225720 www.extron.de 304 0 0 1702 1
2025-05-08 07:00:26 10.1.0.50 GET /Scripts/Shared/videoplayer.js - 443 - 10.1.16.1 Mozilla/5.0+(Linux;+Android+10;+K)+AppleWebKit/537.36+(KHTML,+like+Gecko)+Chrome/135.0.0.0+Mobile+Safari/537.36 ASP.NET_SessionId=her3mvxcmkmc3lqtjd3blabc;+region=3;+lang=1;+__RequestVerificationToken=3Fybv7eauozQA7WcunWalc5zlH_lPusuy02CfJcNZFcGOsEQGYTSA-e3lkhYmr-1sQzhbkdulwqxXTfwGIWF_CqO_Fo1;+BIGipServerextron.com_443_pool=!QwtMNQTZtL+0rrAMjvaJwiHEDz8tIKr9xHyUYpt7m40RaeP+YegBg8WYutsegKLo3UEuQEJdmjh9Xg==;+_ga_DP5ZZ9VH84=GS2.1.s1746687605$o1$g0$t1746687605$j60$l0$h0;+_ga=GA1.2.941362758.1746687606;+_gid=GA1.2.414470488.1746687606;+_gat_UA-130285241-1=1;+_clck=3xfc61%7C2%7Cfvq%7C0%7C1954 https://www.extron.com/article/autocadbd www.extron.com 200 0 0 36749 1
2025-05-08 07:00:26 10.1.0.50 GET /Scripts/Shared/autohide.js - 443 - 10.1.16.1 Mozilla/5.0+(Linux;+Android+10;+K)+AppleWebKit/537.36+(KHTML,+like+Gecko)+Chrome/135.0.0.0+Mobile+Safari/537.36 ASP.NET_SessionId=her3mvxcmkmc3lqtjd3blabc;+region=3;+lang=1;+__RequestVerificationToken=3Fybv7eauozQA7WcunWalc5zlH_lPusuy02CfJcNZFcGOsEQGYTSA-e3lkhYmr-1sQzhbkdulwqxXTfwGIWF_CqO_Fo1;+BIGipServerextron.com_443_pool=!QwtMNQTZtL+0rrAMjvaJwiHEDz8tIKr9xHyUYpt7m40RaeP+YegBg8WYutsegKLo3UEuQEJdmjh9Xg==;+_ga_DP5ZZ9VH84=GS2.1.s1746687605$o1$g0$t1746687605$j60$l0$h0;+_ga=GA1.2.941362758.1746687606;+_gid=GA1.2.414470488.1746687606;+_gat_UA-130285241-1=1;+_clck=3xfc61%7C2%7Cfvq%7C0%7C1954 https://www.extron.com/article/autocadbd www.extron.com 200 0 0 8272 0
2025-05-08 07:00:26 10.1.0.50 GET /Scripts/Shared/main.js 20240613 443 - 10.1.16.1 Mozilla/5.0+(Linux;+Android+10;+K)+AppleWebKit/537.36+(KHTML,+like+Gecko)+Chrome/135.0.0.0+Mobile+Safari/537.36 ASP.NET_SessionId=her3mvxcmkmc3lqtjd3blabc;+region=3;+lang=1;+__RequestVerificationToken=3Fybv7eauozQA7WcunWalc5zlH_lPusuy02CfJcNZFcGOsEQGYTSA-e3lkhYmr-1sQzhbkdulwqxXTfwGIWF_CqO_Fo1;+BIGipServerextron.com_443_pool=!QwtMNQTZtL+0rrAMjvaJwiHEDz8tIKr9xHyUYpt7m40RaeP+YegBg8WYutsegKLo3UEuQEJdmjh9Xg==;+_ga_DP5ZZ9VH84=GS2.1.s1746687605$o1$g0$t1746687605$j60$l0$h0;+_ga=GA1.2.941362758.1746687606;+_gid=GA1.2.414470488.1746687606;+_gat_UA-130285241-1=1;+_clck=3xfc61%7C2%7Cfvq%7C0%7C1954 https://www.extron.com/article/autocadbd www.extron.com 200 0 0 63254 1
2025-05-08 07:00:26 10.1.0.50 GET /product/mlcplus200 - 443 - 10.1.16.1 Mozilla/5.0+(Windows+NT+10.0;+Win64;+x64;+rv:138.0)+Gecko/20100101+Firefox/138.0 ASP.NET_SessionId=j4455r3vqamqtcyucvqganrh;+region=1;+lang=1;+__RequestVerificationToken=OmekRpBuLjwllt2VjBYBDhFPFEHf-1SXjG_sBZzqRhH2C6746utbyzaGw91_JyZZP3pj4AKF59ftOGCZ6F54X4rhusk1;+BIGipServerextron.com_443_pool=!ADCTTCKedAc2+IkMjvaJwiHEDz8tIEcTCror+/E542zR2uD/A43PMQBvuCTR5YkCmQ0UdZlbaxq+2w==;+ExtronRecViewProd=nbp200 https://www.extron.com/MLC-Plus-200-Series/prodsubtype-639 www.extron.com 200 0 0 126300 98
2025-05-08 07:00:26 10.1.0.50 GET /robots.txt - 80 - 10.1.16.1 Mozilla/5.0+(compatible;+DotBot/1.2;++https://opensiteexplorer.org/dotbot;+help@moz.com) - - www.extron.es 200 0 0 2086 1
2025-05-08 07:00:26 10.1.0.50 GET /api/v1/Article/Get articlehandle=menuproducts&lang=1&region=1&loggedin=false 443 - 10.1.16.1 Mozilla/5.0+(Windows+NT+6.1;+Win64;+x64)+AppleWebKit/537.36+(KHTML,+like+Gecko)+Chrome/109.0.0.0+Safari/537.36+Edg/109.0.1518.140 ASP.NET_SessionId=v4sr0zkzacze3mouncia1scm;+region=1;+lang=1;+__RequestVerificationToken=RH9ezm4kZ2-wwmjtjTuL-ZymLaimkPkviC8qf2ASEc-aWXAHS-MNG30m0PRb9di0VwUkJf40jZYILZ9eCiVBvKI0n2Q1;+BIGipServerextron.com_443_pool=!5S7tXiqUToJ84EkMjvaJwiHEDz8tIOwI4vIgmb+T3iRLDhxjUlXRW8D7J2Ep1r4KmhNFrjzB9hUcEg==;+_ga_DP5ZZ9VH84=GS2.1.s1746687591$o1$g0$t1746687591$j60$l0$h0;+_ga=GA1.1.1664943975.1746687592 https://www.extron.com/article/loudnesscontrol_ts www.extron.com 200 0 0 10106 3
2025-05-08 07:00:26 10.1.0.50 GET /api/v1/Article/Get articlehandle=menutraining&lang=1&region=1&loggedin=false 443 - 10.1.16.1 Mozilla/5.0+(Windows+NT+6.1;+Win64;+x64)+AppleWebKit/537.36+(KHTML,+like+Gecko)+Chrome/109.0.0.0+Safari/537.36+Edg/109.0.1518.140 ASP.NET_SessionId=v4sr0zkzacze3mouncia1scm;+region=1;+lang=1;+__RequestVerificationToken=RH9ezm4kZ2-wwmjtjTuL-ZymLaimkPkviC8qf2ASEc-aWXAHS-MNG30m0PRb9di0VwUkJf40jZYILZ9eCiVBvKI0n2Q1;+BIGipServerextron.com_443_pool=!5S7tXiqUToJ84EkMjvaJwiHEDz8tIOwI4vIgmb+T3iRLDhxjUlXRW8D7J2Ep1r4KmhNFrjzB9hUcEg==;+_ga_DP5ZZ9VH84=GS2.1.s1746687591$o1$g0$t1746687591$j60$l0$h0;+_ga=GA1.1.1664943975.1746687592 https://www.extron.com/article/loudnesscontrol_ts www.extron.com 200 0 0 7554 3
2025-05-08 07:00:26 10.1.0.50 GET /Content/vendor/fontawesome/webfonts/fa-brands-400.woff2 - 443 - 10.1.16.1 Mozilla/5.0+(Windows+NT+10.0;+Win64;+x64)+AppleWebKit/537.36+(KHTML,+like+Gecko)+Chrome/136.0.0.0+Safari/537.36+Edg/136.0.0.0 _clck=yv86ir%7C2%7Cfmq%7C0%7C1560;+region=2;+lang=3;+ExtronRecViewProd=ipcppro250xi,dtp2t212,xtpdtp24series,dtpcp4k82;+_ga=GA1.1.1613182277.1712662822;+_ga_DP5ZZ9VH84=GS1.1.1744637157.7.0.1744637157.60.0.0;+ASP.NET_SessionId=nkgbywgpkcyekixp22ujgint;+__RequestVerificationToken=3xrHXuqkcAcXSyPA00j7AXJC4P507yIcAdJdzI2aC5ZndFLJG7YQj90M7C2361kvD0V2IQlqPSm9w8wIYrbYSCCri4E1;+BIGipServerextron.com_443_pool=!EWleaa37NparcDcMjvaJwiHEDz8tIJ0tpx+SHLESOQ2bZ2HRSVRZ54FOCWjDpyjt3r6dsrsr5Rmv2Q== https://www.extron.de/Content/vendor/fontawesome/css/all.min.css www.extron.de 200 0 0 112897 1
2025-05-08 07:00:26 10.1.0.50 GET /api/v1/Article/Get articlehandle=menuresources&lang=1&region=1&loggedin=false 443 - 10.1.16.1 Mozilla/5.0+(Windows+NT+6.1;+Win64;+x64)+AppleWebKit/537.36+(KHTML,+like+Gecko)+Chrome/109.0.0.0+Safari/537.36+Edg/109.0.1518.140 ASP.NET_SessionId=v4sr0zkzacze3mouncia1scm;+region=1;+lang=1;+__RequestVerificationToken=RH9ezm4kZ2-wwmjtjTuL-ZymLaimkPkviC8qf2ASEc-aWXAHS-MNG30m0PRb9di0VwUkJf40jZYILZ9eCiVBvKI0n2Q1;+BIGipServerextron.com_443_pool=!5S7tXiqUToJ84EkMjvaJwiHEDz8tIOwI4vIgmb+T3iRLDhxjUlXRW8D7J2Ep1r4KmhNFrjzB9hUcEg==;+_ga_DP5ZZ9VH84=GS2.1.s1746687591$o1$g0$t1746687591$j60$l0$h0;+_ga=GA1.1.1664943975.1746687592 https://www.extron.com/article/loudnesscontrol_ts www.extron.com 200 0 0 11876 4
2025-05-08 07:00:26 10.1.0.50 GET /api/v1/Article/Get articlehandle=menucompany&lang=1&region=1&loggedin=false 443 - 10.1.16.1 Mozilla/5.0+(Windows+NT+6.1;+Win64;+x64)+AppleWebKit/537.36+(KHTML,+like+Gecko)+Chrome/109.0.0.0+Safari/537.36+Edg/109.0.1518.140 ASP.NET_SessionId=v4sr0zkzacze3mouncia1scm;+region=1;+lang=1;+__RequestVerificationToken=RH9ezm4kZ2-wwmjtjTuL-ZymLaimkPkviC8qf2ASEc-aWXAHS-MNG30m0PRb9di0VwUkJf40jZYILZ9eCiVBvKI0n2Q1;+BIGipServerextron.com_443_pool=!5S7tXiqUToJ84EkMjvaJwiHEDz8tIOwI4vIgmb+T3iRLDhxjUlXRW8D7J2Ep1r4KmhNFrjzB9hUcEg==;+_ga_DP5ZZ9VH84=GS2.1.s1746687591$o1$g0$t1746687591$j60$l0$h0;+_ga=GA1.1.1664943975.1746687592 https://www.extron.com/article/loudnesscontrol_ts www.extron.com 200 0 0 8636 3
2025-05-08 07:00:26 10.1.0.50 GET /Content/vendor/bootstrap/bootstrap.bundle.min.js - 443 juan.ordonez@gleich-gmbh.com 10.1.16.1 Mozilla/5.0+(Windows+NT+10.0;+Win64;+x64)+AppleWebKit/537.36+(KHTML,+like+Gecko)+Chrome/135.0.0.0+Safari/537.36 region=2;+lang=3;+_gid=GA1.2.1293735567.1746638260;+ExtronRecViewProd=navsd101;+ASP.NET_SessionId=egz4hrrqx5uoj34re1pvk4cq;+__RequestVerificationToken=NPG1AIha69RpYXOMI39yR2ILIZKfKzUahGh7mgrjX7TkEJkbuCdG4wXEwNT8_lWmPCggqH1yWHgKnRmBQBIFbrIYSFA1;+BIGipServerextron.com_443_pool=!bdpG0AKp7kTxBHcMjvaJwiHEDz8tIAKdhR6dmVvntyC0fiG0K6V2o6tkPHm/B8AcCbtkbM1yJGS0jg==;+returnurl=/;+username=juan.ordonez@gleich-gmbh.com;+PriceClass=38;+PriceList=EUREU;+.AspNet.Cookies=PGzSFQc7By0Wbx9m1p5ACsHjlR7uDjuZkVZj2qJmC-qSqRtVDEG0kZBbOlFF5ed2QSMq7hn6bJ5Y6J3PbYdeTVvTuKHwl6o2mKwdsnW1RqFTbv_rXaOyecGhYpKhY-Kh70eS1G4voX88PvMLxo2LcpUYSao7YAbmCKOGdsi3ku9v2e7dNJXxr9DopqjgP4ZFojmeMU0H6aU1DXwxMbkGK4hfZFUvdiSgtko6ecb7H84j6Q6zsuODwQP4EionVjQjeGrmIeuqtnJGQyOoNG4WEvCGDWyjXSQKeI_CAV_reVTlJugRbPrVjDL65cARZhIRMN4k1TSBwNe0BcchwcrclVtEXlik0e86yc6Msgx4rBryt_gK6V84QOb_6N878iqFEOiMi2-PGeOjAjLtvZDVZlhLU6QLiBCsIqxdQyYM7z-IWICyBJ2PknmQ7Roznjx32SP-mQ;+_ga=GA1.1.1778607093.1746638259;+_ga_DP5ZZ9VH84=GS2.1.s1746686734$o2$g1$t1746687606$j60$l0$h0 https://www.extron.de/download/dltrack.aspx?file=NAV_1G_Series_v1x01x0004-b010.exe&id=225720 www.extron.de 304 0 0 1705 1
2025-05-08 07:00:26 10.1.0.50 GET /Content/vendor/fancybox-3.5.7/dist/jquery.fancybox.js - 443 juan.ordonez@gleich-gmbh.com 10.1.16.1 Mozilla/5.0+(Windows+NT+10.0;+Win64;+x64)+AppleWebKit/537.36+(KHTML,+like+Gecko)+Chrome/135.0.0.0+Safari/537.36 region=2;+lang=3;+_gid=GA1.2.1293735567.1746638260;+ExtronRecViewProd=navsd101;+ASP.NET_SessionId=egz4hrrqx5uoj34re1pvk4cq;+__RequestVerificationToken=NPG1AIha69RpYXOMI39yR2ILIZKfKzUahGh7mgrjX7TkEJkbuCdG4wXEwNT8_lWmPCggqH1yWHgKnRmBQBIFbrIYSFA1;+BIGipServerextron.com_443_pool=!bdpG0AKp7kTxBHcMjvaJwiHEDz8tIAKdhR6dmVvntyC0fiG0K6V2o6tkPHm/B8AcCbtkbM1yJGS0jg==;+returnurl=/;+username=juan.ordonez@gleich-gmbh.com;+PriceClass=38;+PriceList=EUREU;+.AspNet.Cookies=PGzSFQc7By0Wbx9m1p5ACsHjlR7uDjuZkVZj2qJmC-qSqRtVDEG0kZBbOlFF5ed2QSMq7hn6bJ5Y6J3PbYdeTVvTuKHwl6o2mKwdsnW1RqFTbv_rXaOyecGhYpKhY-Kh70eS1G4voX88PvMLxo2LcpUYSao7YAbmCKOGdsi3ku9v2e7dNJXxr9DopqjgP4ZFojmeMU0H6aU1DXwxMbkGK4hfZFUvdiSgtko6ecb7H84j6Q6zsuODwQP4EionVjQjeGrmIeuqtnJGQyOoNG4WEvCGDWyjXSQKeI_CAV_reVTlJugRbPrVjDL65cARZhIRMN4k1TSBwNe0BcchwcrclVtEXlik0e86yc6Msgx4rBryt_gK6V84QOb_6N878iqFEOiMi2-PGeOjAjLtvZDVZlhLU6QLiBCsIqxdQyYM7z-IWICyBJ2PknmQ7Roznjx32SP-mQ;+_ga=GA1.1.1778607093.1746638259;+_ga_DP5ZZ9VH84=GS2.1.s1746686734$o2$g1$t1746687606$j60$l0$h0 https://www.extron.de/download/dltrack.aspx?file=NAV_1G_Series_v1x01x0004-b010.exe&id=225720 www.extron.de 304 0 0 1705 1
2025-05-08 07:00:26 10.1.0.50 GET /Content/vendor/jquery-debounce/jquery.ba-throttle-debounce.min.js - 443 juan.ordonez@gleich-gmbh.com 10.1.16.1 Mozilla/5.0+(Windows+NT+10.0;+Win64;+x64)+AppleWebKit/537.36+(KHTML,+like+Gecko)+Chrome/135.0.0.0+Safari/537.36 region=2;+lang=3;+_gid=GA1.2.1293735567.1746638260;+ExtronRecViewProd=navsd101;+ASP.NET_SessionId=egz4hrrqx5uoj34re1pvk4cq;+__RequestVerificationToken=NPG1AIha69RpYXOMI39yR2ILIZKfKzUahGh7mgrjX7TkEJkbuCdG4wXEwNT8_lWmPCggqH1yWHgKnRmBQBIFbrIYSFA1;+BIGipServerextron.com_443_pool=!bdpG0AKp7kTxBHcMjvaJwiHEDz8tIAKdhR6dmVvntyC0fiG0K6V2o6tkPHm/B8AcCbtkbM1yJGS0jg==;+returnurl=/;+username=juan.ordonez@gleich-gmbh.com;+PriceClass=38;+PriceList=EUREU;+.AspNet.Cookies=PGzSFQc7By0Wbx9m1p5ACsHjlR7uDjuZkVZj2qJmC-qSqRtVDEG0kZBbOlFF5ed2QSMq7hn6bJ5Y6J3PbYdeTVvTuKHwl6o2mKwdsnW1RqFTbv_rXaOyecGhYpKhY-Kh70eS1G4voX88PvMLxo2LcpUYSao7YAbmCKOGdsi3ku9v2e7dNJXxr9DopqjgP4ZFojmeMU0H6aU1DXwxMbkGK4hfZFUvdiSgtko6ecb7H84j6Q6zsuODwQP4EionVjQjeGrmIeuqtnJGQyOoNG4WEvCGDWyjXSQKeI_CAV_reVTlJugRbPrVjDL65cARZhIRMN4k1TSBwNe0BcchwcrclVtEXlik0e86yc6Msgx4rBryt_gK6V84QOb_6N878iqFEOiMi2-PGeOjAjLtvZDVZlhLU6QLiBCsIqxdQyYM7z-IWICyBJ2PknmQ7Roznjx32SP-mQ;+_ga=GA1.1.1778607093.1746638259;+_ga_DP5ZZ9VH84=GS2.1.s1746686734$o2$g1$t1746687606$j60$l0$h0 https://www.extron.de/download/dltrack.aspx?file=NAV_1G_Series_v1x01x0004-b010.exe&id=225720 www.extron.de 304 0 0 1703 1
2025-05-08 07:00:26 10.1.0.50 GET /api/v1/Article/Get articlehandle=menudownload&lang=1&region=1&loggedin=false 443 - 10.1.16.1 Mozilla/5.0+(Windows+NT+6.1;+Win64;+x64)+AppleWebKit/537.36+(KHTML,+like+Gecko)+Chrome/109.0.0.0+Safari/537.36+Edg/109.0.1518.140 ASP.NET_SessionId=v4sr0zkzacze3mouncia1scm;+region=1;+lang=1;+__RequestVerificationToken=RH9ezm4kZ2-wwmjtjTuL-ZymLaimkPkviC8qf2ASEc-aWXAHS-MNG30m0PRb9di0VwUkJf40jZYILZ9eCiVBvKI0n2Q1;+BIGipServerextron.com_443_pool=!5S7tXiqUToJ84EkMjvaJwiHEDz8tIOwI4vIgmb+T3iRLDhxjUlXRW8D7J2Ep1r4KmhNFrjzB9hUcEg==;+_ga_DP5ZZ9VH84=GS2.1.s1746687591$o1$g0$t1746687591$j60$l0$h0;+_ga=GA1.1.1664943975.1746687592 https://www.extron.com/article/loudnesscontrol_ts www.extron.com 200 0 0 6186 2
2025-05-08 07:00:26 10.1.0.50 GET /Content/vendor/azuremediaplayer/azuremediaplayer.min.js - 443 juan.ordonez@gleich-gmbh.com 10.1.16.1 Mozilla/5.0+(Windows+NT+10.0;+Win64;+x64)+AppleWebKit/537.36+(KHTML,+like+Gecko)+Chrome/135.0.0.0+Safari/537.36 region=2;+lang=3;+_gid=GA1.2.1293735567.1746638260;+ExtronRecViewProd=navsd101;+ASP.NET_SessionId=egz4hrrqx5uoj34re1pvk4cq;+__RequestVerificationToken=NPG1AIha69RpYXOMI39yR2ILIZKfKzUahGh7mgrjX7TkEJkbuCdG4wXEwNT8_lWmPCggqH1yWHgKnRmBQBIFbrIYSFA1;+BIGipServerextron.com_443_pool=!bdpG0AKp7kTxBHcMjvaJwiHEDz8tIAKdhR6dmVvntyC0fiG0K6V2o6tkPHm/B8AcCbtkbM1yJGS0jg==;+returnurl=/;+username=juan.ordonez@gleich-gmbh.com;+PriceClass=38;+PriceList=EUREU;+.AspNet.Cookies=PGzSFQc7By0Wbx9m1p5ACsHjlR7uDjuZkVZj2qJmC-qSqRtVDEG0kZBbOlFF5ed2QSMq7hn6bJ5Y6J3PbYdeTVvTuKHwl6o2mKwdsnW1RqFTbv_rXaOyecGhYpKhY-Kh70eS1G4voX88PvMLxo2LcpUYSao7YAbmCKOGdsi3ku9v2e7dNJXxr9DopqjgP4ZFojmeMU0H6aU1DXwxMbkGK4hfZFUvdiSgtko6ecb7H84j6Q6zsuODwQP4EionVjQjeGrmIeuqtnJGQyOoNG4WEvCGDWyjXSQKeI_CAV_reVTlJugRbPrVjDL65cARZhIRMN4k1TSBwNe0BcchwcrclVtEXlik0e86yc6Msgx4rBryt_gK6V84QOb_6N878iqFEOiMi2-PGeOjAjLtvZDVZlhLU6QLiBCsIqxdQyYM7z-IWICyBJ2PknmQ7Roznjx32SP-mQ;+_ga=GA1.1.1778607093.1746638259;+_ga_DP5ZZ9VH84=GS2.1.s1746686734$o2$g1$t1746687606$j60$l0$h0 https://www.extron.de/download/dltrack.aspx?file=NAV_1G_Series_v1x01x0004-b010.exe&id=225720 www.extron.de 304 0 0 1703 1
2025-05-08 07:00:26 10.1.0.50 GET /inc/functions.js nocache=10242017 443 juan.ordonez@gleich-gmbh.com 10.1.16.1 Mozilla/5.0+(Windows+NT+10.0;+Win64;+x64)+AppleWebKit/537.36+(KHTML,+like+Gecko)+Chrome/135.0.0.0+Safari/537.36 region=2;+lang=3;+_gid=GA1.2.1293735567.1746638260;+ExtronRecViewProd=navsd101;+ASP.NET_SessionId=egz4hrrqx5uoj34re1pvk4cq;+__RequestVerificationToken=NPG1AIha69RpYXOMI39yR2ILIZKfKzUahGh7mgrjX7TkEJkbuCdG4wXEwNT8_lWmPCggqH1yWHgKnRmBQBIFbrIYSFA1;+BIGipServerextron.com_443_pool=!bdpG0AKp7kTxBHcMjvaJwiHEDz8tIAKdhR6dmVvntyC0fiG0K6V2o6tkPHm/B8AcCbtkbM1yJGS0jg==;+returnurl=/;+username=juan.ordonez@gleich-gmbh.com;+PriceClass=38;+PriceList=EUREU;+.AspNet.Cookies=PGzSFQc7By0Wbx9m1p5ACsHjlR7uDjuZkVZj2qJmC-qSqRtVDEG0kZBbOlFF5ed2QSMq7hn6bJ5Y6J3PbYdeTVvTuKHwl6o2mKwdsnW1RqFTbv_rXaOyecGhYpKhY-Kh70eS1G4voX88PvMLxo2LcpUYSao7YAbmCKOGdsi3ku9v2e7dNJXxr9DopqjgP4ZFojmeMU0H6aU1DXwxMbkGK4hfZFUvdiSgtko6ecb7H84j6Q6zsuODwQP4EionVjQjeGrmIeuqtnJGQyOoNG4WEvCGDWyjXSQKeI_CAV_reVTlJugRbPrVjDL65cARZhIRMN4k1TSBwNe0BcchwcrclVtEXlik0e86yc6Msgx4rBryt_gK6V84QOb_6N878iqFEOiMi2-PGeOjAjLtvZDVZlhLU6QLiBCsIqxdQyYM7z-IWICyBJ2PknmQ7Roznjx32SP-mQ;+_ga=GA1.1.1778607093.1746638259;+_ga_DP5ZZ9VH84=GS2.1.s1746686734$o2$g1$t1746687606$j60$l0$h0 https://www.extron.de/download/dltrack.aspx?file=NAV_1G_Series_v1x01x0004-b010.exe&id=225720 www.extron.de 304 0 0 1702 1
2025-05-08 07:00:26 10.1.0.50 GET /Scripts/Shared/videoplayer.js nocache=02172022 443 juan.ordonez@gleich-gmbh.com 10.1.16.1 Mozilla/5.0+(Windows+NT+10.0;+Win64;+x64)+AppleWebKit/537.36+(KHTML,+like+Gecko)+Chrome/135.0.0.0+Safari/537.36 region=2;+lang=3;+_gid=GA1.2.1293735567.1746638260;+ExtronRecViewProd=navsd101;+ASP.NET_SessionId=egz4hrrqx5uoj34re1pvk4cq;+__RequestVerificationToken=NPG1AIha69RpYXOMI39yR2ILIZKfKzUahGh7mgrjX7TkEJkbuCdG4wXEwNT8_lWmPCggqH1yWHgKnRmBQBIFbrIYSFA1;+BIGipServerextron.com_443_pool=!bdpG0AKp7kTxBHcMjvaJwiHEDz8tIAKdhR6dmVvntyC0fiG0K6V2o6tkPHm/B8AcCbtkbM1yJGS0jg==;+returnurl=/;+username=juan.ordonez@gleich-gmbh.com;+PriceClass=38;+PriceList=EUREU;+.AspNet.Cookies=PGzSFQc7By0Wbx9m1p5ACsHjlR7uDjuZkVZj2qJmC-qSqRtVDEG0kZBbOlFF5ed2QSMq7hn6bJ5Y6J3PbYdeTVvTuKHwl6o2mKwdsnW1RqFTbv_rXaOyecGhYpKhY-Kh70eS1G4voX88PvMLxo2LcpUYSao7YAbmCKOGdsi3ku9v2e7dNJXxr9DopqjgP4ZFojmeMU0H6aU1DXwxMbkGK4hfZFUvdiSgtko6ecb7H84j6Q6zsuODwQP4EionVjQjeGrmIeuqtnJGQyOoNG4WEvCGDWyjXSQKeI_CAV_reVTlJugRbPrVjDL65cARZhIRMN4k1TSBwNe0BcchwcrclVtEXlik0e86yc6Msgx4rBryt_gK6V84QOb_6N878iqFEOiMi2-PGeOjAjLtvZDVZlhLU6QLiBCsIqxdQyYM7z-IWICyBJ2PknmQ7Roznjx32SP-mQ;+_ga=GA1.1.1778607093.1746638259;+_ga_DP5ZZ9VH84=GS2.1.s1746686734$o2$g1$t1746687606$j60$l0$h0 https://www.extron.de/download/dltrack.aspx?file=NAV_1G_Series_v1x01x0004-b010.exe&id=225720 www.extron.de 304 0 0 1705 1
2025-05-08 07:00:26 10.1.0.50 GET /Scripts/Shared/login.js 20210406 443 - 10.1.16.1 Mozilla/5.0+(Linux;+Android+10;+K)+AppleWebKit/537.36+(KHTML,+like+Gecko)+Chrome/135.0.0.0+Mobile+Safari/537.36 ASP.NET_SessionId=her3mvxcmkmc3lqtjd3blabc;+region=3;+lang=1;+__RequestVerificationToken=3Fybv7eauozQA7WcunWalc5zlH_lPusuy02CfJcNZFcGOsEQGYTSA-e3lkhYmr-1sQzhbkdulwqxXTfwGIWF_CqO_Fo1;+BIGipServerextron.com_443_pool=!QwtMNQTZtL+0rrAMjvaJwiHEDz8tIKr9xHyUYpt7m40RaeP+YegBg8WYutsegKLo3UEuQEJdmjh9Xg==;+_ga_DP5ZZ9VH84=GS2.1.s1746687605$o1$g0$t1746687605$j60$l0$h0;+_ga=GA1.2.941362758.1746687606;+_gid=GA1.2.414470488.1746687606;+_gat_UA-130285241-1=1;+_clck=3xfc61%7C2%7Cfvq%7C0%7C1954 https://www.extron.com/article/autocadbd www.extron.com 200 0 0 10163 1
2025-05-08 07:00:26 10.1.0.50 GET /Content/featured/vendors/viewportchecker/jquery.viewportchecker.js - 443 - 10.1.16.1 Mozilla/5.0+(Linux;+Android+10;+K)+AppleWebKit/537.36+(KHTML,+like+Gecko)+Chrome/135.0.0.0+Mobile+Safari/537.36 ASP.NET_SessionId=her3mvxcmkmc3lqtjd3blabc;+region=3;+lang=1;+__RequestVerificationToken=3Fybv7eauozQA7WcunWalc5zlH_lPusuy02CfJcNZFcGOsEQGYTSA-e3lkhYmr-1sQzhbkdulwqxXTfwGIWF_CqO_Fo1;+BIGipServerextron.com_443_pool=!QwtMNQTZtL+0rrAMjvaJwiHEDz8tIKr9xHyUYpt7m40RaeP+YegBg8WYutsegKLo3UEuQEJdmjh9Xg==;+_ga_DP5ZZ9VH84=GS2.1.s1746687605$o1$g0$t1746687605$j60$l0$h0;+_ga=GA1.2.941362758.1746687606;+_gid=GA1.2.414470488.1746687606;+_gat_UA-130285241-1=1;+_clck=3xfc61%7C2%7Cfvq%7C0%7C1954 https://www.extron.com/article/autocadbd www.extron.com 200 0 0 9680 1
2025-05-08 07:00:26 10.1.0.50 GET /Content/featured/vendors/semantic-ui/popup/popup.min.js - 443 - 10.1.16.1 Mozilla/5.0+(Linux;+Android+10;+K)+AppleWebKit/537.36+(KHTML,+like+Gecko)+Chrome/135.0.0.0+Mobile+Safari/537.36 ASP.NET_SessionId=her3mvxcmkmc3lqtjd3blabc;+region=3;+lang=1;+__RequestVerificationToken=3Fybv7eauozQA7WcunWalc5zlH_lPusuy02CfJcNZFcGOsEQGYTSA-e3lkhYmr-1sQzhbkdulwqxXTfwGIWF_CqO_Fo1;+BIGipServerextron.com_443_pool=!QwtMNQTZtL+0rrAMjvaJwiHEDz8tIKr9xHyUYpt7m40RaeP+YegBg8WYutsegKLo3UEuQEJdmjh9Xg==;+_ga_DP5ZZ9VH84=GS2.1.s1746687605$o1$g0$t1746687605$j60$l0$h0;+_ga=GA1.2.941362758.1746687606;+_gid=GA1.2.414470488.1746687606;+_gat_UA-130285241-1=1;+_clck=3xfc61%7C2%7Cfvq%7C0%7C1954 https://www.extron.com/article/autocadbd www.extron.com 200 0 0 20470 1
2025-05-08 07:00:26 10.1.0.50 GET /Content/featured/vendors/semantic-ui/shared/transition.min.js - 443 - 10.1.16.1 Mozilla/5.0+(Linux;+Android+10;+K)+AppleWebKit/537.36+(KHTML,+like+Gecko)+Chrome/135.0.0.0+Mobile+Safari/537.36 ASP.NET_SessionId=her3mvxcmkmc3lqtjd3blabc;+region=3;+lang=1;+__RequestVerificationToken=3Fybv7eauozQA7WcunWalc5zlH_lPusuy02CfJcNZFcGOsEQGYTSA-e3lkhYmr-1sQzhbkdulwqxXTfwGIWF_CqO_Fo1;+BIGipServerextron.com_443_pool=!QwtMNQTZtL+0rrAMjvaJwiHEDz8tIKr9xHyUYpt7m40RaeP+YegBg8WYutsegKLo3UEuQEJdmjh9Xg==;+_ga_DP5ZZ9VH84=GS2.1.s1746687605$o1$g0$t1746687605$j60$l0$h0;+_ga=GA1.2.941362758.1746687606;+_gid=GA1.2.414470488.1746687606;+_gat_UA-130285241-1=1;+_clck=3xfc61%7C2%7Cfvq%7C0%7C1954 https://www.extron.com/article/autocadbd www.extron.com 200 0 0 14810 1
2025-05-08 07:00:26 10.1.0.50 GET /Scripts/Article/article.js nocache=20220816 443 - 10.1.16.1 Mozilla/5.0+(Linux;+Android+10;+K)+AppleWebKit/537.36+(KHTML,+like+Gecko)+Chrome/135.0.0.0+Mobile+Safari/537.36 ASP.NET_SessionId=her3mvxcmkmc3lqtjd3blabc;+region=3;+lang=1;+__RequestVerificationToken=3Fybv7eauozQA7WcunWalc5zlH_lPusuy02CfJcNZFcGOsEQGYTSA-e3lkhYmr-1sQzhbkdulwqxXTfwGIWF_CqO_Fo1;+BIGipServerextron.com_443_pool=!QwtMNQTZtL+0rrAMjvaJwiHEDz8tIKr9xHyUYpt7m40RaeP+YegBg8WYutsegKLo3UEuQEJdmjh9Xg==;+_ga_DP5ZZ9VH84=GS2.1.s1746687605$o1$g0$t1746687605$j60$l0$h0;+_ga=GA1.2.941362758.1746687606;+_gid=GA1.2.414470488.1746687606;+_gat_UA-130285241-1=1;+_clck=3xfc61%7C2%7Cfvq%7C0%7C1954 https://www.extron.com/article/autocadbd www.extron.com 200 0 0 29329 1
2025-05-08 07:00:26 10.1.0.50 GET /Content/vendor/jqueryui/themes/smoothness/jquery-1.12.0-ui.css - 443 - 10.1.16.1 Mozilla/5.0+(Windows+NT+10.0;+Win64;+x64;+rv:138.0)+Gecko/20100101+Firefox/138.0 ASP.NET_SessionId=j4455r3vqamqtcyucvqganrh;+region=1;+lang=1;+__RequestVerificationToken=OmekRpBuLjwllt2VjBYBDhFPFEHf-1SXjG_sBZzqRhH2C6746utbyzaGw91_JyZZP3pj4AKF59ftOGCZ6F54X4rhusk1;+BIGipServerextron.com_443_pool=!ADCTTCKedAc2+IkMjvaJwiHEDz8tIEcTCror+/E542zR2uD/A43PMQBvuCTR5YkCmQ0UdZlbaxq+2w==;+ExtronRecViewProd=nbp200,mlcplus200 https://www.extron.com/product/mlcplus200 www.extron.com 304 0 0 1705 1
2025-05-08 07:00:26 10.1.0.50 GET /Scripts/Shared/autohide.js - 443 juan.ordonez@gleich-gmbh.com 10.1.16.1 Mozilla/5.0+(Windows+NT+10.0;+Win64;+x64)+AppleWebKit/537.36+(KHTML,+like+Gecko)+Chrome/135.0.0.0+Safari/537.36 region=2;+lang=3;+_gid=GA1.2.1293735567.1746638260;+ExtronRecViewProd=navsd101;+ASP.NET_SessionId=egz4hrrqx5uoj34re1pvk4cq;+__RequestVerificationToken=NPG1AIha69RpYXOMI39yR2ILIZKfKzUahGh7mgrjX7TkEJkbuCdG4wXEwNT8_lWmPCggqH1yWHgKnRmBQBIFbrIYSFA1;+BIGipServerextron.com_443_pool=!bdpG0AKp7kTxBHcMjvaJwiHEDz8tIAKdhR6dmVvntyC0fiG0K6V2o6tkPHm/B8AcCbtkbM1yJGS0jg==;+returnurl=/;+username=juan.ordonez@gleich-gmbh.com;+PriceClass=38;+PriceList=EUREU;+.AspNet.Cookies=PGzSFQc7By0Wbx9m1p5ACsHjlR7uDjuZkVZj2qJmC-qSqRtVDEG0kZBbOlFF5ed2QSMq7hn6bJ5Y6J3PbYdeTVvTuKHwl6o2mKwdsnW1RqFTbv_rXaOyecGhYpKhY-Kh70eS1G4voX88PvMLxo2LcpUYSao7YAbmCKOGdsi3ku9v2e7dNJXxr9DopqjgP4ZFojmeMU0H6aU1DXwxMbkGK4hfZFUvdiSgtko6ecb7H84j6Q6zsuODwQP4EionVjQjeGrmIeuqtnJGQyOoNG4WEvCGDWyjXSQKeI_CAV_reVTlJugRbPrVjDL65cARZhIRMN4k1TSBwNe0BcchwcrclVtEXlik0e86yc6Msgx4rBryt_gK6V84QOb_6N878iqFEOiMi2-PGeOjAjLtvZDVZlhLU6QLiBCsIqxdQyYM7z-IWICyBJ2PknmQ7Roznjx32SP-mQ;+_ga=GA1.1.1778607093.1746638259;+_ga_DP5ZZ9VH84=GS2.1.s1746686734$o2$g1$t1746687606$j60$l0$h0 https://www.extron.de/download/dltrack.aspx?file=NAV_1G_Series_v1x01x0004-b010.exe&id=225720 www.extron.de 304 0 0 1705 2
2025-05-08 07:00:26 10.1.0.50 GET /Content/vendor/bs-offcanvas/dist/js/bootstrap.offcanvas.min.js - 443 juan.ordonez@gleich-gmbh.com 10.1.16.1 Mozilla/5.0+(Windows+NT+10.0;+Win64;+x64)+AppleWebKit/537.36+(KHTML,+like+Gecko)+Chrome/135.0.0.0+Safari/537.36 region=2;+lang=3;+_gid=GA1.2.1293735567.1746638260;+ExtronRecViewProd=navsd101;+ASP.NET_SessionId=egz4hrrqx5uoj34re1pvk4cq;+__RequestVerificationToken=NPG1AIha69RpYXOMI39yR2ILIZKfKzUahGh7mgrjX7TkEJkbuCdG4wXEwNT8_lWmPCggqH1yWHgKnRmBQBIFbrIYSFA1;+BIGipServerextron.com_443_pool=!bdpG0AKp7kTxBHcMjvaJwiHEDz8tIAKdhR6dmVvntyC0fiG0K6V2o6tkPHm/B8AcCbtkbM1yJGS0jg==;+returnurl=/;+username=juan.ordonez@gleich-gmbh.com;+PriceClass=38;+PriceList=EUREU;+.AspNet.Cookies=PGzSFQc7By0Wbx9m1p5ACsHjlR7uDjuZkVZj2qJmC-qSqRtVDEG0kZBbOlFF5ed2QSMq7hn6bJ5Y6J3PbYdeTVvTuKHwl6o2mKwdsnW1RqFTbv_rXaOyecGhYpKhY-Kh70eS1G4voX88PvMLxo2LcpUYSao7YAbmCKOGdsi3ku9v2e7dNJXxr9DopqjgP4ZFojmeMU0H6aU1DXwxMbkGK4hfZFUvdiSgtko6ecb7H84j6Q6zsuODwQP4EionVjQjeGrmIeuqtnJGQyOoNG4WEvCGDWyjXSQKeI_CAV_reVTlJugRbPrVjDL65cARZhIRMN4k1TSBwNe0BcchwcrclVtEXlik0e86yc6Msgx4rBryt_gK6V84QOb_6N878iqFEOiMi2-PGeOjAjLtvZDVZlhLU6QLiBCsIqxdQyYM7z-IWICyBJ2PknmQ7Roznjx32SP-mQ;+_ga=GA1.1.1778607093.1746638259;+_ga_DP5ZZ9VH84=GS2.1.s1746686734$o2$g1$t1746687606$j60$l0$h0 https://www.extron.de/download/dltrack.aspx?file=NAV_1G_Series_v1x01x0004-b010.exe&id=225720 www.extron.de 304 0 0 1703 2
2025-05-08 07:00:26 10.1.0.50 GET /Content/vendor/prependaround/prependaround.js - 443 juan.ordonez@gleich-gmbh.com 10.1.16.1 Mozilla/5.0+(Windows+NT+10.0;+Win64;+x64)+AppleWebKit/537.36+(KHTML,+like+Gecko)+Chrome/135.0.0.0+Safari/537.36 region=2;+lang=3;+_gid=GA1.2.1293735567.1746638260;+ExtronRecViewProd=navsd101;+ASP.NET_SessionId=egz4hrrqx5uoj34re1pvk4cq;+__RequestVerificationToken=NPG1AIha69RpYXOMI39yR2ILIZKfKzUahGh7mgrjX7TkEJkbuCdG4wXEwNT8_lWmPCggqH1yWHgKnRmBQBIFbrIYSFA1;+BIGipServerextron.com_443_pool=!bdpG0AKp7kTxBHcMjvaJwiHEDz8tIAKdhR6dmVvntyC0fiG0K6V2o6tkPHm/B8AcCbtkbM1yJGS0jg==;+returnurl=/;+username=juan.ordonez@gleich-gmbh.com;+PriceClass=38;+PriceList=EUREU;+.AspNet.Cookies=PGzSFQc7By0Wbx9m1p5ACsHjlR7uDjuZkVZj2qJmC-qSqRtVDEG0kZBbOlFF5ed2QSMq7hn6bJ5Y6J3PbYdeTVvTuKHwl6o2mKwdsnW1RqFTbv_rXaOyecGhYpKhY-Kh70eS1G4voX88PvMLxo2LcpUYSao7YAbmCKOGdsi3ku9v2e7dNJXxr9DopqjgP4ZFojmeMU0H6aU1DXwxMbkGK4hfZFUvdiSgtko6ecb7H84j6Q6zsuODwQP4EionVjQjeGrmIeuqtnJGQyOoNG4WEvCGDWyjXSQKeI_CAV_reVTlJugRbPrVjDL65cARZhIRMN4k1TSBwNe0BcchwcrclVtEXlik0e86yc6Msgx4rBryt_gK6V84QOb_6N878iqFEOiMi2-PGeOjAjLtvZDVZlhLU6QLiBCsIqxdQyYM7z-IWICyBJ2PknmQ7Roznjx32SP-mQ;+_ga=GA1.1.1778607093.1746638259;+_ga_DP5ZZ9VH84=GS2.1.s1746686734$o2$g1$t1746687606$j60$l0$h0 https://www.extron.de/download/dltrack.aspx?file=NAV_1G_Series_v1x01x0004-b010.exe&id=225720 www.extron.de 304 0 0 1705 1
2025-05-08 07:00:26 10.1.0.50 GET /Content/vendor/bs-offcanvas/dist/css/bootstrap.offcanvas.css - 443 - 10.1.16.1 Mozilla/5.0+(Windows+NT+10.0;+Win64;+x64;+rv:138.0)+Gecko/20100101+Firefox/138.0 ASP.NET_SessionId=j4455r3vqamqtcyucvqganrh;+region=1;+lang=1;+__RequestVerificationToken=OmekRpBuLjwllt2VjBYBDhFPFEHf-1SXjG_sBZzqRhH2C6746utbyzaGw91_JyZZP3pj4AKF59ftOGCZ6F54X4rhusk1;+BIGipServerextron.com_443_pool=!ADCTTCKedAc2+IkMjvaJwiHEDz8tIEcTCror+/E542zR2uD/A43PMQBvuCTR5YkCmQ0UdZlbaxq+2w==;+ExtronRecViewProd=nbp200,mlcplus200 https://www.extron.com/product/mlcplus200 www.extron.com 304 0 0 1705 0
2025-05-08 07:00:26 10.1.0.50 GET /Content/vendor/fancybox-3.5.7/dist/jquery.fancybox.css - 443 - 10.1.16.1 Mozilla/5.0+(Windows+NT+10.0;+Win64;+x64;+rv:138.0)+Gecko/20100101+Firefox/138.0 ASP.NET_SessionId=j4455r3vqamqtcyucvqganrh;+region=1;+lang=1;+__RequestVerificationToken=OmekRpBuLjwllt2VjBYBDhFPFEHf-1SXjG_sBZzqRhH2C6746utbyzaGw91_JyZZP3pj4AKF59ftOGCZ6F54X4rhusk1;+BIGipServerextron.com_443_pool=!ADCTTCKedAc2+IkMjvaJwiHEDz8tIEcTCror+/E542zR2uD/A43PMQBvuCTR5YkCmQ0UdZlbaxq+2w==;+ExtronRecViewProd=nbp200,mlcplus200 https://www.extron.com/product/mlcplus200 www.extron.com 304 0 0 1705 0
2025-05-08 07:00:26 10.1.0.50 GET /Content/vendor/fontawesome/css/all.min.css - 443 - 10.1.16.1 Mozilla/5.0+(Windows+NT+10.0;+Win64;+x64;+rv:138.0)+Gecko/20100101+Firefox/138.0 ASP.NET_SessionId=j4455r3vqamqtcyucvqganrh;+region=1;+lang=1;+__RequestVerificationToken=OmekRpBuLjwllt2VjBYBDhFPFEHf-1SXjG_sBZzqRhH2C6746utbyzaGw91_JyZZP3pj4AKF59ftOGCZ6F54X4rhusk1;+BIGipServerextron.com_443_pool=!ADCTTCKedAc2+IkMjvaJwiHEDz8tIEcTCror+/E542zR2uD/A43PMQBvuCTR5YkCmQ0UdZlbaxq+2w==;+ExtronRecViewProd=nbp200,mlcplus200 https://www.extron.com/product/mlcplus200 www.extron.com 304 0 0 1703 1
2025-05-08 07:00:26 10.1.0.50 GET /Content/css/Shared/extron.css - 443 - 10.1.16.1 Mozilla/5.0+(Windows+NT+10.0;+Win64;+x64;+rv:138.0)+Gecko/20100101+Firefox/138.0 ASP.NET_SessionId=j4455r3vqamqtcyucvqganrh;+region=1;+lang=1;+__RequestVerificationToken=OmekRpBuLjwllt2VjBYBDhFPFEHf-1SXjG_sBZzqRhH2C6746utbyzaGw91_JyZZP3pj4AKF59ftOGCZ6F54X4rhusk1;+BIGipServerextron.com_443_pool=!ADCTTCKedAc2+IkMjvaJwiHEDz8tIEcTCror+/E542zR2uD/A43PMQBvuCTR5YkCmQ0UdZlbaxq+2w==;+ExtronRecViewProd=nbp200,mlcplus200 https://www.extron.com/product/mlcplus200 www.extron.com 304 0 0 1703 1
2025-05-08 07:00:26 10.1.0.50 GET /Content/css/Shared/cookies.css - 443 - 10.1.16.1 Mozilla/5.0+(Windows+NT+10.0;+Win64;+x64;+rv:138.0)+Gecko/20100101+Firefox/138.0 ASP.NET_SessionId=j4455r3vqamqtcyucvqganrh;+region=1;+lang=1;+__RequestVerificationToken=OmekRpBuLjwllt2VjBYBDhFPFEHf-1SXjG_sBZzqRhH2C6746utbyzaGw91_JyZZP3pj4AKF59ftOGCZ6F54X4rhusk1;+BIGipServerextron.com_443_pool=!ADCTTCKedAc2+IkMjvaJwiHEDz8tIEcTCror+/E542zR2uD/A43PMQBvuCTR5YkCmQ0UdZlbaxq+2w==;+ExtronRecViewProd=nbp200,mlcplus200 https://www.extron.com/product/mlcplus200 www.extron.com 304 0 0 1705 0
2025-05-08 07:00:26 10.1.0.50 GET /Content/vendor/js-cookie/js.cookie-2.2.0.js - 443 juan.ordonez@gleich-gmbh.com 10.1.16.1 Mozilla/5.0+(Windows+NT+10.0;+Win64;+x64)+AppleWebKit/537.36+(KHTML,+like+Gecko)+Chrome/135.0.0.0+Safari/537.36 region=2;+lang=3;+_gid=GA1.2.1293735567.1746638260;+ExtronRecViewProd=navsd101;+ASP.NET_SessionId=egz4hrrqx5uoj34re1pvk4cq;+__RequestVerificationToken=NPG1AIha69RpYXOMI39yR2ILIZKfKzUahGh7mgrjX7TkEJkbuCdG4wXEwNT8_lWmPCggqH1yWHgKnRmBQBIFbrIYSFA1;+BIGipServerextron.com_443_pool=!bdpG0AKp7kTxBHcMjvaJwiHEDz8tIAKdhR6dmVvntyC0fiG0K6V2o6tkPHm/B8AcCbtkbM1yJGS0jg==;+returnurl=/;+username=juan.ordonez@gleich-gmbh.com;+PriceClass=38;+PriceList=EUREU;+.AspNet.Cookies=PGzSFQc7By0Wbx9m1p5ACsHjlR7uDjuZkVZj2qJmC-qSqRtVDEG0kZBbOlFF5ed2QSMq7hn6bJ5Y6J3PbYdeTVvTuKHwl6o2mKwdsnW1RqFTbv_rXaOyecGhYpKhY-Kh70eS1G4voX88PvMLxo2LcpUYSao7YAbmCKOGdsi3ku9v2e7dNJXxr9DopqjgP4ZFojmeMU0H6aU1DXwxMbkGK4hfZFUvdiSgtko6ecb7H84j6Q6zsuODwQP4EionVjQjeGrmIeuqtnJGQyOoNG4WEvCGDWyjXSQKeI_CAV_reVTlJugRbPrVjDL65cARZhIRMN4k1TSBwNe0BcchwcrclVtEXlik0e86yc6Msgx4rBryt_gK6V84QOb_6N878iqFEOiMi2-PGeOjAjLtvZDVZlhLU6QLiBCsIqxdQyYM7z-IWICyBJ2PknmQ7Roznjx32SP-mQ;+_ga=GA1.1.1778607093.1746638259;+_ga_DP5ZZ9VH84=GS2.1.s1746686734$o2$g1$t1746687606$j60$l0$h0 https://www.extron.de/download/dltrack.aspx?file=NAV_1G_Series_v1x01x0004-b010.exe&id=225720 www.extron.de 304 0 0 1705 1
2025-05-08 07:00:26 10.1.0.50 GET /Content/vendor/hoverintent/jquery.hoverIntent.js - 443 juan.ordonez@gleich-gmbh.com 10.1.16.1 Mozilla/5.0+(Windows+NT+10.0;+Win64;+x64)+AppleWebKit/537.36+(KHTML,+like+Gecko)+Chrome/135.0.0.0+Safari/537.36 region=2;+lang=3;+_gid=GA1.2.1293735567.1746638260;+ExtronRecViewProd=navsd101;+ASP.NET_SessionId=egz4hrrqx5uoj34re1pvk4cq;+__RequestVerificationToken=NPG1AIha69RpYXOMI39yR2ILIZKfKzUahGh7mgrjX7TkEJkbuCdG4wXEwNT8_lWmPCggqH1yWHgKnRmBQBIFbrIYSFA1;+BIGipServerextron.com_443_pool=!bdpG0AKp7kTxBHcMjvaJwiHEDz8tIAKdhR6dmVvntyC0fiG0K6V2o6tkPHm/B8AcCbtkbM1yJGS0jg==;+returnurl=/;+username=juan.ordonez@gleich-gmbh.com;+PriceClass=38;+PriceList=EUREU;+.AspNet.Cookies=PGzSFQc7By0Wbx9m1p5ACsHjlR7uDjuZkVZj2qJmC-qSqRtVDEG0kZBbOlFF5ed2QSMq7hn6bJ5Y6J3PbYdeTVvTuKHwl6o2mKwdsnW1RqFTbv_rXaOyecGhYpKhY-Kh70eS1G4voX88PvMLxo2LcpUYSao7YAbmCKOGdsi3ku9v2e7dNJXxr9DopqjgP4ZFojmeMU0H6aU1DXwxMbkGK4hfZFUvdiSgtko6ecb7H84j6Q6zsuODwQP4EionVjQjeGrmIeuqtnJGQyOoNG4WEvCGDWyjXSQKeI_CAV_reVTlJugRbPrVjDL65cARZhIRMN4k1TSBwNe0BcchwcrclVtEXlik0e86yc6Msgx4rBryt_gK6V84QOb_6N878iqFEOiMi2-PGeOjAjLtvZDVZlhLU6QLiBCsIqxdQyYM7z-IWICyBJ2PknmQ7Roznjx32SP-mQ;+_ga=GA1.1.1778607093.1746638259;+_ga_DP5ZZ9VH84=GS2.1.s1746686734$o2$g1$t1746687606$j60$l0$h0 https://www.extron.de/download/dltrack.aspx?file=NAV_1G_Series_v1x01x0004-b010.exe&id=225720 www.extron.de 304 0 0 1705 1
2025-05-08 07:00:26 10.1.0.50 GET /Scripts/Shared/main.js - 443 juan.ordonez@gleich-gmbh.com 10.1.16.1 Mozilla/5.0+(Windows+NT+10.0;+Win64;+x64)+AppleWebKit/537.36+(KHTML,+like+Gecko)+Chrome/135.0.0.0+Safari/537.36 region=2;+lang=3;+_gid=GA1.2.1293735567.1746638260;+ExtronRecViewProd=navsd101;+ASP.NET_SessionId=egz4hrrqx5uoj34re1pvk4cq;+__RequestVerificationToken=NPG1AIha69RpYXOMI39yR2ILIZKfKzUahGh7mgrjX7TkEJkbuCdG4wXEwNT8_lWmPCggqH1yWHgKnRmBQBIFbrIYSFA1;+BIGipServerextron.com_443_pool=!bdpG0AKp7kTxBHcMjvaJwiHEDz8tIAKdhR6dmVvntyC0fiG0K6V2o6tkPHm/B8AcCbtkbM1yJGS0jg==;+returnurl=/;+username=juan.ordonez@gleich-gmbh.com;+PriceClass=38;+PriceList=EUREU;+.AspNet.Cookies=PGzSFQc7By0Wbx9m1p5ACsHjlR7uDjuZkVZj2qJmC-qSqRtVDEG0kZBbOlFF5ed2QSMq7hn6bJ5Y6J3PbYdeTVvTuKHwl6o2mKwdsnW1RqFTbv_rXaOyecGhYpKhY-Kh70eS1G4voX88PvMLxo2LcpUYSao7YAbmCKOGdsi3ku9v2e7dNJXxr9DopqjgP4ZFojmeMU0H6aU1DXwxMbkGK4hfZFUvdiSgtko6ecb7H84j6Q6zsuODwQP4EionVjQjeGrmIeuqtnJGQyOoNG4WEvCGDWyjXSQKeI_CAV_reVTlJugRbPrVjDL65cARZhIRMN4k1TSBwNe0BcchwcrclVtEXlik0e86yc6Msgx4rBryt_gK6V84QOb_6N878iqFEOiMi2-PGeOjAjLtvZDVZlhLU6QLiBCsIqxdQyYM7z-IWICyBJ2PknmQ7Roznjx32SP-mQ;+_ga=GA1.1.1778607093.1746638259;+_ga_DP5ZZ9VH84=GS2.1.s1746686734$o2$g1$t1746687606$j60$l0$h0 https://www.extron.de/download/dltrack.aspx?file=NAV_1G_Series_v1x01x0004-b010.exe&id=225720 www.extron.de 304 0 0 1705 1
2025-05-08 07:00:26 10.1.0.50 GET /chgLanguage.ashx language=3,1&path=/product/dtp2t212 443 - 10.1.16.1 Mozilla/5.0+(Windows+NT+10.0;+Win64;+x64)+AppleWebKit/537.36+(KHTML,+like+Gecko;+compatible;+Yeti/1.1;++https://naver.me/spd)+Chrome/127.0.0.0+Safari/537.36 - - www.extron.com 302 0 0 2032 2
2025-05-08 07:00:26 10.1.0.50 GET /home/login - 443 - 10.1.16.1 Mozilla/5.0+(Windows+NT+10.0;+Win64;+x64)+AppleWebKit/537.36+(KHTML,+like+Gecko)+Chrome/136.0.0.0+Safari/537.36 ASP.NET_SessionId=jopcffqmgwqv1v1fu0yvpn3y;+region=2;+lang=3;+__RequestVerificationToken=snhncBTGJQvKcaPr2FJhAi6c63iek5oUZORloZQNV9vHqv_mxIfnftcxcEOWCRcl08gyrlZVIInPQ1hfoHBlkunu10o1;+BIGipServerextron.com_443_pool=!b55nGGb+5A5PurQMjvaJwiHEDz8tIHvxnPIl8JEOQhrZIM8nvLV4Ebx5Kz9yLYHMDg96M+b4O/LS/A==;+_gid=GA1.2.1525870029.1746687605;+_gat_UA-130285241-1=1;+_ga=GA1.1.468313871.1746687605;+_clck=1mp1exz%7C2%7Cfvq%7C0%7C1954;+_clsk=1224yc0%7C1746687606012%7C1%7C1%7Cs.clarity.ms%2Fcollect;+_ga_DP5ZZ9VH84=GS2.1.s1746687605$o1$g0$t1746687607$j58$l0$h0;+returnurl=/ https://www.extron.de/ www.extron.de 200 0 0 11899 5
2025-05-08 07:00:26 10.1.0.50 GET /Content/vendor/jquery/jquery-3.3.1.min.js - 443 - 10.1.16.1 Mozilla/5.0+(Windows+NT+10.0;+Win64;+x64;+rv:138.0)+Gecko/20100101+Firefox/138.0 ASP.NET_SessionId=j4455r3vqamqtcyucvqganrh;+region=1;+lang=1;+__RequestVerificationToken=OmekRpBuLjwllt2VjBYBDhFPFEHf-1SXjG_sBZzqRhH2C6746utbyzaGw91_JyZZP3pj4AKF59ftOGCZ6F54X4rhusk1;+BIGipServerextron.com_443_pool=!ADCTTCKedAc2+IkMjvaJwiHEDz8tIEcTCror+/E542zR2uD/A43PMQBvuCTR5YkCmQ0UdZlbaxq+2w==;+ExtronRecViewProd=nbp200,mlcplus200 https://www.extron.com/product/mlcplus200 www.extron.com 304 0 0 1705 1
2025-05-08 07:00:26 10.1.0.50 GET /site.webmanifest v=20180420 443 - 10.1.16.1 Mozilla/5.0+(Windows+NT+10.0;+Win64;+x64)+AppleWebKit/537.36+(KHTML,+like+Gecko)+Chrome/136.0.0.0+Safari/537.36 - https://www.extron.de/ www.extron.de 200 0 0 2282 1
2025-05-08 07:00:26 10.1.0.50 GET /Content/vendor/jqueryui/jquery-1.12.0-ui.min.js - 443 - 10.1.16.1 Mozilla/5.0+(Windows+NT+10.0;+Win64;+x64;+rv:138.0)+Gecko/20100101+Firefox/138.0 ASP.NET_SessionId=j4455r3vqamqtcyucvqganrh;+region=1;+lang=1;+__RequestVerificationToken=OmekRpBuLjwllt2VjBYBDhFPFEHf-1SXjG_sBZzqRhH2C6746utbyzaGw91_JyZZP3pj4AKF59ftOGCZ6F54X4rhusk1;+BIGipServerextron.com_443_pool=!ADCTTCKedAc2+IkMjvaJwiHEDz8tIEcTCror+/E542zR2uD/A43PMQBvuCTR5YkCmQ0UdZlbaxq+2w==;+ExtronRecViewProd=nbp200,mlcplus200 https://www.extron.com/product/mlcplus200 www.extron.com 304 0 0 1705 1
2025-05-08 07:00:26 10.1.0.50 GET /Content/vendor/bootstrap/bootstrap.bundle.min.js - 443 - 10.1.16.1 Mozilla/5.0+(Windows+NT+10.0;+Win64;+x64;+rv:138.0)+Gecko/20100101+Firefox/138.0 ASP.NET_SessionId=j4455r3vqamqtcyucvqganrh;+region=1;+lang=1;+__RequestVerificationToken=OmekRpBuLjwllt2VjBYBDhFPFEHf-1SXjG_sBZzqRhH2C6746utbyzaGw91_JyZZP3pj4AKF59ftOGCZ6F54X4rhusk1;+BIGipServerextron.com_443_pool=!ADCTTCKedAc2+IkMjvaJwiHEDz8tIEcTCror+/E542zR2uD/A43PMQBvuCTR5YkCmQ0UdZlbaxq+2w==;+ExtronRecViewProd=nbp200,mlcplus200 https://www.extron.com/product/mlcplus200 www.extron.com 304 0 0 1705 0
2025-05-08 07:00:26 10.1.0.50 GET /Content/vendor/jquery-unobtrusive-ajax/jquery.unobtrusive-ajax.js - 443 - 10.1.16.1 Mozilla/5.0+(Windows+NT+10.0;+Win64;+x64;+rv:138.0)+Gecko/20100101+Firefox/138.0 ASP.NET_SessionId=j4455r3vqamqtcyucvqganrh;+region=1;+lang=1;+__RequestVerificationToken=OmekRpBuLjwllt2VjBYBDhFPFEHf-1SXjG_sBZzqRhH2C6746utbyzaGw91_JyZZP3pj4AKF59ftOGCZ6F54X4rhusk1;+BIGipServerextron.com_443_pool=!ADCTTCKedAc2+IkMjvaJwiHEDz8tIEcTCror+/E542zR2uD/A43PMQBvuCTR5YkCmQ0UdZlbaxq+2w==;+ExtronRecViewProd=nbp200,mlcplus200 https://www.extron.com/product/mlcplus200 www.extron.com 304 0 0 1705 0
2025-05-08 07:00:26 10.1.0.50 GET /WebResource.axd d=xo8Mnj2RPM80udGKREcdUEjDcOKBJnvFybE7Hoty-XRu5JPBSMxEERi7y6B9U1TQqOZd2kgn0eQFy6hhqVq5KKa_f_81&t=638627972640000000 443 juan.ordonez@gleich-gmbh.com 10.1.16.1 Mozilla/5.0+(Windows+NT+10.0;+Win64;+x64)+AppleWebKit/537.36+(KHTML,+like+Gecko)+Chrome/135.0.0.0+Safari/537.36 region=2;+lang=3;+_gid=GA1.2.1293735567.1746638260;+ExtronRecViewProd=navsd101;+ASP.NET_SessionId=egz4hrrqx5uoj34re1pvk4cq;+__RequestVerificationToken=NPG1AIha69RpYXOMI39yR2ILIZKfKzUahGh7mgrjX7TkEJkbuCdG4wXEwNT8_lWmPCggqH1yWHgKnRmBQBIFbrIYSFA1;+BIGipServerextron.com_443_pool=!bdpG0AKp7kTxBHcMjvaJwiHEDz8tIAKdhR6dmVvntyC0fiG0K6V2o6tkPHm/B8AcCbtkbM1yJGS0jg==;+returnurl=/;+username=juan.ordonez@gleich-gmbh.com;+PriceClass=38;+PriceList=EUREU;+.AspNet.Cookies=PGzSFQc7By0Wbx9m1p5ACsHjlR7uDjuZkVZj2qJmC-qSqRtVDEG0kZBbOlFF5ed2QSMq7hn6bJ5Y6J3PbYdeTVvTuKHwl6o2mKwdsnW1RqFTbv_rXaOyecGhYpKhY-Kh70eS1G4voX88PvMLxo2LcpUYSao7YAbmCKOGdsi3ku9v2e7dNJXxr9DopqjgP4ZFojmeMU0H6aU1DXwxMbkGK4hfZFUvdiSgtko6ecb7H84j6Q6zsuODwQP4EionVjQjeGrmIeuqtnJGQyOoNG4WEvCGDWyjXSQKeI_CAV_reVTlJugRbPrVjDL65cARZhIRMN4k1TSBwNe0BcchwcrclVtEXlik0e86yc6Msgx4rBryt_gK6V84QOb_6N878iqFEOiMi2-PGeOjAjLtvZDVZlhLU6QLiBCsIqxdQyYM7z-IWICyBJ2PknmQ7Roznjx32SP-mQ;+_ga=GA1.1.1778607093.1746638259;+_ga_DP5ZZ9VH84=GS2.1.s1746686734$o2$g1$t1746687606$j60$l0$h0 https://www.extron.de/download/dltrack.aspx?file=NAV_1G_Series_v1x01x0004-b010.exe&id=225720 www.extron.de 304 0 0 1748 1
2025-05-08 07:00:26 10.1.0.50 GET /content/css/Shared/product/product-gallery.css - 443 - 10.1.16.1 Mozilla/5.0+(Windows+NT+10.0;+Win64;+x64;+rv:138.0)+Gecko/20100101+Firefox/138.0 ASP.NET_SessionId=j4455r3vqamqtcyucvqganrh;+region=1;+lang=1;+__RequestVerificationToken=OmekRpBuLjwllt2VjBYBDhFPFEHf-1SXjG_sBZzqRhH2C6746utbyzaGw91_JyZZP3pj4AKF59ftOGCZ6F54X4rhusk1;+BIGipServerextron.com_443_pool=!ADCTTCKedAc2+IkMjvaJwiHEDz8tIEcTCror+/E542zR2uD/A43PMQBvuCTR5YkCmQ0UdZlbaxq+2w==;+ExtronRecViewProd=nbp200,mlcplus200 https://www.extron.com/product/mlcplus200 www.extron.com 304 0 0 1705 0
2025-05-08 07:00:26 10.1.0.50 GET /content/css/shared/product/product-detail.css nocache=06172020 443 - 10.1.16.1 Mozilla/5.0+(Windows+NT+10.0;+Win64;+x64;+rv:138.0)+Gecko/20100101+Firefox/138.0 ASP.NET_SessionId=j4455r3vqamqtcyucvqganrh;+region=1;+lang=1;+__RequestVerificationToken=OmekRpBuLjwllt2VjBYBDhFPFEHf-1SXjG_sBZzqRhH2C6746utbyzaGw91_JyZZP3pj4AKF59ftOGCZ6F54X4rhusk1;+BIGipServerextron.com_443_pool=!ADCTTCKedAc2+IkMjvaJwiHEDz8tIEcTCror+/E542zR2uD/A43PMQBvuCTR5YkCmQ0UdZlbaxq+2w==;+ExtronRecViewProd=nbp200,mlcplus200 https://www.extron.com/product/mlcplus200 www.extron.com 304 0 0 1705 0
2025-05-08 07:00:27 10.1.0.50 GET /ScriptResource.axd d=FF54VGhPYErN08fwaLpwv6s69QJ-T2oH3jXlQ4359ekCaZsBPHttZVf4jN2rZgWMkUNzOqgRaLFoTLxNu6l23xs6StQe5B7eNrAnpxjca-ST7DhUGYspzrLVH_2aYynHR_c_-b1uPi_ohtI0uydFRWM1o-g1&t=5f8643ea 443 juan.ordonez@gleich-gmbh.com 10.1.16.1 Mozilla/5.0+(Windows+NT+10.0;+Win64;+x64)+AppleWebKit/537.36+(KHTML,+like+Gecko)+Chrome/135.0.0.0+Safari/537.36 region=2;+lang=3;+_gid=GA1.2.1293735567.1746638260;+ExtronRecViewProd=navsd101;+ASP.NET_SessionId=egz4hrrqx5uoj34re1pvk4cq;+__RequestVerificationToken=NPG1AIha69RpYXOMI39yR2ILIZKfKzUahGh7mgrjX7TkEJkbuCdG4wXEwNT8_lWmPCggqH1yWHgKnRmBQBIFbrIYSFA1;+BIGipServerextron.com_443_pool=!bdpG0AKp7kTxBHcMjvaJwiHEDz8tIAKdhR6dmVvntyC0fiG0K6V2o6tkPHm/B8AcCbtkbM1yJGS0jg==;+returnurl=/;+username=juan.ordonez@gleich-gmbh.com;+PriceClass=38;+PriceList=EUREU;+.AspNet.Cookies=PGzSFQc7By0Wbx9m1p5ACsHjlR7uDjuZkVZj2qJmC-qSqRtVDEG0kZBbOlFF5ed2QSMq7hn6bJ5Y6J3PbYdeTVvTuKHwl6o2mKwdsnW1RqFTbv_rXaOyecGhYpKhY-Kh70eS1G4voX88PvMLxo2LcpUYSao7YAbmCKOGdsi3ku9v2e7dNJXxr9DopqjgP4ZFojmeMU0H6aU1DXwxMbkGK4hfZFUvdiSgtko6ecb7H84j6Q6zsuODwQP4EionVjQjeGrmIeuqtnJGQyOoNG4WEvCGDWyjXSQKeI_CAV_reVTlJugRbPrVjDL65cARZhIRMN4k1TSBwNe0BcchwcrclVtEXlik0e86yc6Msgx4rBryt_gK6V84QOb_6N878iqFEOiMi2-PGeOjAjLtvZDVZlhLU6QLiBCsIqxdQyYM7z-IWICyBJ2PknmQ7Roznjx32SP-mQ;+_ga=GA1.1.1778607093.1746638259;+_ga_DP5ZZ9VH84=GS2.1.s1746686734$o2$g1$t1746687606$j60$l0$h0 https://www.extron.de/download/dltrack.aspx?file=NAV_1G_Series_v1x01x0004-b010.exe&id=225720 www.extron.de 200 0 0 17084 7
2025-05-08 07:00:27 10.1.0.50 GET /WebResource.axd d=rlCPFANegOdpGlmw9jqArQXZeiF8KvcatHF_nNEX-DEi5yzljJ76VnmaJ7myQTR4RM-Y3s0ZOmezYlPeR-FSsSevmeI1&t=638627972640000000 443 juan.ordonez@gleich-gmbh.com 10.1.16.1 Mozilla/5.0+(Windows+NT+10.0;+Win64;+x64)+AppleWebKit/537.36+(KHTML,+like+Gecko)+Chrome/135.0.0.0+Safari/537.36 region=2;+lang=3;+_gid=GA1.2.1293735567.1746638260;+ExtronRecViewProd=navsd101;+ASP.NET_SessionId=egz4hrrqx5uoj34re1pvk4cq;+__RequestVerificationToken=NPG1AIha69RpYXOMI39yR2ILIZKfKzUahGh7mgrjX7TkEJkbuCdG4wXEwNT8_lWmPCggqH1yWHgKnRmBQBIFbrIYSFA1;+BIGipServerextron.com_443_pool=!bdpG0AKp7kTxBHcMjvaJwiHEDz8tIAKdhR6dmVvntyC0fiG0K6V2o6tkPHm/B8AcCbtkbM1yJGS0jg==;+returnurl=/;+username=juan.ordonez@gleich-gmbh.com;+PriceClass=38;+PriceList=EUREU;+.AspNet.Cookies=PGzSFQc7By0Wbx9m1p5ACsHjlR7uDjuZkVZj2qJmC-qSqRtVDEG0kZBbOlFF5ed2QSMq7hn6bJ5Y6J3PbYdeTVvTuKHwl6o2mKwdsnW1RqFTbv_rXaOyecGhYpKhY-Kh70eS1G4voX88PvMLxo2LcpUYSao7YAbmCKOGdsi3ku9v2e7dNJXxr9DopqjgP4ZFojmeMU0H6aU1DXwxMbkGK4hfZFUvdiSgtko6ecb7H84j6Q6zsuODwQP4EionVjQjeGrmIeuqtnJGQyOoNG4WEvCGDWyjXSQKeI_CAV_reVTlJugRbPrVjDL65cARZhIRMN4k1TSBwNe0BcchwcrclVtEXlik0e86yc6Msgx4rBryt_gK6V84QOb_6N878iqFEOiMi2-PGeOjAjLtvZDVZlhLU6QLiBCsIqxdQyYM7z-IWICyBJ2PknmQ7Roznjx32SP-mQ;+_ga=GA1.1.1778607093.1746638259;+_ga_DP5ZZ9VH84=GS2.1.s1746686734$o2$g1$t1746687606$j60$l0$h0 https://www.extron.de/download/dltrack.aspx?file=NAV_1G_Series_v1x01x0004-b010.exe&id=225720 www.extron.de 304 0 0 1748 1
2025-05-08 07:00:27 10.1.0.50 GET /ScriptResource.axd d=lzk_pHAbDN_pQ7rH1lfXxXvMyrCqGX7atY-FDP9hQISXEWa05BP8xLA2Rdk3STABHROK5QjmRtDdKTBjNerLaGBE-B_DMlmU9K-mtY7ARg1BCx6A7jhNbPogUNPTRFNBnBTGIw2&t=5f8643ea 443 juan.ordonez@gleich-gmbh.com 10.1.16.1 Mozilla/5.0+(Windows+NT+10.0;+Win64;+x64)+AppleWebKit/537.36+(KHTML,+like+Gecko)+Chrome/135.0.0.0+Safari/537.36 region=2;+lang=3;+_gid=GA1.2.1293735567.1746638260;+ExtronRecViewProd=navsd101;+ASP.NET_SessionId=egz4hrrqx5uoj34re1pvk4cq;+__RequestVerificationToken=NPG1AIha69RpYXOMI39yR2ILIZKfKzUahGh7mgrjX7TkEJkbuCdG4wXEwNT8_lWmPCggqH1yWHgKnRmBQBIFbrIYSFA1;+BIGipServerextron.com_443_pool=!bdpG0AKp7kTxBHcMjvaJwiHEDz8tIAKdhR6dmVvntyC0fiG0K6V2o6tkPHm/B8AcCbtkbM1yJGS0jg==;+returnurl=/;+username=juan.ordonez@gleich-gmbh.com;+PriceClass=38;+PriceList=EUREU;+.AspNet.Cookies=PGzSFQc7By0Wbx9m1p5ACsHjlR7uDjuZkVZj2qJmC-qSqRtVDEG0kZBbOlFF5ed2QSMq7hn6bJ5Y6J3PbYdeTVvTuKHwl6o2mKwdsnW1RqFTbv_rXaOyecGhYpKhY-Kh70eS1G4voX88PvMLxo2LcpUYSao7YAbmCKOGdsi3ku9v2e7dNJXxr9DopqjgP4ZFojmeMU0H6aU1DXwxMbkGK4hfZFUvdiSgtko6ecb7H84j6Q6zsuODwQP4EionVjQjeGrmIeuqtnJGQyOoNG4WEvCGDWyjXSQKeI_CAV_reVTlJugRbPrVjDL65cARZhIRMN4k1TSBwNe0BcchwcrclVtEXlik0e86yc6Msgx4rBryt_gK6V84QOb_6N878iqFEOiMi2-PGeOjAjLtvZDVZlhLU6QLiBCsIqxdQyYM7z-IWICyBJ2PknmQ7Roznjx32SP-mQ;+_ga=GA1.1.1778607093.1746638259;+_ga_DP5ZZ9VH84=GS2.1.s1746686734$o2$g1$t1746687606$j60$l0$h0 https://www.extron.de/download/dltrack.aspx?file=NAV_1G_Series_v1x01x0004-b010.exe&id=225720 www.extron.de 200 0 0 63584 22
2025-05-08 07:00:27 10.1.0.50 GET /Scripts/Shared/login.js - 443 juan.ordonez@gleich-gmbh.com 10.1.16.1 Mozilla/5.0+(Windows+NT+10.0;+Win64;+x64)+AppleWebKit/537.36+(KHTML,+like+Gecko)+Chrome/135.0.0.0+Safari/537.36 region=2;+lang=3;+_gid=GA1.2.1293735567.1746638260;+ExtronRecViewProd=navsd101;+ASP.NET_SessionId=egz4hrrqx5uoj34re1pvk4cq;+__RequestVerificationToken=NPG1AIha69RpYXOMI39yR2ILIZKfKzUahGh7mgrjX7TkEJkbuCdG4wXEwNT8_lWmPCggqH1yWHgKnRmBQBIFbrIYSFA1;+BIGipServerextron.com_443_pool=!bdpG0AKp7kTxBHcMjvaJwiHEDz8tIAKdhR6dmVvntyC0fiG0K6V2o6tkPHm/B8AcCbtkbM1yJGS0jg==;+returnurl=/;+username=juan.ordonez@gleich-gmbh.com;+PriceClass=38;+PriceList=EUREU;+.AspNet.Cookies=PGzSFQc7By0Wbx9m1p5ACsHjlR7uDjuZkVZj2qJmC-qSqRtVDEG0kZBbOlFF5ed2QSMq7hn6bJ5Y6J3PbYdeTVvTuKHwl6o2mKwdsnW1RqFTbv_rXaOyecGhYpKhY-Kh70eS1G4voX88PvMLxo2LcpUYSao7YAbmCKOGdsi3ku9v2e7dNJXxr9DopqjgP4ZFojmeMU0H6aU1DXwxMbkGK4hfZFUvdiSgtko6ecb7H84j6Q6zsuODwQP4EionVjQjeGrmIeuqtnJGQyOoNG4WEvCGDWyjXSQKeI_CAV_reVTlJugRbPrVjDL65cARZhIRMN4k1TSBwNe0BcchwcrclVtEXlik0e86yc6Msgx4rBryt_gK6V84QOb_6N878iqFEOiMi2-PGeOjAjLtvZDVZlhLU6QLiBCsIqxdQyYM7z-IWICyBJ2PknmQ7Roznjx32SP-mQ;+_ga=GA1.1.1778607093.1746638259;+_ga_DP5ZZ9VH84=GS2.1.s1746686734$o2$g1$t1746687606$j60$l0$h0 https://www.extron.de/download/dltrack.aspx?file=NAV_1G_Series_v1x01x0004-b010.exe&id=225720 www.extron.de 304 0 0 1705 1
2025-05-08 07:00:27 10.1.0.50 GET /product/builders/teamwork/views/showme-retractors.aspx - 443 - 10.1.16.1 - ASP.NET_SessionId=a2g44z13vvtu1vomwcsal2oa;+region=1;+lang=1;+__RequestVerificationToken=wGrbbRSeuOHIVGaRUCvncNyge4QKMx9l_KifrD5ECZQ5-WPyeETRzZX0Y2EYCYoAVjiqWFpb3ZzYUYSQEcfYmYwWjko1;+BIGipServerextron.com_443_pool=!VqkhuakZaZU07asMjvaJwiHEDz8tIHbmQoQyIljfFVxGYrt62qzqz824/FwwTLWvxnAgQ89K31wkdQ== - www.extron.com 302 0 0 2024 4555
2025-05-08 07:00:27 10.1.0.50 GET /api/v1/Article/Get articlehandle=menutraining&lang=1&region=3&loggedin=false 443 - 10.1.16.1 Mozilla/5.0+(Linux;+Android+10;+K)+AppleWebKit/537.36+(KHTML,+like+Gecko)+Chrome/135.0.0.0+Mobile+Safari/537.36 ASP.NET_SessionId=her3mvxcmkmc3lqtjd3blabc;+region=3;+lang=1;+__RequestVerificationToken=3Fybv7eauozQA7WcunWalc5zlH_lPusuy02CfJcNZFcGOsEQGYTSA-e3lkhYmr-1sQzhbkdulwqxXTfwGIWF_CqO_Fo1;+BIGipServerextron.com_443_pool=!QwtMNQTZtL+0rrAMjvaJwiHEDz8tIKr9xHyUYpt7m40RaeP+YegBg8WYutsegKLo3UEuQEJdmjh9Xg==;+_ga_DP5ZZ9VH84=GS2.1.s1746687605$o1$g0$t1746687605$j60$l0$h0;+_ga=GA1.2.941362758.1746687606;+_gid=GA1.2.414470488.1746687606;+_gat_UA-130285241-1=1;+_clck=3xfc61%7C2%7Cfvq%7C0%7C1954 https://www.extron.com/article/autocadbd www.extron.com 200 0 0 7426 3
2025-05-08 07:00:27 10.1.0.50 GET /api/v1/Article/Get articlehandle=menuproducts&lang=1&region=3&loggedin=false 443 - 10.1.16.1 Mozilla/5.0+(Linux;+Android+10;+K)+AppleWebKit/537.36+(KHTML,+like+Gecko)+Chrome/135.0.0.0+Mobile+Safari/537.36 ASP.NET_SessionId=her3mvxcmkmc3lqtjd3blabc;+region=3;+lang=1;+__RequestVerificationToken=3Fybv7eauozQA7WcunWalc5zlH_lPusuy02CfJcNZFcGOsEQGYTSA-e3lkhYmr-1sQzhbkdulwqxXTfwGIWF_CqO_Fo1;+BIGipServerextron.com_443_pool=!QwtMNQTZtL+0rrAMjvaJwiHEDz8tIKr9xHyUYpt7m40RaeP+YegBg8WYutsegKLo3UEuQEJdmjh9Xg==;+_ga_DP5ZZ9VH84=GS2.1.s1746687605$o1$g0$t1746687605$j60$l0$h0;+_ga=GA1.2.941362758.1746687606;+_gid=GA1.2.414470488.1746687606;+_gat_UA-130285241-1=1;+_clck=3xfc61%7C2%7Cfvq%7C0%7C1954 https://www.extron.com/article/autocadbd www.extron.com 200 0 0 9469 4
2025-05-08 07:00:27 10.1.0.50 GET /api/v1/Article/Get articlehandle=menuresources&lang=1&region=3&loggedin=false 443 - 10.1.16.1 Mozilla/5.0+(Linux;+Android+10;+K)+AppleWebKit/537.36+(KHTML,+like+Gecko)+Chrome/135.0.0.0+Mobile+Safari/537.36 ASP.NET_SessionId=her3mvxcmkmc3lqtjd3blabc;+region=3;+lang=1;+__RequestVerificationToken=3Fybv7eauozQA7WcunWalc5zlH_lPusuy02CfJcNZFcGOsEQGYTSA-e3lkhYmr-1sQzhbkdulwqxXTfwGIWF_CqO_Fo1;+BIGipServerextron.com_443_pool=!QwtMNQTZtL+0rrAMjvaJwiHEDz8tIKr9xHyUYpt7m40RaeP+YegBg8WYutsegKLo3UEuQEJdmjh9Xg==;+_ga_DP5ZZ9VH84=GS2.1.s1746687605$o1$g0$t1746687605$j60$l0$h0;+_ga=GA1.2.941362758.1746687606;+_gid=GA1.2.414470488.1746687606;+_gat_UA-130285241-1=1;+_clck=3xfc61%7C2%7Cfvq%7C0%7C1954 https://www.extron.com/article/autocadbd www.extron.com 200 0 0 11724 2
2025-05-08 07:00:27 10.1.0.50 GET /404.aspx aspxerrorpath=%2fproduct%2fbuilders%2fteamwork%2fviews%2fshowme-retractors.aspx 443 - 10.1.16.1 - ASP.NET_SessionId=a2g44z13vvtu1vomwcsal2oa;+region=1;+lang=1;+__RequestVerificationToken=wGrbbRSeuOHIVGaRUCvncNyge4QKMx9l_KifrD5ECZQ5-WPyeETRzZX0Y2EYCYoAVjiqWFpb3ZzYUYSQEcfYmYwWjko1;+BIGipServerextron.com_443_pool=!VqkhuakZaZU07asMjvaJwiHEDz8tIHbmQoQyIljfFVxGYrt62qzqz824/FwwTLWvxnAgQ89K31wkdQ== - www.extron.com 404 0 0 54372 10
2025-05-08 07:00:27 10.1.0.50 GET /api/v1/Article/Get articlehandle=gdpr&lang=1&region=3&loggedin=false 443 - 10.1.16.1 Mozilla/5.0+(Linux;+Android+10;+K)+AppleWebKit/537.36+(KHTML,+like+Gecko)+Chrome/135.0.0.0+Mobile+Safari/537.36 ASP.NET_SessionId=her3mvxcmkmc3lqtjd3blabc;+region=3;+lang=1;+__RequestVerificationToken=3Fybv7eauozQA7WcunWalc5zlH_lPusuy02CfJcNZFcGOsEQGYTSA-e3lkhYmr-1sQzhbkdulwqxXTfwGIWF_CqO_Fo1;+BIGipServerextron.com_443_pool=!QwtMNQTZtL+0rrAMjvaJwiHEDz8tIKr9xHyUYpt7m40RaeP+YegBg8WYutsegKLo3UEuQEJdmjh9Xg==;+_ga_DP5ZZ9VH84=GS2.1.s1746687605$o1$g0$t1746687605$j60$l0$h0;+_ga=GA1.2.941362758.1746687606;+_gid=GA1.2.414470488.1746687606;+_gat_UA-130285241-1=1;+_clck=3xfc61%7C2%7Cfvq%7C0%7C1954 https://www.extron.com/article/autocadbd www.extron.com 200 0 0 2581 10
2025-05-08 07:00:27 10.1.0.50 GET /product/builders/teamwork/views/showme-options.aspx - 80 - 10.1.16.1 - - - www.extron.com 301 0 0 1815 12
2025-05-08 07:00:27 10.1.0.50 GET /api/v1/Article/Get articlehandle=menudownload&lang=1&region=3&loggedin=false 443 - 10.1.16.1 Mozilla/5.0+(Linux;+Android+10;+K)+AppleWebKit/537.36+(KHTML,+like+Gecko)+Chrome/135.0.0.0+Mobile+Safari/537.36 ASP.NET_SessionId=her3mvxcmkmc3lqtjd3blabc;+region=3;+lang=1;+__RequestVerificationToken=3Fybv7eauozQA7WcunWalc5zlH_lPusuy02CfJcNZFcGOsEQGYTSA-e3lkhYmr-1sQzhbkdulwqxXTfwGIWF_CqO_Fo1;+BIGipServerextron.com_443_pool=!QwtMNQTZtL+0rrAMjvaJwiHEDz8tIKr9xHyUYpt7m40RaeP+YegBg8WYutsegKLo3UEuQEJdmjh9Xg==;+_ga_DP5ZZ9VH84=GS2.1.s1746687605$o1$g0$t1746687605$j60$l0$h0;+_ga=GA1.2.941362758.1746687606;+_gid=GA1.2.414470488.1746687606;+_gat_UA-130285241-1=1;+_clck=3xfc61%7C2%7Cfvq%7C0%7C1954 https://www.extron.com/article/autocadbd www.extron.com 200 0 0 6186 9
2025-05-08 07:00:27 10.1.0.50 GET /api/v1/Article/Get articlehandle=menucompany&lang=1&region=3&loggedin=false 443 - 10.1.16.1 Mozilla/5.0+(Linux;+Android+10;+K)+AppleWebKit/537.36+(KHTML,+like+Gecko)+Chrome/135.0.0.0+Mobile+Safari/537.36 ASP.NET_SessionId=her3mvxcmkmc3lqtjd3blabc;+region=3;+lang=1;+__RequestVerificationToken=3Fybv7eauozQA7WcunWalc5zlH_lPusuy02CfJcNZFcGOsEQGYTSA-e3lkhYmr-1sQzhbkdulwqxXTfwGIWF_CqO_Fo1;+BIGipServerextron.com_443_pool=!QwtMNQTZtL+0rrAMjvaJwiHEDz8tIKr9xHyUYpt7m40RaeP+YegBg8WYutsegKLo3UEuQEJdmjh9Xg==;+_ga_DP5ZZ9VH84=GS2.1.s1746687605$o1$g0$t1746687605$j60$l0$h0;+_ga=GA1.2.941362758.1746687606;+_gid=GA1.2.414470488.1746687606;+_gat_UA-130285241-1=1;+_clck=3xfc61%7C2%7Cfvq%7C0%7C1954 https://www.extron.com/article/autocadbd www.extron.com 200 0 0 8563 6
2025-05-08 07:00:27 10.1.0.50 GET /Content/vendor/jquery/jquery-3.3.1.min.js - 443 - 10.1.16.1 Mozilla/5.0+(Windows+NT+10.0;+Win64;+x64)+AppleWebKit/537.36+(KHTML,+like+Gecko)+Chrome/136.0.0.0+Safari/537.36 ASP.NET_SessionId=jopcffqmgwqv1v1fu0yvpn3y;+region=2;+lang=3;+__RequestVerificationToken=snhncBTGJQvKcaPr2FJhAi6c63iek5oUZORloZQNV9vHqv_mxIfnftcxcEOWCRcl08gyrlZVIInPQ1hfoHBlkunu10o1;+BIGipServerextron.com_443_pool=!b55nGGb+5A5PurQMjvaJwiHEDz8tIHvxnPIl8JEOQhrZIM8nvLV4Ebx5Kz9yLYHMDg96M+b4O/LS/A==;+_gid=GA1.2.1525870029.1746687605;+_gat_UA-130285241-1=1;+_ga=GA1.1.468313871.1746687605;+_clck=1mp1exz%7C2%7Cfvq%7C0%7C1954;+_clsk=1224yc0%7C1746687606012%7C1%7C1%7Cs.clarity.ms%2Fcollect;+_ga_DP5ZZ9VH84=GS2.1.s1746687605$o1$g0$t1746687607$j58$l0$h0;+returnurl=/ https://www.extron.de/home/login www.extron.de 304 0 0 1705 1
2025-05-08 07:00:27 10.1.0.50 GET /Content/vendor/fontawesome/css/all.min.css - 443 - 10.1.16.1 Mozilla/5.0+(Windows+NT+10.0;+Win64;+x64)+AppleWebKit/537.36+(KHTML,+like+Gecko)+Chrome/136.0.0.0+Safari/537.36 ASP.NET_SessionId=jopcffqmgwqv1v1fu0yvpn3y;+region=2;+lang=3;+__RequestVerificationToken=snhncBTGJQvKcaPr2FJhAi6c63iek5oUZORloZQNV9vHqv_mxIfnftcxcEOWCRcl08gyrlZVIInPQ1hfoHBlkunu10o1;+BIGipServerextron.com_443_pool=!b55nGGb+5A5PurQMjvaJwiHEDz8tIHvxnPIl8JEOQhrZIM8nvLV4Ebx5Kz9yLYHMDg96M+b4O/LS/A==;+_gid=GA1.2.1525870029.1746687605;+_gat_UA-130285241-1=1;+_ga=GA1.1.468313871.1746687605;+_clck=1mp1exz%7C2%7Cfvq%7C0%7C1954;+_clsk=1224yc0%7C1746687606012%7C1%7C1%7Cs.clarity.ms%2Fcollect;+_ga_DP5ZZ9VH84=GS2.1.s1746687605$o1$g0$t1746687607$j58$l0$h0;+returnurl=/ https://www.extron.de/home/login www.extron.de 304 0 0 1703 1
2025-05-08 07:00:27 10.1.0.50 GET /Scripts/Shared/login.js - 443 - 10.1.16.1 Mozilla/5.0+(Windows+NT+10.0;+Win64;+x64)+AppleWebKit/537.36+(KHTML,+like+Gecko)+Chrome/136.0.0.0+Safari/537.36 ASP.NET_SessionId=jopcffqmgwqv1v1fu0yvpn3y;+region=2;+lang=3;+__RequestVerificationToken=snhncBTGJQvKcaPr2FJhAi6c63iek5oUZORloZQNV9vHqv_mxIfnftcxcEOWCRcl08gyrlZVIInPQ1hfoHBlkunu10o1;+BIGipServerextron.com_443_pool=!b55nGGb+5A5PurQMjvaJwiHEDz8tIHvxnPIl8JEOQhrZIM8nvLV4Ebx5Kz9yLYHMDg96M+b4O/LS/A==;+_gid=GA1.2.1525870029.1746687605;+_gat_UA-130285241-1=1;+_ga=GA1.1.468313871.1746687605;+_clck=1mp1exz%7C2%7Cfvq%7C0%7C1954;+_clsk=1224yc0%7C1746687606012%7C1%7C1%7Cs.clarity.ms%2Fcollect;+_ga_DP5ZZ9VH84=GS2.1.s1746687605$o1$g0$t1746687607$j58$l0$h0;+returnurl=/ https://www.extron.de/home/login www.extron.de 200 0 0 10163 1
2025-05-08 07:00:27 10.1.0.50 GET /Content/css/Shared/cookies.css - 443 - 10.1.16.1 Mozilla/5.0+(Windows+NT+10.0;+Win64;+x64)+AppleWebKit/537.36+(KHTML,+like+Gecko)+Chrome/136.0.0.0+Safari/537.36 ASP.NET_SessionId=jopcffqmgwqv1v1fu0yvpn3y;+region=2;+lang=3;+__RequestVerificationToken=snhncBTGJQvKcaPr2FJhAi6c63iek5oUZORloZQNV9vHqv_mxIfnftcxcEOWCRcl08gyrlZVIInPQ1hfoHBlkunu10o1;+BIGipServerextron.com_443_pool=!b55nGGb+5A5PurQMjvaJwiHEDz8tIHvxnPIl8JEOQhrZIM8nvLV4Ebx5Kz9yLYHMDg96M+b4O/LS/A==;+_gid=GA1.2.1525870029.1746687605;+_gat_UA-130285241-1=1;+_ga=GA1.1.468313871.1746687605;+_clck=1mp1exz%7C2%7Cfvq%7C0%7C1954;+_clsk=1224yc0%7C1746687606012%7C1%7C1%7Cs.clarity.ms%2Fcollect;+_ga_DP5ZZ9VH84=GS2.1.s1746687605$o1$g0$t1746687607$j58$l0$h0;+returnurl=/ https://www.extron.de/home/login www.extron.de 304 0 0 1705 0
2025-05-08 07:00:27 10.1.0.50 GET /Content/css/Shared/extron_bs5.css - 443 - 10.1.16.1 Mozilla/5.0+(Windows+NT+10.0;+Win64;+x64)+AppleWebKit/537.36+(KHTML,+like+Gecko)+Chrome/136.0.0.0+Safari/537.36 ASP.NET_SessionId=jopcffqmgwqv1v1fu0yvpn3y;+region=2;+lang=3;+__RequestVerificationToken=snhncBTGJQvKcaPr2FJhAi6c63iek5oUZORloZQNV9vHqv_mxIfnftcxcEOWCRcl08gyrlZVIInPQ1hfoHBlkunu10o1;+BIGipServerextron.com_443_pool=!b55nGGb+5A5PurQMjvaJwiHEDz8tIHvxnPIl8JEOQhrZIM8nvLV4Ebx5Kz9yLYHMDg96M+b4O/LS/A==;+_gid=GA1.2.1525870029.1746687605;+_gat_UA-130285241-1=1;+_ga=GA1.1.468313871.1746687605;+_clck=1mp1exz%7C2%7Cfvq%7C0%7C1954;+_clsk=1224yc0%7C1746687606012%7C1%7C1%7Cs.clarity.ms%2Fcollect;+_ga_DP5ZZ9VH84=GS2.1.s1746687605$o1$g0$t1746687607$j58$l0$h0;+returnurl=/ https://www.extron.de/home/login www.extron.de 200 0 0 999925 4
2025-05-08 07:00:27 10.1.0.50 GET /content/css/interactivediagram/interactive-diagram.css - 443 - 10.1.16.1 Mozilla/5.0+(Windows+NT+10.0;+Win64;+x64;+rv:138.0)+Gecko/20100101+Firefox/138.0 ASP.NET_SessionId=j4455r3vqamqtcyucvqganrh;+region=1;+lang=1;+__RequestVerificationToken=OmekRpBuLjwllt2VjBYBDhFPFEHf-1SXjG_sBZzqRhH2C6746utbyzaGw91_JyZZP3pj4AKF59ftOGCZ6F54X4rhusk1;+BIGipServerextron.com_443_pool=!ADCTTCKedAc2+IkMjvaJwiHEDz8tIEcTCror+/E542zR2uD/A43PMQBvuCTR5YkCmQ0UdZlbaxq+2w==;+ExtronRecViewProd=nbp200,mlcplus200 https://www.extron.com/product/mlcplus200 www.extron.com 304 0 0 1705 1
2025-05-08 07:00:27 10.1.0.50 GET /Content/vendor/bs-offcanvas/dist/js/bootstrap.offcanvas.js - 443 - 10.1.16.1 Mozilla/5.0+(Windows+NT+10.0;+Win64;+x64;+rv:138.0)+Gecko/20100101+Firefox/138.0 ASP.NET_SessionId=j4455r3vqamqtcyucvqganrh;+region=1;+lang=1;+__RequestVerificationToken=OmekRpBuLjwllt2VjBYBDhFPFEHf-1SXjG_sBZzqRhH2C6746utbyzaGw91_JyZZP3pj4AKF59ftOGCZ6F54X4rhusk1;+BIGipServerextron.com_443_pool=!ADCTTCKedAc2+IkMjvaJwiHEDz8tIEcTCror+/E542zR2uD/A43PMQBvuCTR5YkCmQ0UdZlbaxq+2w==;+ExtronRecViewProd=nbp200,mlcplus200 https://www.extron.com/product/mlcplus200 www.extron.com 304 0 0 1705 1
2025-05-08 07:00:27 10.1.0.50 GET /Content/vendor/js-cloudimage-360-view/js/js-cloudimage-360-view.min.js nocache=06082021 443 - 10.1.16.1 Mozilla/5.0+(Windows+NT+10.0;+Win64;+x64;+rv:138.0)+Gecko/20100101+Firefox/138.0 ASP.NET_SessionId=j4455r3vqamqtcyucvqganrh;+region=1;+lang=1;+__RequestVerificationToken=OmekRpBuLjwllt2VjBYBDhFPFEHf-1SXjG_sBZzqRhH2C6746utbyzaGw91_JyZZP3pj4AKF59ftOGCZ6F54X4rhusk1;+BIGipServerextron.com_443_pool=!ADCTTCKedAc2+IkMjvaJwiHEDz8tIEcTCror+/E542zR2uD/A43PMQBvuCTR5YkCmQ0UdZlbaxq+2w==;+ExtronRecViewProd=nbp200,mlcplus200 https://www.extron.com/product/mlcplus200 www.extron.com 304 0 0 1705 0
2025-05-08 07:00:27 10.1.0.50 GET /tools/signage id=4ksignage 443 - 10.1.16.1 - - - www.extron.com 200 0 0 17926 8
2025-05-08 07:00:27 10.1.0.50 GET /Content/vendor/fancybox-3.5.7/dist/jquery.fancybox.js - 443 - 10.1.16.1 Mozilla/5.0+(Windows+NT+10.0;+Win64;+x64;+rv:138.0)+Gecko/20100101+Firefox/138.0 ASP.NET_SessionId=j4455r3vqamqtcyucvqganrh;+region=1;+lang=1;+__RequestVerificationToken=OmekRpBuLjwllt2VjBYBDhFPFEHf-1SXjG_sBZzqRhH2C6746utbyzaGw91_JyZZP3pj4AKF59ftOGCZ6F54X4rhusk1;+BIGipServerextron.com_443_pool=!ADCTTCKedAc2+IkMjvaJwiHEDz8tIEcTCror+/E542zR2uD/A43PMQBvuCTR5YkCmQ0UdZlbaxq+2w==;+ExtronRecViewProd=nbp200,mlcplus200 https://www.extron.com/product/mlcplus200 www.extron.com 304 0 0 1705 1
2025-05-08 07:00:27 10.1.0.50 GET /Content/vendor/jquery-debounce/jquery.ba-throttle-debounce.js - 443 - 10.1.16.1 Mozilla/5.0+(Windows+NT+10.0;+Win64;+x64;+rv:138.0)+Gecko/20100101+Firefox/138.0 ASP.NET_SessionId=j4455r3vqamqtcyucvqganrh;+region=1;+lang=1;+__RequestVerificationToken=OmekRpBuLjwllt2VjBYBDhFPFEHf-1SXjG_sBZzqRhH2C6746utbyzaGw91_JyZZP3pj4AKF59ftOGCZ6F54X4rhusk1;+BIGipServerextron.com_443_pool=!ADCTTCKedAc2+IkMjvaJwiHEDz8tIEcTCror+/E542zR2uD/A43PMQBvuCTR5YkCmQ0UdZlbaxq+2w==;+ExtronRecViewProd=nbp200,mlcplus200 https://www.extron.com/product/mlcplus200 www.extron.com 304 0 0 1705 0
2025-05-08 07:00:27 10.1.0.50 GET /Content/vendor/hoverintent/jquery.hoverIntent.js - 443 - 10.1.16.1 Mozilla/5.0+(Windows+NT+10.0;+Win64;+x64;+rv:138.0)+Gecko/20100101+Firefox/138.0 ASP.NET_SessionId=j4455r3vqamqtcyucvqganrh;+region=1;+lang=1;+__RequestVerificationToken=OmekRpBuLjwllt2VjBYBDhFPFEHf-1SXjG_sBZzqRhH2C6746utbyzaGw91_JyZZP3pj4AKF59ftOGCZ6F54X4rhusk1;+BIGipServerextron.com_443_pool=!ADCTTCKedAc2+IkMjvaJwiHEDz8tIEcTCror+/E542zR2uD/A43PMQBvuCTR5YkCmQ0UdZlbaxq+2w==;+ExtronRecViewProd=nbp200,mlcplus200 https://www.extron.com/product/mlcplus200 www.extron.com 304 0 0 1705 0
2025-05-08 07:00:27 10.1.0.50 GET /technology/literature.aspx s=tesb&s=tesb&s=tesb&s=tesb&s=tesb&s=tesb&s=tesb&s=tesb&s=tesb&s=tesb&s=tesb&s=tesb&s=tesb&s=tesb&s=tesb&s=tesb&filetype=81&filetype=102&filetype=30&filetype=81&filetype=4&filetype=81&filetype=6&filetype=30&filetype=4&filetype=4&filetype=81&filetype=102&filetype=102&filetype=6&filetype=4&tabid=3&tabid=4&tabid=6&tabid=3&tabid=1&tabid=3&tabid=5&tabid=6&tabid=1&tabid=1&tabid=3&tabid=4&tabid=4&tabid=5&tabid=1&id=p&id=a&id=p&id=h&id=J&id=L&id=R&id=P&id=P&id=All&id=C&id=Other&id=L&id=M&id=All&filetype=4&tabid=1&id=M 443 - 10.1.16.1 Mozilla/5.0+AppleWebKit/537.36+(KHTML,+like+Gecko;+compatible;+bingbot/2.0;++http://www.bing.com/bingbot.htm)+Chrome/116.0.1938.76+Safari/537.36 - - www.extron.de 200 0 0 161574 796
2025-05-08 07:00:27 10.1.0.50 GET /Content/vendor/jquery-mobile-events/jquery.mobile-events.js - 443 - 10.1.16.1 Mozilla/5.0+(Windows+NT+10.0;+Win64;+x64;+rv:138.0)+Gecko/20100101+Firefox/138.0 ASP.NET_SessionId=j4455r3vqamqtcyucvqganrh;+region=1;+lang=1;+__RequestVerificationToken=OmekRpBuLjwllt2VjBYBDhFPFEHf-1SXjG_sBZzqRhH2C6746utbyzaGw91_JyZZP3pj4AKF59ftOGCZ6F54X4rhusk1;+BIGipServerextron.com_443_pool=!ADCTTCKedAc2+IkMjvaJwiHEDz8tIEcTCror+/E542zR2uD/A43PMQBvuCTR5YkCmQ0UdZlbaxq+2w==;+ExtronRecViewProd=nbp200,mlcplus200 https://www.extron.com/product/mlcplus200 www.extron.com 304 0 0 1705 1
2025-05-08 07:00:27 10.1.0.50 GET /Scripts/Company/consultationrequest.js nocache=20241122 443 - 10.1.16.1 Mozilla/5.0+(Linux;+Android+10;+K)+AppleWebKit/537.36+(KHTML,+like+Gecko)+Chrome/135.0.0.0+Mobile+Safari/537.36 ASP.NET_SessionId=her3mvxcmkmc3lqtjd3blabc;+region=3;+lang=1;+__RequestVerificationToken=3Fybv7eauozQA7WcunWalc5zlH_lPusuy02CfJcNZFcGOsEQGYTSA-e3lkhYmr-1sQzhbkdulwqxXTfwGIWF_CqO_Fo1;+BIGipServerextron.com_443_pool=!QwtMNQTZtL+0rrAMjvaJwiHEDz8tIKr9xHyUYpt7m40RaeP+YegBg8WYutsegKLo3UEuQEJdmjh9Xg==;+_ga_DP5ZZ9VH84=GS2.1.s1746687605$o1$g0$t1746687605$j60$l0$h0;+_ga=GA1.2.941362758.1746687606;+_gid=GA1.2.414470488.1746687606;+_gat_UA-130285241-1=1;+_clck=3xfc61%7C2%7Cfvq%7C0%7C1954 https://www.extron.com/article/autocadbd www.extron.com 200 0 0 13007 3
2025-05-08 07:00:27 10.1.0.50 GET /Content/vendor/prependaround/prependaround.js - 443 - 10.1.16.1 Mozilla/5.0+(Windows+NT+10.0;+Win64;+x64;+rv:138.0)+Gecko/20100101+Firefox/138.0 ASP.NET_SessionId=j4455r3vqamqtcyucvqganrh;+region=1;+lang=1;+__RequestVerificationToken=OmekRpBuLjwllt2VjBYBDhFPFEHf-1SXjG_sBZzqRhH2C6746utbyzaGw91_JyZZP3pj4AKF59ftOGCZ6F54X4rhusk1;+BIGipServerextron.com_443_pool=!ADCTTCKedAc2+IkMjvaJwiHEDz8tIEcTCror+/E542zR2uD/A43PMQBvuCTR5YkCmQ0UdZlbaxq+2w==;+ExtronRecViewProd=nbp200,mlcplus200 https://www.extron.com/product/mlcplus200 www.extron.com 304 0 0 1705 1
2025-05-08 07:00:27 10.1.0.50 GET /Content/vendor/slick/slick.js - 443 - 10.1.16.1 Mozilla/5.0+(Windows+NT+10.0;+Win64;+x64;+rv:138.0)+Gecko/20100101+Firefox/138.0 ASP.NET_SessionId=j4455r3vqamqtcyucvqganrh;+region=1;+lang=1;+__RequestVerificationToken=OmekRpBuLjwllt2VjBYBDhFPFEHf-1SXjG_sBZzqRhH2C6746utbyzaGw91_JyZZP3pj4AKF59ftOGCZ6F54X4rhusk1;+BIGipServerextron.com_443_pool=!ADCTTCKedAc2+IkMjvaJwiHEDz8tIEcTCror+/E542zR2uD/A43PMQBvuCTR5YkCmQ0UdZlbaxq+2w==;+ExtronRecViewProd=nbp200,mlcplus200 https://www.extron.com/product/mlcplus200 www.extron.com 304 0 0 1705 1
2025-05-08 07:00:27 10.1.0.50 GET /Content/vendor/js-cookie/js.cookie-2.2.0.js - 443 - 10.1.16.1 Mozilla/5.0+(Windows+NT+10.0;+Win64;+x64;+rv:138.0)+Gecko/20100101+Firefox/138.0 ASP.NET_SessionId=j4455r3vqamqtcyucvqganrh;+region=1;+lang=1;+__RequestVerificationToken=OmekRpBuLjwllt2VjBYBDhFPFEHf-1SXjG_sBZzqRhH2C6746utbyzaGw91_JyZZP3pj4AKF59ftOGCZ6F54X4rhusk1;+BIGipServerextron.com_443_pool=!ADCTTCKedAc2+IkMjvaJwiHEDz8tIEcTCror+/E542zR2uD/A43PMQBvuCTR5YkCmQ0UdZlbaxq+2w==;+ExtronRecViewProd=nbp200,mlcplus200 https://www.extron.com/product/mlcplus200 www.extron.com 304 0 0 1705 1
2025-05-08 07:00:27 10.1.0.50 GET /Scripts/Shared/videoplayer.js - 443 - 10.1.16.1 Mozilla/5.0+(Windows+NT+10.0;+Win64;+x64;+rv:138.0)+Gecko/20100101+Firefox/138.0 ASP.NET_SessionId=j4455r3vqamqtcyucvqganrh;+region=1;+lang=1;+__RequestVerificationToken=OmekRpBuLjwllt2VjBYBDhFPFEHf-1SXjG_sBZzqRhH2C6746utbyzaGw91_JyZZP3pj4AKF59ftOGCZ6F54X4rhusk1;+BIGipServerextron.com_443_pool=!ADCTTCKedAc2+IkMjvaJwiHEDz8tIEcTCror+/E542zR2uD/A43PMQBvuCTR5YkCmQ0UdZlbaxq+2w==;+ExtronRecViewProd=nbp200,mlcplus200 https://www.extron.com/product/mlcplus200 www.extron.com 304 0 0 1705 0
2025-05-08 07:00:27 10.1.0.50 GET /Scripts/Shared/autohide.js - 443 - 10.1.16.1 Mozilla/5.0+(Windows+NT+10.0;+Win64;+x64;+rv:138.0)+Gecko/20100101+Firefox/138.0 ASP.NET_SessionId=j4455r3vqamqtcyucvqganrh;+region=1;+lang=1;+__RequestVerificationToken=OmekRpBuLjwllt2VjBYBDhFPFEHf-1SXjG_sBZzqRhH2C6746utbyzaGw91_JyZZP3pj4AKF59ftOGCZ6F54X4rhusk1;+BIGipServerextron.com_443_pool=!ADCTTCKedAc2+IkMjvaJwiHEDz8tIEcTCror+/E542zR2uD/A43PMQBvuCTR5YkCmQ0UdZlbaxq+2w==;+ExtronRecViewProd=nbp200,mlcplus200 https://www.extron.com/product/mlcplus200 www.extron.com 304 0 0 1705 0
2025-05-08 07:00:27 10.1.0.50 GET /Scripts/Shared/main.js 20240613 443 - 10.1.16.1 Mozilla/5.0+(Windows+NT+10.0;+Win64;+x64;+rv:138.0)+Gecko/20100101+Firefox/138.0 ASP.NET_SessionId=j4455r3vqamqtcyucvqganrh;+region=1;+lang=1;+__RequestVerificationToken=OmekRpBuLjwllt2VjBYBDhFPFEHf-1SXjG_sBZzqRhH2C6746utbyzaGw91_JyZZP3pj4AKF59ftOGCZ6F54X4rhusk1;+BIGipServerextron.com_443_pool=!ADCTTCKedAc2+IkMjvaJwiHEDz8tIEcTCror+/E542zR2uD/A43PMQBvuCTR5YkCmQ0UdZlbaxq+2w==;+ExtronRecViewProd=nbp200,mlcplus200 https://www.extron.com/product/mlcplus200 www.extron.com 304 0 0 1705 0
2025-05-08 07:00:27 10.1.0.50 GET /product/software/scheduling - 80 - 10.1.16.1 Mozilla/5.0+(compatible;+DotBot/1.2;++https://opensiteexplorer.org/dotbot;+help@moz.com) - - www.extron.fr 301 0 0 1765 1
2025-05-08 07:00:27 10.1.0.50 GET /Scripts/Shared/login.js 20210406 443 - 10.1.16.1 Mozilla/5.0+(Windows+NT+10.0;+Win64;+x64;+rv:138.0)+Gecko/20100101+Firefox/138.0 ASP.NET_SessionId=j4455r3vqamqtcyucvqganrh;+region=1;+lang=1;+__RequestVerificationToken=OmekRpBuLjwllt2VjBYBDhFPFEHf-1SXjG_sBZzqRhH2C6746utbyzaGw91_JyZZP3pj4AKF59ftOGCZ6F54X4rhusk1;+BIGipServerextron.com_443_pool=!ADCTTCKedAc2+IkMjvaJwiHEDz8tIEcTCror+/E542zR2uD/A43PMQBvuCTR5YkCmQ0UdZlbaxq+2w==;+ExtronRecViewProd=nbp200,mlcplus200 https://www.extron.com/product/mlcplus200 www.extron.com 304 0 0 1705 1
2025-05-08 07:00:27 10.1.0.50 GET /Content/vendor/panzoom/dist/js/panzoom.min.js - 443 - 10.1.16.1 Mozilla/5.0+(Windows+NT+10.0;+Win64;+x64;+rv:138.0)+Gecko/20100101+Firefox/138.0 ASP.NET_SessionId=j4455r3vqamqtcyucvqganrh;+region=1;+lang=1;+__RequestVerificationToken=OmekRpBuLjwllt2VjBYBDhFPFEHf-1SXjG_sBZzqRhH2C6746utbyzaGw91_JyZZP3pj4AKF59ftOGCZ6F54X4rhusk1;+BIGipServerextron.com_443_pool=!ADCTTCKedAc2+IkMjvaJwiHEDz8tIEcTCror+/E542zR2uD/A43PMQBvuCTR5YkCmQ0UdZlbaxq+2w==;+ExtronRecViewProd=nbp200,mlcplus200 https://www.extron.com/product/mlcplus200 www.extron.com 304 0 0 1704 0
2025-05-08 07:00:27 10.1.0.50 GET /Content/vendor/bootstrap-select/js/bootstrap-select.min.js - 443 - 10.1.16.1 Mozilla/5.0+(Windows+NT+10.0;+Win64;+x64;+rv:138.0)+Gecko/20100101+Firefox/138.0 ASP.NET_SessionId=j4455r3vqamqtcyucvqganrh;+region=1;+lang=1;+__RequestVerificationToken=OmekRpBuLjwllt2VjBYBDhFPFEHf-1SXjG_sBZzqRhH2C6746utbyzaGw91_JyZZP3pj4AKF59ftOGCZ6F54X4rhusk1;+BIGipServerextron.com_443_pool=!ADCTTCKedAc2+IkMjvaJwiHEDz8tIEcTCror+/E542zR2uD/A43PMQBvuCTR5YkCmQ0UdZlbaxq+2w==;+ExtronRecViewProd=nbp200,mlcplus200 https://www.extron.com/product/mlcplus200 www.extron.com 304 0 0 1705 0
2025-05-08 07:00:27 10.1.0.50 GET /inc/jquery/jqueryTools/jquery.scroll-tools-1.2.7.min.js - 443 - 10.1.16.1 Mozilla/5.0+(Windows+NT+10.0;+Win64;+x64;+rv:138.0)+Gecko/20100101+Firefox/138.0 ASP.NET_SessionId=j4455r3vqamqtcyucvqganrh;+region=1;+lang=1;+__RequestVerificationToken=OmekRpBuLjwllt2VjBYBDhFPFEHf-1SXjG_sBZzqRhH2C6746utbyzaGw91_JyZZP3pj4AKF59ftOGCZ6F54X4rhusk1;+BIGipServerextron.com_443_pool=!ADCTTCKedAc2+IkMjvaJwiHEDz8tIEcTCror+/E542zR2uD/A43PMQBvuCTR5YkCmQ0UdZlbaxq+2w==;+ExtronRecViewProd=nbp200,mlcplus200 https://www.extron.com/product/mlcplus200 www.extron.com 304 0 0 1704 1
2025-05-08 07:00:27 10.1.0.50 GET /product/builders/shared/vendor/ractive/ractive.min.js - 443 - 10.1.16.1 Mozilla/5.0+(Windows+NT+10.0;+Win64;+x64;+rv:138.0)+Gecko/20100101+Firefox/138.0 ASP.NET_SessionId=j4455r3vqamqtcyucvqganrh;+region=1;+lang=1;+__RequestVerificationToken=OmekRpBuLjwllt2VjBYBDhFPFEHf-1SXjG_sBZzqRhH2C6746utbyzaGw91_JyZZP3pj4AKF59ftOGCZ6F54X4rhusk1;+BIGipServerextron.com_443_pool=!ADCTTCKedAc2+IkMjvaJwiHEDz8tIEcTCror+/E542zR2uD/A43PMQBvuCTR5YkCmQ0UdZlbaxq+2w==;+ExtronRecViewProd=nbp200,mlcplus200 https://www.extron.com/product/mlcplus200 www.extron.com 304 0 0 1704 0
2025-05-08 07:00:27 10.1.0.50 GET /Content/css/Shared/fonts/roboto-v18-cyrillic_latin-ext_latin_cyrillic-ext-regular.woff2 - 443 - 10.1.16.1 Mozilla/5.0+(Windows+NT+10.0;+Win64;+x64)+AppleWebKit/537.36+(KHTML,+like+Gecko)+Chrome/136.0.0.0+Safari/537.36 ASP.NET_SessionId=jopcffqmgwqv1v1fu0yvpn3y;+region=2;+lang=3;+__RequestVerificationToken=snhncBTGJQvKcaPr2FJhAi6c63iek5oUZORloZQNV9vHqv_mxIfnftcxcEOWCRcl08gyrlZVIInPQ1hfoHBlkunu10o1;+BIGipServerextron.com_443_pool=!b55nGGb+5A5PurQMjvaJwiHEDz8tIHvxnPIl8JEOQhrZIM8nvLV4Ebx5Kz9yLYHMDg96M+b4O/LS/A==;+_gid=GA1.2.1525870029.1746687605;+_gat_UA-130285241-1=1;+_ga=GA1.1.468313871.1746687605;+_clck=1mp1exz%7C2%7Cfvq%7C0%7C1954;+_clsk=1224yc0%7C1746687606012%7C1%7C1%7Cs.clarity.ms%2Fcollect;+_ga_DP5ZZ9VH84=GS2.1.s1746687605$o1$g0$t1746687607$j58$l0$h0;+returnurl=/ https://www.extron.de/Content/css/Shared/extron_bs5.css www.extron.de 304 0 0 1705 0
2025-05-08 07:00:27 10.1.0.50 GET /Content/css/Shared/fonts/roboto-v18-cyrillic_latin-ext_latin_cyrillic-ext-500.woff2 - 443 - 10.1.16.1 Mozilla/5.0+(Windows+NT+10.0;+Win64;+x64)+AppleWebKit/537.36+(KHTML,+like+Gecko)+Chrome/136.0.0.0+Safari/537.36 ASP.NET_SessionId=jopcffqmgwqv1v1fu0yvpn3y;+region=2;+lang=3;+__RequestVerificationToken=snhncBTGJQvKcaPr2FJhAi6c63iek5oUZORloZQNV9vHqv_mxIfnftcxcEOWCRcl08gyrlZVIInPQ1hfoHBlkunu10o1;+BIGipServerextron.com_443_pool=!b55nGGb+5A5PurQMjvaJwiHEDz8tIHvxnPIl8JEOQhrZIM8nvLV4Ebx5Kz9yLYHMDg96M+b4O/LS/A==;+_gid=GA1.2.1525870029.1746687605;+_gat_UA-130285241-1=1;+_ga=GA1.1.468313871.1746687605;+_clck=1mp1exz%7C2%7Cfvq%7C0%7C1954;+_clsk=1224yc0%7C1746687606012%7C1%7C1%7Cs.clarity.ms%2Fcollect;+_ga_DP5ZZ9VH84=GS2.1.s1746687605$o1$g0$t1746687607$j58$l0$h0;+returnurl=/ https://www.extron.de/Content/css/Shared/extron_bs5.css www.extron.de 304 0 0 1705 1
2025-05-08 07:00:27 10.1.0.50 GET /Content/css/Shared/fonts/roboto-v18-cyrillic_latin-ext_latin_cyrillic-ext-700.woff2 - 443 - 10.1.16.1 Mozilla/5.0+(Windows+NT+10.0;+Win64;+x64)+AppleWebKit/537.36+(KHTML,+like+Gecko)+Chrome/136.0.0.0+Safari/537.36 ASP.NET_SessionId=jopcffqmgwqv1v1fu0yvpn3y;+region=2;+lang=3;+__RequestVerificationToken=snhncBTGJQvKcaPr2FJhAi6c63iek5oUZORloZQNV9vHqv_mxIfnftcxcEOWCRcl08gyrlZVIInPQ1hfoHBlkunu10o1;+BIGipServerextron.com_443_pool=!b55nGGb+5A5PurQMjvaJwiHEDz8tIHvxnPIl8JEOQhrZIM8nvLV4Ebx5Kz9yLYHMDg96M+b4O/LS/A==;+_gid=GA1.2.1525870029.1746687605;+_gat_UA-130285241-1=1;+_ga=GA1.1.468313871.1746687605;+_clck=1mp1exz%7C2%7Cfvq%7C0%7C1954;+_clsk=1224yc0%7C1746687606012%7C1%7C1%7Cs.clarity.ms%2Fcollect;+_ga_DP5ZZ9VH84=GS2.1.s1746687605$o1$g0$t1746687607$j58$l0$h0;+returnurl=/ https://www.extron.de/Content/css/Shared/extron_bs5.css www.extron.de 304 0 0 1705 0
2025-05-08 07:00:27 10.1.0.50 GET /Content/vendor/fontawesome/webfonts/fa-solid-900.woff2 - 443 - 10.1.16.1 Mozilla/5.0+(Windows+NT+10.0;+Win64;+x64)+AppleWebKit/537.36+(KHTML,+like+Gecko)+Chrome/136.0.0.0+Safari/537.36 ASP.NET_SessionId=jopcffqmgwqv1v1fu0yvpn3y;+region=2;+lang=3;+__RequestVerificationToken=snhncBTGJQvKcaPr2FJhAi6c63iek5oUZORloZQNV9vHqv_mxIfnftcxcEOWCRcl08gyrlZVIInPQ1hfoHBlkunu10o1;+BIGipServerextron.com_443_pool=!b55nGGb+5A5PurQMjvaJwiHEDz8tIHvxnPIl8JEOQhrZIM8nvLV4Ebx5Kz9yLYHMDg96M+b4O/LS/A==;+_gid=GA1.2.1525870029.1746687605;+_gat_UA-130285241-1=1;+_ga=GA1.1.468313871.1746687605;+_clck=1mp1exz%7C2%7Cfvq%7C0%7C1954;+_clsk=1224yc0%7C1746687606012%7C1%7C1%7Cs.clarity.ms%2Fcollect;+_ga_DP5ZZ9VH84=GS2.1.s1746687605$o1$g0$t1746687607$j58$l0$h0;+returnurl=/ https://www.extron.de/Content/vendor/fontawesome/css/all.min.css www.extron.de 304 0 0 1703 1
2025-05-08 07:00:27 10.1.0.50 GET /product/dtp2t212 - 443 - 10.1.16.1 Mozilla/5.0+(Windows+NT+10.0;+Win64;+x64)+AppleWebKit/537.36+(KHTML,+like+Gecko;+compatible;+Yeti/1.1;++https://naver.me/spd)+Chrome/127.0.0.0+Safari/537.36 - - www.extron.com 200 0 0 134625 110
2025-05-08 07:00:27 10.1.0.50 GET / - 80 - 10.1.15.85 - - - - 200 0 64 0 492
2025-05-08 07:00:27 10.1.0.50 GET /download/files/firmware/NAV_1G_Series_v1x01x0004-b010.exe - 443 - 10.1.16.1 Mozilla/5.0+(Windows+NT+10.0;+Win64;+x64)+AppleWebKit/537.36+(KHTML,+like+Gecko)+Chrome/135.0.0.0+Safari/537.36 region=2;+lang=3;+_gid=GA1.2.1293735567.1746638260;+ExtronRecViewProd=navsd101;+ASP.NET_SessionId=egz4hrrqx5uoj34re1pvk4cq;+__RequestVerificationToken=NPG1AIha69RpYXOMI39yR2ILIZKfKzUahGh7mgrjX7TkEJkbuCdG4wXEwNT8_lWmPCggqH1yWHgKnRmBQBIFbrIYSFA1;+BIGipServerextron.com_443_pool=!bdpG0AKp7kTxBHcMjvaJwiHEDz8tIAKdhR6dmVvntyC0fiG0K6V2o6tkPHm/B8AcCbtkbM1yJGS0jg==;+returnurl=/;+username=juan.ordonez@gleich-gmbh.com;+PriceClass=38;+PriceList=EUREU;+.AspNet.Cookies=PGzSFQc7By0Wbx9m1p5ACsHjlR7uDjuZkVZj2qJmC-qSqRtVDEG0kZBbOlFF5ed2QSMq7hn6bJ5Y6J3PbYdeTVvTuKHwl6o2mKwdsnW1RqFTbv_rXaOyecGhYpKhY-Kh70eS1G4voX88PvMLxo2LcpUYSao7YAbmCKOGdsi3ku9v2e7dNJXxr9DopqjgP4ZFojmeMU0H6aU1DXwxMbkGK4hfZFUvdiSgtko6ecb7H84j6Q6zsuODwQP4EionVjQjeGrmIeuqtnJGQyOoNG4WEvCGDWyjXSQKeI_CAV_reVTlJugRbPrVjDL65cARZhIRMN4k1TSBwNe0BcchwcrclVtEXlik0e86yc6Msgx4rBryt_gK6V84QOb_6N878iqFEOiMi2-PGeOjAjLtvZDVZlhLU6QLiBCsIqxdQyYM7z-IWICyBJ2PknmQ7Roznjx32SP-mQ;+_ga=GA1.1.1778607093.1746638259;+_ga_DP5ZZ9VH84=GS2.1.s1746686734$o2$g1$t1746687606$j60$l0$h0 https://www.extron.de/download/dltrack.aspx?file=NAV_1G_Series_v1x01x0004-b010.exe&id=225720 www.extron.de 302 0 0 1918 2
2025-05-08 07:00:27 10.1.0.50 GET /inc/swfobject1.5.js - 443 - 10.1.16.1 Mozilla/5.0+(Windows+NT+10.0;+Win64;+x64;+rv:138.0)+Gecko/20100101+Firefox/138.0 ASP.NET_SessionId=j4455r3vqamqtcyucvqganrh;+region=1;+lang=1;+__RequestVerificationToken=OmekRpBuLjwllt2VjBYBDhFPFEHf-1SXjG_sBZzqRhH2C6746utbyzaGw91_JyZZP3pj4AKF59ftOGCZ6F54X4rhusk1;+BIGipServerextron.com_443_pool=!ADCTTCKedAc2+IkMjvaJwiHEDz8tIEcTCror+/E542zR2uD/A43PMQBvuCTR5YkCmQ0UdZlbaxq+2w==;+ExtronRecViewProd=nbp200,mlcplus200 https://www.extron.com/product/mlcplus200 www.extron.com 304 0 0 1704 1
2025-05-08 07:00:27 10.1.0.50 GET /Content/css/Shared/fonts/roboto-v18-cyrillic_latin-ext_latin_cyrillic-ext-700.woff2 - 443 juan.ordonez@gleich-gmbh.com 10.1.16.1 Mozilla/5.0+(Windows+NT+10.0;+Win64;+x64)+AppleWebKit/537.36+(KHTML,+like+Gecko)+Chrome/135.0.0.0+Safari/537.36 region=2;+lang=3;+_gid=GA1.2.1293735567.1746638260;+ExtronRecViewProd=navsd101;+ASP.NET_SessionId=egz4hrrqx5uoj34re1pvk4cq;+__RequestVerificationToken=NPG1AIha69RpYXOMI39yR2ILIZKfKzUahGh7mgrjX7TkEJkbuCdG4wXEwNT8_lWmPCggqH1yWHgKnRmBQBIFbrIYSFA1;+BIGipServerextron.com_443_pool=!bdpG0AKp7kTxBHcMjvaJwiHEDz8tIAKdhR6dmVvntyC0fiG0K6V2o6tkPHm/B8AcCbtkbM1yJGS0jg==;+returnurl=/;+username=juan.ordonez@gleich-gmbh.com;+PriceClass=38;+PriceList=EUREU;+.AspNet.Cookies=PGzSFQc7By0Wbx9m1p5ACsHjlR7uDjuZkVZj2qJmC-qSqRtVDEG0kZBbOlFF5ed2QSMq7hn6bJ5Y6J3PbYdeTVvTuKHwl6o2mKwdsnW1RqFTbv_rXaOyecGhYpKhY-Kh70eS1G4voX88PvMLxo2LcpUYSao7YAbmCKOGdsi3ku9v2e7dNJXxr9DopqjgP4ZFojmeMU0H6aU1DXwxMbkGK4hfZFUvdiSgtko6ecb7H84j6Q6zsuODwQP4EionVjQjeGrmIeuqtnJGQyOoNG4WEvCGDWyjXSQKeI_CAV_reVTlJugRbPrVjDL65cARZhIRMN4k1TSBwNe0BcchwcrclVtEXlik0e86yc6Msgx4rBryt_gK6V84QOb_6N878iqFEOiMi2-PGeOjAjLtvZDVZlhLU6QLiBCsIqxdQyYM7z-IWICyBJ2PknmQ7Roznjx32SP-mQ;+_ga=GA1.1.1778607093.1746638259;+_ga_DP5ZZ9VH84=GS2.1.s1746686734$o2$g1$t1746687606$j60$l0$h0 https://www.extron.de/Content/css/Shared/extron.css www.extron.de 304 0 0 1705 1
2025-05-08 07:00:27 10.1.0.50 GET /Content/vendor/fontawesome/webfonts/fa-solid-900.woff2 - 443 juan.ordonez@gleich-gmbh.com 10.1.16.1 Mozilla/5.0+(Windows+NT+10.0;+Win64;+x64)+AppleWebKit/537.36+(KHTML,+like+Gecko)+Chrome/135.0.0.0+Safari/537.36 region=2;+lang=3;+_gid=GA1.2.1293735567.1746638260;+ExtronRecViewProd=navsd101;+ASP.NET_SessionId=egz4hrrqx5uoj34re1pvk4cq;+__RequestVerificationToken=NPG1AIha69RpYXOMI39yR2ILIZKfKzUahGh7mgrjX7TkEJkbuCdG4wXEwNT8_lWmPCggqH1yWHgKnRmBQBIFbrIYSFA1;+BIGipServerextron.com_443_pool=!bdpG0AKp7kTxBHcMjvaJwiHEDz8tIAKdhR6dmVvntyC0fiG0K6V2o6tkPHm/B8AcCbtkbM1yJGS0jg==;+returnurl=/;+username=juan.ordonez@gleich-gmbh.com;+PriceClass=38;+PriceList=EUREU;+.AspNet.Cookies=PGzSFQc7By0Wbx9m1p5ACsHjlR7uDjuZkVZj2qJmC-qSqRtVDEG0kZBbOlFF5ed2QSMq7hn6bJ5Y6J3PbYdeTVvTuKHwl6o2mKwdsnW1RqFTbv_rXaOyecGhYpKhY-Kh70eS1G4voX88PvMLxo2LcpUYSao7YAbmCKOGdsi3ku9v2e7dNJXxr9DopqjgP4ZFojmeMU0H6aU1DXwxMbkGK4hfZFUvdiSgtko6ecb7H84j6Q6zsuODwQP4EionVjQjeGrmIeuqtnJGQyOoNG4WEvCGDWyjXSQKeI_CAV_reVTlJugRbPrVjDL65cARZhIRMN4k1TSBwNe0BcchwcrclVtEXlik0e86yc6Msgx4rBryt_gK6V84QOb_6N878iqFEOiMi2-PGeOjAjLtvZDVZlhLU6QLiBCsIqxdQyYM7z-IWICyBJ2PknmQ7Roznjx32SP-mQ;+_ga=GA1.1.1778607093.1746638259;+_ga_DP5ZZ9VH84=GS2.1.s1746686734$o2$g1$t1746687606$j60$l0$h0 https://www.extron.de/Content/vendor/fontawesome/css/all.min.css www.extron.de 304 0 0 1703 2
2025-05-08 07:00:27 10.1.0.50 GET /Content/css/Shared/fonts/roboto-v18-cyrillic_latin-ext_latin_cyrillic-ext-regular.woff2 - 443 juan.ordonez@gleich-gmbh.com 10.1.16.1 Mozilla/5.0+(Windows+NT+10.0;+Win64;+x64)+AppleWebKit/537.36+(KHTML,+like+Gecko)+Chrome/135.0.0.0+Safari/537.36 region=2;+lang=3;+_gid=GA1.2.1293735567.1746638260;+ExtronRecViewProd=navsd101;+ASP.NET_SessionId=egz4hrrqx5uoj34re1pvk4cq;+__RequestVerificationToken=NPG1AIha69RpYXOMI39yR2ILIZKfKzUahGh7mgrjX7TkEJkbuCdG4wXEwNT8_lWmPCggqH1yWHgKnRmBQBIFbrIYSFA1;+BIGipServerextron.com_443_pool=!bdpG0AKp7kTxBHcMjvaJwiHEDz8tIAKdhR6dmVvntyC0fiG0K6V2o6tkPHm/B8AcCbtkbM1yJGS0jg==;+returnurl=/;+username=juan.ordonez@gleich-gmbh.com;+PriceClass=38;+PriceList=EUREU;+.AspNet.Cookies=PGzSFQc7By0Wbx9m1p5ACsHjlR7uDjuZkVZj2qJmC-qSqRtVDEG0kZBbOlFF5ed2QSMq7hn6bJ5Y6J3PbYdeTVvTuKHwl6o2mKwdsnW1RqFTbv_rXaOyecGhYpKhY-Kh70eS1G4voX88PvMLxo2LcpUYSao7YAbmCKOGdsi3ku9v2e7dNJXxr9DopqjgP4ZFojmeMU0H6aU1DXwxMbkGK4hfZFUvdiSgtko6ecb7H84j6Q6zsuODwQP4EionVjQjeGrmIeuqtnJGQyOoNG4WEvCGDWyjXSQKeI_CAV_reVTlJugRbPrVjDL65cARZhIRMN4k1TSBwNe0BcchwcrclVtEXlik0e86yc6Msgx4rBryt_gK6V84QOb_6N878iqFEOiMi2-PGeOjAjLtvZDVZlhLU6QLiBCsIqxdQyYM7z-IWICyBJ2PknmQ7Roznjx32SP-mQ;+_ga=GA1.1.1778607093.1746638259;+_ga_DP5ZZ9VH84=GS2.1.s1746686734$o2$g1$t1746687606$j60$l0$h0 https://www.extron.de/Content/css/Shared/extron.css www.extron.de 304 0 0 1705 1
2025-05-08 07:00:27 10.1.0.50 GET /Content/css/Shared/fonts/roboto-v18-cyrillic_latin-ext_latin_cyrillic-ext-500.woff2 - 443 juan.ordonez@gleich-gmbh.com 10.1.16.1 Mozilla/5.0+(Windows+NT+10.0;+Win64;+x64)+AppleWebKit/537.36+(KHTML,+like+Gecko)+Chrome/135.0.0.0+Safari/537.36 region=2;+lang=3;+_gid=GA1.2.1293735567.1746638260;+ExtronRecViewProd=navsd101;+ASP.NET_SessionId=egz4hrrqx5uoj34re1pvk4cq;+__RequestVerificationToken=NPG1AIha69RpYXOMI39yR2ILIZKfKzUahGh7mgrjX7TkEJkbuCdG4wXEwNT8_lWmPCggqH1yWHgKnRmBQBIFbrIYSFA1;+BIGipServerextron.com_443_pool=!bdpG0AKp7kTxBHcMjvaJwiHEDz8tIAKdhR6dmVvntyC0fiG0K6V2o6tkPHm/B8AcCbtkbM1yJGS0jg==;+returnurl=/;+username=juan.ordonez@gleich-gmbh.com;+PriceClass=38;+PriceList=EUREU;+.AspNet.Cookies=PGzSFQc7By0Wbx9m1p5ACsHjlR7uDjuZkVZj2qJmC-qSqRtVDEG0kZBbOlFF5ed2QSMq7hn6bJ5Y6J3PbYdeTVvTuKHwl6o2mKwdsnW1RqFTbv_rXaOyecGhYpKhY-Kh70eS1G4voX88PvMLxo2LcpUYSao7YAbmCKOGdsi3ku9v2e7dNJXxr9DopqjgP4ZFojmeMU0H6aU1DXwxMbkGK4hfZFUvdiSgtko6ecb7H84j6Q6zsuODwQP4EionVjQjeGrmIeuqtnJGQyOoNG4WEvCGDWyjXSQKeI_CAV_reVTlJugRbPrVjDL65cARZhIRMN4k1TSBwNe0BcchwcrclVtEXlik0e86yc6Msgx4rBryt_gK6V84QOb_6N878iqFEOiMi2-PGeOjAjLtvZDVZlhLU6QLiBCsIqxdQyYM7z-IWICyBJ2PknmQ7Roznjx32SP-mQ;+_ga=GA1.1.1778607093.1746638259;+_ga_DP5ZZ9VH84=GS2.1.s1746686734$o2$g1$t1746687606$j60$l0$h0 https://www.extron.de/Content/css/Shared/extron.css www.extron.de 304 0 0 1705 1
2025-05-08 07:00:27 10.1.0.50 GET /Content/vendor/fontawesome/webfonts/fa-regular-400.woff2 - 443 juan.ordonez@gleich-gmbh.com 10.1.16.1 Mozilla/5.0+(Windows+NT+10.0;+Win64;+x64)+AppleWebKit/537.36+(KHTML,+like+Gecko)+Chrome/135.0.0.0+Safari/537.36 region=2;+lang=3;+_gid=GA1.2.1293735567.1746638260;+ExtronRecViewProd=navsd101;+ASP.NET_SessionId=egz4hrrqx5uoj34re1pvk4cq;+__RequestVerificationToken=NPG1AIha69RpYXOMI39yR2ILIZKfKzUahGh7mgrjX7TkEJkbuCdG4wXEwNT8_lWmPCggqH1yWHgKnRmBQBIFbrIYSFA1;+BIGipServerextron.com_443_pool=!bdpG0AKp7kTxBHcMjvaJwiHEDz8tIAKdhR6dmVvntyC0fiG0K6V2o6tkPHm/B8AcCbtkbM1yJGS0jg==;+returnurl=/;+username=juan.ordonez@gleich-gmbh.com;+PriceClass=38;+PriceList=EUREU;+.AspNet.Cookies=PGzSFQc7By0Wbx9m1p5ACsHjlR7uDjuZkVZj2qJmC-qSqRtVDEG0kZBbOlFF5ed2QSMq7hn6bJ5Y6J3PbYdeTVvTuKHwl6o2mKwdsnW1RqFTbv_rXaOyecGhYpKhY-Kh70eS1G4voX88PvMLxo2LcpUYSao7YAbmCKOGdsi3ku9v2e7dNJXxr9DopqjgP4ZFojmeMU0H6aU1DXwxMbkGK4hfZFUvdiSgtko6ecb7H84j6Q6zsuODwQP4EionVjQjeGrmIeuqtnJGQyOoNG4WEvCGDWyjXSQKeI_CAV_reVTlJugRbPrVjDL65cARZhIRMN4k1TSBwNe0BcchwcrclVtEXlik0e86yc6Msgx4rBryt_gK6V84QOb_6N878iqFEOiMi2-PGeOjAjLtvZDVZlhLU6QLiBCsIqxdQyYM7z-IWICyBJ2PknmQ7Roznjx32SP-mQ;+_ga=GA1.1.1778607093.1746638259;+_ga_DP5ZZ9VH84=GS2.1.s1746686734$o2$g1$t1746687606$j60$l0$h0 https://www.extron.de/Content/vendor/fontawesome/css/all.min.css www.extron.de 304 0 0 1703 1
2025-05-08 07:00:27 10.1.0.50 GET /Scripts/Product/product.js nocache=05012024 443 - 10.1.16.1 Mozilla/5.0+(Windows+NT+10.0;+Win64;+x64;+rv:138.0)+Gecko/20100101+Firefox/138.0 ASP.NET_SessionId=j4455r3vqamqtcyucvqganrh;+region=1;+lang=1;+__RequestVerificationToken=OmekRpBuLjwllt2VjBYBDhFPFEHf-1SXjG_sBZzqRhH2C6746utbyzaGw91_JyZZP3pj4AKF59ftOGCZ6F54X4rhusk1;+BIGipServerextron.com_443_pool=!ADCTTCKedAc2+IkMjvaJwiHEDz8tIEcTCror+/E542zR2uD/A43PMQBvuCTR5YkCmQ0UdZlbaxq+2w==;+ExtronRecViewProd=nbp200,mlcplus200 https://www.extron.com/product/mlcplus200 www.extron.com 304 0 0 1705 0
2025-05-08 07:00:27 10.1.0.50 GET /img/icons/fa_revit.gif - 443 - 10.1.16.1 Mozilla/5.0+(Windows+NT+10.0;+Win64;+x64;+rv:138.0)+Gecko/20100101+Firefox/138.0 ASP.NET_SessionId=j4455r3vqamqtcyucvqganrh;+region=1;+lang=1;+__RequestVerificationToken=OmekRpBuLjwllt2VjBYBDhFPFEHf-1SXjG_sBZzqRhH2C6746utbyzaGw91_JyZZP3pj4AKF59ftOGCZ6F54X4rhusk1;+BIGipServerextron.com_443_pool=!ADCTTCKedAc2+IkMjvaJwiHEDz8tIEcTCror+/E542zR2uD/A43PMQBvuCTR5YkCmQ0UdZlbaxq+2w==;+ExtronRecViewProd=nbp200,mlcplus200 https://www.extron.com/content/css/shared/product/product-detail.css?nocache=06172020 www.extron.com 302 0 0 1818 1
2025-05-08 07:00:27 10.1.0.50 GET / - 80 - 10.1.15.86 - - - - 200 0 64 0 422
2025-05-08 07:00:27 10.1.0.50 POST /Product/GetProductTabs/ - 443 - 10.1.16.1 Mozilla/5.0+(Windows+NT+10.0;+Win64;+x64)+AppleWebKit/537.36+(KHTML,+like+Gecko)+Chrome/133.0.0.0+Safari/537.36+OPR/118.0.0.0 ASP.NET_SessionId=5jtj5tj4kwrf5pxtz530mi2r;+region=2;+lang=5;+__RequestVerificationToken=BgJ54ROD_NDX1kQUwSny4lq-4ta22l1QtFT5C6g6H7bd8GX3RcENrL0CeynN9eMCMcLswR22SLJlZEmjKA1XJHb_0zk1;+BIGipServerextron.com_443_pool=838861066.47873.0000;+_gid=GA1.2.585921967.1746613349;+_clck=jziv6l%7C2%7Cfvp%7C0%7C1934;+outdated-browser=true;+ExtronRecViewProd=ipcppro250xi,sf26ctlp,dmp128flexplus,dteapp,dmp128plus,axi02at,axi22at,xpa1002,netpa1001at,xpau2008fx,netpau1004,rsu129;+_clsk=1d0kgyl%7C1746640462644%7C18%7C1%7Ce.clarity.ms%2Fcollect;+_ga=GA1.2.905284132.1745001741;+_ga_DP5ZZ9VH84=GS2.1.s1746636822$o6$g1$t1746640463$j36$l0$h0 https://www.extron.es/product/netpau1004 www.extron.es 200 0 0 1844 4215
2025-05-08 07:00:27 10.1.0.50 GET /favicon.ico - 443 - 10.1.16.1 Mozilla/5.0+(Windows+NT+10.0;+Win64;+x64)+AppleWebKit/537.36+(KHTML,+like+Gecko)+Chrome/136.0.0.0+Safari/537.36 ASP.NET_SessionId=jopcffqmgwqv1v1fu0yvpn3y;+region=2;+lang=3;+__RequestVerificationToken=snhncBTGJQvKcaPr2FJhAi6c63iek5oUZORloZQNV9vHqv_mxIfnftcxcEOWCRcl08gyrlZVIInPQ1hfoHBlkunu10o1;+BIGipServerextron.com_443_pool=!b55nGGb+5A5PurQMjvaJwiHEDz8tIHvxnPIl8JEOQhrZIM8nvLV4Ebx5Kz9yLYHMDg96M+b4O/LS/A==;+_gid=GA1.2.1525870029.1746687605;+_gat_UA-130285241-1=1;+_ga=GA1.1.468313871.1746687605;+_clck=1mp1exz%7C2%7Cfvq%7C0%7C1954;+_clsk=1224yc0%7C1746687606012%7C1%7C1%7Cs.clarity.ms%2Fcollect;+_ga_DP5ZZ9VH84=GS2.1.s1746687605$o1$g0$t1746687607$j58$l0$h0;+returnurl=/ https://www.extron.de/home/login www.extron.de 200 0 0 9197 1
2025-05-08 07:00:27 10.1.0.50 GET / - 443 - 10.1.15.85 - - - - 200 0 64 0 158
2025-05-08 07:00:27 10.1.0.50 GET /Content/vendor/fontawesome/webfonts/fa-brands-400.woff2 - 443 juan.ordonez@gleich-gmbh.com 10.1.16.1 Mozilla/5.0+(Windows+NT+10.0;+Win64;+x64)+AppleWebKit/537.36+(KHTML,+like+Gecko)+Chrome/135.0.0.0+Safari/537.36 region=2;+lang=3;+_gid=GA1.2.1293735567.1746638260;+ExtronRecViewProd=navsd101;+ASP.NET_SessionId=egz4hrrqx5uoj34re1pvk4cq;+__RequestVerificationToken=NPG1AIha69RpYXOMI39yR2ILIZKfKzUahGh7mgrjX7TkEJkbuCdG4wXEwNT8_lWmPCggqH1yWHgKnRmBQBIFbrIYSFA1;+BIGipServerextron.com_443_pool=!bdpG0AKp7kTxBHcMjvaJwiHEDz8tIAKdhR6dmVvntyC0fiG0K6V2o6tkPHm/B8AcCbtkbM1yJGS0jg==;+returnurl=/;+username=juan.ordonez@gleich-gmbh.com;+PriceClass=38;+PriceList=EUREU;+.AspNet.Cookies=PGzSFQc7By0Wbx9m1p5ACsHjlR7uDjuZkVZj2qJmC-qSqRtVDEG0kZBbOlFF5ed2QSMq7hn6bJ5Y6J3PbYdeTVvTuKHwl6o2mKwdsnW1RqFTbv_rXaOyecGhYpKhY-Kh70eS1G4voX88PvMLxo2LcpUYSao7YAbmCKOGdsi3ku9v2e7dNJXxr9DopqjgP4ZFojmeMU0H6aU1DXwxMbkGK4hfZFUvdiSgtko6ecb7H84j6Q6zsuODwQP4EionVjQjeGrmIeuqtnJGQyOoNG4WEvCGDWyjXSQKeI_CAV_reVTlJugRbPrVjDL65cARZhIRMN4k1TSBwNe0BcchwcrclVtEXlik0e86yc6Msgx4rBryt_gK6V84QOb_6N878iqFEOiMi2-PGeOjAjLtvZDVZlhLU6QLiBCsIqxdQyYM7z-IWICyBJ2PknmQ7Roznjx32SP-mQ;+_ga=GA1.1.1778607093.1746638259;+_ga_DP5ZZ9VH84=GS2.1.s1746686734$o2$g1$t1746687606$j60$l0$h0 https://www.extron.de/Content/vendor/fontawesome/css/all.min.css www.extron.de 304 0 0 1705 2
2025-05-08 07:00:27 10.1.0.50 GET /api/v1/Article/Get articlehandle=gdpr&lang=1&region=1&loggedin=false 443 - 10.1.16.1 Mozilla/5.0+(Windows+NT+6.1;+Win64;+x64)+AppleWebKit/537.36+(KHTML,+like+Gecko)+Chrome/109.0.0.0+Safari/537.36+Edg/109.0.1518.140 ASP.NET_SessionId=v4sr0zkzacze3mouncia1scm;+region=1;+lang=1;+__RequestVerificationToken=RH9ezm4kZ2-wwmjtjTuL-ZymLaimkPkviC8qf2ASEc-aWXAHS-MNG30m0PRb9di0VwUkJf40jZYILZ9eCiVBvKI0n2Q1;+BIGipServerextron.com_443_pool=!5S7tXiqUToJ84EkMjvaJwiHEDz8tIOwI4vIgmb+T3iRLDhxjUlXRW8D7J2Ep1r4KmhNFrjzB9hUcEg==;+_ga_DP5ZZ9VH84=GS2.1.s1746687591$o1$g0$t1746687591$j60$l0$h0;+_ga=GA1.1.1664943975.1746687592 https://www.extron.com/article/loudnesscontrol_ts www.extron.com 200 0 0 2581 1
2025-05-08 07:00:27 10.1.0.50 GET /download/get/ path=/download/files/firmware/NAV_1G_Series_v1x01x0004-b010.exe 443 juan.ordonez@gleich-gmbh.com 10.1.16.1 Mozilla/5.0+(Windows+NT+10.0;+Win64;+x64)+AppleWebKit/537.36+(KHTML,+like+Gecko)+Chrome/135.0.0.0+Safari/537.36 region=2;+lang=3;+_gid=GA1.2.1293735567.1746638260;+ExtronRecViewProd=navsd101;+ASP.NET_SessionId=egz4hrrqx5uoj34re1pvk4cq;+__RequestVerificationToken=NPG1AIha69RpYXOMI39yR2ILIZKfKzUahGh7mgrjX7TkEJkbuCdG4wXEwNT8_lWmPCggqH1yWHgKnRmBQBIFbrIYSFA1;+BIGipServerextron.com_443_pool=!bdpG0AKp7kTxBHcMjvaJwiHEDz8tIAKdhR6dmVvntyC0fiG0K6V2o6tkPHm/B8AcCbtkbM1yJGS0jg==;+returnurl=/;+username=juan.ordonez@gleich-gmbh.com;+PriceClass=38;+PriceList=EUREU;+.AspNet.Cookies=PGzSFQc7By0Wbx9m1p5ACsHjlR7uDjuZkVZj2qJmC-qSqRtVDEG0kZBbOlFF5ed2QSMq7hn6bJ5Y6J3PbYdeTVvTuKHwl6o2mKwdsnW1RqFTbv_rXaOyecGhYpKhY-Kh70eS1G4voX88PvMLxo2LcpUYSao7YAbmCKOGdsi3ku9v2e7dNJXxr9DopqjgP4ZFojmeMU0H6aU1DXwxMbkGK4hfZFUvdiSgtko6ecb7H84j6Q6zsuODwQP4EionVjQjeGrmIeuqtnJGQyOoNG4WEvCGDWyjXSQKeI_CAV_reVTlJugRbPrVjDL65cARZhIRMN4k1TSBwNe0BcchwcrclVtEXlik0e86yc6Msgx4rBryt_gK6V84QOb_6N878iqFEOiMi2-PGeOjAjLtvZDVZlhLU6QLiBCsIqxdQyYM7z-IWICyBJ2PknmQ7Roznjx32SP-mQ;+_ga=GA1.1.1778607093.1746638259;+_ga_DP5ZZ9VH84=GS2.1.s1746686734$o2$g1$t1746687606$j60$l0$h0 https://www.extron.de/download/dltrack.aspx?file=NAV_1G_Series_v1x01x0004-b010.exe&id=225720 www.extron.de 302 0 0 2380 6
2025-05-08 07:00:27 10.1.0.50 GET /api/v1/Article/Get articlehandle=menuproducts&lang=3&region=2&loggedin=true 443 juan.ordonez@gleich-gmbh.com 10.1.16.1 Mozilla/5.0+(Windows+NT+10.0;+Win64;+x64)+AppleWebKit/537.36+(KHTML,+like+Gecko)+Chrome/135.0.0.0+Safari/537.36 region=2;+lang=3;+_gid=GA1.2.1293735567.1746638260;+ExtronRecViewProd=navsd101;+ASP.NET_SessionId=egz4hrrqx5uoj34re1pvk4cq;+__RequestVerificationToken=NPG1AIha69RpYXOMI39yR2ILIZKfKzUahGh7mgrjX7TkEJkbuCdG4wXEwNT8_lWmPCggqH1yWHgKnRmBQBIFbrIYSFA1;+BIGipServerextron.com_443_pool=!bdpG0AKp7kTxBHcMjvaJwiHEDz8tIAKdhR6dmVvntyC0fiG0K6V2o6tkPHm/B8AcCbtkbM1yJGS0jg==;+returnurl=/;+username=juan.ordonez@gleich-gmbh.com;+PriceClass=38;+PriceList=EUREU;+.AspNet.Cookies=PGzSFQc7By0Wbx9m1p5ACsHjlR7uDjuZkVZj2qJmC-qSqRtVDEG0kZBbOlFF5ed2QSMq7hn6bJ5Y6J3PbYdeTVvTuKHwl6o2mKwdsnW1RqFTbv_rXaOyecGhYpKhY-Kh70eS1G4voX88PvMLxo2LcpUYSao7YAbmCKOGdsi3ku9v2e7dNJXxr9DopqjgP4ZFojmeMU0H6aU1DXwxMbkGK4hfZFUvdiSgtko6ecb7H84j6Q6zsuODwQP4EionVjQjeGrmIeuqtnJGQyOoNG4WEvCGDWyjXSQKeI_CAV_reVTlJugRbPrVjDL65cARZhIRMN4k1TSBwNe0BcchwcrclVtEXlik0e86yc6Msgx4rBryt_gK6V84QOb_6N878iqFEOiMi2-PGeOjAjLtvZDVZlhLU6QLiBCsIqxdQyYM7z-IWICyBJ2PknmQ7Roznjx32SP-mQ;+_ga=GA1.1.1778607093.1746638259;+_ga_DP5ZZ9VH84=GS2.1.s1746686734$o2$g1$t1746687606$j60$l0$h0 https://www.extron.de/download/dltrack.aspx?file=NAV_1G_Series_v1x01x0004-b010.exe&id=225720 www.extron.de 200 0 0 11307 7
2025-05-08 07:00:27 10.1.0.50 GET /api/v1/Article/Get articlehandle=menutraining&lang=3&region=2&loggedin=true 443 juan.ordonez@gleich-gmbh.com 10.1.16.1 Mozilla/5.0+(Windows+NT+10.0;+Win64;+x64)+AppleWebKit/537.36+(KHTML,+like+Gecko)+Chrome/135.0.0.0+Safari/537.36 region=2;+lang=3;+_gid=GA1.2.1293735567.1746638260;+ExtronRecViewProd=navsd101;+ASP.NET_SessionId=egz4hrrqx5uoj34re1pvk4cq;+__RequestVerificationToken=NPG1AIha69RpYXOMI39yR2ILIZKfKzUahGh7mgrjX7TkEJkbuCdG4wXEwNT8_lWmPCggqH1yWHgKnRmBQBIFbrIYSFA1;+BIGipServerextron.com_443_pool=!bdpG0AKp7kTxBHcMjvaJwiHEDz8tIAKdhR6dmVvntyC0fiG0K6V2o6tkPHm/B8AcCbtkbM1yJGS0jg==;+returnurl=/;+username=juan.ordonez@gleich-gmbh.com;+PriceClass=38;+PriceList=EUREU;+.AspNet.Cookies=PGzSFQc7By0Wbx9m1p5ACsHjlR7uDjuZkVZj2qJmC-qSqRtVDEG0kZBbOlFF5ed2QSMq7hn6bJ5Y6J3PbYdeTVvTuKHwl6o2mKwdsnW1RqFTbv_rXaOyecGhYpKhY-Kh70eS1G4voX88PvMLxo2LcpUYSao7YAbmCKOGdsi3ku9v2e7dNJXxr9DopqjgP4ZFojmeMU0H6aU1DXwxMbkGK4hfZFUvdiSgtko6ecb7H84j6Q6zsuODwQP4EionVjQjeGrmIeuqtnJGQyOoNG4WEvCGDWyjXSQKeI_CAV_reVTlJugRbPrVjDL65cARZhIRMN4k1TSBwNe0BcchwcrclVtEXlik0e86yc6Msgx4rBryt_gK6V84QOb_6N878iqFEOiMi2-PGeOjAjLtvZDVZlhLU6QLiBCsIqxdQyYM7z-IWICyBJ2PknmQ7Roznjx32SP-mQ;+_ga=GA1.1.1778607093.1746638259;+_ga_DP5ZZ9VH84=GS2.1.s1746686734$o2$g1$t1746687606$j60$l0$h0 https://www.extron.de/download/dltrack.aspx?file=NAV_1G_Series_v1x01x0004-b010.exe&id=225720 www.extron.de 200 0 0 7685 6
2025-05-08 07:00:27 10.1.0.50 GET /api/v1/Article/Get articlehandle=menuresources&lang=3&region=2&loggedin=true 443 juan.ordonez@gleich-gmbh.com 10.1.16.1 Mozilla/5.0+(Windows+NT+10.0;+Win64;+x64)+AppleWebKit/537.36+(KHTML,+like+Gecko)+Chrome/135.0.0.0+Safari/537.36 region=2;+lang=3;+_gid=GA1.2.1293735567.1746638260;+ExtronRecViewProd=navsd101;+ASP.NET_SessionId=egz4hrrqx5uoj34re1pvk4cq;+__RequestVerificationToken=NPG1AIha69RpYXOMI39yR2ILIZKfKzUahGh7mgrjX7TkEJkbuCdG4wXEwNT8_lWmPCggqH1yWHgKnRmBQBIFbrIYSFA1;+BIGipServerextron.com_443_pool=!bdpG0AKp7kTxBHcMjvaJwiHEDz8tIAKdhR6dmVvntyC0fiG0K6V2o6tkPHm/B8AcCbtkbM1yJGS0jg==;+returnurl=/;+username=juan.ordonez@gleich-gmbh.com;+PriceClass=38;+PriceList=EUREU;+.AspNet.Cookies=PGzSFQc7By0Wbx9m1p5ACsHjlR7uDjuZkVZj2qJmC-qSqRtVDEG0kZBbOlFF5ed2QSMq7hn6bJ5Y6J3PbYdeTVvTuKHwl6o2mKwdsnW1RqFTbv_rXaOyecGhYpKhY-Kh70eS1G4voX88PvMLxo2LcpUYSao7YAbmCKOGdsi3ku9v2e7dNJXxr9DopqjgP4ZFojmeMU0H6aU1DXwxMbkGK4hfZFUvdiSgtko6ecb7H84j6Q6zsuODwQP4EionVjQjeGrmIeuqtnJGQyOoNG4WEvCGDWyjXSQKeI_CAV_reVTlJugRbPrVjDL65cARZhIRMN4k1TSBwNe0BcchwcrclVtEXlik0e86yc6Msgx4rBryt_gK6V84QOb_6N878iqFEOiMi2-PGeOjAjLtvZDVZlhLU6QLiBCsIqxdQyYM7z-IWICyBJ2PknmQ7Roznjx32SP-mQ;+_ga=GA1.1.1778607093.1746638259;+_ga_DP5ZZ9VH84=GS2.1.s1746686734$o2$g1$t1746687606$j60$l0$h0 https://www.extron.de/download/dltrack.aspx?file=NAV_1G_Series_v1x01x0004-b010.exe&id=225720 www.extron.de 200 0 0 12402 6
2025-05-08 07:00:27 10.1.0.50 GET /api/v1/Article/Get articlehandle=menucompany&lang=3&region=2&loggedin=true 443 juan.ordonez@gleich-gmbh.com 10.1.16.1 Mozilla/5.0+(Windows+NT+10.0;+Win64;+x64)+AppleWebKit/537.36+(KHTML,+like+Gecko)+Chrome/135.0.0.0+Safari/537.36 region=2;+lang=3;+_gid=GA1.2.1293735567.1746638260;+ExtronRecViewProd=navsd101;+ASP.NET_SessionId=egz4hrrqx5uoj34re1pvk4cq;+__RequestVerificationToken=NPG1AIha69RpYXOMI39yR2ILIZKfKzUahGh7mgrjX7TkEJkbuCdG4wXEwNT8_lWmPCggqH1yWHgKnRmBQBIFbrIYSFA1;+BIGipServerextron.com_443_pool=!bdpG0AKp7kTxBHcMjvaJwiHEDz8tIAKdhR6dmVvntyC0fiG0K6V2o6tkPHm/B8AcCbtkbM1yJGS0jg==;+returnurl=/;+username=juan.ordonez@gleich-gmbh.com;+PriceClass=38;+PriceList=EUREU;+.AspNet.Cookies=PGzSFQc7By0Wbx9m1p5ACsHjlR7uDjuZkVZj2qJmC-qSqRtVDEG0kZBbOlFF5ed2QSMq7hn6bJ5Y6J3PbYdeTVvTuKHwl6o2mKwdsnW1RqFTbv_rXaOyecGhYpKhY-Kh70eS1G4voX88PvMLxo2LcpUYSao7YAbmCKOGdsi3ku9v2e7dNJXxr9DopqjgP4ZFojmeMU0H6aU1DXwxMbkGK4hfZFUvdiSgtko6ecb7H84j6Q6zsuODwQP4EionVjQjeGrmIeuqtnJGQyOoNG4WEvCGDWyjXSQKeI_CAV_reVTlJugRbPrVjDL65cARZhIRMN4k1TSBwNe0BcchwcrclVtEXlik0e86yc6Msgx4rBryt_gK6V84QOb_6N878iqFEOiMi2-PGeOjAjLtvZDVZlhLU6QLiBCsIqxdQyYM7z-IWICyBJ2PknmQ7Roznjx32SP-mQ;+_ga=GA1.1.1778607093.1746638259;+_ga_DP5ZZ9VH84=GS2.1.s1746686734$o2$g1$t1746687606$j60$l0$h0 https://www.extron.de/download/dltrack.aspx?file=NAV_1G_Series_v1x01x0004-b010.exe&id=225720 www.extron.de 200 0 0 9100 4
2025-05-08 07:00:27 10.1.0.50 GET /api/v1/Article/Get articlehandle=menuproducts&lang=1&region=1&loggedin=false 443 - 10.1.16.1 Mozilla/5.0+(Windows+NT+10.0;+Win64;+x64;+rv:138.0)+Gecko/20100101+Firefox/138.0 ASP.NET_SessionId=j4455r3vqamqtcyucvqganrh;+region=1;+lang=1;+__RequestVerificationToken=OmekRpBuLjwllt2VjBYBDhFPFEHf-1SXjG_sBZzqRhH2C6746utbyzaGw91_JyZZP3pj4AKF59ftOGCZ6F54X4rhusk1;+BIGipServerextron.com_443_pool=!ADCTTCKedAc2+IkMjvaJwiHEDz8tIEcTCror+/E542zR2uD/A43PMQBvuCTR5YkCmQ0UdZlbaxq+2w==;+ExtronRecViewProd=nbp200,mlcplus200 https://www.extron.com/product/mlcplus200 www.extron.com 200 0 0 10106 3
2025-05-08 07:00:27 10.1.0.50 GET /api/v1/Article/Get articlehandle=menutraining&lang=1&region=1&loggedin=false 443 - 10.1.16.1 Mozilla/5.0+(Windows+NT+10.0;+Win64;+x64;+rv:138.0)+Gecko/20100101+Firefox/138.0 ASP.NET_SessionId=j4455r3vqamqtcyucvqganrh;+region=1;+lang=1;+__RequestVerificationToken=OmekRpBuLjwllt2VjBYBDhFPFEHf-1SXjG_sBZzqRhH2C6746utbyzaGw91_JyZZP3pj4AKF59ftOGCZ6F54X4rhusk1;+BIGipServerextron.com_443_pool=!ADCTTCKedAc2+IkMjvaJwiHEDz8tIEcTCror+/E542zR2uD/A43PMQBvuCTR5YkCmQ0UdZlbaxq+2w==;+ExtronRecViewProd=nbp200,mlcplus200 https://www.extron.com/product/mlcplus200 www.extron.com 200 0 0 7554 3
2025-05-08 07:00:27 10.1.0.50 GET /api/v1/Article/Get articlehandle=menucompany&lang=1&region=1&loggedin=false 443 - 10.1.16.1 Mozilla/5.0+(Windows+NT+10.0;+Win64;+x64;+rv:138.0)+Gecko/20100101+Firefox/138.0 ASP.NET_SessionId=j4455r3vqamqtcyucvqganrh;+region=1;+lang=1;+__RequestVerificationToken=OmekRpBuLjwllt2VjBYBDhFPFEHf-1SXjG_sBZzqRhH2C6746utbyzaGw91_JyZZP3pj4AKF59ftOGCZ6F54X4rhusk1;+BIGipServerextron.com_443_pool=!ADCTTCKedAc2+IkMjvaJwiHEDz8tIEcTCror+/E542zR2uD/A43PMQBvuCTR5YkCmQ0UdZlbaxq+2w==;+ExtronRecViewProd=nbp200,mlcplus200 https://www.extron.com/product/mlcplus200 www.extron.com 200 0 0 8636 3
2025-05-08 07:00:27 10.1.0.50 GET /api/v1/Article/Get articlehandle=menuresources&lang=1&region=1&loggedin=false 443 - 10.1.16.1 Mozilla/5.0+(Windows+NT+10.0;+Win64;+x64;+rv:138.0)+Gecko/20100101+Firefox/138.0 ASP.NET_SessionId=j4455r3vqamqtcyucvqganrh;+region=1;+lang=1;+__RequestVerificationToken=OmekRpBuLjwllt2VjBYBDhFPFEHf-1SXjG_sBZzqRhH2C6746utbyzaGw91_JyZZP3pj4AKF59ftOGCZ6F54X4rhusk1;+BIGipServerextron.com_443_pool=!ADCTTCKedAc2+IkMjvaJwiHEDz8tIEcTCror+/E542zR2uD/A43PMQBvuCTR5YkCmQ0UdZlbaxq+2w==;+ExtronRecViewProd=nbp200,mlcplus200 https://www.extron.com/product/mlcplus200 www.extron.com 200 0 0 11876 4
2025-05-08 07:00:27 10.1.0.50 GET /product/dtp2t202fb - 443 haitham@alphadxb.com 10.1.16.1 Mozilla/5.0+(Windows+NT+10.0;+Win64;+x64)+AppleWebKit/537.36+(KHTML,+like+Gecko)+Chrome/135.0.0.0+Safari/537.36 region=8;+lang=1;+.AspNet.Cookies=927FOEegLwg0Gd0L2bPrFC6x5vFuaj0H4enBJoCIi7iJCqh0wM9dJv4UtCOqX6uaarlifET9anWnBRbeRtaXw-z8Da8yQUbDZIPchjGlw76fyPz_fGykkoDkc8OMnkG4YeY_yYUii49ufiHkjHWRO8Q4laeJl8AfLLu5AQZzopYmhKjbg_jCq4mq4-z6VpCnFdG2bKDAjIlFCriajj3ks2acHGAOOZGOCIO1CW_uH_ARLE-KEzZCjesVcC71UjVvyAsaxslzrjOskt8lnp3KiCi7BZtd_vJ_e_d4FVZ2AbMJEPAqgpl5rbG43zMkZogGkCizz83e5XrBbOQMZrE3waZRpdb4XNRMghxuSDv6IdMdYC4_2vpFdQp8mTk472j5VVtLUPPbOivKDBy34rmGkJXNvH27FZ46jauHzb90LHFnbCzS;+ASP.NET_SessionId=vudsiztp5wguoquwy2wr3dvh;+username=haitham@alphadxb.com;+PriceClass=26;+PriceList=S3+;+__RequestVerificationToken=f8oJeu_sGcbt6UnnZu1PbtPhD29LDSnV95LFTEjlgcAxXDAxXuvM3vD6P6rDH8ahGTt_wSnKpW9BgsfA0jHVMUQDkFc1;+BIGipServerextron.com_443_pool=!eQF2n3eQmojwxm8MjvaJwiHEDz8tIGnccwX/UU7bDhWN2IZCK3D/rZ/WukXBJqopSHbXBQDBwnxrTA==;+_gid=GA1.2.1479141540.1746687420;+_clck=1uy2s1k%7C2%7Cfvq%7C0%7C1783;+_gat_UA-130285241-1=1;+ExtronRecViewProd=dtphdmi230rx,swhd4kplusseries,dtp3crosspoint884,dxphd4kplus,wpc210amk,hdmiultra,in1604,ipcppro555qxi,xpau2002sb,dmp128plus,dtphdmi330tx,dtphdmi330rx;+_ga_DP5ZZ9VH84=GS2.1.s1746687420$o32$g1$t1746687571$j52$l0$h0;+_ga=GA1.1.1916538684.1731906963;+_clsk=1wozkv7%7C1746687571175%7C7%7C1%7Cj.clarity.ms%2Fcollect https://www.extron.com/product/dtphdmi330rx www.extron.com 200 0 0 140064 164
2025-05-08 07:00:27 10.1.0.50 GET /api/v1/Article/Get articlehandle=menudownload&lang=1&region=1&loggedin=false 443 - 10.1.16.1 Mozilla/5.0+(Windows+NT+10.0;+Win64;+x64;+rv:138.0)+Gecko/20100101+Firefox/138.0 ASP.NET_SessionId=j4455r3vqamqtcyucvqganrh;+region=1;+lang=1;+__RequestVerificationToken=OmekRpBuLjwllt2VjBYBDhFPFEHf-1SXjG_sBZzqRhH2C6746utbyzaGw91_JyZZP3pj4AKF59ftOGCZ6F54X4rhusk1;+BIGipServerextron.com_443_pool=!ADCTTCKedAc2+IkMjvaJwiHEDz8tIEcTCror+/E542zR2uD/A43PMQBvuCTR5YkCmQ0UdZlbaxq+2w==;+ExtronRecViewProd=nbp200,mlcplus200 https://www.extron.com/product/mlcplus200 www.extron.com 200 0 0 6186 2
2025-05-08 07:00:27 10.1.0.50 POST /product/Related/mlcplus200 - 443 - 10.1.16.1 Mozilla/5.0+(Windows+NT+10.0;+Win64;+x64;+rv:138.0)+Gecko/20100101+Firefox/138.0 ASP.NET_SessionId=j4455r3vqamqtcyucvqganrh;+region=1;+lang=1;+__RequestVerificationToken=OmekRpBuLjwllt2VjBYBDhFPFEHf-1SXjG_sBZzqRhH2C6746utbyzaGw91_JyZZP3pj4AKF59ftOGCZ6F54X4rhusk1;+BIGipServerextron.com_443_pool=!ADCTTCKedAc2+IkMjvaJwiHEDz8tIEcTCror+/E542zR2uD/A43PMQBvuCTR5YkCmQ0UdZlbaxq+2w==;+ExtronRecViewProd=nbp200,mlcplus200 https://www.extron.com/product/mlcplus200 www.extron.com 200 0 0 21248 11
2025-05-08 07:00:27 10.1.0.50 GET / - 443 - 10.1.15.86 - - - - 200 0 64 0 194
2025-05-08 07:00:27 10.1.0.50 GET /api/v1/Article/Get articlehandle=menudownload&lang=3&region=2&loggedin=true 443 juan.ordonez@gleich-gmbh.com 10.1.16.1 Mozilla/5.0+(Windows+NT+10.0;+Win64;+x64)+AppleWebKit/537.36+(KHTML,+like+Gecko)+Chrome/135.0.0.0+Safari/537.36 region=2;+lang=3;+_gid=GA1.2.1293735567.1746638260;+ExtronRecViewProd=navsd101;+ASP.NET_SessionId=egz4hrrqx5uoj34re1pvk4cq;+__RequestVerificationToken=NPG1AIha69RpYXOMI39yR2ILIZKfKzUahGh7mgrjX7TkEJkbuCdG4wXEwNT8_lWmPCggqH1yWHgKnRmBQBIFbrIYSFA1;+BIGipServerextron.com_443_pool=!bdpG0AKp7kTxBHcMjvaJwiHEDz8tIAKdhR6dmVvntyC0fiG0K6V2o6tkPHm/B8AcCbtkbM1yJGS0jg==;+returnurl=/;+username=juan.ordonez@gleich-gmbh.com;+PriceClass=38;+PriceList=EUREU;+.AspNet.Cookies=PGzSFQc7By0Wbx9m1p5ACsHjlR7uDjuZkVZj2qJmC-qSqRtVDEG0kZBbOlFF5ed2QSMq7hn6bJ5Y6J3PbYdeTVvTuKHwl6o2mKwdsnW1RqFTbv_rXaOyecGhYpKhY-Kh70eS1G4voX88PvMLxo2LcpUYSao7YAbmCKOGdsi3ku9v2e7dNJXxr9DopqjgP4ZFojmeMU0H6aU1DXwxMbkGK4hfZFUvdiSgtko6ecb7H84j6Q6zsuODwQP4EionVjQjeGrmIeuqtnJGQyOoNG4WEvCGDWyjXSQKeI_CAV_reVTlJugRbPrVjDL65cARZhIRMN4k1TSBwNe0BcchwcrclVtEXlik0e86yc6Msgx4rBryt_gK6V84QOb_6N878iqFEOiMi2-PGeOjAjLtvZDVZlhLU6QLiBCsIqxdQyYM7z-IWICyBJ2PknmQ7Roznjx32SP-mQ;+_ga=GA1.1.1778607093.1746638259;+_ga_DP5ZZ9VH84=GS2.1.s1746686734$o2$g1$t1746687606$j60$l0$h0 https://www.extron.de/download/dltrack.aspx?file=NAV_1G_Series_v1x01x0004-b010.exe&id=225720 www.extron.de 200 0 0 5962 5
2025-05-08 07:00:27 10.1.0.50 POST /product/ProdModels/sf26ctlp - 443 - 10.1.16.1 Mozilla/5.0+(Windows+NT+10.0;+Win64;+x64)+AppleWebKit/537.36+(KHTML,+like+Gecko)+Chrome/133.0.0.0+Safari/537.36+OPR/118.0.0.0 ASP.NET_SessionId=5jtj5tj4kwrf5pxtz530mi2r;+region=2;+lang=5;+__RequestVerificationToken=BgJ54ROD_NDX1kQUwSny4lq-4ta22l1QtFT5C6g6H7bd8GX3RcENrL0CeynN9eMCMcLswR22SLJlZEmjKA1XJHb_0zk1;+BIGipServerextron.com_443_pool=838861066.47873.0000;+_gid=GA1.2.585921967.1746613349;+outdated-browser=true;+ExtronRecViewProd=ipcppro250xi,sf26ctlp,dmp128flexplus,dteapp,dmp128plus,axi02at,axi22at,xpa1002,netpa1001at,xpau2008fx,netpau1004,rsu129;+_clsk=1d0kgyl%7C1746640462644%7C18%7C1%7Ce.clarity.ms%2Fcollect;+_gat_UA-130285241-1=1;+_ga_DP5ZZ9VH84=GS2.1.s1746687604$o7$g0$t1746687604$j60$l0$h0;+_ga=GA1.1.905284132.1745001741;+_clck=jziv6l%7C2%7Cfvq%7C0%7C1934 https://www.extron.es/product/sf26ctlp www.extron.es 200 0 0 5827 2803
2025-05-08 07:00:27 10.1.0.50 POST /product/Firmware/mlcplus200 prodid=13876 443 - 10.1.16.1 Mozilla/5.0+(Windows+NT+10.0;+Win64;+x64;+rv:138.0)+Gecko/20100101+Firefox/138.0 ASP.NET_SessionId=j4455r3vqamqtcyucvqganrh;+region=1;+lang=1;+__RequestVerificationToken=OmekRpBuLjwllt2VjBYBDhFPFEHf-1SXjG_sBZzqRhH2C6746utbyzaGw91_JyZZP3pj4AKF59ftOGCZ6F54X4rhusk1;+BIGipServerextron.com_443_pool=!ADCTTCKedAc2+IkMjvaJwiHEDz8tIEcTCror+/E542zR2uD/A43PMQBvuCTR5YkCmQ0UdZlbaxq+2w==;+ExtronRecViewProd=nbp200,mlcplus200 https://www.extron.com/product/mlcplus200 www.extron.com 200 0 0 1718 5
2025-05-08 07:00:27 10.1.0.50 GET /Content/css/Shared/img/asset/ajax-loader.gif - 443 - 10.1.16.1 Mozilla/5.0+(Windows+NT+10.0;+Win64;+x64;+rv:138.0)+Gecko/20100101+Firefox/138.0 ASP.NET_SessionId=j4455r3vqamqtcyucvqganrh;+region=1;+lang=1;+__RequestVerificationToken=OmekRpBuLjwllt2VjBYBDhFPFEHf-1SXjG_sBZzqRhH2C6746utbyzaGw91_JyZZP3pj4AKF59ftOGCZ6F54X4rhusk1;+BIGipServerextron.com_443_pool=!ADCTTCKedAc2+IkMjvaJwiHEDz8tIEcTCror+/E542zR2uD/A43PMQBvuCTR5YkCmQ0UdZlbaxq+2w==;+ExtronRecViewProd=nbp200,mlcplus200 https://www.extron.com/Content/css/Shared/extron.css www.extron.com 302 0 0 1862 1
2025-05-08 07:00:27 10.1.0.50 POST /product/ProdModels/mlcplus200 - 443 - 10.1.16.1 Mozilla/5.0+(Windows+NT+10.0;+Win64;+x64;+rv:138.0)+Gecko/20100101+Firefox/138.0 ASP.NET_SessionId=j4455r3vqamqtcyucvqganrh;+region=1;+lang=1;+__RequestVerificationToken=OmekRpBuLjwllt2VjBYBDhFPFEHf-1SXjG_sBZzqRhH2C6746utbyzaGw91_JyZZP3pj4AKF59ftOGCZ6F54X4rhusk1;+BIGipServerextron.com_443_pool=!ADCTTCKedAc2+IkMjvaJwiHEDz8tIEcTCror+/E542zR2uD/A43PMQBvuCTR5YkCmQ0UdZlbaxq+2w==;+ExtronRecViewProd=nbp200,mlcplus200 https://www.extron.com/product/mlcplus200 www.extron.com 200 0 0 4366 6
2025-05-08 07:00:27 10.1.0.50 POST /product/Firmware/netpau1004 prodid=18699 443 - 10.1.16.1 Mozilla/5.0+(Windows+NT+10.0;+Win64;+x64)+AppleWebKit/537.36+(KHTML,+like+Gecko)+Chrome/133.0.0.0+Safari/537.36+OPR/118.0.0.0 ASP.NET_SessionId=5jtj5tj4kwrf5pxtz530mi2r;+region=2;+lang=5;+__RequestVerificationToken=BgJ54ROD_NDX1kQUwSny4lq-4ta22l1QtFT5C6g6H7bd8GX3RcENrL0CeynN9eMCMcLswR22SLJlZEmjKA1XJHb_0zk1;+BIGipServerextron.com_443_pool=838861066.47873.0000;+_gid=GA1.2.585921967.1746613349;+_clck=jziv6l%7C2%7Cfvp%7C0%7C1934;+outdated-browser=true;+ExtronRecViewProd=ipcppro250xi,sf26ctlp,dmp128flexplus,dteapp,dmp128plus,axi02at,axi22at,xpa1002,netpa1001at,xpau2008fx,netpau1004,rsu129;+_clsk=1d0kgyl%7C1746640462644%7C18%7C1%7Ce.clarity.ms%2Fcollect;+_ga=GA1.2.905284132.1745001741;+_ga_DP5ZZ9VH84=GS2.1.s1746636822$o6$g1$t1746640463$j36$l0$h0 https://www.extron.es/product/netpau1004 www.extron.es 200 0 0 1718 4578
2025-05-08 07:00:28 10.1.0.50 GET /Content/vendor/jqueryui/themes/smoothness/jquery-1.12.0-ui.css - 443 haitham@alphadxb.com 10.1.16.1 Mozilla/5.0+(Windows+NT+10.0;+Win64;+x64)+AppleWebKit/537.36+(KHTML,+like+Gecko)+Chrome/135.0.0.0+Safari/537.36 region=8;+lang=1;+.AspNet.Cookies=927FOEegLwg0Gd0L2bPrFC6x5vFuaj0H4enBJoCIi7iJCqh0wM9dJv4UtCOqX6uaarlifET9anWnBRbeRtaXw-z8Da8yQUbDZIPchjGlw76fyPz_fGykkoDkc8OMnkG4YeY_yYUii49ufiHkjHWRO8Q4laeJl8AfLLu5AQZzopYmhKjbg_jCq4mq4-z6VpCnFdG2bKDAjIlFCriajj3ks2acHGAOOZGOCIO1CW_uH_ARLE-KEzZCjesVcC71UjVvyAsaxslzrjOskt8lnp3KiCi7BZtd_vJ_e_d4FVZ2AbMJEPAqgpl5rbG43zMkZogGkCizz83e5XrBbOQMZrE3waZRpdb4XNRMghxuSDv6IdMdYC4_2vpFdQp8mTk472j5VVtLUPPbOivKDBy34rmGkJXNvH27FZ46jauHzb90LHFnbCzS;+ASP.NET_SessionId=vudsiztp5wguoquwy2wr3dvh;+username=haitham@alphadxb.com;+PriceClass=26;+PriceList=S3+;+__RequestVerificationToken=f8oJeu_sGcbt6UnnZu1PbtPhD29LDSnV95LFTEjlgcAxXDAxXuvM3vD6P6rDH8ahGTt_wSnKpW9BgsfA0jHVMUQDkFc1;+BIGipServerextron.com_443_pool=838861066.47873.0000;+_gid=GA1.2.1479141540.1746687420;+_clck=1uy2s1k%7C2%7Cfvq%7C0%7C1783;+_gat_UA-130285241-1=1;+_ga=GA1.1.1916538684.1731906963;+_clsk=1wozkv7%7C1746687571175%7C7%7C1%7Cj.clarity.ms%2Fcollect;+ExtronRecViewProd=swhd4kplusseries,dtp3crosspoint884,dxphd4kplus,wpc210amk,hdmiultra,in1604,ipcppro555qxi,xpau2002sb,dmp128plus,dtphdmi330tx,dtphdmi330rx,dtp2t202fb;+_ga_DP5ZZ9VH84=GS2.1.s1746687420$o32$g1$t1746687608$j15$l0$h0 https://www.extron.com/product/dtp2t202fb www.extron.com 304 0 0 1705 1
2025-05-08 07:00:28 10.1.0.50 GET /Content/vendor/bs-offcanvas/dist/css/bootstrap.offcanvas.css - 443 haitham@alphadxb.com 10.1.16.1 Mozilla/5.0+(Windows+NT+10.0;+Win64;+x64)+AppleWebKit/537.36+(KHTML,+like+Gecko)+Chrome/135.0.0.0+Safari/537.36 region=8;+lang=1;+.AspNet.Cookies=927FOEegLwg0Gd0L2bPrFC6x5vFuaj0H4enBJoCIi7iJCqh0wM9dJv4UtCOqX6uaarlifET9anWnBRbeRtaXw-z8Da8yQUbDZIPchjGlw76fyPz_fGykkoDkc8OMnkG4YeY_yYUii49ufiHkjHWRO8Q4laeJl8AfLLu5AQZzopYmhKjbg_jCq4mq4-z6VpCnFdG2bKDAjIlFCriajj3ks2acHGAOOZGOCIO1CW_uH_ARLE-KEzZCjesVcC71UjVvyAsaxslzrjOskt8lnp3KiCi7BZtd_vJ_e_d4FVZ2AbMJEPAqgpl5rbG43zMkZogGkCizz83e5XrBbOQMZrE3waZRpdb4XNRMghxuSDv6IdMdYC4_2vpFdQp8mTk472j5VVtLUPPbOivKDBy34rmGkJXNvH27FZ46jauHzb90LHFnbCzS;+ASP.NET_SessionId=vudsiztp5wguoquwy2wr3dvh;+username=haitham@alphadxb.com;+PriceClass=26;+PriceList=S3+;+__RequestVerificationToken=f8oJeu_sGcbt6UnnZu1PbtPhD29LDSnV95LFTEjlgcAxXDAxXuvM3vD6P6rDH8ahGTt_wSnKpW9BgsfA0jHVMUQDkFc1;+BIGipServerextron.com_443_pool=!eQF2n3eQmojwxm8MjvaJwiHEDz8tIGnccwX/UU7bDhWN2IZCK3D/rZ/WukXBJqopSHbXBQDBwnxrTA==;+_gid=GA1.2.1479141540.1746687420;+_clck=1uy2s1k%7C2%7Cfvq%7C0%7C1783;+_gat_UA-130285241-1=1;+_ga=GA1.1.1916538684.1731906963;+_clsk=1wozkv7%7C1746687571175%7C7%7C1%7Cj.clarity.ms%2Fcollect;+ExtronRecViewProd=swhd4kplusseries,dtp3crosspoint884,dxphd4kplus,wpc210amk,hdmiultra,in1604,ipcppro555qxi,xpau2002sb,dmp128plus,dtphdmi330tx,dtphdmi330rx,dtp2t202fb;+_ga_DP5ZZ9VH84=GS2.1.s1746687420$o32$g1$t1746687608$j15$l0$h0 https://www.extron.com/product/dtp2t202fb www.extron.com 304 0 0 1705 2
2025-05-08 07:00:28 10.1.0.50 GET /Content/vendor/fancybox-3.5.7/dist/jquery.fancybox.css - 443 haitham@alphadxb.com 10.1.16.1 Mozilla/5.0+(Windows+NT+10.0;+Win64;+x64)+AppleWebKit/537.36+(KHTML,+like+Gecko)+Chrome/135.0.0.0+Safari/537.36 region=8;+lang=1;+.AspNet.Cookies=927FOEegLwg0Gd0L2bPrFC6x5vFuaj0H4enBJoCIi7iJCqh0wM9dJv4UtCOqX6uaarlifET9anWnBRbeRtaXw-z8Da8yQUbDZIPchjGlw76fyPz_fGykkoDkc8OMnkG4YeY_yYUii49ufiHkjHWRO8Q4laeJl8AfLLu5AQZzopYmhKjbg_jCq4mq4-z6VpCnFdG2bKDAjIlFCriajj3ks2acHGAOOZGOCIO1CW_uH_ARLE-KEzZCjesVcC71UjVvyAsaxslzrjOskt8lnp3KiCi7BZtd_vJ_e_d4FVZ2AbMJEPAqgpl5rbG43zMkZogGkCizz83e5XrBbOQMZrE3waZRpdb4XNRMghxuSDv6IdMdYC4_2vpFdQp8mTk472j5VVtLUPPbOivKDBy34rmGkJXNvH27FZ46jauHzb90LHFnbCzS;+ASP.NET_SessionId=vudsiztp5wguoquwy2wr3dvh;+username=haitham@alphadxb.com;+PriceClass=26;+PriceList=S3+;+__RequestVerificationToken=f8oJeu_sGcbt6UnnZu1PbtPhD29LDSnV95LFTEjlgcAxXDAxXuvM3vD6P6rDH8ahGTt_wSnKpW9BgsfA0jHVMUQDkFc1;+BIGipServerextron.com_443_pool=!eQF2n3eQmojwxm8MjvaJwiHEDz8tIGnccwX/UU7bDhWN2IZCK3D/rZ/WukXBJqopSHbXBQDBwnxrTA==;+_gid=GA1.2.1479141540.1746687420;+_clck=1uy2s1k%7C2%7Cfvq%7C0%7C1783;+_gat_UA-130285241-1=1;+_ga=GA1.1.1916538684.1731906963;+_clsk=1wozkv7%7C1746687571175%7C7%7C1%7Cj.clarity.ms%2Fcollect;+ExtronRecViewProd=swhd4kplusseries,dtp3crosspoint884,dxphd4kplus,wpc210amk,hdmiultra,in1604,ipcppro555qxi,xpau2002sb,dmp128plus,dtphdmi330tx,dtphdmi330rx,dtp2t202fb;+_ga_DP5ZZ9VH84=GS2.1.s1746687420$o32$g1$t1746687608$j15$l0$h0 https://www.extron.com/product/dtp2t202fb www.extron.com 304 0 0 1705 2
2025-05-08 07:00:28 10.1.0.50 POST /Product/GetProductTabs/ - 443 - 10.1.16.1 Mozilla/5.0+(Windows+NT+10.0;+Win64;+x64;+rv:138.0)+Gecko/20100101+Firefox/138.0 ASP.NET_SessionId=j4455r3vqamqtcyucvqganrh;+region=1;+lang=1;+__RequestVerificationToken=OmekRpBuLjwllt2VjBYBDhFPFEHf-1SXjG_sBZzqRhH2C6746utbyzaGw91_JyZZP3pj4AKF59ftOGCZ6F54X4rhusk1;+BIGipServerextron.com_443_pool=!ADCTTCKedAc2+IkMjvaJwiHEDz8tIEcTCror+/E542zR2uD/A43PMQBvuCTR5YkCmQ0UdZlbaxq+2w==;+ExtronRecViewProd=nbp200,mlcplus200 https://www.extron.com/product/mlcplus200 www.extron.com 200 0 0 1844 513
2025-05-08 07:00:28 10.1.0.50 GET /apple-touch-icon.png v=20180420 443 - 10.1.16.1 Mozilla/5.0+(Linux;+Android+10;+K)+AppleWebKit/537.36+(KHTML,+like+Gecko)+Chrome/135.0.0.0+Mobile+Safari/537.36 ASP.NET_SessionId=her3mvxcmkmc3lqtjd3blabc;+region=3;+lang=1;+__RequestVerificationToken=3Fybv7eauozQA7WcunWalc5zlH_lPusuy02CfJcNZFcGOsEQGYTSA-e3lkhYmr-1sQzhbkdulwqxXTfwGIWF_CqO_Fo1;+BIGipServerextron.com_443_pool=!QwtMNQTZtL+0rrAMjvaJwiHEDz8tIKr9xHyUYpt7m40RaeP+YegBg8WYutsegKLo3UEuQEJdmjh9Xg==;+_ga=GA1.2.941362758.1746687606;+_gid=GA1.2.414470488.1746687606;+_gat_UA-130285241-1=1;+_clck=3xfc61%7C2%7Cfvq%7C0%7C1954;+_ga_DP5ZZ9VH84=GS2.1.s1746687605$o1$g0$t1746687607$j58$l0$h0;+_clsk=flm4p5%7C1746687607407%7C1%7C1%7Cq.clarity.ms%2Fcollect https://www.extron.com/article/autocadbd www.extron.com 302 0 0 1814 1
2025-05-08 07:00:28 10.1.0.50 GET /favicon-32x32.png v=20180420 443 - 10.1.16.1 Mozilla/5.0+(Linux;+Android+10;+K)+AppleWebKit/537.36+(KHTML,+like+Gecko)+Chrome/135.0.0.0+Mobile+Safari/537.36 ASP.NET_SessionId=her3mvxcmkmc3lqtjd3blabc;+region=3;+lang=1;+__RequestVerificationToken=3Fybv7eauozQA7WcunWalc5zlH_lPusuy02CfJcNZFcGOsEQGYTSA-e3lkhYmr-1sQzhbkdulwqxXTfwGIWF_CqO_Fo1;+BIGipServerextron.com_443_pool=!QwtMNQTZtL+0rrAMjvaJwiHEDz8tIKr9xHyUYpt7m40RaeP+YegBg8WYutsegKLo3UEuQEJdmjh9Xg==;+_ga=GA1.2.941362758.1746687606;+_gid=GA1.2.414470488.1746687606;+_gat_UA-130285241-1=1;+_clck=3xfc61%7C2%7Cfvq%7C0%7C1954;+_ga_DP5ZZ9VH84=GS2.1.s1746687605$o1$g0$t1746687607$j58$l0$h0;+_clsk=flm4p5%7C1746687607407%7C1%7C1%7Cq.clarity.ms%2Fcollect https://www.extron.com/article/autocadbd www.extron.com 302 0 0 1808 1
2025-05-08 07:00:28 10.1.0.50 GET /Content/vendor/fontawesome/css/all.min.css - 443 haitham@alphadxb.com 10.1.16.1 Mozilla/5.0+(Windows+NT+10.0;+Win64;+x64)+AppleWebKit/537.36+(KHTML,+like+Gecko)+Chrome/135.0.0.0+Safari/537.36 region=8;+lang=1;+.AspNet.Cookies=927FOEegLwg0Gd0L2bPrFC6x5vFuaj0H4enBJoCIi7iJCqh0wM9dJv4UtCOqX6uaarlifET9anWnBRbeRtaXw-z8Da8yQUbDZIPchjGlw76fyPz_fGykkoDkc8OMnkG4YeY_yYUii49ufiHkjHWRO8Q4laeJl8AfLLu5AQZzopYmhKjbg_jCq4mq4-z6VpCnFdG2bKDAjIlFCriajj3ks2acHGAOOZGOCIO1CW_uH_ARLE-KEzZCjesVcC71UjVvyAsaxslzrjOskt8lnp3KiCi7BZtd_vJ_e_d4FVZ2AbMJEPAqgpl5rbG43zMkZogGkCizz83e5XrBbOQMZrE3waZRpdb4XNRMghxuSDv6IdMdYC4_2vpFdQp8mTk472j5VVtLUPPbOivKDBy34rmGkJXNvH27FZ46jauHzb90LHFnbCzS;+ASP.NET_SessionId=vudsiztp5wguoquwy2wr3dvh;+username=haitham@alphadxb.com;+PriceClass=26;+PriceList=S3+;+__RequestVerificationToken=f8oJeu_sGcbt6UnnZu1PbtPhD29LDSnV95LFTEjlgcAxXDAxXuvM3vD6P6rDH8ahGTt_wSnKpW9BgsfA0jHVMUQDkFc1;+BIGipServerextron.com_443_pool=!eQF2n3eQmojwxm8MjvaJwiHEDz8tIGnccwX/UU7bDhWN2IZCK3D/rZ/WukXBJqopSHbXBQDBwnxrTA==;+_gid=GA1.2.1479141540.1746687420;+_clck=1uy2s1k%7C2%7Cfvq%7C0%7C1783;+_gat_UA-130285241-1=1;+_ga=GA1.1.1916538684.1731906963;+_clsk=1wozkv7%7C1746687571175%7C7%7C1%7Cj.clarity.ms%2Fcollect;+ExtronRecViewProd=swhd4kplusseries,dtp3crosspoint884,dxphd4kplus,wpc210amk,hdmiultra,in1604,ipcppro555qxi,xpau2002sb,dmp128plus,dtphdmi330tx,dtphdmi330rx,dtp2t202fb;+_ga_DP5ZZ9VH84=GS2.1.s1746687420$o32$g1$t1746687608$j15$l0$h0 https://www.extron.com/product/dtp2t202fb www.extron.com 304 0 0 1703 2
2025-05-08 07:00:28 10.1.0.50 GET /Content/css/Shared/extron.css - 443 haitham@alphadxb.com 10.1.16.1 Mozilla/5.0+(Windows+NT+10.0;+Win64;+x64)+AppleWebKit/537.36+(KHTML,+like+Gecko)+Chrome/135.0.0.0+Safari/537.36 region=8;+lang=1;+.AspNet.Cookies=927FOEegLwg0Gd0L2bPrFC6x5vFuaj0H4enBJoCIi7iJCqh0wM9dJv4UtCOqX6uaarlifET9anWnBRbeRtaXw-z8Da8yQUbDZIPchjGlw76fyPz_fGykkoDkc8OMnkG4YeY_yYUii49ufiHkjHWRO8Q4laeJl8AfLLu5AQZzopYmhKjbg_jCq4mq4-z6VpCnFdG2bKDAjIlFCriajj3ks2acHGAOOZGOCIO1CW_uH_ARLE-KEzZCjesVcC71UjVvyAsaxslzrjOskt8lnp3KiCi7BZtd_vJ_e_d4FVZ2AbMJEPAqgpl5rbG43zMkZogGkCizz83e5XrBbOQMZrE3waZRpdb4XNRMghxuSDv6IdMdYC4_2vpFdQp8mTk472j5VVtLUPPbOivKDBy34rmGkJXNvH27FZ46jauHzb90LHFnbCzS;+ASP.NET_SessionId=vudsiztp5wguoquwy2wr3dvh;+username=haitham@alphadxb.com;+PriceClass=26;+PriceList=S3+;+__RequestVerificationToken=f8oJeu_sGcbt6UnnZu1PbtPhD29LDSnV95LFTEjlgcAxXDAxXuvM3vD6P6rDH8ahGTt_wSnKpW9BgsfA0jHVMUQDkFc1;+BIGipServerextron.com_443_pool=!eQF2n3eQmojwxm8MjvaJwiHEDz8tIGnccwX/UU7bDhWN2IZCK3D/rZ/WukXBJqopSHbXBQDBwnxrTA==;+_gid=GA1.2.1479141540.1746687420;+_clck=1uy2s1k%7C2%7Cfvq%7C0%7C1783;+_gat_UA-130285241-1=1;+_ga=GA1.1.1916538684.1731906963;+_clsk=1wozkv7%7C1746687571175%7C7%7C1%7Cj.clarity.ms%2Fcollect;+ExtronRecViewProd=swhd4kplusseries,dtp3crosspoint884,dxphd4kplus,wpc210amk,hdmiultra,in1604,ipcppro555qxi,xpau2002sb,dmp128plus,dtphdmi330tx,dtphdmi330rx,dtp2t202fb;+_ga_DP5ZZ9VH84=GS2.1.s1746687420$o32$g1$t1746687608$j15$l0$h0 https://www.extron.com/product/dtp2t202fb www.extron.com 304 0 0 1703 2
2025-05-08 07:00:28 10.1.0.50 GET /content/css/Shared/product/product-gallery.css - 443 haitham@alphadxb.com 10.1.16.1 Mozilla/5.0+(Windows+NT+10.0;+Win64;+x64)+AppleWebKit/537.36+(KHTML,+like+Gecko)+Chrome/135.0.0.0+Safari/537.36 region=8;+lang=1;+.AspNet.Cookies=927FOEegLwg0Gd0L2bPrFC6x5vFuaj0H4enBJoCIi7iJCqh0wM9dJv4UtCOqX6uaarlifET9anWnBRbeRtaXw-z8Da8yQUbDZIPchjGlw76fyPz_fGykkoDkc8OMnkG4YeY_yYUii49ufiHkjHWRO8Q4laeJl8AfLLu5AQZzopYmhKjbg_jCq4mq4-z6VpCnFdG2bKDAjIlFCriajj3ks2acHGAOOZGOCIO1CW_uH_ARLE-KEzZCjesVcC71UjVvyAsaxslzrjOskt8lnp3KiCi7BZtd_vJ_e_d4FVZ2AbMJEPAqgpl5rbG43zMkZogGkCizz83e5XrBbOQMZrE3waZRpdb4XNRMghxuSDv6IdMdYC4_2vpFdQp8mTk472j5VVtLUPPbOivKDBy34rmGkJXNvH27FZ46jauHzb90LHFnbCzS;+ASP.NET_SessionId=vudsiztp5wguoquwy2wr3dvh;+username=haitham@alphadxb.com;+PriceClass=26;+PriceList=S3+;+__RequestVerificationToken=f8oJeu_sGcbt6UnnZu1PbtPhD29LDSnV95LFTEjlgcAxXDAxXuvM3vD6P6rDH8ahGTt_wSnKpW9BgsfA0jHVMUQDkFc1;+BIGipServerextron.com_443_pool=838861066.47873.0000;+_gid=GA1.2.1479141540.1746687420;+_clck=1uy2s1k%7C2%7Cfvq%7C0%7C1783;+_gat_UA-130285241-1=1;+_ga=GA1.1.1916538684.1731906963;+_clsk=1wozkv7%7C1746687571175%7C7%7C1%7Cj.clarity.ms%2Fcollect;+ExtronRecViewProd=swhd4kplusseries,dtp3crosspoint884,dxphd4kplus,wpc210amk,hdmiultra,in1604,ipcppro555qxi,xpau2002sb,dmp128plus,dtphdmi330tx,dtphdmi330rx,dtp2t202fb;+_ga_DP5ZZ9VH84=GS2.1.s1746687420$o32$g1$t1746687608$j15$l0$h0 https://www.extron.com/product/dtp2t202fb www.extron.com 304 0 0 1705 1
2025-05-08 07:00:28 10.1.0.50 GET /Content/css/Shared/cookies.css - 443 haitham@alphadxb.com 10.1.16.1 Mozilla/5.0+(Windows+NT+10.0;+Win64;+x64)+AppleWebKit/537.36+(KHTML,+like+Gecko)+Chrome/135.0.0.0+Safari/537.36 region=8;+lang=1;+.AspNet.Cookies=927FOEegLwg0Gd0L2bPrFC6x5vFuaj0H4enBJoCIi7iJCqh0wM9dJv4UtCOqX6uaarlifET9anWnBRbeRtaXw-z8Da8yQUbDZIPchjGlw76fyPz_fGykkoDkc8OMnkG4YeY_yYUii49ufiHkjHWRO8Q4laeJl8AfLLu5AQZzopYmhKjbg_jCq4mq4-z6VpCnFdG2bKDAjIlFCriajj3ks2acHGAOOZGOCIO1CW_uH_ARLE-KEzZCjesVcC71UjVvyAsaxslzrjOskt8lnp3KiCi7BZtd_vJ_e_d4FVZ2AbMJEPAqgpl5rbG43zMkZogGkCizz83e5XrBbOQMZrE3waZRpdb4XNRMghxuSDv6IdMdYC4_2vpFdQp8mTk472j5VVtLUPPbOivKDBy34rmGkJXNvH27FZ46jauHzb90LHFnbCzS;+ASP.NET_SessionId=vudsiztp5wguoquwy2wr3dvh;+username=haitham@alphadxb.com;+PriceClass=26;+PriceList=S3+;+__RequestVerificationToken=f8oJeu_sGcbt6UnnZu1PbtPhD29LDSnV95LFTEjlgcAxXDAxXuvM3vD6P6rDH8ahGTt_wSnKpW9BgsfA0jHVMUQDkFc1;+BIGipServerextron.com_443_pool=838861066.47873.0000;+_gid=GA1.2.1479141540.1746687420;+_clck=1uy2s1k%7C2%7Cfvq%7C0%7C1783;+_gat_UA-130285241-1=1;+_ga=GA1.1.1916538684.1731906963;+_clsk=1wozkv7%7C1746687571175%7C7%7C1%7Cj.clarity.ms%2Fcollect;+ExtronRecViewProd=swhd4kplusseries,dtp3crosspoint884,dxphd4kplus,wpc210amk,hdmiultra,in1604,ipcppro555qxi,xpau2002sb,dmp128plus,dtphdmi330tx,dtphdmi330rx,dtp2t202fb;+_ga_DP5ZZ9VH84=GS2.1.s1746687420$o32$g1$t1746687608$j15$l0$h0 https://www.extron.com/product/dtp2t202fb www.extron.com 304 0 0 1705 1
2025-05-08 07:00:28 10.1.0.50 GET /content/css/shared/product/product-detail.css nocache=06172020 443 haitham@alphadxb.com 10.1.16.1 Mozilla/5.0+(Windows+NT+10.0;+Win64;+x64)+AppleWebKit/537.36+(KHTML,+like+Gecko)+Chrome/135.0.0.0+Safari/537.36 region=8;+lang=1;+.AspNet.Cookies=927FOEegLwg0Gd0L2bPrFC6x5vFuaj0H4enBJoCIi7iJCqh0wM9dJv4UtCOqX6uaarlifET9anWnBRbeRtaXw-z8Da8yQUbDZIPchjGlw76fyPz_fGykkoDkc8OMnkG4YeY_yYUii49ufiHkjHWRO8Q4laeJl8AfLLu5AQZzopYmhKjbg_jCq4mq4-z6VpCnFdG2bKDAjIlFCriajj3ks2acHGAOOZGOCIO1CW_uH_ARLE-KEzZCjesVcC71UjVvyAsaxslzrjOskt8lnp3KiCi7BZtd_vJ_e_d4FVZ2AbMJEPAqgpl5rbG43zMkZogGkCizz83e5XrBbOQMZrE3waZRpdb4XNRMghxuSDv6IdMdYC4_2vpFdQp8mTk472j5VVtLUPPbOivKDBy34rmGkJXNvH27FZ46jauHzb90LHFnbCzS;+ASP.NET_SessionId=vudsiztp5wguoquwy2wr3dvh;+username=haitham@alphadxb.com;+PriceClass=26;+PriceList=S3+;+__RequestVerificationToken=f8oJeu_sGcbt6UnnZu1PbtPhD29LDSnV95LFTEjlgcAxXDAxXuvM3vD6P6rDH8ahGTt_wSnKpW9BgsfA0jHVMUQDkFc1;+BIGipServerextron.com_443_pool=838861066.47873.0000;+_gid=GA1.2.1479141540.1746687420;+_clck=1uy2s1k%7C2%7Cfvq%7C0%7C1783;+_gat_UA-130285241-1=1;+_ga=GA1.1.1916538684.1731906963;+_clsk=1wozkv7%7C1746687571175%7C7%7C1%7Cj.clarity.ms%2Fcollect;+ExtronRecViewProd=swhd4kplusseries,dtp3crosspoint884,dxphd4kplus,wpc210amk,hdmiultra,in1604,ipcppro555qxi,xpau2002sb,dmp128plus,dtphdmi330tx,dtphdmi330rx,dtp2t202fb;+_ga_DP5ZZ9VH84=GS2.1.s1746687420$o32$g1$t1746687608$j15$l0$h0 https://www.extron.com/product/dtp2t202fb www.extron.com 304 0 0 1705 2
2025-05-08 07:00:28 10.1.0.50 GET /content/css/interactivediagram/interactive-diagram.css - 443 haitham@alphadxb.com 10.1.16.1 Mozilla/5.0+(Windows+NT+10.0;+Win64;+x64)+AppleWebKit/537.36+(KHTML,+like+Gecko)+Chrome/135.0.0.0+Safari/537.36 region=8;+lang=1;+.AspNet.Cookies=927FOEegLwg0Gd0L2bPrFC6x5vFuaj0H4enBJoCIi7iJCqh0wM9dJv4UtCOqX6uaarlifET9anWnBRbeRtaXw-z8Da8yQUbDZIPchjGlw76fyPz_fGykkoDkc8OMnkG4YeY_yYUii49ufiHkjHWRO8Q4laeJl8AfLLu5AQZzopYmhKjbg_jCq4mq4-z6VpCnFdG2bKDAjIlFCriajj3ks2acHGAOOZGOCIO1CW_uH_ARLE-KEzZCjesVcC71UjVvyAsaxslzrjOskt8lnp3KiCi7BZtd_vJ_e_d4FVZ2AbMJEPAqgpl5rbG43zMkZogGkCizz83e5XrBbOQMZrE3waZRpdb4XNRMghxuSDv6IdMdYC4_2vpFdQp8mTk472j5VVtLUPPbOivKDBy34rmGkJXNvH27FZ46jauHzb90LHFnbCzS;+ASP.NET_SessionId=vudsiztp5wguoquwy2wr3dvh;+username=haitham@alphadxb.com;+PriceClass=26;+PriceList=S3+;+__RequestVerificationToken=f8oJeu_sGcbt6UnnZu1PbtPhD29LDSnV95LFTEjlgcAxXDAxXuvM3vD6P6rDH8ahGTt_wSnKpW9BgsfA0jHVMUQDkFc1;+BIGipServerextron.com_443_pool=838861066.47873.0000;+_gid=GA1.2.1479141540.1746687420;+_clck=1uy2s1k%7C2%7Cfvq%7C0%7C1783;+_gat_UA-130285241-1=1;+_ga=GA1.1.1916538684.1731906963;+_clsk=1wozkv7%7C1746687571175%7C7%7C1%7Cj.clarity.ms%2Fcollect;+ExtronRecViewProd=swhd4kplusseries,dtp3crosspoint884,dxphd4kplus,wpc210amk,hdmiultra,in1604,ipcppro555qxi,xpau2002sb,dmp128plus,dtphdmi330tx,dtphdmi330rx,dtp2t202fb;+_ga_DP5ZZ9VH84=GS2.1.s1746687420$o32$g1$t1746687608$j15$l0$h0 https://www.extron.com/product/dtp2t202fb www.extron.com 304 0 0 1705 1
2025-05-08 07:00:28 10.1.0.50 POST /product/Related/sf26ctlp - 443 - 10.1.16.1 Mozilla/5.0+(Windows+NT+10.0;+Win64;+x64)+AppleWebKit/537.36+(KHTML,+like+Gecko)+Chrome/133.0.0.0+Safari/537.36+OPR/118.0.0.0 ASP.NET_SessionId=5jtj5tj4kwrf5pxtz530mi2r;+region=2;+lang=5;+__RequestVerificationToken=BgJ54ROD_NDX1kQUwSny4lq-4ta22l1QtFT5C6g6H7bd8GX3RcENrL0CeynN9eMCMcLswR22SLJlZEmjKA1XJHb_0zk1;+BIGipServerextron.com_443_pool=!Twy8fP8bqquUOSoMjvaJwiHEDz8tIL9MxaQHL9yXVgNPrNOwhYwv6qBC9laaQwr8zfXgD7tqEVHa/w==;+_gid=GA1.2.585921967.1746613349;+outdated-browser=true;+ExtronRecViewProd=ipcppro250xi,sf26ctlp,dmp128flexplus,dteapp,dmp128plus,axi02at,axi22at,xpa1002,netpa1001at,xpau2008fx,netpau1004,rsu129;+_clsk=1d0kgyl%7C1746640462644%7C18%7C1%7Ce.clarity.ms%2Fcollect;+_gat_UA-130285241-1=1;+_ga_DP5ZZ9VH84=GS2.1.s1746687604$o7$g0$t1746687604$j60$l0$h0;+_ga=GA1.1.905284132.1745001741;+_clck=jziv6l%7C2%7Cfvq%7C0%7C1934 https://www.extron.es/product/sf26ctlp www.extron.es 200 0 0 48972 3818
2025-05-08 07:00:28 10.1.0.50 GET /Scripts/Company/consultationrequest.js nocache=20241122 443 - 10.1.16.1 Mozilla/5.0+(Windows+NT+6.1;+Win64;+x64)+AppleWebKit/537.36+(KHTML,+like+Gecko)+Chrome/109.0.0.0+Safari/537.36+Edg/109.0.1518.140 ASP.NET_SessionId=v4sr0zkzacze3mouncia1scm;+region=1;+lang=1;+__RequestVerificationToken=RH9ezm4kZ2-wwmjtjTuL-ZymLaimkPkviC8qf2ASEc-aWXAHS-MNG30m0PRb9di0VwUkJf40jZYILZ9eCiVBvKI0n2Q1;+BIGipServerextron.com_443_pool=!5S7tXiqUToJ84EkMjvaJwiHEDz8tIOwI4vIgmb+T3iRLDhxjUlXRW8D7J2Ep1r4KmhNFrjzB9hUcEg==;+_ga_DP5ZZ9VH84=GS2.1.s1746687591$o1$g0$t1746687591$j60$l0$h0;+_ga=GA1.2.1664943975.1746687592;+_gid=GA1.2.539543796.1746687597;+_gat_UA-130285241-1=1 https://www.extron.com/article/loudnesscontrol_ts www.extron.com 200 0 0 13007 2
2025-05-08 07:00:28 10.1.0.50 POST /product/Firmware/axi22at prodid=15614 443 - 10.1.16.1 Mozilla/5.0+(Windows+NT+10.0;+Win64;+x64)+AppleWebKit/537.36+(KHTML,+like+Gecko)+Chrome/133.0.0.0+Safari/537.36+OPR/118.0.0.0 ASP.NET_SessionId=5jtj5tj4kwrf5pxtz530mi2r;+region=2;+lang=5;+__RequestVerificationToken=BgJ54ROD_NDX1kQUwSny4lq-4ta22l1QtFT5C6g6H7bd8GX3RcENrL0CeynN9eMCMcLswR22SLJlZEmjKA1XJHb_0zk1;+BIGipServerextron.com_443_pool=!Twy8fP8bqquUOSoMjvaJwiHEDz8tIL9MxaQHL9yXVgNPrNOwhYwv6qBC9laaQwr8zfXgD7tqEVHa/w==;+_gid=GA1.2.585921967.1746613349;+outdated-browser=true;+ExtronRecViewProd=ipcppro250xi,sf26ctlp,dmp128flexplus,dteapp,dmp128plus,axi02at,axi22at,xpa1002,netpa1001at,xpau2008fx,netpau1004,rsu129;+_gat_UA-130285241-1=1;+_clck=jziv6l%7C2%7Cfvq%7C0%7C1934;+_ga_DP5ZZ9VH84=GS2.1.s1746687604$o7$g1$t1746687606$j58$l0$h0;+_ga=GA1.1.905284132.1745001741;+_clsk=1cdpwi%7C1746687607125%7C1%7C1%7Ce.clarity.ms%2Fcollect https://www.extron.es/product/axi22at www.extron.es 200 0 0 1718 1018
2025-05-08 07:00:28 10.1.0.50 GET /HDMI-DisplayPort-DVI-Distribution-Amplifier/prodsubtype-548 - 443 - 10.1.16.1 Mozilla/5.0+(Windows+NT+10.0;+Win64;+x64)+AppleWebKit/537.36+(KHTML,+like+Gecko)+Chrome/135.0.0.0+Safari/537.36 - https://www.google.com/ www.extron.com 200 0 0 1264348 527
2025-05-08 07:00:28 10.1.0.50 GET /Product/TabOverview/mlcplus200 tab=over&nocache=1746687609426 443 - 10.1.16.1 Mozilla/5.0+(Windows+NT+10.0;+Win64;+x64;+rv:138.0)+Gecko/20100101+Firefox/138.0 ASP.NET_SessionId=j4455r3vqamqtcyucvqganrh;+region=1;+lang=1;+__RequestVerificationToken=OmekRpBuLjwllt2VjBYBDhFPFEHf-1SXjG_sBZzqRhH2C6746utbyzaGw91_JyZZP3pj4AKF59ftOGCZ6F54X4rhusk1;+BIGipServerextron.com_443_pool=!ADCTTCKedAc2+IkMjvaJwiHEDz8tIEcTCror+/E542zR2uD/A43PMQBvuCTR5YkCmQ0UdZlbaxq+2w==;+ExtronRecViewProd=nbp200,mlcplus200 https://www.extron.com/product/mlcplus200 www.extron.com 200 0 0 13109 19
2025-05-08 07:00:29 10.1.0.50 GET /Content/vendor/bootstrap/bootstrap.bundle.min.js - 443 haitham@alphadxb.com 10.1.16.1 Mozilla/5.0+(Windows+NT+10.0;+Win64;+x64)+AppleWebKit/537.36+(KHTML,+like+Gecko)+Chrome/135.0.0.0+Safari/537.36 region=8;+lang=1;+.AspNet.Cookies=927FOEegLwg0Gd0L2bPrFC6x5vFuaj0H4enBJoCIi7iJCqh0wM9dJv4UtCOqX6uaarlifET9anWnBRbeRtaXw-z8Da8yQUbDZIPchjGlw76fyPz_fGykkoDkc8OMnkG4YeY_yYUii49ufiHkjHWRO8Q4laeJl8AfLLu5AQZzopYmhKjbg_jCq4mq4-z6VpCnFdG2bKDAjIlFCriajj3ks2acHGAOOZGOCIO1CW_uH_ARLE-KEzZCjesVcC71UjVvyAsaxslzrjOskt8lnp3KiCi7BZtd_vJ_e_d4FVZ2AbMJEPAqgpl5rbG43zMkZogGkCizz83e5XrBbOQMZrE3waZRpdb4XNRMghxuSDv6IdMdYC4_2vpFdQp8mTk472j5VVtLUPPbOivKDBy34rmGkJXNvH27FZ46jauHzb90LHFnbCzS;+ASP.NET_SessionId=vudsiztp5wguoquwy2wr3dvh;+username=haitham@alphadxb.com;+PriceClass=26;+PriceList=S3+;+__RequestVerificationToken=f8oJeu_sGcbt6UnnZu1PbtPhD29LDSnV95LFTEjlgcAxXDAxXuvM3vD6P6rDH8ahGTt_wSnKpW9BgsfA0jHVMUQDkFc1;+BIGipServerextron.com_443_pool=!eQF2n3eQmojwxm8MjvaJwiHEDz8tIGnccwX/UU7bDhWN2IZCK3D/rZ/WukXBJqopSHbXBQDBwnxrTA==;+_gid=GA1.2.1479141540.1746687420;+_clck=1uy2s1k%7C2%7Cfvq%7C0%7C1783;+_gat_UA-130285241-1=1;+_ga=GA1.1.1916538684.1731906963;+_clsk=1wozkv7%7C1746687571175%7C7%7C1%7Cj.clarity.ms%2Fcollect;+ExtronRecViewProd=swhd4kplusseries,dtp3crosspoint884,dxphd4kplus,wpc210amk,hdmiultra,in1604,ipcppro555qxi,xpau2002sb,dmp128plus,dtphdmi330tx,dtphdmi330rx,dtp2t202fb;+_ga_DP5ZZ9VH84=GS2.1.s1746687420$o32$g1$t1746687608$j15$l0$h0 https://www.extron.com/product/dtp2t202fb www.extron.com 304 0 0 1705 1
2025-05-08 07:00:29 10.1.0.50 GET /Content/vendor/jquery/jquery-3.3.1.min.js - 443 haitham@alphadxb.com 10.1.16.1 Mozilla/5.0+(Windows+NT+10.0;+Win64;+x64)+AppleWebKit/537.36+(KHTML,+like+Gecko)+Chrome/135.0.0.0+Safari/537.36 region=8;+lang=1;+.AspNet.Cookies=927FOEegLwg0Gd0L2bPrFC6x5vFuaj0H4enBJoCIi7iJCqh0wM9dJv4UtCOqX6uaarlifET9anWnBRbeRtaXw-z8Da8yQUbDZIPchjGlw76fyPz_fGykkoDkc8OMnkG4YeY_yYUii49ufiHkjHWRO8Q4laeJl8AfLLu5AQZzopYmhKjbg_jCq4mq4-z6VpCnFdG2bKDAjIlFCriajj3ks2acHGAOOZGOCIO1CW_uH_ARLE-KEzZCjesVcC71UjVvyAsaxslzrjOskt8lnp3KiCi7BZtd_vJ_e_d4FVZ2AbMJEPAqgpl5rbG43zMkZogGkCizz83e5XrBbOQMZrE3waZRpdb4XNRMghxuSDv6IdMdYC4_2vpFdQp8mTk472j5VVtLUPPbOivKDBy34rmGkJXNvH27FZ46jauHzb90LHFnbCzS;+ASP.NET_SessionId=vudsiztp5wguoquwy2wr3dvh;+username=haitham@alphadxb.com;+PriceClass=26;+PriceList=S3+;+__RequestVerificationToken=f8oJeu_sGcbt6UnnZu1PbtPhD29LDSnV95LFTEjlgcAxXDAxXuvM3vD6P6rDH8ahGTt_wSnKpW9BgsfA0jHVMUQDkFc1;+BIGipServerextron.com_443_pool=!eQF2n3eQmojwxm8MjvaJwiHEDz8tIGnccwX/UU7bDhWN2IZCK3D/rZ/WukXBJqopSHbXBQDBwnxrTA==;+_gid=GA1.2.1479141540.1746687420;+_clck=1uy2s1k%7C2%7Cfvq%7C0%7C1783;+_gat_UA-130285241-1=1;+_ga=GA1.1.1916538684.1731906963;+_clsk=1wozkv7%7C1746687571175%7C7%7C1%7Cj.clarity.ms%2Fcollect;+ExtronRecViewProd=swhd4kplusseries,dtp3crosspoint884,dxphd4kplus,wpc210amk,hdmiultra,in1604,ipcppro555qxi,xpau2002sb,dmp128plus,dtphdmi330tx,dtphdmi330rx,dtp2t202fb;+_ga_DP5ZZ9VH84=GS2.1.s1746687420$o32$g1$t1746687608$j15$l0$h0 https://www.extron.com/product/dtp2t202fb www.extron.com 304 0 0 1705 1
2025-05-08 07:00:29 10.1.0.50 GET /technology/literature.aspx game=call-of-duty-warzone&game=call-of-duty-warzone&game=call-of-duty-warzone&game=call-of-duty-warzone&game=call-of-duty-warzone&game=call-of-duty-warzone&game=call-of-duty-warzone&game=call-of-duty-warzone&tabid=1&id=0&tabid=1&id=0&tabid=3&id=A&tabid=1&id=0&tabid=6&id=All&tabid=1&id=0&tabid=3&id=S&tabid=3&id=I 443 - 10.1.16.1 Mozilla/5.0+AppleWebKit/537.36+(KHTML,+like+Gecko;+compatible;+bingbot/2.0;++http://www.bing.com/bingbot.htm)+Chrome/116.0.1938.76+Safari/537.36 - - www.extron.com 200 0 0 136753 968
2025-05-08 07:00:29 10.1.0.50 GET /Content/vendor/js-cloudimage-360-view/js/js-cloudimage-360-view.min.js nocache=06082021 443 haitham@alphadxb.com 10.1.16.1 Mozilla/5.0+(Windows+NT+10.0;+Win64;+x64)+AppleWebKit/537.36+(KHTML,+like+Gecko)+Chrome/135.0.0.0+Safari/537.36 region=8;+lang=1;+.AspNet.Cookies=927FOEegLwg0Gd0L2bPrFC6x5vFuaj0H4enBJoCIi7iJCqh0wM9dJv4UtCOqX6uaarlifET9anWnBRbeRtaXw-z8Da8yQUbDZIPchjGlw76fyPz_fGykkoDkc8OMnkG4YeY_yYUii49ufiHkjHWRO8Q4laeJl8AfLLu5AQZzopYmhKjbg_jCq4mq4-z6VpCnFdG2bKDAjIlFCriajj3ks2acHGAOOZGOCIO1CW_uH_ARLE-KEzZCjesVcC71UjVvyAsaxslzrjOskt8lnp3KiCi7BZtd_vJ_e_d4FVZ2AbMJEPAqgpl5rbG43zMkZogGkCizz83e5XrBbOQMZrE3waZRpdb4XNRMghxuSDv6IdMdYC4_2vpFdQp8mTk472j5VVtLUPPbOivKDBy34rmGkJXNvH27FZ46jauHzb90LHFnbCzS;+ASP.NET_SessionId=vudsiztp5wguoquwy2wr3dvh;+username=haitham@alphadxb.com;+PriceClass=26;+PriceList=S3+;+__RequestVerificationToken=f8oJeu_sGcbt6UnnZu1PbtPhD29LDSnV95LFTEjlgcAxXDAxXuvM3vD6P6rDH8ahGTt_wSnKpW9BgsfA0jHVMUQDkFc1;+BIGipServerextron.com_443_pool=!eQF2n3eQmojwxm8MjvaJwiHEDz8tIGnccwX/UU7bDhWN2IZCK3D/rZ/WukXBJqopSHbXBQDBwnxrTA==;+_gid=GA1.2.1479141540.1746687420;+_clck=1uy2s1k%7C2%7Cfvq%7C0%7C1783;+_gat_UA-130285241-1=1;+_ga=GA1.1.1916538684.1731906963;+_clsk=1wozkv7%7C1746687571175%7C7%7C1%7Cj.clarity.ms%2Fcollect;+ExtronRecViewProd=swhd4kplusseries,dtp3crosspoint884,dxphd4kplus,wpc210amk,hdmiultra,in1604,ipcppro555qxi,xpau2002sb,dmp128plus,dtphdmi330tx,dtphdmi330rx,dtp2t202fb;+_ga_DP5ZZ9VH84=GS2.1.s1746687420$o32$g1$t1746687608$j15$l0$h0 https://www.extron.com/product/dtp2t202fb www.extron.com 304 0 0 1705 1
2025-05-08 07:00:29 10.1.0.50 GET /Content/vendor/bs-offcanvas/dist/js/bootstrap.offcanvas.js - 443 haitham@alphadxb.com 10.1.16.1 Mozilla/5.0+(Windows+NT+10.0;+Win64;+x64)+AppleWebKit/537.36+(KHTML,+like+Gecko)+Chrome/135.0.0.0+Safari/537.36 region=8;+lang=1;+.AspNet.Cookies=927FOEegLwg0Gd0L2bPrFC6x5vFuaj0H4enBJoCIi7iJCqh0wM9dJv4UtCOqX6uaarlifET9anWnBRbeRtaXw-z8Da8yQUbDZIPchjGlw76fyPz_fGykkoDkc8OMnkG4YeY_yYUii49ufiHkjHWRO8Q4laeJl8AfLLu5AQZzopYmhKjbg_jCq4mq4-z6VpCnFdG2bKDAjIlFCriajj3ks2acHGAOOZGOCIO1CW_uH_ARLE-KEzZCjesVcC71UjVvyAsaxslzrjOskt8lnp3KiCi7BZtd_vJ_e_d4FVZ2AbMJEPAqgpl5rbG43zMkZogGkCizz83e5XrBbOQMZrE3waZRpdb4XNRMghxuSDv6IdMdYC4_2vpFdQp8mTk472j5VVtLUPPbOivKDBy34rmGkJXNvH27FZ46jauHzb90LHFnbCzS;+ASP.NET_SessionId=vudsiztp5wguoquwy2wr3dvh;+username=haitham@alphadxb.com;+PriceClass=26;+PriceList=S3+;+__RequestVerificationToken=f8oJeu_sGcbt6UnnZu1PbtPhD29LDSnV95LFTEjlgcAxXDAxXuvM3vD6P6rDH8ahGTt_wSnKpW9BgsfA0jHVMUQDkFc1;+BIGipServerextron.com_443_pool=!eQF2n3eQmojwxm8MjvaJwiHEDz8tIGnccwX/UU7bDhWN2IZCK3D/rZ/WukXBJqopSHbXBQDBwnxrTA==;+_gid=GA1.2.1479141540.1746687420;+_clck=1uy2s1k%7C2%7Cfvq%7C0%7C1783;+_gat_UA-130285241-1=1;+_ga=GA1.1.1916538684.1731906963;+_clsk=1wozkv7%7C1746687571175%7C7%7C1%7Cj.clarity.ms%2Fcollect;+ExtronRecViewProd=swhd4kplusseries,dtp3crosspoint884,dxphd4kplus,wpc210amk,hdmiultra,in1604,ipcppro555qxi,xpau2002sb,dmp128plus,dtphdmi330tx,dtphdmi330rx,dtp2t202fb;+_ga_DP5ZZ9VH84=GS2.1.s1746687420$o32$g1$t1746687608$j15$l0$h0 https://www.extron.com/product/dtp2t202fb www.extron.com 304 0 0 1705 1
2025-05-08 07:00:29 10.1.0.50 GET /Content/vendor/jquery-unobtrusive-ajax/jquery.unobtrusive-ajax.js - 443 haitham@alphadxb.com 10.1.16.1 Mozilla/5.0+(Windows+NT+10.0;+Win64;+x64)+AppleWebKit/537.36+(KHTML,+like+Gecko)+Chrome/135.0.0.0+Safari/537.36 region=8;+lang=1;+.AspNet.Cookies=927FOEegLwg0Gd0L2bPrFC6x5vFuaj0H4enBJoCIi7iJCqh0wM9dJv4UtCOqX6uaarlifET9anWnBRbeRtaXw-z8Da8yQUbDZIPchjGlw76fyPz_fGykkoDkc8OMnkG4YeY_yYUii49ufiHkjHWRO8Q4laeJl8AfLLu5AQZzopYmhKjbg_jCq4mq4-z6VpCnFdG2bKDAjIlFCriajj3ks2acHGAOOZGOCIO1CW_uH_ARLE-KEzZCjesVcC71UjVvyAsaxslzrjOskt8lnp3KiCi7BZtd_vJ_e_d4FVZ2AbMJEPAqgpl5rbG43zMkZogGkCizz83e5XrBbOQMZrE3waZRpdb4XNRMghxuSDv6IdMdYC4_2vpFdQp8mTk472j5VVtLUPPbOivKDBy34rmGkJXNvH27FZ46jauHzb90LHFnbCzS;+ASP.NET_SessionId=vudsiztp5wguoquwy2wr3dvh;+username=haitham@alphadxb.com;+PriceClass=26;+PriceList=S3+;+__RequestVerificationToken=f8oJeu_sGcbt6UnnZu1PbtPhD29LDSnV95LFTEjlgcAxXDAxXuvM3vD6P6rDH8ahGTt_wSnKpW9BgsfA0jHVMUQDkFc1;+BIGipServerextron.com_443_pool=!eQF2n3eQmojwxm8MjvaJwiHEDz8tIGnccwX/UU7bDhWN2IZCK3D/rZ/WukXBJqopSHbXBQDBwnxrTA==;+_gid=GA1.2.1479141540.1746687420;+_clck=1uy2s1k%7C2%7Cfvq%7C0%7C1783;+_gat_UA-130285241-1=1;+_ga=GA1.1.1916538684.1731906963;+_clsk=1wozkv7%7C1746687571175%7C7%7C1%7Cj.clarity.ms%2Fcollect;+ExtronRecViewProd=swhd4kplusseries,dtp3crosspoint884,dxphd4kplus,wpc210amk,hdmiultra,in1604,ipcppro555qxi,xpau2002sb,dmp128plus,dtphdmi330tx,dtphdmi330rx,dtp2t202fb;+_ga_DP5ZZ9VH84=GS2.1.s1746687420$o32$g1$t1746687608$j15$l0$h0 https://www.extron.com/product/dtp2t202fb www.extron.com 304 0 0 1705 1
2025-05-08 07:00:29 10.1.0.50 GET /Content/vendor/jqueryui/jquery-1.12.0-ui.min.js - 443 haitham@alphadxb.com 10.1.16.1 Mozilla/5.0+(Windows+NT+10.0;+Win64;+x64)+AppleWebKit/537.36+(KHTML,+like+Gecko)+Chrome/135.0.0.0+Safari/537.36 region=8;+lang=1;+.AspNet.Cookies=927FOEegLwg0Gd0L2bPrFC6x5vFuaj0H4enBJoCIi7iJCqh0wM9dJv4UtCOqX6uaarlifET9anWnBRbeRtaXw-z8Da8yQUbDZIPchjGlw76fyPz_fGykkoDkc8OMnkG4YeY_yYUii49ufiHkjHWRO8Q4laeJl8AfLLu5AQZzopYmhKjbg_jCq4mq4-z6VpCnFdG2bKDAjIlFCriajj3ks2acHGAOOZGOCIO1CW_uH_ARLE-KEzZCjesVcC71UjVvyAsaxslzrjOskt8lnp3KiCi7BZtd_vJ_e_d4FVZ2AbMJEPAqgpl5rbG43zMkZogGkCizz83e5XrBbOQMZrE3waZRpdb4XNRMghxuSDv6IdMdYC4_2vpFdQp8mTk472j5VVtLUPPbOivKDBy34rmGkJXNvH27FZ46jauHzb90LHFnbCzS;+ASP.NET_SessionId=vudsiztp5wguoquwy2wr3dvh;+username=haitham@alphadxb.com;+PriceClass=26;+PriceList=S3+;+__RequestVerificationToken=f8oJeu_sGcbt6UnnZu1PbtPhD29LDSnV95LFTEjlgcAxXDAxXuvM3vD6P6rDH8ahGTt_wSnKpW9BgsfA0jHVMUQDkFc1;+BIGipServerextron.com_443_pool=!eQF2n3eQmojwxm8MjvaJwiHEDz8tIGnccwX/UU7bDhWN2IZCK3D/rZ/WukXBJqopSHbXBQDBwnxrTA==;+_gid=GA1.2.1479141540.1746687420;+_clck=1uy2s1k%7C2%7Cfvq%7C0%7C1783;+_gat_UA-130285241-1=1;+_ga=GA1.1.1916538684.1731906963;+_clsk=1wozkv7%7C1746687571175%7C7%7C1%7Cj.clarity.ms%2Fcollect;+ExtronRecViewProd=swhd4kplusseries,dtp3crosspoint884,dxphd4kplus,wpc210amk,hdmiultra,in1604,ipcppro555qxi,xpau2002sb,dmp128plus,dtphdmi330tx,dtphdmi330rx,dtp2t202fb;+_ga_DP5ZZ9VH84=GS2.1.s1746687420$o32$g1$t1746687608$j15$l0$h0 https://www.extron.com/product/dtp2t202fb www.extron.com 304 0 0 1705 1
2025-05-08 07:00:29 10.1.0.50 GET /site.webmanifest v=20180420 443 - 10.1.16.1 Mozilla/5.0+(Linux;+Android+10;+K)+AppleWebKit/537.36+(KHTML,+like+Gecko)+Chrome/135.0.0.0+Mobile+Safari/537.36 - https://www.extron.com/article/autocadbd www.extron.com 200 0 0 2282 1
2025-05-08 07:00:29 10.1.0.50 GET /Product/TabOverview/netpau1004 tab=over&nocache=1746687609567 443 - 10.1.16.1 Mozilla/5.0+(Windows+NT+10.0;+Win64;+x64)+AppleWebKit/537.36+(KHTML,+like+Gecko)+Chrome/133.0.0.0+Safari/537.36+OPR/118.0.0.0 ASP.NET_SessionId=5jtj5tj4kwrf5pxtz530mi2r;+region=2;+lang=5;+__RequestVerificationToken=BgJ54ROD_NDX1kQUwSny4lq-4ta22l1QtFT5C6g6H7bd8GX3RcENrL0CeynN9eMCMcLswR22SLJlZEmjKA1XJHb_0zk1;+BIGipServerextron.com_443_pool=!Twy8fP8bqquUOSoMjvaJwiHEDz8tIL9MxaQHL9yXVgNPrNOwhYwv6qBC9laaQwr8zfXgD7tqEVHa/w==;+_gid=GA1.2.585921967.1746613349;+outdated-browser=true;+ExtronRecViewProd=ipcppro250xi,sf26ctlp,dmp128flexplus,dteapp,dmp128plus,axi02at,axi22at,xpa1002,netpa1001at,xpau2008fx,netpau1004,rsu129;+_gat_UA-130285241-1=1;+_clck=jziv6l%7C2%7Cfvq%7C0%7C1934;+_clsk=1cdpwi%7C1746687607125%7C1%7C1%7Ce.clarity.ms%2Fcollect;+_ga_DP5ZZ9VH84=GS2.1.s1746687604$o7$g1$t1746687609$j55$l0$h0;+_ga=GA1.1.905284132.1745001741 https://www.extron.es/product/netpau1004 www.extron.es 200 0 0 40583 43
2025-05-08 07:00:29 10.1.0.50 GET /tools/signage id=4ksignage 443 - 10.1.16.1 - - - www.extron.com 200 0 0 17926 8
2025-05-08 07:00:29 10.1.0.50 GET /product/retractorseries2 - 443 - 10.1.16.1 Mozilla/5.0+(Windows+NT+10.0;+Win64;+x64)+AppleWebKit/537.36+(KHTML,+like+Gecko)+Chrome/135.0.0.0+Safari/537.36 - https://www.google.com/ www.extron.com 200 0 0 127358 95
2025-05-08 07:00:29 10.1.0.50 POST /api/v1/account/login - 443 - 10.1.16.1 Mozilla/5.0+(Windows+NT+10.0;+Win64;+x64)+AppleWebKit/537.36+(KHTML,+like+Gecko)+Chrome/136.0.0.0+Safari/537.36 ASP.NET_SessionId=jopcffqmgwqv1v1fu0yvpn3y;+region=2;+lang=3;+__RequestVerificationToken=snhncBTGJQvKcaPr2FJhAi6c63iek5oUZORloZQNV9vHqv_mxIfnftcxcEOWCRcl08gyrlZVIInPQ1hfoHBlkunu10o1;+BIGipServerextron.com_443_pool=!b55nGGb+5A5PurQMjvaJwiHEDz8tIHvxnPIl8JEOQhrZIM8nvLV4Ebx5Kz9yLYHMDg96M+b4O/LS/A==;+_gid=GA1.2.1525870029.1746687605;+_gat_UA-130285241-1=1;+_ga=GA1.1.468313871.1746687605;+_clck=1mp1exz%7C2%7Cfvq%7C0%7C1954;+_clsk=1224yc0%7C1746687606012%7C1%7C1%7Cs.clarity.ms%2Fcollect;+_ga_DP5ZZ9VH84=GS2.1.s1746687605$o1$g0$t1746687607$j58$l0$h0;+returnurl=/ https://www.extron.de/home/login www.extron.de 200 0 0 2427 163
2025-05-08 07:00:29 10.1.0.50 GET /Content/css/Shared/fonts/roboto-v18-cyrillic_latin-ext_latin_cyrillic-ext-regular.woff2 - 443 haitham@alphadxb.com 10.1.16.1 Mozilla/5.0+(Windows+NT+10.0;+Win64;+x64)+AppleWebKit/537.36+(KHTML,+like+Gecko)+Chrome/135.0.0.0+Safari/537.36 region=8;+lang=1;+.AspNet.Cookies=927FOEegLwg0Gd0L2bPrFC6x5vFuaj0H4enBJoCIi7iJCqh0wM9dJv4UtCOqX6uaarlifET9anWnBRbeRtaXw-z8Da8yQUbDZIPchjGlw76fyPz_fGykkoDkc8OMnkG4YeY_yYUii49ufiHkjHWRO8Q4laeJl8AfLLu5AQZzopYmhKjbg_jCq4mq4-z6VpCnFdG2bKDAjIlFCriajj3ks2acHGAOOZGOCIO1CW_uH_ARLE-KEzZCjesVcC71UjVvyAsaxslzrjOskt8lnp3KiCi7BZtd_vJ_e_d4FVZ2AbMJEPAqgpl5rbG43zMkZogGkCizz83e5XrBbOQMZrE3waZRpdb4XNRMghxuSDv6IdMdYC4_2vpFdQp8mTk472j5VVtLUPPbOivKDBy34rmGkJXNvH27FZ46jauHzb90LHFnbCzS;+ASP.NET_SessionId=vudsiztp5wguoquwy2wr3dvh;+username=haitham@alphadxb.com;+PriceClass=26;+PriceList=S3+;+__RequestVerificationToken=f8oJeu_sGcbt6UnnZu1PbtPhD29LDSnV95LFTEjlgcAxXDAxXuvM3vD6P6rDH8ahGTt_wSnKpW9BgsfA0jHVMUQDkFc1;+BIGipServerextron.com_443_pool=!eQF2n3eQmojwxm8MjvaJwiHEDz8tIGnccwX/UU7bDhWN2IZCK3D/rZ/WukXBJqopSHbXBQDBwnxrTA==;+_gid=GA1.2.1479141540.1746687420;+_clck=1uy2s1k%7C2%7Cfvq%7C0%7C1783;+_gat_UA-130285241-1=1;+_ga=GA1.1.1916538684.1731906963;+_clsk=1wozkv7%7C1746687571175%7C7%7C1%7Cj.clarity.ms%2Fcollect;+ExtronRecViewProd=swhd4kplusseries,dtp3crosspoint884,dxphd4kplus,wpc210amk,hdmiultra,in1604,ipcppro555qxi,xpau2002sb,dmp128plus,dtphdmi330tx,dtphdmi330rx,dtp2t202fb;+_ga_DP5ZZ9VH84=GS2.1.s1746687420$o32$g1$t1746687608$j15$l0$h0 https://www.extron.com/Content/css/Shared/extron.css www.extron.com 304 0 0 1705 2
2025-05-08 07:00:29 10.1.0.50 GET /Content/css/Shared/fonts/roboto-v18-cyrillic_latin-ext_latin_cyrillic-ext-300.woff2 - 443 haitham@alphadxb.com 10.1.16.1 Mozilla/5.0+(Windows+NT+10.0;+Win64;+x64)+AppleWebKit/537.36+(KHTML,+like+Gecko)+Chrome/135.0.0.0+Safari/537.36 region=8;+lang=1;+.AspNet.Cookies=927FOEegLwg0Gd0L2bPrFC6x5vFuaj0H4enBJoCIi7iJCqh0wM9dJv4UtCOqX6uaarlifET9anWnBRbeRtaXw-z8Da8yQUbDZIPchjGlw76fyPz_fGykkoDkc8OMnkG4YeY_yYUii49ufiHkjHWRO8Q4laeJl8AfLLu5AQZzopYmhKjbg_jCq4mq4-z6VpCnFdG2bKDAjIlFCriajj3ks2acHGAOOZGOCIO1CW_uH_ARLE-KEzZCjesVcC71UjVvyAsaxslzrjOskt8lnp3KiCi7BZtd_vJ_e_d4FVZ2AbMJEPAqgpl5rbG43zMkZogGkCizz83e5XrBbOQMZrE3waZRpdb4XNRMghxuSDv6IdMdYC4_2vpFdQp8mTk472j5VVtLUPPbOivKDBy34rmGkJXNvH27FZ46jauHzb90LHFnbCzS;+ASP.NET_SessionId=vudsiztp5wguoquwy2wr3dvh;+username=haitham@alphadxb.com;+PriceClass=26;+PriceList=S3+;+__RequestVerificationToken=f8oJeu_sGcbt6UnnZu1PbtPhD29LDSnV95LFTEjlgcAxXDAxXuvM3vD6P6rDH8ahGTt_wSnKpW9BgsfA0jHVMUQDkFc1;+BIGipServerextron.com_443_pool=!eQF2n3eQmojwxm8MjvaJwiHEDz8tIGnccwX/UU7bDhWN2IZCK3D/rZ/WukXBJqopSHbXBQDBwnxrTA==;+_gid=GA1.2.1479141540.1746687420;+_clck=1uy2s1k%7C2%7Cfvq%7C0%7C1783;+_gat_UA-130285241-1=1;+_ga=GA1.1.1916538684.1731906963;+_clsk=1wozkv7%7C1746687571175%7C7%7C1%7Cj.clarity.ms%2Fcollect;+ExtronRecViewProd=swhd4kplusseries,dtp3crosspoint884,dxphd4kplus,wpc210amk,hdmiultra,in1604,ipcppro555qxi,xpau2002sb,dmp128plus,dtphdmi330tx,dtphdmi330rx,dtp2t202fb;+_ga_DP5ZZ9VH84=GS2.1.s1746687420$o32$g1$t1746687608$j15$l0$h0 https://www.extron.com/Content/css/Shared/extron.css www.extron.com 304 0 0 1705 1
2025-05-08 07:00:29 10.1.0.50 GET /Content/css/Shared/fonts/roboto-v18-cyrillic_latin-ext_latin_cyrillic-ext-700.woff2 - 443 haitham@alphadxb.com 10.1.16.1 Mozilla/5.0+(Windows+NT+10.0;+Win64;+x64)+AppleWebKit/537.36+(KHTML,+like+Gecko)+Chrome/135.0.0.0+Safari/537.36 region=8;+lang=1;+.AspNet.Cookies=927FOEegLwg0Gd0L2bPrFC6x5vFuaj0H4enBJoCIi7iJCqh0wM9dJv4UtCOqX6uaarlifET9anWnBRbeRtaXw-z8Da8yQUbDZIPchjGlw76fyPz_fGykkoDkc8OMnkG4YeY_yYUii49ufiHkjHWRO8Q4laeJl8AfLLu5AQZzopYmhKjbg_jCq4mq4-z6VpCnFdG2bKDAjIlFCriajj3ks2acHGAOOZGOCIO1CW_uH_ARLE-KEzZCjesVcC71UjVvyAsaxslzrjOskt8lnp3KiCi7BZtd_vJ_e_d4FVZ2AbMJEPAqgpl5rbG43zMkZogGkCizz83e5XrBbOQMZrE3waZRpdb4XNRMghxuSDv6IdMdYC4_2vpFdQp8mTk472j5VVtLUPPbOivKDBy34rmGkJXNvH27FZ46jauHzb90LHFnbCzS;+ASP.NET_SessionId=vudsiztp5wguoquwy2wr3dvh;+username=haitham@alphadxb.com;+PriceClass=26;+PriceList=S3+;+__RequestVerificationToken=f8oJeu_sGcbt6UnnZu1PbtPhD29LDSnV95LFTEjlgcAxXDAxXuvM3vD6P6rDH8ahGTt_wSnKpW9BgsfA0jHVMUQDkFc1;+BIGipServerextron.com_443_pool=!eQF2n3eQmojwxm8MjvaJwiHEDz8tIGnccwX/UU7bDhWN2IZCK3D/rZ/WukXBJqopSHbXBQDBwnxrTA==;+_gid=GA1.2.1479141540.1746687420;+_clck=1uy2s1k%7C2%7Cfvq%7C0%7C1783;+_gat_UA-130285241-1=1;+_ga=GA1.1.1916538684.1731906963;+_clsk=1wozkv7%7C1746687571175%7C7%7C1%7Cj.clarity.ms%2Fcollect;+ExtronRecViewProd=swhd4kplusseries,dtp3crosspoint884,dxphd4kplus,wpc210amk,hdmiultra,in1604,ipcppro555qxi,xpau2002sb,dmp128plus,dtphdmi330tx,dtphdmi330rx,dtp2t202fb;+_ga_DP5ZZ9VH84=GS2.1.s1746687420$o32$g1$t1746687608$j15$l0$h0 https://www.extron.com/Content/css/Shared/extron.css www.extron.com 304 0 0 1705 1
2025-05-08 07:00:29 10.1.0.50 GET /Content/css/Shared/fonts/roboto-v18-cyrillic_latin-ext_latin_cyrillic-ext-500.woff2 - 443 haitham@alphadxb.com 10.1.16.1 Mozilla/5.0+(Windows+NT+10.0;+Win64;+x64)+AppleWebKit/537.36+(KHTML,+like+Gecko)+Chrome/135.0.0.0+Safari/537.36 region=8;+lang=1;+.AspNet.Cookies=927FOEegLwg0Gd0L2bPrFC6x5vFuaj0H4enBJoCIi7iJCqh0wM9dJv4UtCOqX6uaarlifET9anWnBRbeRtaXw-z8Da8yQUbDZIPchjGlw76fyPz_fGykkoDkc8OMnkG4YeY_yYUii49ufiHkjHWRO8Q4laeJl8AfLLu5AQZzopYmhKjbg_jCq4mq4-z6VpCnFdG2bKDAjIlFCriajj3ks2acHGAOOZGOCIO1CW_uH_ARLE-KEzZCjesVcC71UjVvyAsaxslzrjOskt8lnp3KiCi7BZtd_vJ_e_d4FVZ2AbMJEPAqgpl5rbG43zMkZogGkCizz83e5XrBbOQMZrE3waZRpdb4XNRMghxuSDv6IdMdYC4_2vpFdQp8mTk472j5VVtLUPPbOivKDBy34rmGkJXNvH27FZ46jauHzb90LHFnbCzS;+ASP.NET_SessionId=vudsiztp5wguoquwy2wr3dvh;+username=haitham@alphadxb.com;+PriceClass=26;+PriceList=S3+;+__RequestVerificationToken=f8oJeu_sGcbt6UnnZu1PbtPhD29LDSnV95LFTEjlgcAxXDAxXuvM3vD6P6rDH8ahGTt_wSnKpW9BgsfA0jHVMUQDkFc1;+BIGipServerextron.com_443_pool=!eQF2n3eQmojwxm8MjvaJwiHEDz8tIGnccwX/UU7bDhWN2IZCK3D/rZ/WukXBJqopSHbXBQDBwnxrTA==;+_gid=GA1.2.1479141540.1746687420;+_clck=1uy2s1k%7C2%7Cfvq%7C0%7C1783;+_gat_UA-130285241-1=1;+_ga=GA1.1.1916538684.1731906963;+_clsk=1wozkv7%7C1746687571175%7C7%7C1%7Cj.clarity.ms%2Fcollect;+ExtronRecViewProd=swhd4kplusseries,dtp3crosspoint884,dxphd4kplus,wpc210amk,hdmiultra,in1604,ipcppro555qxi,xpau2002sb,dmp128plus,dtphdmi330tx,dtphdmi330rx,dtp2t202fb;+_ga_DP5ZZ9VH84=GS2.1.s1746687420$o32$g1$t1746687608$j15$l0$h0 https://www.extron.com/Content/css/Shared/extron.css www.extron.com 304 0 0 1705 1
2025-05-08 07:00:29 10.1.0.50 GET /site.webmanifest v=20180420 443 - 10.1.16.1 Mozilla/5.0+(Windows+NT+10.0;+Win64;+x64)+AppleWebKit/537.36+(KHTML,+like+Gecko)+Chrome/135.0.0.0+Safari/537.36 - https://www.extron.de/download/dltrack.aspx?file=NAV_1G_Series_v1x01x0004-b010.exe&id=225720 www.extron.de 304 0 0 1705 1
2025-05-08 07:00:29 10.1.0.50 GET /Content/css/Shared/fonts/icomoon.ttf qlj3qn 443 haitham@alphadxb.com 10.1.16.1 Mozilla/5.0+(Windows+NT+10.0;+Win64;+x64)+AppleWebKit/537.36+(KHTML,+like+Gecko)+Chrome/135.0.0.0+Safari/537.36 region=8;+lang=1;+.AspNet.Cookies=927FOEegLwg0Gd0L2bPrFC6x5vFuaj0H4enBJoCIi7iJCqh0wM9dJv4UtCOqX6uaarlifET9anWnBRbeRtaXw-z8Da8yQUbDZIPchjGlw76fyPz_fGykkoDkc8OMnkG4YeY_yYUii49ufiHkjHWRO8Q4laeJl8AfLLu5AQZzopYmhKjbg_jCq4mq4-z6VpCnFdG2bKDAjIlFCriajj3ks2acHGAOOZGOCIO1CW_uH_ARLE-KEzZCjesVcC71UjVvyAsaxslzrjOskt8lnp3KiCi7BZtd_vJ_e_d4FVZ2AbMJEPAqgpl5rbG43zMkZogGkCizz83e5XrBbOQMZrE3waZRpdb4XNRMghxuSDv6IdMdYC4_2vpFdQp8mTk472j5VVtLUPPbOivKDBy34rmGkJXNvH27FZ46jauHzb90LHFnbCzS;+ASP.NET_SessionId=vudsiztp5wguoquwy2wr3dvh;+username=haitham@alphadxb.com;+PriceClass=26;+PriceList=S3+;+__RequestVerificationToken=f8oJeu_sGcbt6UnnZu1PbtPhD29LDSnV95LFTEjlgcAxXDAxXuvM3vD6P6rDH8ahGTt_wSnKpW9BgsfA0jHVMUQDkFc1;+BIGipServerextron.com_443_pool=!eQF2n3eQmojwxm8MjvaJwiHEDz8tIGnccwX/UU7bDhWN2IZCK3D/rZ/WukXBJqopSHbXBQDBwnxrTA==;+_gid=GA1.2.1479141540.1746687420;+_clck=1uy2s1k%7C2%7Cfvq%7C0%7C1783;+_gat_UA-130285241-1=1;+_ga=GA1.1.1916538684.1731906963;+_clsk=1wozkv7%7C1746687571175%7C7%7C1%7Cj.clarity.ms%2Fcollect;+ExtronRecViewProd=swhd4kplusseries,dtp3crosspoint884,dxphd4kplus,wpc210amk,hdmiultra,in1604,ipcppro555qxi,xpau2002sb,dmp128plus,dtphdmi330tx,dtphdmi330rx,dtp2t202fb;+_ga_DP5ZZ9VH84=GS2.1.s1746687420$o32$g1$t1746687608$j15$l0$h0 https://www.extron.com/Content/css/Shared/extron.css www.extron.com 304 0 0 1705 1
2025-05-08 07:00:29 10.1.0.50 GET /Content/vendor/fancybox-3.5.7/dist/jquery.fancybox.js - 443 haitham@alphadxb.com 10.1.16.1 Mozilla/5.0+(Windows+NT+10.0;+Win64;+x64)+AppleWebKit/537.36+(KHTML,+like+Gecko)+Chrome/135.0.0.0+Safari/537.36 region=8;+lang=1;+.AspNet.Cookies=927FOEegLwg0Gd0L2bPrFC6x5vFuaj0H4enBJoCIi7iJCqh0wM9dJv4UtCOqX6uaarlifET9anWnBRbeRtaXw-z8Da8yQUbDZIPchjGlw76fyPz_fGykkoDkc8OMnkG4YeY_yYUii49ufiHkjHWRO8Q4laeJl8AfLLu5AQZzopYmhKjbg_jCq4mq4-z6VpCnFdG2bKDAjIlFCriajj3ks2acHGAOOZGOCIO1CW_uH_ARLE-KEzZCjesVcC71UjVvyAsaxslzrjOskt8lnp3KiCi7BZtd_vJ_e_d4FVZ2AbMJEPAqgpl5rbG43zMkZogGkCizz83e5XrBbOQMZrE3waZRpdb4XNRMghxuSDv6IdMdYC4_2vpFdQp8mTk472j5VVtLUPPbOivKDBy34rmGkJXNvH27FZ46jauHzb90LHFnbCzS;+ASP.NET_SessionId=vudsiztp5wguoquwy2wr3dvh;+username=haitham@alphadxb.com;+PriceClass=26;+PriceList=S3+;+__RequestVerificationToken=f8oJeu_sGcbt6UnnZu1PbtPhD29LDSnV95LFTEjlgcAxXDAxXuvM3vD6P6rDH8ahGTt_wSnKpW9BgsfA0jHVMUQDkFc1;+BIGipServerextron.com_443_pool=!eQF2n3eQmojwxm8MjvaJwiHEDz8tIGnccwX/UU7bDhWN2IZCK3D/rZ/WukXBJqopSHbXBQDBwnxrTA==;+_gid=GA1.2.1479141540.1746687420;+_clck=1uy2s1k%7C2%7Cfvq%7C0%7C1783;+_gat_UA-130285241-1=1;+_ga=GA1.1.1916538684.1731906963;+_clsk=1wozkv7%7C1746687571175%7C7%7C1%7Cj.clarity.ms%2Fcollect;+ExtronRecViewProd=swhd4kplusseries,dtp3crosspoint884,dxphd4kplus,wpc210amk,hdmiultra,in1604,ipcppro555qxi,xpau2002sb,dmp128plus,dtphdmi330tx,dtphdmi330rx,dtp2t202fb;+_ga_DP5ZZ9VH84=GS2.1.s1746687420$o32$g1$t1746687608$j15$l0$h0 https://www.extron.com/product/dtp2t202fb www.extron.com 304 0 0 1705 1
2025-05-08 07:00:29 10.1.0.50 GET /Product/TabOverview/dtp2t212 tab=over&nocache=1746687609510 443 - 10.1.16.1 Mozilla/5.0+(Windows+NT+10.0;+Win64;+x64)+AppleWebKit/537.36+(KHTML,+like+Gecko;+compatible;+Yeti/1.1;++https://naver.me/spd)+Chrome/133.0.0.0+Safari/537.36 ASP.NET_SessionId=5pbnrrr3tpe45nq15a13wux0;+BIGipServerextron.com_443_pool=838861066.47873.0000;+ExtronRecViewProd=dtp2t212;+__RequestVerificationToken=9q79ZqHN0n-9-wTvBmJ64aq8HDLbxXctht4uQhBVWO0mpkZwD7renfkGZKhmOVybi_sf36X3_sW-1ewg2qW1ak3SiO01;+lang=9;+region=3 https://www.extron.com/product/dtp2t212 www.extron.com 200 0 0 25230 7
2025-05-08 07:00:29 10.1.0.50 GET /home/login - 443 i.nikitsenka@pke.at 10.1.16.1 Mozilla/5.0+(Windows+NT+10.0;+Win64;+x64)+AppleWebKit/537.36+(KHTML,+like+Gecko)+Chrome/136.0.0.0+Safari/537.36 ASP.NET_SessionId=jopcffqmgwqv1v1fu0yvpn3y;+region=2;+lang=3;+__RequestVerificationToken=snhncBTGJQvKcaPr2FJhAi6c63iek5oUZORloZQNV9vHqv_mxIfnftcxcEOWCRcl08gyrlZVIInPQ1hfoHBlkunu10o1;+BIGipServerextron.com_443_pool=!b55nGGb+5A5PurQMjvaJwiHEDz8tIHvxnPIl8JEOQhrZIM8nvLV4Ebx5Kz9yLYHMDg96M+b4O/LS/A==;+_gid=GA1.2.1525870029.1746687605;+_gat_UA-130285241-1=1;+_ga=GA1.1.468313871.1746687605;+_clck=1mp1exz%7C2%7Cfvq%7C0%7C1954;+_clsk=1224yc0%7C1746687606012%7C1%7C1%7Cs.clarity.ms%2Fcollect;+_ga_DP5ZZ9VH84=GS2.1.s1746687605$o1$g0$t1746687607$j58$l0$h0;+returnurl=/;+username=i.nikitsenka@pke.at;+PriceClass=26;+PriceList=EURS3+;+.AspNet.Cookies=lSK7SsEYovbZuiITaqWiuFilgaYFBYx4WyYeEY3bOfny0_bSwKXlq-xaY3IXfzCk2Q2NjsTcoBVN10jaK0tK1Ff8lll6ibU6mEE7qYWPWxstYKb0-UEZzWBfcJHHMaRO6pe-qXBgdlaUts-LViK4tJ3AMljVV_1EXTWQOtAmL8vACmpObsq4oNJt0DcLqm14OMv-GFoEMxBIZ6ES8nGKW0SOWvMMSZ_mlXoSr-12I-aTrrqSkRptSvQCk-8uy-BIl9Oj3Hp0mGIpz9-94h0KHWd7MvUuB3TsEPjc9trYLbl1L3mlGlpbiSxK1Fv2J7pj4FvNpgZixj6Qtf3Ue7MD2vQZ_eGpNX2hV57KB8_O2rSwfebC0abfw6WWUEUkraGfDPGS4RSLjhvZQC6L9QgTQ5dpn26JIAW2Jx6ZYljWGYwgEze1 https://www.extron.de/home/login www.extron.de 302 0 0 1848 130
2025-05-08 07:00:29 10.1.0.50 GET /Content/vendor/hoverintent/jquery.hoverIntent.js - 443 haitham@alphadxb.com 10.1.16.1 Mozilla/5.0+(Windows+NT+10.0;+Win64;+x64)+AppleWebKit/537.36+(KHTML,+like+Gecko)+Chrome/135.0.0.0+Safari/537.36 region=8;+lang=1;+.AspNet.Cookies=927FOEegLwg0Gd0L2bPrFC6x5vFuaj0H4enBJoCIi7iJCqh0wM9dJv4UtCOqX6uaarlifET9anWnBRbeRtaXw-z8Da8yQUbDZIPchjGlw76fyPz_fGykkoDkc8OMnkG4YeY_yYUii49ufiHkjHWRO8Q4laeJl8AfLLu5AQZzopYmhKjbg_jCq4mq4-z6VpCnFdG2bKDAjIlFCriajj3ks2acHGAOOZGOCIO1CW_uH_ARLE-KEzZCjesVcC71UjVvyAsaxslzrjOskt8lnp3KiCi7BZtd_vJ_e_d4FVZ2AbMJEPAqgpl5rbG43zMkZogGkCizz83e5XrBbOQMZrE3waZRpdb4XNRMghxuSDv6IdMdYC4_2vpFdQp8mTk472j5VVtLUPPbOivKDBy34rmGkJXNvH27FZ46jauHzb90LHFnbCzS;+ASP.NET_SessionId=vudsiztp5wguoquwy2wr3dvh;+username=haitham@alphadxb.com;+PriceClass=26;+PriceList=S3+;+__RequestVerificationToken=f8oJeu_sGcbt6UnnZu1PbtPhD29LDSnV95LFTEjlgcAxXDAxXuvM3vD6P6rDH8ahGTt_wSnKpW9BgsfA0jHVMUQDkFc1;+BIGipServerextron.com_443_pool=!eQF2n3eQmojwxm8MjvaJwiHEDz8tIGnccwX/UU7bDhWN2IZCK3D/rZ/WukXBJqopSHbXBQDBwnxrTA==;+_gid=GA1.2.1479141540.1746687420;+_clck=1uy2s1k%7C2%7Cfvq%7C0%7C1783;+_gat_UA-130285241-1=1;+_ga=GA1.1.1916538684.1731906963;+_clsk=1wozkv7%7C1746687571175%7C7%7C1%7Cj.clarity.ms%2Fcollect;+ExtronRecViewProd=swhd4kplusseries,dtp3crosspoint884,dxphd4kplus,wpc210amk,hdmiultra,in1604,ipcppro555qxi,xpau2002sb,dmp128plus,dtphdmi330tx,dtphdmi330rx,dtp2t202fb;+_ga_DP5ZZ9VH84=GS2.1.s1746687420$o32$g1$t1746687608$j15$l0$h0 https://www.extron.com/product/dtp2t202fb www.extron.com 304 0 0 1705 2
2025-05-08 07:00:29 10.1.0.50 GET /Content/vendor/jquery-debounce/jquery.ba-throttle-debounce.js - 443 haitham@alphadxb.com 10.1.16.1 Mozilla/5.0+(Windows+NT+10.0;+Win64;+x64)+AppleWebKit/537.36+(KHTML,+like+Gecko)+Chrome/135.0.0.0+Safari/537.36 region=8;+lang=1;+.AspNet.Cookies=927FOEegLwg0Gd0L2bPrFC6x5vFuaj0H4enBJoCIi7iJCqh0wM9dJv4UtCOqX6uaarlifET9anWnBRbeRtaXw-z8Da8yQUbDZIPchjGlw76fyPz_fGykkoDkc8OMnkG4YeY_yYUii49ufiHkjHWRO8Q4laeJl8AfLLu5AQZzopYmhKjbg_jCq4mq4-z6VpCnFdG2bKDAjIlFCriajj3ks2acHGAOOZGOCIO1CW_uH_ARLE-KEzZCjesVcC71UjVvyAsaxslzrjOskt8lnp3KiCi7BZtd_vJ_e_d4FVZ2AbMJEPAqgpl5rbG43zMkZogGkCizz83e5XrBbOQMZrE3waZRpdb4XNRMghxuSDv6IdMdYC4_2vpFdQp8mTk472j5VVtLUPPbOivKDBy34rmGkJXNvH27FZ46jauHzb90LHFnbCzS;+ASP.NET_SessionId=vudsiztp5wguoquwy2wr3dvh;+username=haitham@alphadxb.com;+PriceClass=26;+PriceList=S3+;+__RequestVerificationToken=f8oJeu_sGcbt6UnnZu1PbtPhD29LDSnV95LFTEjlgcAxXDAxXuvM3vD6P6rDH8ahGTt_wSnKpW9BgsfA0jHVMUQDkFc1;+BIGipServerextron.com_443_pool=!eQF2n3eQmojwxm8MjvaJwiHEDz8tIGnccwX/UU7bDhWN2IZCK3D/rZ/WukXBJqopSHbXBQDBwnxrTA==;+_gid=GA1.2.1479141540.1746687420;+_clck=1uy2s1k%7C2%7Cfvq%7C0%7C1783;+_gat_UA-130285241-1=1;+_ga=GA1.1.1916538684.1731906963;+_clsk=1wozkv7%7C1746687571175%7C7%7C1%7Cj.clarity.ms%2Fcollect;+ExtronRecViewProd=swhd4kplusseries,dtp3crosspoint884,dxphd4kplus,wpc210amk,hdmiultra,in1604,ipcppro555qxi,xpau2002sb,dmp128plus,dtphdmi330tx,dtphdmi330rx,dtp2t202fb;+_ga_DP5ZZ9VH84=GS2.1.s1746687420$o32$g1$t1746687608$j15$l0$h0 https://www.extron.com/product/dtp2t202fb www.extron.com 304 0 0 1705 2
2025-05-08 07:00:29 10.1.0.50 GET /Content/vendor/jquery-mobile-events/jquery.mobile-events.js - 443 haitham@alphadxb.com 10.1.16.1 Mozilla/5.0+(Windows+NT+10.0;+Win64;+x64)+AppleWebKit/537.36+(KHTML,+like+Gecko)+Chrome/135.0.0.0+Safari/537.36 region=8;+lang=1;+.AspNet.Cookies=927FOEegLwg0Gd0L2bPrFC6x5vFuaj0H4enBJoCIi7iJCqh0wM9dJv4UtCOqX6uaarlifET9anWnBRbeRtaXw-z8Da8yQUbDZIPchjGlw76fyPz_fGykkoDkc8OMnkG4YeY_yYUii49ufiHkjHWRO8Q4laeJl8AfLLu5AQZzopYmhKjbg_jCq4mq4-z6VpCnFdG2bKDAjIlFCriajj3ks2acHGAOOZGOCIO1CW_uH_ARLE-KEzZCjesVcC71UjVvyAsaxslzrjOskt8lnp3KiCi7BZtd_vJ_e_d4FVZ2AbMJEPAqgpl5rbG43zMkZogGkCizz83e5XrBbOQMZrE3waZRpdb4XNRMghxuSDv6IdMdYC4_2vpFdQp8mTk472j5VVtLUPPbOivKDBy34rmGkJXNvH27FZ46jauHzb90LHFnbCzS;+ASP.NET_SessionId=vudsiztp5wguoquwy2wr3dvh;+username=haitham@alphadxb.com;+PriceClass=26;+PriceList=S3+;+__RequestVerificationToken=f8oJeu_sGcbt6UnnZu1PbtPhD29LDSnV95LFTEjlgcAxXDAxXuvM3vD6P6rDH8ahGTt_wSnKpW9BgsfA0jHVMUQDkFc1;+BIGipServerextron.com_443_pool=!eQF2n3eQmojwxm8MjvaJwiHEDz8tIGnccwX/UU7bDhWN2IZCK3D/rZ/WukXBJqopSHbXBQDBwnxrTA==;+_gid=GA1.2.1479141540.1746687420;+_clck=1uy2s1k%7C2%7Cfvq%7C0%7C1783;+_gat_UA-130285241-1=1;+_ga=GA1.1.1916538684.1731906963;+_clsk=1wozkv7%7C1746687571175%7C7%7C1%7Cj.clarity.ms%2Fcollect;+ExtronRecViewProd=swhd4kplusseries,dtp3crosspoint884,dxphd4kplus,wpc210amk,hdmiultra,in1604,ipcppro555qxi,xpau2002sb,dmp128plus,dtphdmi330tx,dtphdmi330rx,dtp2t202fb;+_ga_DP5ZZ9VH84=GS2.1.s1746687420$o32$g1$t1746687608$j15$l0$h0 https://www.extron.com/product/dtp2t202fb www.extron.com 304 0 0 1705 1
2025-05-08 07:00:29 10.1.0.50 GET /Content/vendor/js-cookie/js.cookie-2.2.0.js - 443 haitham@alphadxb.com 10.1.16.1 Mozilla/5.0+(Windows+NT+10.0;+Win64;+x64)+AppleWebKit/537.36+(KHTML,+like+Gecko)+Chrome/135.0.0.0+Safari/537.36 region=8;+lang=1;+.AspNet.Cookies=927FOEegLwg0Gd0L2bPrFC6x5vFuaj0H4enBJoCIi7iJCqh0wM9dJv4UtCOqX6uaarlifET9anWnBRbeRtaXw-z8Da8yQUbDZIPchjGlw76fyPz_fGykkoDkc8OMnkG4YeY_yYUii49ufiHkjHWRO8Q4laeJl8AfLLu5AQZzopYmhKjbg_jCq4mq4-z6VpCnFdG2bKDAjIlFCriajj3ks2acHGAOOZGOCIO1CW_uH_ARLE-KEzZCjesVcC71UjVvyAsaxslzrjOskt8lnp3KiCi7BZtd_vJ_e_d4FVZ2AbMJEPAqgpl5rbG43zMkZogGkCizz83e5XrBbOQMZrE3waZRpdb4XNRMghxuSDv6IdMdYC4_2vpFdQp8mTk472j5VVtLUPPbOivKDBy34rmGkJXNvH27FZ46jauHzb90LHFnbCzS;+ASP.NET_SessionId=vudsiztp5wguoquwy2wr3dvh;+username=haitham@alphadxb.com;+PriceClass=26;+PriceList=S3+;+__RequestVerificationToken=f8oJeu_sGcbt6UnnZu1PbtPhD29LDSnV95LFTEjlgcAxXDAxXuvM3vD6P6rDH8ahGTt_wSnKpW9BgsfA0jHVMUQDkFc1;+BIGipServerextron.com_443_pool=!eQF2n3eQmojwxm8MjvaJwiHEDz8tIGnccwX/UU7bDhWN2IZCK3D/rZ/WukXBJqopSHbXBQDBwnxrTA==;+_gid=GA1.2.1479141540.1746687420;+_clck=1uy2s1k%7C2%7Cfvq%7C0%7C1783;+_gat_UA-130285241-1=1;+_ga=GA1.1.1916538684.1731906963;+_clsk=1wozkv7%7C1746687571175%7C7%7C1%7Cj.clarity.ms%2Fcollect;+ExtronRecViewProd=swhd4kplusseries,dtp3crosspoint884,dxphd4kplus,wpc210amk,hdmiultra,in1604,ipcppro555qxi,xpau2002sb,dmp128plus,dtphdmi330tx,dtphdmi330rx,dtp2t202fb;+_ga_DP5ZZ9VH84=GS2.1.s1746687420$o32$g1$t1746687608$j15$l0$h0 https://www.extron.com/product/dtp2t202fb www.extron.com 304 0 0 1705 1
2025-05-08 07:00:29 10.1.0.50 GET /article/dmp128ad - 80 - 10.1.16.1 Mozilla/5.0+(compatible;+DotBot/1.2;++https://opensiteexplorer.org/dotbot;+help@moz.com) - - downloads.extron.com 301 0 0 1757 3
2025-05-08 07:00:29 10.1.0.50 GET /Content/vendor/slick/slick.js - 443 haitham@alphadxb.com 10.1.16.1 Mozilla/5.0+(Windows+NT+10.0;+Win64;+x64)+AppleWebKit/537.36+(KHTML,+like+Gecko)+Chrome/135.0.0.0+Safari/537.36 region=8;+lang=1;+.AspNet.Cookies=927FOEegLwg0Gd0L2bPrFC6x5vFuaj0H4enBJoCIi7iJCqh0wM9dJv4UtCOqX6uaarlifET9anWnBRbeRtaXw-z8Da8yQUbDZIPchjGlw76fyPz_fGykkoDkc8OMnkG4YeY_yYUii49ufiHkjHWRO8Q4laeJl8AfLLu5AQZzopYmhKjbg_jCq4mq4-z6VpCnFdG2bKDAjIlFCriajj3ks2acHGAOOZGOCIO1CW_uH_ARLE-KEzZCjesVcC71UjVvyAsaxslzrjOskt8lnp3KiCi7BZtd_vJ_e_d4FVZ2AbMJEPAqgpl5rbG43zMkZogGkCizz83e5XrBbOQMZrE3waZRpdb4XNRMghxuSDv6IdMdYC4_2vpFdQp8mTk472j5VVtLUPPbOivKDBy34rmGkJXNvH27FZ46jauHzb90LHFnbCzS;+ASP.NET_SessionId=vudsiztp5wguoquwy2wr3dvh;+username=haitham@alphadxb.com;+PriceClass=26;+PriceList=S3+;+__RequestVerificationToken=f8oJeu_sGcbt6UnnZu1PbtPhD29LDSnV95LFTEjlgcAxXDAxXuvM3vD6P6rDH8ahGTt_wSnKpW9BgsfA0jHVMUQDkFc1;+BIGipServerextron.com_443_pool=!eQF2n3eQmojwxm8MjvaJwiHEDz8tIGnccwX/UU7bDhWN2IZCK3D/rZ/WukXBJqopSHbXBQDBwnxrTA==;+_gid=GA1.2.1479141540.1746687420;+_clck=1uy2s1k%7C2%7Cfvq%7C0%7C1783;+_gat_UA-130285241-1=1;+_ga=GA1.1.1916538684.1731906963;+_clsk=1wozkv7%7C1746687571175%7C7%7C1%7Cj.clarity.ms%2Fcollect;+ExtronRecViewProd=swhd4kplusseries,dtp3crosspoint884,dxphd4kplus,wpc210amk,hdmiultra,in1604,ipcppro555qxi,xpau2002sb,dmp128plus,dtphdmi330tx,dtphdmi330rx,dtp2t202fb;+_ga_DP5ZZ9VH84=GS2.1.s1746687420$o32$g1$t1746687608$j15$l0$h0 https://www.extron.com/product/dtp2t202fb www.extron.com 304 0 0 1705 1
2025-05-08 07:00:29 10.1.0.50 GET /Content/vendor/prependaround/prependaround.js - 443 haitham@alphadxb.com 10.1.16.1 Mozilla/5.0+(Windows+NT+10.0;+Win64;+x64)+AppleWebKit/537.36+(KHTML,+like+Gecko)+Chrome/135.0.0.0+Safari/537.36 region=8;+lang=1;+.AspNet.Cookies=927FOEegLwg0Gd0L2bPrFC6x5vFuaj0H4enBJoCIi7iJCqh0wM9dJv4UtCOqX6uaarlifET9anWnBRbeRtaXw-z8Da8yQUbDZIPchjGlw76fyPz_fGykkoDkc8OMnkG4YeY_yYUii49ufiHkjHWRO8Q4laeJl8AfLLu5AQZzopYmhKjbg_jCq4mq4-z6VpCnFdG2bKDAjIlFCriajj3ks2acHGAOOZGOCIO1CW_uH_ARLE-KEzZCjesVcC71UjVvyAsaxslzrjOskt8lnp3KiCi7BZtd_vJ_e_d4FVZ2AbMJEPAqgpl5rbG43zMkZogGkCizz83e5XrBbOQMZrE3waZRpdb4XNRMghxuSDv6IdMdYC4_2vpFdQp8mTk472j5VVtLUPPbOivKDBy34rmGkJXNvH27FZ46jauHzb90LHFnbCzS;+ASP.NET_SessionId=vudsiztp5wguoquwy2wr3dvh;+username=haitham@alphadxb.com;+PriceClass=26;+PriceList=S3+;+__RequestVerificationToken=f8oJeu_sGcbt6UnnZu1PbtPhD29LDSnV95LFTEjlgcAxXDAxXuvM3vD6P6rDH8ahGTt_wSnKpW9BgsfA0jHVMUQDkFc1;+BIGipServerextron.com_443_pool=!eQF2n3eQmojwxm8MjvaJwiHEDz8tIGnccwX/UU7bDhWN2IZCK3D/rZ/WukXBJqopSHbXBQDBwnxrTA==;+_gid=GA1.2.1479141540.1746687420;+_clck=1uy2s1k%7C2%7Cfvq%7C0%7C1783;+_gat_UA-130285241-1=1;+_ga=GA1.1.1916538684.1731906963;+_clsk=1wozkv7%7C1746687571175%7C7%7C1%7Cj.clarity.ms%2Fcollect;+ExtronRecViewProd=swhd4kplusseries,dtp3crosspoint884,dxphd4kplus,wpc210amk,hdmiultra,in1604,ipcppro555qxi,xpau2002sb,dmp128plus,dtphdmi330tx,dtphdmi330rx,dtp2t202fb;+_ga_DP5ZZ9VH84=GS2.1.s1746687420$o32$g1$t1746687608$j15$l0$h0 https://www.extron.com/product/dtp2t202fb www.extron.com 304 0 0 1705 2
2025-05-08 07:00:29 10.1.0.50 GET / - 443 - 10.1.16.1 Mozilla/5.0+(Windows+NT+10.0;+Win64;+x64)+AppleWebKit/537.36+(KHTML,+like+Gecko)+Chrome/135.0.0.0+Safari/537.36 - https://www.google.com/ www.extron.com 200 0 0 109794 282
2025-05-08 07:00:29 10.1.0.50 GET /Scripts/Shared/videoplayer.js - 443 haitham@alphadxb.com 10.1.16.1 Mozilla/5.0+(Windows+NT+10.0;+Win64;+x64)+AppleWebKit/537.36+(KHTML,+like+Gecko)+Chrome/135.0.0.0+Safari/537.36 region=8;+lang=1;+.AspNet.Cookies=927FOEegLwg0Gd0L2bPrFC6x5vFuaj0H4enBJoCIi7iJCqh0wM9dJv4UtCOqX6uaarlifET9anWnBRbeRtaXw-z8Da8yQUbDZIPchjGlw76fyPz_fGykkoDkc8OMnkG4YeY_yYUii49ufiHkjHWRO8Q4laeJl8AfLLu5AQZzopYmhKjbg_jCq4mq4-z6VpCnFdG2bKDAjIlFCriajj3ks2acHGAOOZGOCIO1CW_uH_ARLE-KEzZCjesVcC71UjVvyAsaxslzrjOskt8lnp3KiCi7BZtd_vJ_e_d4FVZ2AbMJEPAqgpl5rbG43zMkZogGkCizz83e5XrBbOQMZrE3waZRpdb4XNRMghxuSDv6IdMdYC4_2vpFdQp8mTk472j5VVtLUPPbOivKDBy34rmGkJXNvH27FZ46jauHzb90LHFnbCzS;+ASP.NET_SessionId=vudsiztp5wguoquwy2wr3dvh;+username=haitham@alphadxb.com;+PriceClass=26;+PriceList=S3+;+__RequestVerificationToken=f8oJeu_sGcbt6UnnZu1PbtPhD29LDSnV95LFTEjlgcAxXDAxXuvM3vD6P6rDH8ahGTt_wSnKpW9BgsfA0jHVMUQDkFc1;+BIGipServerextron.com_443_pool=!eQF2n3eQmojwxm8MjvaJwiHEDz8tIGnccwX/UU7bDhWN2IZCK3D/rZ/WukXBJqopSHbXBQDBwnxrTA==;+_gid=GA1.2.1479141540.1746687420;+_clck=1uy2s1k%7C2%7Cfvq%7C0%7C1783;+_gat_UA-130285241-1=1;+_clsk=1wozkv7%7C1746687571175%7C7%7C1%7Cj.clarity.ms%2Fcollect;+ExtronRecViewProd=swhd4kplusseries,dtp3crosspoint884,dxphd4kplus,wpc210amk,hdmiultra,in1604,ipcppro555qxi,xpau2002sb,dmp128plus,dtphdmi330tx,dtphdmi330rx,dtp2t202fb;+_ga_DP5ZZ9VH84=GS2.1.s1746687420$o32$g1$t1746687608$j15$l0$h0;+_ga=GA1.2.1916538684.1731906963 https://www.extron.com/product/dtp2t202fb www.extron.com 304 0 0 1705 11
2025-05-08 07:00:29 10.1.0.50 GET /Scripts/Shared/login.js 20210406 443 haitham@alphadxb.com 10.1.16.1 Mozilla/5.0+(Windows+NT+10.0;+Win64;+x64)+AppleWebKit/537.36+(KHTML,+like+Gecko)+Chrome/135.0.0.0+Safari/537.36 region=8;+lang=1;+.AspNet.Cookies=927FOEegLwg0Gd0L2bPrFC6x5vFuaj0H4enBJoCIi7iJCqh0wM9dJv4UtCOqX6uaarlifET9anWnBRbeRtaXw-z8Da8yQUbDZIPchjGlw76fyPz_fGykkoDkc8OMnkG4YeY_yYUii49ufiHkjHWRO8Q4laeJl8AfLLu5AQZzopYmhKjbg_jCq4mq4-z6VpCnFdG2bKDAjIlFCriajj3ks2acHGAOOZGOCIO1CW_uH_ARLE-KEzZCjesVcC71UjVvyAsaxslzrjOskt8lnp3KiCi7BZtd_vJ_e_d4FVZ2AbMJEPAqgpl5rbG43zMkZogGkCizz83e5XrBbOQMZrE3waZRpdb4XNRMghxuSDv6IdMdYC4_2vpFdQp8mTk472j5VVtLUPPbOivKDBy34rmGkJXNvH27FZ46jauHzb90LHFnbCzS;+ASP.NET_SessionId=vudsiztp5wguoquwy2wr3dvh;+username=haitham@alphadxb.com;+PriceClass=26;+PriceList=S3+;+__RequestVerificationToken=f8oJeu_sGcbt6UnnZu1PbtPhD29LDSnV95LFTEjlgcAxXDAxXuvM3vD6P6rDH8ahGTt_wSnKpW9BgsfA0jHVMUQDkFc1;+BIGipServerextron.com_443_pool=!eQF2n3eQmojwxm8MjvaJwiHEDz8tIGnccwX/UU7bDhWN2IZCK3D/rZ/WukXBJqopSHbXBQDBwnxrTA==;+_gid=GA1.2.1479141540.1746687420;+_clck=1uy2s1k%7C2%7Cfvq%7C0%7C1783;+_gat_UA-130285241-1=1;+_clsk=1wozkv7%7C1746687571175%7C7%7C1%7Cj.clarity.ms%2Fcollect;+ExtronRecViewProd=swhd4kplusseries,dtp3crosspoint884,dxphd4kplus,wpc210amk,hdmiultra,in1604,ipcppro555qxi,xpau2002sb,dmp128plus,dtphdmi330tx,dtphdmi330rx,dtp2t202fb;+_ga_DP5ZZ9VH84=GS2.1.s1746687420$o32$g1$t1746687608$j15$l0$h0;+_ga=GA1.2.1916538684.1731906963 https://www.extron.com/product/dtp2t202fb www.extron.com 304 0 0 1705 2
2025-05-08 07:00:29 10.1.0.50 GET /Scripts/Shared/main.js 20240613 443 haitham@alphadxb.com 10.1.16.1 Mozilla/5.0+(Windows+NT+10.0;+Win64;+x64)+AppleWebKit/537.36+(KHTML,+like+Gecko)+Chrome/135.0.0.0+Safari/537.36 region=8;+lang=1;+.AspNet.Cookies=927FOEegLwg0Gd0L2bPrFC6x5vFuaj0H4enBJoCIi7iJCqh0wM9dJv4UtCOqX6uaarlifET9anWnBRbeRtaXw-z8Da8yQUbDZIPchjGlw76fyPz_fGykkoDkc8OMnkG4YeY_yYUii49ufiHkjHWRO8Q4laeJl8AfLLu5AQZzopYmhKjbg_jCq4mq4-z6VpCnFdG2bKDAjIlFCriajj3ks2acHGAOOZGOCIO1CW_uH_ARLE-KEzZCjesVcC71UjVvyAsaxslzrjOskt8lnp3KiCi7BZtd_vJ_e_d4FVZ2AbMJEPAqgpl5rbG43zMkZogGkCizz83e5XrBbOQMZrE3waZRpdb4XNRMghxuSDv6IdMdYC4_2vpFdQp8mTk472j5VVtLUPPbOivKDBy34rmGkJXNvH27FZ46jauHzb90LHFnbCzS;+ASP.NET_SessionId=vudsiztp5wguoquwy2wr3dvh;+username=haitham@alphadxb.com;+PriceClass=26;+PriceList=S3+;+__RequestVerificationToken=f8oJeu_sGcbt6UnnZu1PbtPhD29LDSnV95LFTEjlgcAxXDAxXuvM3vD6P6rDH8ahGTt_wSnKpW9BgsfA0jHVMUQDkFc1;+BIGipServerextron.com_443_pool=!eQF2n3eQmojwxm8MjvaJwiHEDz8tIGnccwX/UU7bDhWN2IZCK3D/rZ/WukXBJqopSHbXBQDBwnxrTA==;+_gid=GA1.2.1479141540.1746687420;+_clck=1uy2s1k%7C2%7Cfvq%7C0%7C1783;+_gat_UA-130285241-1=1;+_clsk=1wozkv7%7C1746687571175%7C7%7C1%7Cj.clarity.ms%2Fcollect;+ExtronRecViewProd=swhd4kplusseries,dtp3crosspoint884,dxphd4kplus,wpc210amk,hdmiultra,in1604,ipcppro555qxi,xpau2002sb,dmp128plus,dtphdmi330tx,dtphdmi330rx,dtp2t202fb;+_ga_DP5ZZ9VH84=GS2.1.s1746687420$o32$g1$t1746687608$j15$l0$h0;+_ga=GA1.2.1916538684.1731906963 https://www.extron.com/product/dtp2t202fb www.extron.com 304 0 0 1705 1
2025-05-08 07:00:29 10.1.0.50 GET /Scripts/Shared/autohide.js - 443 haitham@alphadxb.com 10.1.16.1 Mozilla/5.0+(Windows+NT+10.0;+Win64;+x64)+AppleWebKit/537.36+(KHTML,+like+Gecko)+Chrome/135.0.0.0+Safari/537.36 region=8;+lang=1;+.AspNet.Cookies=927FOEegLwg0Gd0L2bPrFC6x5vFuaj0H4enBJoCIi7iJCqh0wM9dJv4UtCOqX6uaarlifET9anWnBRbeRtaXw-z8Da8yQUbDZIPchjGlw76fyPz_fGykkoDkc8OMnkG4YeY_yYUii49ufiHkjHWRO8Q4laeJl8AfLLu5AQZzopYmhKjbg_jCq4mq4-z6VpCnFdG2bKDAjIlFCriajj3ks2acHGAOOZGOCIO1CW_uH_ARLE-KEzZCjesVcC71UjVvyAsaxslzrjOskt8lnp3KiCi7BZtd_vJ_e_d4FVZ2AbMJEPAqgpl5rbG43zMkZogGkCizz83e5XrBbOQMZrE3waZRpdb4XNRMghxuSDv6IdMdYC4_2vpFdQp8mTk472j5VVtLUPPbOivKDBy34rmGkJXNvH27FZ46jauHzb90LHFnbCzS;+ASP.NET_SessionId=vudsiztp5wguoquwy2wr3dvh;+username=haitham@alphadxb.com;+PriceClass=26;+PriceList=S3+;+__RequestVerificationToken=f8oJeu_sGcbt6UnnZu1PbtPhD29LDSnV95LFTEjlgcAxXDAxXuvM3vD6P6rDH8ahGTt_wSnKpW9BgsfA0jHVMUQDkFc1;+BIGipServerextron.com_443_pool=!eQF2n3eQmojwxm8MjvaJwiHEDz8tIGnccwX/UU7bDhWN2IZCK3D/rZ/WukXBJqopSHbXBQDBwnxrTA==;+_gid=GA1.2.1479141540.1746687420;+_clck=1uy2s1k%7C2%7Cfvq%7C0%7C1783;+_gat_UA-130285241-1=1;+_clsk=1wozkv7%7C1746687571175%7C7%7C1%7Cj.clarity.ms%2Fcollect;+ExtronRecViewProd=swhd4kplusseries,dtp3crosspoint884,dxphd4kplus,wpc210amk,hdmiultra,in1604,ipcppro555qxi,xpau2002sb,dmp128plus,dtphdmi330tx,dtphdmi330rx,dtp2t202fb;+_ga_DP5ZZ9VH84=GS2.1.s1746687420$o32$g1$t1746687608$j15$l0$h0;+_ga=GA1.2.1916538684.1731906963 https://www.extron.com/product/dtp2t202fb www.extron.com 304 0 0 1705 1
2025-05-08 07:00:29 10.1.0.50 GET /Content/vendor/bootstrap-select/js/bootstrap-select.min.js - 443 haitham@alphadxb.com 10.1.16.1 Mozilla/5.0+(Windows+NT+10.0;+Win64;+x64)+AppleWebKit/537.36+(KHTML,+like+Gecko)+Chrome/135.0.0.0+Safari/537.36 region=8;+lang=1;+.AspNet.Cookies=927FOEegLwg0Gd0L2bPrFC6x5vFuaj0H4enBJoCIi7iJCqh0wM9dJv4UtCOqX6uaarlifET9anWnBRbeRtaXw-z8Da8yQUbDZIPchjGlw76fyPz_fGykkoDkc8OMnkG4YeY_yYUii49ufiHkjHWRO8Q4laeJl8AfLLu5AQZzopYmhKjbg_jCq4mq4-z6VpCnFdG2bKDAjIlFCriajj3ks2acHGAOOZGOCIO1CW_uH_ARLE-KEzZCjesVcC71UjVvyAsaxslzrjOskt8lnp3KiCi7BZtd_vJ_e_d4FVZ2AbMJEPAqgpl5rbG43zMkZogGkCizz83e5XrBbOQMZrE3waZRpdb4XNRMghxuSDv6IdMdYC4_2vpFdQp8mTk472j5VVtLUPPbOivKDBy34rmGkJXNvH27FZ46jauHzb90LHFnbCzS;+ASP.NET_SessionId=vudsiztp5wguoquwy2wr3dvh;+username=haitham@alphadxb.com;+PriceClass=26;+PriceList=S3+;+__RequestVerificationToken=f8oJeu_sGcbt6UnnZu1PbtPhD29LDSnV95LFTEjlgcAxXDAxXuvM3vD6P6rDH8ahGTt_wSnKpW9BgsfA0jHVMUQDkFc1;+BIGipServerextron.com_443_pool=!eQF2n3eQmojwxm8MjvaJwiHEDz8tIGnccwX/UU7bDhWN2IZCK3D/rZ/WukXBJqopSHbXBQDBwnxrTA==;+_gid=GA1.2.1479141540.1746687420;+_clck=1uy2s1k%7C2%7Cfvq%7C0%7C1783;+_gat_UA-130285241-1=1;+_clsk=1wozkv7%7C1746687571175%7C7%7C1%7Cj.clarity.ms%2Fcollect;+ExtronRecViewProd=swhd4kplusseries,dtp3crosspoint884,dxphd4kplus,wpc210amk,hdmiultra,in1604,ipcppro555qxi,xpau2002sb,dmp128plus,dtphdmi330tx,dtphdmi330rx,dtp2t202fb;+_ga_DP5ZZ9VH84=GS2.1.s1746687420$o32$g1$t1746687608$j15$l0$h0;+_ga=GA1.2.1916538684.1731906963 https://www.extron.com/product/dtp2t202fb www.extron.com 304 0 0 1705 1
2025-05-08 07:00:29 10.1.0.50 GET /Content/vendor/panzoom/dist/js/panzoom.min.js - 443 haitham@alphadxb.com 10.1.16.1 Mozilla/5.0+(Windows+NT+10.0;+Win64;+x64)+AppleWebKit/537.36+(KHTML,+like+Gecko)+Chrome/135.0.0.0+Safari/537.36 region=8;+lang=1;+.AspNet.Cookies=927FOEegLwg0Gd0L2bPrFC6x5vFuaj0H4enBJoCIi7iJCqh0wM9dJv4UtCOqX6uaarlifET9anWnBRbeRtaXw-z8Da8yQUbDZIPchjGlw76fyPz_fGykkoDkc8OMnkG4YeY_yYUii49ufiHkjHWRO8Q4laeJl8AfLLu5AQZzopYmhKjbg_jCq4mq4-z6VpCnFdG2bKDAjIlFCriajj3ks2acHGAOOZGOCIO1CW_uH_ARLE-KEzZCjesVcC71UjVvyAsaxslzrjOskt8lnp3KiCi7BZtd_vJ_e_d4FVZ2AbMJEPAqgpl5rbG43zMkZogGkCizz83e5XrBbOQMZrE3waZRpdb4XNRMghxuSDv6IdMdYC4_2vpFdQp8mTk472j5VVtLUPPbOivKDBy34rmGkJXNvH27FZ46jauHzb90LHFnbCzS;+ASP.NET_SessionId=vudsiztp5wguoquwy2wr3dvh;+username=haitham@alphadxb.com;+PriceClass=26;+PriceList=S3+;+__RequestVerificationToken=f8oJeu_sGcbt6UnnZu1PbtPhD29LDSnV95LFTEjlgcAxXDAxXuvM3vD6P6rDH8ahGTt_wSnKpW9BgsfA0jHVMUQDkFc1;+BIGipServerextron.com_443_pool=!eQF2n3eQmojwxm8MjvaJwiHEDz8tIGnccwX/UU7bDhWN2IZCK3D/rZ/WukXBJqopSHbXBQDBwnxrTA==;+_gid=GA1.2.1479141540.1746687420;+_clck=1uy2s1k%7C2%7Cfvq%7C0%7C1783;+_gat_UA-130285241-1=1;+_clsk=1wozkv7%7C1746687571175%7C7%7C1%7Cj.clarity.ms%2Fcollect;+ExtronRecViewProd=swhd4kplusseries,dtp3crosspoint884,dxphd4kplus,wpc210amk,hdmiultra,in1604,ipcppro555qxi,xpau2002sb,dmp128plus,dtphdmi330tx,dtphdmi330rx,dtp2t202fb;+_ga_DP5ZZ9VH84=GS2.1.s1746687420$o32$g1$t1746687608$j15$l0$h0;+_ga=GA1.2.1916538684.1731906963 https://www.extron.com/product/dtp2t202fb www.extron.com 304 0 0 1704 1
2025-05-08 07:00:30 10.1.0.50 GET / - 443 i.nikitsenka@pke.at 10.1.16.1 Mozilla/5.0+(Windows+NT+10.0;+Win64;+x64)+AppleWebKit/537.36+(KHTML,+like+Gecko)+Chrome/136.0.0.0+Safari/537.36 ASP.NET_SessionId=jopcffqmgwqv1v1fu0yvpn3y;+region=2;+lang=3;+__RequestVerificationToken=snhncBTGJQvKcaPr2FJhAi6c63iek5oUZORloZQNV9vHqv_mxIfnftcxcEOWCRcl08gyrlZVIInPQ1hfoHBlkunu10o1;+BIGipServerextron.com_443_pool=!b55nGGb+5A5PurQMjvaJwiHEDz8tIHvxnPIl8JEOQhrZIM8nvLV4Ebx5Kz9yLYHMDg96M+b4O/LS/A==;+_gid=GA1.2.1525870029.1746687605;+_gat_UA-130285241-1=1;+_ga=GA1.1.468313871.1746687605;+_clck=1mp1exz%7C2%7Cfvq%7C0%7C1954;+_clsk=1224yc0%7C1746687606012%7C1%7C1%7Cs.clarity.ms%2Fcollect;+_ga_DP5ZZ9VH84=GS2.1.s1746687605$o1$g0$t1746687607$j58$l0$h0;+returnurl=/;+username=i.nikitsenka@pke.at;+PriceClass=26;+PriceList=EURS3+;+.AspNet.Cookies=lSK7SsEYovbZuiITaqWiuFilgaYFBYx4WyYeEY3bOfny0_bSwKXlq-xaY3IXfzCk2Q2NjsTcoBVN10jaK0tK1Ff8lll6ibU6mEE7qYWPWxstYKb0-UEZzWBfcJHHMaRO6pe-qXBgdlaUts-LViK4tJ3AMljVV_1EXTWQOtAmL8vACmpObsq4oNJt0DcLqm14OMv-GFoEMxBIZ6ES8nGKW0SOWvMMSZ_mlXoSr-12I-aTrrqSkRptSvQCk-8uy-BIl9Oj3Hp0mGIpz9-94h0KHWd7MvUuB3TsEPjc9trYLbl1L3mlGlpbiSxK1Fv2J7pj4FvNpgZixj6Qtf3Ue7MD2vQZ_eGpNX2hV57KB8_O2rSwfebC0abfw6WWUEUkraGfDPGS4RSLjhvZQC6L9QgTQ5dpn26JIAW2Jx6ZYljWGYwgEze1 https://www.extron.de/home/login www.extron.de 200 0 0 103331 357
2025-05-08 07:00:30 10.1.0.50 GET /product/builders/shared/vendor/ractive/ractive.min.js - 443 haitham@alphadxb.com 10.1.16.1 Mozilla/5.0+(Windows+NT+10.0;+Win64;+x64)+AppleWebKit/537.36+(KHTML,+like+Gecko)+Chrome/135.0.0.0+Safari/537.36 region=8;+lang=1;+.AspNet.Cookies=927FOEegLwg0Gd0L2bPrFC6x5vFuaj0H4enBJoCIi7iJCqh0wM9dJv4UtCOqX6uaarlifET9anWnBRbeRtaXw-z8Da8yQUbDZIPchjGlw76fyPz_fGykkoDkc8OMnkG4YeY_yYUii49ufiHkjHWRO8Q4laeJl8AfLLu5AQZzopYmhKjbg_jCq4mq4-z6VpCnFdG2bKDAjIlFCriajj3ks2acHGAOOZGOCIO1CW_uH_ARLE-KEzZCjesVcC71UjVvyAsaxslzrjOskt8lnp3KiCi7BZtd_vJ_e_d4FVZ2AbMJEPAqgpl5rbG43zMkZogGkCizz83e5XrBbOQMZrE3waZRpdb4XNRMghxuSDv6IdMdYC4_2vpFdQp8mTk472j5VVtLUPPbOivKDBy34rmGkJXNvH27FZ46jauHzb90LHFnbCzS;+ASP.NET_SessionId=vudsiztp5wguoquwy2wr3dvh;+username=haitham@alphadxb.com;+PriceClass=26;+PriceList=S3+;+__RequestVerificationToken=f8oJeu_sGcbt6UnnZu1PbtPhD29LDSnV95LFTEjlgcAxXDAxXuvM3vD6P6rDH8ahGTt_wSnKpW9BgsfA0jHVMUQDkFc1;+BIGipServerextron.com_443_pool=!eQF2n3eQmojwxm8MjvaJwiHEDz8tIGnccwX/UU7bDhWN2IZCK3D/rZ/WukXBJqopSHbXBQDBwnxrTA==;+_gid=GA1.2.1479141540.1746687420;+_clck=1uy2s1k%7C2%7Cfvq%7C0%7C1783;+_gat_UA-130285241-1=1;+_clsk=1wozkv7%7C1746687571175%7C7%7C1%7Cj.clarity.ms%2Fcollect;+ExtronRecViewProd=swhd4kplusseries,dtp3crosspoint884,dxphd4kplus,wpc210amk,hdmiultra,in1604,ipcppro555qxi,xpau2002sb,dmp128plus,dtphdmi330tx,dtphdmi330rx,dtp2t202fb;+_ga_DP5ZZ9VH84=GS2.1.s1746687420$o32$g1$t1746687608$j15$l0$h0;+_ga=GA1.2.1916538684.1731906963 https://www.extron.com/product/dtp2t202fb www.extron.com 304 0 0 1704 2
2025-05-08 07:00:30 10.1.0.50 GET /inc/jquery/jqueryTools/jquery.scroll-tools-1.2.7.min.js - 443 haitham@alphadxb.com 10.1.16.1 Mozilla/5.0+(Windows+NT+10.0;+Win64;+x64)+AppleWebKit/537.36+(KHTML,+like+Gecko)+Chrome/135.0.0.0+Safari/537.36 region=8;+lang=1;+.AspNet.Cookies=927FOEegLwg0Gd0L2bPrFC6x5vFuaj0H4enBJoCIi7iJCqh0wM9dJv4UtCOqX6uaarlifET9anWnBRbeRtaXw-z8Da8yQUbDZIPchjGlw76fyPz_fGykkoDkc8OMnkG4YeY_yYUii49ufiHkjHWRO8Q4laeJl8AfLLu5AQZzopYmhKjbg_jCq4mq4-z6VpCnFdG2bKDAjIlFCriajj3ks2acHGAOOZGOCIO1CW_uH_ARLE-KEzZCjesVcC71UjVvyAsaxslzrjOskt8lnp3KiCi7BZtd_vJ_e_d4FVZ2AbMJEPAqgpl5rbG43zMkZogGkCizz83e5XrBbOQMZrE3waZRpdb4XNRMghxuSDv6IdMdYC4_2vpFdQp8mTk472j5VVtLUPPbOivKDBy34rmGkJXNvH27FZ46jauHzb90LHFnbCzS;+ASP.NET_SessionId=vudsiztp5wguoquwy2wr3dvh;+username=haitham@alphadxb.com;+PriceClass=26;+PriceList=S3+;+__RequestVerificationToken=f8oJeu_sGcbt6UnnZu1PbtPhD29LDSnV95LFTEjlgcAxXDAxXuvM3vD6P6rDH8ahGTt_wSnKpW9BgsfA0jHVMUQDkFc1;+BIGipServerextron.com_443_pool=!eQF2n3eQmojwxm8MjvaJwiHEDz8tIGnccwX/UU7bDhWN2IZCK3D/rZ/WukXBJqopSHbXBQDBwnxrTA==;+_gid=GA1.2.1479141540.1746687420;+_clck=1uy2s1k%7C2%7Cfvq%7C0%7C1783;+_gat_UA-130285241-1=1;+_clsk=1wozkv7%7C1746687571175%7C7%7C1%7Cj.clarity.ms%2Fcollect;+ExtronRecViewProd=swhd4kplusseries,dtp3crosspoint884,dxphd4kplus,wpc210amk,hdmiultra,in1604,ipcppro555qxi,xpau2002sb,dmp128plus,dtphdmi330tx,dtphdmi330rx,dtp2t202fb;+_ga_DP5ZZ9VH84=GS2.1.s1746687420$o32$g1$t1746687608$j15$l0$h0;+_ga=GA1.2.1916538684.1731906963 https://www.extron.com/product/dtp2t202fb www.extron.com 304 0 0 1704 2
2025-05-08 07:00:30 10.1.0.50 GET /inc/swfobject1.5.js - 443 haitham@alphadxb.com 10.1.16.1 Mozilla/5.0+(Windows+NT+10.0;+Win64;+x64)+AppleWebKit/537.36+(KHTML,+like+Gecko)+Chrome/135.0.0.0+Safari/537.36 region=8;+lang=1;+.AspNet.Cookies=927FOEegLwg0Gd0L2bPrFC6x5vFuaj0H4enBJoCIi7iJCqh0wM9dJv4UtCOqX6uaarlifET9anWnBRbeRtaXw-z8Da8yQUbDZIPchjGlw76fyPz_fGykkoDkc8OMnkG4YeY_yYUii49ufiHkjHWRO8Q4laeJl8AfLLu5AQZzopYmhKjbg_jCq4mq4-z6VpCnFdG2bKDAjIlFCriajj3ks2acHGAOOZGOCIO1CW_uH_ARLE-KEzZCjesVcC71UjVvyAsaxslzrjOskt8lnp3KiCi7BZtd_vJ_e_d4FVZ2AbMJEPAqgpl5rbG43zMkZogGkCizz83e5XrBbOQMZrE3waZRpdb4XNRMghxuSDv6IdMdYC4_2vpFdQp8mTk472j5VVtLUPPbOivKDBy34rmGkJXNvH27FZ46jauHzb90LHFnbCzS;+ASP.NET_SessionId=vudsiztp5wguoquwy2wr3dvh;+username=haitham@alphadxb.com;+PriceClass=26;+PriceList=S3+;+__RequestVerificationToken=f8oJeu_sGcbt6UnnZu1PbtPhD29LDSnV95LFTEjlgcAxXDAxXuvM3vD6P6rDH8ahGTt_wSnKpW9BgsfA0jHVMUQDkFc1;+BIGipServerextron.com_443_pool=!eQF2n3eQmojwxm8MjvaJwiHEDz8tIGnccwX/UU7bDhWN2IZCK3D/rZ/WukXBJqopSHbXBQDBwnxrTA==;+_gid=GA1.2.1479141540.1746687420;+_clck=1uy2s1k%7C2%7Cfvq%7C0%7C1783;+_gat_UA-130285241-1=1;+_clsk=1wozkv7%7C1746687571175%7C7%7C1%7Cj.clarity.ms%2Fcollect;+ExtronRecViewProd=swhd4kplusseries,dtp3crosspoint884,dxphd4kplus,wpc210amk,hdmiultra,in1604,ipcppro555qxi,xpau2002sb,dmp128plus,dtphdmi330tx,dtphdmi330rx,dtp2t202fb;+_ga_DP5ZZ9VH84=GS2.1.s1746687420$o32$g1$t1746687608$j15$l0$h0;+_ga=GA1.2.1916538684.1731906963 https://www.extron.com/product/dtp2t202fb www.extron.com 304 0 0 1704 2
2025-05-08 07:00:30 10.1.0.50 GET /Scripts/Product/product.js nocache=05012024 443 haitham@alphadxb.com 10.1.16.1 Mozilla/5.0+(Windows+NT+10.0;+Win64;+x64)+AppleWebKit/537.36+(KHTML,+like+Gecko)+Chrome/135.0.0.0+Safari/537.36 region=8;+lang=1;+.AspNet.Cookies=927FOEegLwg0Gd0L2bPrFC6x5vFuaj0H4enBJoCIi7iJCqh0wM9dJv4UtCOqX6uaarlifET9anWnBRbeRtaXw-z8Da8yQUbDZIPchjGlw76fyPz_fGykkoDkc8OMnkG4YeY_yYUii49ufiHkjHWRO8Q4laeJl8AfLLu5AQZzopYmhKjbg_jCq4mq4-z6VpCnFdG2bKDAjIlFCriajj3ks2acHGAOOZGOCIO1CW_uH_ARLE-KEzZCjesVcC71UjVvyAsaxslzrjOskt8lnp3KiCi7BZtd_vJ_e_d4FVZ2AbMJEPAqgpl5rbG43zMkZogGkCizz83e5XrBbOQMZrE3waZRpdb4XNRMghxuSDv6IdMdYC4_2vpFdQp8mTk472j5VVtLUPPbOivKDBy34rmGkJXNvH27FZ46jauHzb90LHFnbCzS;+ASP.NET_SessionId=vudsiztp5wguoquwy2wr3dvh;+username=haitham@alphadxb.com;+PriceClass=26;+PriceList=S3+;+__RequestVerificationToken=f8oJeu_sGcbt6UnnZu1PbtPhD29LDSnV95LFTEjlgcAxXDAxXuvM3vD6P6rDH8ahGTt_wSnKpW9BgsfA0jHVMUQDkFc1;+BIGipServerextron.com_443_pool=!eQF2n3eQmojwxm8MjvaJwiHEDz8tIGnccwX/UU7bDhWN2IZCK3D/rZ/WukXBJqopSHbXBQDBwnxrTA==;+_gid=GA1.2.1479141540.1746687420;+_clck=1uy2s1k%7C2%7Cfvq%7C0%7C1783;+_gat_UA-130285241-1=1;+_clsk=1wozkv7%7C1746687571175%7C7%7C1%7Cj.clarity.ms%2Fcollect;+ExtronRecViewProd=swhd4kplusseries,dtp3crosspoint884,dxphd4kplus,wpc210amk,hdmiultra,in1604,ipcppro555qxi,xpau2002sb,dmp128plus,dtphdmi330tx,dtphdmi330rx,dtp2t202fb;+_ga_DP5ZZ9VH84=GS2.1.s1746687420$o32$g1$t1746687608$j15$l0$h0;+_ga=GA1.2.1916538684.1731906963 https://www.extron.com/product/dtp2t202fb www.extron.com 304 0 0 1705 1
2025-05-08 07:00:30 10.1.0.50 GET /Content/vendor/fancybox-3.5.7/dist/jquery.fancybox.css - 443 i.nikitsenka@pke.at 10.1.16.1 Mozilla/5.0+(Windows+NT+10.0;+Win64;+x64)+AppleWebKit/537.36+(KHTML,+like+Gecko)+Chrome/136.0.0.0+Safari/537.36 ASP.NET_SessionId=jopcffqmgwqv1v1fu0yvpn3y;+region=2;+lang=3;+__RequestVerificationToken=snhncBTGJQvKcaPr2FJhAi6c63iek5oUZORloZQNV9vHqv_mxIfnftcxcEOWCRcl08gyrlZVIInPQ1hfoHBlkunu10o1;+BIGipServerextron.com_443_pool=!b55nGGb+5A5PurQMjvaJwiHEDz8tIHvxnPIl8JEOQhrZIM8nvLV4Ebx5Kz9yLYHMDg96M+b4O/LS/A==;+_gid=GA1.2.1525870029.1746687605;+_gat_UA-130285241-1=1;+_ga=GA1.1.468313871.1746687605;+_clck=1mp1exz%7C2%7Cfvq%7C0%7C1954;+_clsk=1224yc0%7C1746687606012%7C1%7C1%7Cs.clarity.ms%2Fcollect;+_ga_DP5ZZ9VH84=GS2.1.s1746687605$o1$g0$t1746687607$j58$l0$h0;+returnurl=/;+username=i.nikitsenka@pke.at;+PriceClass=26;+PriceList=EURS3+;+.AspNet.Cookies=lSK7SsEYovbZuiITaqWiuFilgaYFBYx4WyYeEY3bOfny0_bSwKXlq-xaY3IXfzCk2Q2NjsTcoBVN10jaK0tK1Ff8lll6ibU6mEE7qYWPWxstYKb0-UEZzWBfcJHHMaRO6pe-qXBgdlaUts-LViK4tJ3AMljVV_1EXTWQOtAmL8vACmpObsq4oNJt0DcLqm14OMv-GFoEMxBIZ6ES8nGKW0SOWvMMSZ_mlXoSr-12I-aTrrqSkRptSvQCk-8uy-BIl9Oj3Hp0mGIpz9-94h0KHWd7MvUuB3TsEPjc9trYLbl1L3mlGlpbiSxK1Fv2J7pj4FvNpgZixj6Qtf3Ue7MD2vQZ_eGpNX2hV57KB8_O2rSwfebC0abfw6WWUEUkraGfDPGS4RSLjhvZQC6L9QgTQ5dpn26JIAW2Jx6ZYljWGYwgEze1 https://www.extron.de/ www.extron.de 304 0 0 1705 2
2025-05-08 07:00:30 10.1.0.50 GET /Content/vendor/jqueryui/themes/smoothness/jquery-1.12.0-ui.css - 443 i.nikitsenka@pke.at 10.1.16.1 Mozilla/5.0+(Windows+NT+10.0;+Win64;+x64)+AppleWebKit/537.36+(KHTML,+like+Gecko)+Chrome/136.0.0.0+Safari/537.36 ASP.NET_SessionId=jopcffqmgwqv1v1fu0yvpn3y;+region=2;+lang=3;+__RequestVerificationToken=snhncBTGJQvKcaPr2FJhAi6c63iek5oUZORloZQNV9vHqv_mxIfnftcxcEOWCRcl08gyrlZVIInPQ1hfoHBlkunu10o1;+BIGipServerextron.com_443_pool=!b55nGGb+5A5PurQMjvaJwiHEDz8tIHvxnPIl8JEOQhrZIM8nvLV4Ebx5Kz9yLYHMDg96M+b4O/LS/A==;+_gid=GA1.2.1525870029.1746687605;+_gat_UA-130285241-1=1;+_ga=GA1.1.468313871.1746687605;+_clck=1mp1exz%7C2%7Cfvq%7C0%7C1954;+_clsk=1224yc0%7C1746687606012%7C1%7C1%7Cs.clarity.ms%2Fcollect;+_ga_DP5ZZ9VH84=GS2.1.s1746687605$o1$g0$t1746687607$j58$l0$h0;+returnurl=/;+username=i.nikitsenka@pke.at;+PriceClass=26;+PriceList=EURS3+;+.AspNet.Cookies=lSK7SsEYovbZuiITaqWiuFilgaYFBYx4WyYeEY3bOfny0_bSwKXlq-xaY3IXfzCk2Q2NjsTcoBVN10jaK0tK1Ff8lll6ibU6mEE7qYWPWxstYKb0-UEZzWBfcJHHMaRO6pe-qXBgdlaUts-LViK4tJ3AMljVV_1EXTWQOtAmL8vACmpObsq4oNJt0DcLqm14OMv-GFoEMxBIZ6ES8nGKW0SOWvMMSZ_mlXoSr-12I-aTrrqSkRptSvQCk-8uy-BIl9Oj3Hp0mGIpz9-94h0KHWd7MvUuB3TsEPjc9trYLbl1L3mlGlpbiSxK1Fv2J7pj4FvNpgZixj6Qtf3Ue7MD2vQZ_eGpNX2hV57KB8_O2rSwfebC0abfw6WWUEUkraGfDPGS4RSLjhvZQC6L9QgTQ5dpn26JIAW2Jx6ZYljWGYwgEze1 https://www.extron.de/ www.extron.de 304 0 0 1705 2
